S9Wz78Xai7Vy9qr76F
0Bp9608W80xmYxR776
5Q7VZ
[ASCII 120]
5Q7VZ
[ASCII 50]
g4yuK0Cm0TxwGg7zFq9uJ
g4yuK0Cm0TxwGg7zFq9uJ
g4yuK0Cm0TxwGg7zFq9uJ
g4yuK0Cm0TxwGg7zFq9uJ
g4yuK0Cm0TxwGg7zFq9uJ
g4yuK0Cm0TxwGg7zFq9uJ
g4yuK0Cm0TxwGg7zFq9uJ
g4yuK0Cm0TxwGg7zFq9uJ
g4yuK0Cm0TxwGg7zFq9uJ
g4yuK0Cm0TxwGg7zFq9uJ
g4yuK0Cm0TxwGg7zFq9uJ
g4yuK0Cm0TxwGg7zFq9uJ
g4yuK0Cm0TxwGg7zFq9uJ
g4yuK0Cm0TxwGg7zFq9uJ
g4yuK0Cm0TxwGg7zFq9uJ
g4yuK0Cm0TxwGg7zFq9uJ
g4yuK0Cm0TxwGg7zFq9uJ
g4yuK0Cm0TxwGg7zFq9uJ
g4yuK0Cm0TxwGg7zFq9uJ
g4yuK0Cm0TxwGg7zFq9uJ
g4yuK0Cm0TxwGg7zFq9uJ
g4yuK0Cm0TxwGg7zFq9uJ
g4yuK0Cm0TxwGg7zFq9uJ
g4yuK0Cm0TxwGg7zFq9uJ
g4yuK0Cm0TxwGg7zFq9uJ
g4yuK0Cm0TxwGg7zFq9uJ
g4yuK0Cm0TxwGg7zFq9uJ
g4yuK0Cm0TxwGg7zFq9uJ
g4yuK0Cm0TxwGg7zFq9uJ
g4yuK0Cm0TxwGg7zFq9uJ
g4yuK0Cm0TxwGg7zFq9uJ
g4yuK0Cm0TxwGg7zFq9uJ
g4yuK0Cm0TxwGg7zFq9uJ
g4yuK0Cm0TxwGg7zFq9uJ
g4yuK0Cm0TxwGg7zFq9uJ
g4yuK0Cm0TxwGg7zFq9uJ
g4yuK0Cm0TxwGg7zFq9uJ
g4yuK0Cm0TxwGg7zFq9uJ
g4yuK0Cm0TxwGg7zFq9uJ
g4yuK0Cm0TxwGg7zFq9uJ
g4yuK0Cm0TxwGg7zFq9uJ
g4yuK0Cm0TxwGg7zFq9uJ
g4yuK0Cm0TxwGg7zFq9uJ
g4yuK0Cm0TxwGg7zFq9uJ
g4yuK0Cm0TxwGg7zFq9uJ
g4yuK0Cm0TxwGg7zFq9uJ
g4yuK0Cm0TxwGg7zFq9uJ
g4yuK0Cm0TxwGg7zFq9uJ
g4yuK0Cm0TxwGg7zFq9uJ
g4yuK0Cm0TxwGg7zFq9uJ
g4yuK0Cm0TxwGg7zFq9uJ
g4yuK0Cm0TxwGg7zFq9uJ
g4yuK0Cm0TxwGg7zFq9uJ
g4yuK0Cm0TxwGg7zFq9uJ
g4yuK0Cm0TxwGg7zFq9uJ
g4yuK0Cm0TxwGg7zFq9uJ
FWLl5kE
96segld28gilLU2W12Q
4PL5689k7UL8YT4AJ
4PL5689k7UL8YT4AJ
4PL5689k7UL8YT4AJ
4PL5689k7UL8YT4AJ
4PL5689k7UL8YT4AJ
4PL5689k7UL8YT4AJ
4PL5689k7UL8YT4AJ
4PL5689k7UL8YT4AJ
4PL5689k7UL8YT4AJ
4PL5689k7UL8YT4AJ
4PL5689k7UL8YT4AJ
4PL5689k7UL8YT4AJ
4PL5689k7UL8YT4AJ
4PL5689k7UL8YT4AJ
4PL5689k7UL8YT4AJ
4PL5689k7UL8YT4AJ
4PL5689k7UL8YT4AJ
4PL5689k7UL8YT4AJ
4PL5689k7UL8YT4AJ
4PL5689k7UL8YT4AJ
4PL5689k7UL8YT4AJ
4PL5689k7UL8YT4AJ
4PL5689k7UL8YT4AJ
4PL5689k7UL8YT4AJ
4PL5689k7UL8YT4AJ
4PL5689k7UL8YT4AJ
4PL5689k7UL8YT4AJ
4PL5689k7UL8YT4AJ
4PL5689k7UL8YT4AJ
4PL5689k7UL8YT4AJ
4PL5689k7UL8YT4AJ
4PL5689k7UL8YT4AJ
4PL5689k7UL8YT4AJ
4PL5689k7UL8YT4AJ
4PL5689k7UL8YT4AJ
4PL5689k7UL8YT4AJ
4PL5689k7UL8YT4AJ
4PL5689k7UL8YT4AJ
4PL5689k7UL8YT4AJ
4PL5689k7UL8YT4AJ
4PL5689k7UL8YT4AJ
4PL5689k7UL8YT4AJ
4PL5689k7UL8YT4AJ
4PL5689k7UL8YT4AJ
4PL5689k7UL8YT4AJ
4PL5689k7UL8YT4AJ
4PL5689k7UL8YT4AJ
4PL5689k7UL8YT4AJ
4PL5689k7UL8YT4AJ
4PL5689k7UL8YT4AJ
4PL5689k7UL8YT4AJ
4PL5689k7UL8YT4AJ
4PL5689k7UL8YT4AJ
4PL5689k7UL8YT4AJ
4PL5689k7UL8YT4AJ
4PL5689k7UL8YT4AJ
4PL5689k7UL8YT4AJ
4PL5689k7UL8YT4AJ
4PL5689k7UL8YT4AJ
4PL5689k7UL8YT4AJ
4PL5689k7UL8YT4AJ
4PL5689k7UL8YT4AJ
4PL5689k7UL8YT4AJ
4PL5689k7UL8YT4AJ
4PL5689k7UL8YT4AJ
4PL5689k7UL8YT4AJ
4PL5689k7UL8YT4AJ
4PL5689k7UL8YT4AJ
4PL5689k7UL8YT4AJ
4PL5689k7UL8YT4AJ
4PL5689k7UL8YT4AJ
4PL5689k7UL8YT4AJ
4PL5689k7UL8YT4AJ
4PL5689k7UL8YT4AJ
4PL5689k7UL8YT4AJ
4PL5689k7UL8YT4AJ
4PL5689k7UL8YT4AJ
4PL5689k7UL8YT4AJ
4PL5689k7UL8YT4AJ
7pjC9Wo42C0pvHs3wg
Bzdv8G93i33LY69HKAs
GF1nF8IrAxsi2J3JjTh
gm5r5CeddZxh91KWbY7
1Ank9p4C52yR69adkHX
7LK8E
[ASCII 69]
[ASCII 69]
[ASCII 69]
[ASCII 69]
[ASCII 69]
[ASCII 69]
[ASCII 69]
[ASCII 69]
[ASCII 69]
[ASCII 69]
[ASCII 69]
[ASCII 69]
[ASCII 69]
[ASCII 69]
[ASCII 69]
d990pKIVNRRUKNr96
y2m06uRXzc1c3ys
y2m06uRXzc1c3ys
y2m06uRXzc1c3ys
y2m06uRXzc1c3ys
y2m06uRXzc1c3ys
y2m06uRXzc1c3ys
y2m06uRXzc1c3ys
y2m06uRXzc1c3ys
y2m06uRXzc1c3ys
y2m06uRXzc1c3ys
y2m06uRXzc1c3ys
y2m06uRXzc1c3ys
y2m06uRXzc1c3ys
y2m06uRXzc1c3ys
y2m06uRXzc1c3ys
y2m06uRXzc1c3ys
y2m06uRXzc1c3ys
y2m06uRXzc1c3ys
y2m06uRXzc1c3ys
y2m06uRXzc1c3ys
y2m06uRXzc1c3ys
y2m06uRXzc1c3ys
y2m06uRXzc1c3ys
y2m06uRXzc1c3ys
y2m06uRXzc1c3ys
y2m06uRXzc1c3ys
y2m06uRXzc1c3ys
y2m06uRXzc1c3ys
y2m06uRXzc1c3ys
y2m06uRXzc1c3ys
y2m06uRXzc1c3ys
y2m06uRXzc1c3ys
y2m06uRXzc1c3ys
y2m06uRXzc1c3ys
y2m06uRXzc1c3ys
y2m06uRXzc1c3ys
y2m06uRXzc1c3ys
y2m06uRXzc1c3ys
y2m06uRXzc1c3ys
y2m06uRXzc1c3ys
y2m06uRXzc1c3ys
y2m06uRXzc1c3ys
y2m06uRXzc1c3ys
y2m06uRXzc1c3ys
y2m06uRXzc1c3ys
y2m06uRXzc1c3ys
y2m06uRXzc1c3ys
y2m06uRXzc1c3ys
y2m06uRXzc1c3ys
y2m06uRXzc1c3ys
y2m06uRXzc1c3ys
y2m06uRXzc1c3ys
y2m06uRXzc1c3ys
y2m06uRXzc1c3ys
y2m06uRXzc1c3ys
y2m06uRXzc1c3ys
y2m06uRXzc1c3ys
y2m06uRXzc1c3ys
y2m06uRXzc1c3ys
y2m06uRXzc1c3ys
y2m06uRXzc1c3ys
y2m06uRXzc1c3ys
y2m06uRXzc1c3ys
y2m06uRXzc1c3ys
3FZbuG
Dd149IT24xC79h6na
zOq6d
9R8xM17Q79zz8Ngz8
3bH5BUoaSJO2UgCy
v46bJ0muF94YHrn2Y
1897849972
w2B7ORdYKCfQJGAwBu
w2B7ORdYKCfQJGAwBu
w2B7ORdYKCfQJGAwBu
w2B7ORdYKCfQJGAwBu
w2B7ORdYKCfQJGAwBu
w2B7ORdYKCfQJGAwBu
w2B7ORdYKCfQJGAwBu
w2B7ORdYKCfQJGAwBu
w2B7ORdYKCfQJGAwBu
w2B7ORdYKCfQJGAwBu
w2B7ORdYKCfQJGAwBu
w2B7ORdYKCfQJGAwBu
w2B7ORdYKCfQJGAwBu
w2B7ORdYKCfQJGAwBu
w2B7ORdYKCfQJGAwBu
w2B7ORdYKCfQJGAwBu
w2B7ORdYKCfQJGAwBu
w2B7ORdYKCfQJGAwBu
w2B7ORdYKCfQJGAwBu
w2B7ORdYKCfQJGAwBu
w2B7ORdYKCfQJGAwBu
w2B7ORdYKCfQJGAwBu
w2B7ORdYKCfQJGAwBu
w2B7ORdYKCfQJGAwBu
w2B7ORdYKCfQJGAwBu
w2B7ORdYKCfQJGAwBu
w2B7ORdYKCfQJGAwBu
w2B7ORdYKCfQJGAwBu
w2B7ORdYKCfQJGAwBu
w2B7ORdYKCfQJGAwBu
w2B7ORdYKCfQJGAwBu
1551814976
1551814976
1551814976
1551814976
1551814976
1551814976
1551814976
1551814976
1551814976
1551814976
1551814976
1551814976
1551814976
1551814976
1551814976
1551814976
1551814976
1551814976
1551814976
1551814976
1551814976
1551814976
1551814976
1551814976
1551814976
1551814976
1551814976
1551814976
1450888542
1qJ0jZR00g031qp0mW
03wAt
9XjQwQ1M50I8q7I3h
u4dfk70M5JWyf7krs
Ip448YalNjmaRxhCn
[ASCII 4]
9728VikStY26BvI8e
[ASCII 82]
WBl6zQx3iwda7MXb
E5Vt8wP6960eJSF2Jb
1606488015
0K5kCS67Xws0mJEDXuh
[ASCII 103]
[ASCII 103]
[ASCII 103]
[ASCII 103]
[ASCII 103]
[ASCII 103]
[ASCII 103]
[ASCII 103]
[ASCII 103]
[ASCII 103]
[ASCII 103]
[ASCII 103]
[ASCII 103]
[ASCII 103]
[ASCII 103]
[ASCII 103]
[ASCII 103]
[ASCII 103]
[ASCII 103]
[ASCII 103]
[ASCII 103]
[ASCII 103]
[ASCII 103]
[ASCII 103]
[ASCII 103]
[ASCII 103]
[ASCII 103]
[ASCII 103]
[ASCII 103]
[ASCII 103]
[ASCII 103]
[ASCII 103]
[ASCII 103]
[ASCII 103]
[ASCII 103]
[ASCII 103]
[ASCII 103]
[ASCII 103]
[ASCII 103]
[ASCII 103]
[ASCII 103]
[ASCII 103]
[ASCII 103]
[ASCII 103]
[ASCII 103]
[ASCII 103]
[ASCII 103]
[ASCII 103]
[ASCII 103]
[ASCII 103]
[ASCII 103]
[ASCII 103]
[ASCII 103]
[ASCII 103]
[ASCII 116]
D79EDLIIr8LV5295a
[ASCII 91]
861F0DT2jTqxj65oJ8N
229350302
229350302
229350302
229350302
229350302
229350302
229350302
229350302
229350302
229350302
229350302
229350302
229350302
229350302
229350302
229350302
229350302
229350302
229350302
229350302
229350302
229350302
229350302
229350302
229350302
229350302
229350302
229350302
229350302
229350302
229350302
229350302
229350302
229350302
229350302
229350302
229350302
229350302
229350302
229350302
229350302
229350302
229350302
229350302
229350302
229350302
229350302
229350302
229350302
229350302
229350302
229350302
229350302
229350302
229350302
229350302
9X1B2i3v557s31vAbmL
9X1B2i3v557s31vAbmL
9X1B2i3v557s31vAbmL
9X1B2i3v557s31vAbmL
9X1B2i3v557s31vAbmL
9X1B2i3v557s31vAbmL
9X1B2i3v557s31vAbmL
9X1B2i3v557s31vAbmL
9X1B2i3v557s31vAbmL
9X1B2i3v557s31vAbmL
9X1B2i3v557s31vAbmL
9X1B2i3v557s31vAbmL
9X1B2i3v557s31vAbmL
9X1B2i3v557s31vAbmL
9X1B2i3v557s31vAbmL
9X1B2i3v557s31vAbmL
9X1B2i3v557s31vAbmL
9X1B2i3v557s31vAbmL
9X1B2i3v557s31vAbmL
9X1B2i3v557s31vAbmL
9X1B2i3v557s31vAbmL
9X1B2i3v557s31vAbmL
9X1B2i3v557s31vAbmL
2mN767
255699370
255699370
255699370
255699370
255699370
255699370
255699370
255699370
255699370
255699370
255699370
255699370
255699370
255699370
255699370
255699370
255699370
255699370
255699370
255699370
255699370
255699370
255699370
255699370
255699370
255699370
255699370
255699370
255699370
255699370
255699370
255699370
255699370
255699370
255699370
255699370
255699370
255699370
255699370
255699370
255699370
255699370
255699370
255699370
255699370
255699370
255699370
255699370
255699370
255699370
255699370
6v723I7bfuiKWQbGbRm7R
W652FMR
[ASCII 83]
AyeS4ljhehu34dbT105Wf
7yGXG
2Pu59ad2iI2S7eAm7
2Pu59ad2iI2S7eAm7
2Pu59ad2iI2S7eAm7
2Pu59ad2iI2S7eAm7
2Pu59ad2iI2S7eAm7
2Pu59ad2iI2S7eAm7
2Pu59ad2iI2S7eAm7
2Pu59ad2iI2S7eAm7
2Pu59ad2iI2S7eAm7
2Pu59ad2iI2S7eAm7
2Pu59ad2iI2S7eAm7
2Pu59ad2iI2S7eAm7
2Pu59ad2iI2S7eAm7
2Pu59ad2iI2S7eAm7
2Pu59ad2iI2S7eAm7
2Pu59ad2iI2S7eAm7
2Pu59ad2iI2S7eAm7
2Pu59ad2iI2S7eAm7
1PGw30JO7M8z5N47r8
1PGw30JO7M8z5N47r8
1PGw30JO7M8z5N47r8
1PGw30JO7M8z5N47r8
1PGw30JO7M8z5N47r8
1PGw30JO7M8z5N47r8
1PGw30JO7M8z5N47r8
1PGw30JO7M8z5N47r8
1PGw30JO7M8z5N47r8
1PGw30JO7M8z5N47r8
1PGw30JO7M8z5N47r8
1PGw30JO7M8z5N47r8
1PGw30JO7M8z5N47r8
1PGw30JO7M8z5N47r8
1PGw30JO7M8z5N47r8
1PGw30JO7M8z5N47r8
1PGw30JO7M8z5N47r8
1PGw30JO7M8z5N47r8
1PGw30JO7M8z5N47r8
1PGw30JO7M8z5N47r8
1PGw30JO7M8z5N47r8
1PGw30JO7M8z5N47r8
1PGw30JO7M8z5N47r8
1PGw30JO7M8z5N47r8
1PGw30JO7M8z5N47r8
1PGw30JO7M8z5N47r8
1PGw30JO7M8z5N47r8
1PGw30JO7M8z5N47r8
1PGw30JO7M8z5N47r8
1PGw30JO7M8z5N47r8
1PGw30JO7M8z5N47r8
1PGw30JO7M8z5N47r8
1PGw30JO7M8z5N47r8
1PGw30JO7M8z5N47r8
1PGw30JO7M8z5N47r8
1PGw30JO7M8z5N47r8
1PGw30JO7M8z5N47r8
1PGw30JO7M8z5N47r8
1PGw30JO7M8z5N47r8
1PGw30JO7M8z5N47r8
1PGw30JO7M8z5N47r8
1PGw30JO7M8z5N47r8
1PGw30JO7M8z5N47r8
1PGw30JO7M8z5N47r8
1PGw30JO7M8z5N47r8
1PGw30JO7M8z5N47r8
1PGw30JO7M8z5N47r8
1PGw30JO7M8z5N47r8
1PGw30JO7M8z5N47r8
1PGw30JO7M8z5N47r8
1PGw30JO7M8z5N47r8
1PGw30JO7M8z5N47r8
1PGw30JO7M8z5N47r8
1PGw30JO7M8z5N47r8
1PGw30JO7M8z5N47r8
1PGw30JO7M8z5N47r8
1PGw30JO7M8z5N47r8
1PGw30JO7M8z5N47r8
1PGw30JO7M8z5N47r8
1PGw30JO7M8z5N47r8
1PGw30JO7M8z5N47r8
1PGw30JO7M8z5N47r8
1PGw30JO7M8z5N47r8
1PGw30JO7M8z5N47r8
1PGw30JO7M8z5N47r8
1PGw30JO7M8z5N47r8
1PGw30JO7M8z5N47r8
1PGw30JO7M8z5N47r8
1PGw30JO7M8z5N47r8
1PGw30JO7M8z5N47r8
1PGw30JO7M8z5N47r8
1PGw30JO7M8z5N47r8
1PGw30JO7M8z5N47r8
1PGw30JO7M8z5N47r8
1PGw30JO7M8z5N47r8
1PGw30JO7M8z5N47r8
1PGw30JO7M8z5N47r8
1PGw30JO7M8z5N47r8
1PGw30JO7M8z5N47r8
1PGw30JO7M8z5N47r8
1PGw30JO7M8z5N47r8
1PGw30JO7M8z5N47r8
1PGw30JO7M8z5N47r8
1PGw30JO7M8z5N47r8
1PGw30JO7M8z5N47r8
1PGw30JO7M8z5N47r8
1PGw30JO7M8z5N47r8
1PGw30JO7M8z5N47r8
1PGw30JO7M8z5N47r8
1PGw30JO7M8z5N47r8
1PGw30JO7M8z5N47r8
1PGw30JO7M8z5N47r8
1PGw30JO7M8z5N47r8
1PGw30JO7M8z5N47r8
1PGw30JO7M8z5N47r8
1PGw30JO7M8z5N47r8
cn10EJr28mMN72h
1355706308
FH2v33
[ASCII 115]
[ASCII 115]
[ASCII 115]
[ASCII 115]
[ASCII 115]
[ASCII 115]
[ASCII 115]
[ASCII 115]
[ASCII 115]
[ASCII 115]
[ASCII 115]
[ASCII 115]
[ASCII 115]
[ASCII 115]
[ASCII 115]
[ASCII 115]
[ASCII 115]
[ASCII 115]
[ASCII 115]
[ASCII 115]
[ASCII 115]
[ASCII 115]
[ASCII 115]
[ASCII 115]
[ASCII 115]
[ASCII 115]
[ASCII 115]
[ASCII 115]
[ASCII 115]
[ASCII 115]
[ASCII 115]
[ASCII 115]
[ASCII 115]
[ASCII 115]
[ASCII 115]
[ASCII 115]
[ASCII 115]
[ASCII 115]
[ASCII 115]
[ASCII 115]
[ASCII 115]
[ASCII 115]
[ASCII 115]
[ASCII 115]
[ASCII 115]
[ASCII 115]
[ASCII 115]
[ASCII 115]
[ASCII 115]
[ASCII 115]
[ASCII 115]
[ASCII 115]
[ASCII 115]
[ASCII 115]
[ASCII 115]
[ASCII 115]
[ASCII 115]
[ASCII 115]
[ASCII 115]
[ASCII 115]
[ASCII 115]
[ASCII 115]
[ASCII 115]
[ASCII 115]
[ASCII 115]
[ASCII 115]
[ASCII 115]
[ASCII 115]
[ASCII 115]
[ASCII 115]
[ASCII 115]
[ASCII 115]
[ASCII 115]
[ASCII 115]
[ASCII 115]
[ASCII 115]
[ASCII 115]
[ASCII 115]
[ASCII 115]
[ASCII 115]
[ASCII 115]
[ASCII 115]
[ASCII 115]
[ASCII 115]
[ASCII 115]
[ASCII 115]
[ASCII 115]
[ASCII 115]
Ub8xf49REhw0t7JaA5
Jga1V1kqI0m79M796e4
raS8ep3c7613g1rC5I0
[ASCII 66]
679Bvf
29RCII2zhSVRK2roD
[ASCII 53]
[ASCII 53]
[ASCII 53]
[ASCII 53]
[ASCII 53]
[ASCII 53]
[ASCII 53]
[ASCII 53]
[ASCII 53]
[ASCII 53]
[ASCII 53]
[ASCII 53]
[ASCII 53]
[ASCII 53]
[ASCII 53]
[ASCII 53]
[ASCII 53]
[ASCII 53]
[ASCII 53]
[ASCII 53]
[ASCII 53]
[ASCII 53]
[ASCII 53]
[ASCII 53]
[ASCII 53]
[ASCII 53]
[ASCII 53]
[ASCII 53]
[ASCII 53]
[ASCII 53]
[ASCII 53]
[ASCII 53]
[ASCII 53]
[ASCII 53]
[ASCII 53]
[ASCII 53]
[ASCII 53]
[ASCII 53]
[ASCII 53]
[ASCII 53]
[ASCII 53]
90V0Jt5t0WH50o3Yv6IE
U4H4QqumcHDfc29
lA8TdBI
12FshE1QRb0W8jXn8
1912758981
qk40q1c09Yzvz1e7Cba
J8l1BH6491M5U96
J8l1BH6491M5U96
J8l1BH6491M5U96
J8l1BH6491M5U96
J8l1BH6491M5U96
J8l1BH6491M5U96
J8l1BH6491M5U96
J8l1BH6491M5U96
J8l1BH6491M5U96
J8l1BH6491M5U96
J8l1BH6491M5U96
J8l1BH6491M5U96
J8l1BH6491M5U96
J8l1BH6491M5U96
J8l1BH6491M5U96
J8l1BH6491M5U96
J8l1BH6491M5U96
J8l1BH6491M5U96
J8l1BH6491M5U96
J8l1BH6491M5U96
J8l1BH6491M5U96
J8l1BH6491M5U96
J8l1BH6491M5U96
J8l1BH6491M5U96
J8l1BH6491M5U96
J8l1BH6491M5U96
J8l1BH6491M5U96
J8l1BH6491M5U96
J8l1BH6491M5U96
J8l1BH6491M5U96
J8l1BH6491M5U96
J8l1BH6491M5U96
J8l1BH6491M5U96
J8l1BH6491M5U96
J8l1BH6491M5U96
J8l1BH6491M5U96
J8l1BH6491M5U96
J8l1BH6491M5U96
J8l1BH6491M5U96
J8l1BH6491M5U96
J8l1BH6491M5U96
J8l1BH6491M5U96
J8l1BH6491M5U96
J8l1BH6491M5U96
J8l1BH6491M5U96
J8l1BH6491M5U96
J8l1BH6491M5U96
J8l1BH6491M5U96
J8l1BH6491M5U96
J8l1BH6491M5U96
J8l1BH6491M5U96
J8l1BH6491M5U96
J8l1BH6491M5U96
J8l1BH6491M5U96
-1815745116
266pEZzCnAc6v7U89
0f1nI18sz9UVp6j4N
0f1nI18sz9UVp6j4N
0f1nI18sz9UVp6j4N
0f1nI18sz9UVp6j4N
0f1nI18sz9UVp6j4N
0f1nI18sz9UVp6j4N
0f1nI18sz9UVp6j4N
0f1nI18sz9UVp6j4N
0f1nI18sz9UVp6j4N
0f1nI18sz9UVp6j4N
0f1nI18sz9UVp6j4N
0f1nI18sz9UVp6j4N
0f1nI18sz9UVp6j4N
0f1nI18sz9UVp6j4N
0f1nI18sz9UVp6j4N
0f1nI18sz9UVp6j4N
0f1nI18sz9UVp6j4N
0f1nI18sz9UVp6j4N
0f1nI18sz9UVp6j4N
0f1nI18sz9UVp6j4N
0f1nI18sz9UVp6j4N
0f1nI18sz9UVp6j4N
0f1nI18sz9UVp6j4N
0f1nI18sz9UVp6j4N
[ASCII 120]
Gb440J84L2F4cFK5nmUJ
vL19GxU56s7iQzb3o
wY3063tj2OM0KSQphUT
W652FMR
b6qqP
PnM1Lk
eaCwajG
q2TO7STlZ6O487P8Sb
q2TO7STlZ6O487P8Sb
q2TO7STlZ6O487P8Sb
q2TO7STlZ6O487P8Sb
q2TO7STlZ6O487P8Sb
q2TO7STlZ6O487P8Sb
y265Ds06WXK66vfK4072
zVOAm4bJ3UQTAP6mjAu
-1921213346
[ASCII 74]
[ASCII 94]
6kWqQ0LVeGlCkO5eiJ2
55JdiYsZ90GUjVVA488
[ASCII 46]
697047506
[ASCII 120]
[ASCII 120]
[ASCII 120]
[ASCII 120]
[ASCII 120]
[ASCII 120]
[ASCII 120]
[ASCII 120]
[ASCII 120]
[ASCII 120]
[ASCII 120]
[ASCII 120]
[ASCII 120]
[ASCII 120]
[ASCII 120]
[ASCII 120]
[ASCII 120]
[ASCII 120]
[ASCII 120]
[ASCII 120]
[ASCII 120]
[ASCII 120]
[ASCII 120]
[ASCII 120]
[ASCII 120]
[ASCII 120]
[ASCII 120]
[ASCII 120]
[ASCII 120]
[ASCII 120]
[ASCII 120]
[ASCII 120]
[ASCII 120]
[ASCII 120]
[ASCII 120]
[ASCII 120]
[ASCII 120]
[ASCII 120]
[ASCII 120]
[ASCII 120]
[ASCII 120]
[ASCII 120]
[ASCII 120]
[ASCII 120]
[ASCII 120]
[ASCII 120]
[ASCII 120]
[ASCII 120]
[ASCII 120]
[ASCII 120]
[ASCII 120]
[ASCII 120]
[ASCII 120]
[ASCII 120]
[ASCII 120]
[ASCII 120]
[ASCII 120]
[ASCII 120]
[ASCII 120]
[ASCII 120]
[ASCII 120]
[ASCII 120]
[ASCII 120]
[ASCII 120]
[ASCII 120]
[ASCII 120]
[ASCII 120]
[ASCII 120]
[ASCII 120]
[ASCII 120]
[ASCII 120]
[ASCII 120]
[ASCII 120]
[ASCII 120]
[ASCII 120]
[ASCII 120]
[ASCII 120]
[ASCII 120]
[ASCII 120]
[ASCII 120]
YTS7SrV9KBY3XlKl03fZ
1954276443
1954276443
1954276443
1954276443
1954276443
1954276443
1954276443
1954276443
1954276443
1954276443
1954276443
1954276443
1954276443
1954276443
1954276443
1954276443
1954276443
1954276443
1954276443
1954276443
1954276443
1954276443
1954276443
1954276443
1954276443
1954276443
1954276443
1954276443
1954276443
1954276443
1954276443
1954276443
1954276443
1954276443
1954276443
1954276443
1954276443
1954276443
1954276443
1954276443
oFTtuI150vy0Tk9a93w
6Kl53WJL722ANK3v
1mJKJR0h4bvBrRKA
1Izfy5zvBYucE0W
tAcJ7g4
9w58GL
[ASCII -76]
1189250809
87C3F507DJxTHH0Osh
-1921213346
Nz6lQ4OSD4TuO8lYwd
[ASCII -76]
4wG1rN0e38vB
