[ASCII 70]
3WpZo88KD6G3R0P5y9
3WpZo88KD6G3R0P5y9
3WpZo88KD6G3R0P5y9
3WpZo88KD6G3R0P5y9
3WpZo88KD6G3R0P5y9
3WpZo88KD6G3R0P5y9
3WpZo88KD6G3R0P5y9
3WpZo88KD6G3R0P5y9
3WpZo88KD6G3R0P5y9
3WpZo88KD6G3R0P5y9
3WpZo88KD6G3R0P5y9
3WpZo88KD6G3R0P5y9
3WpZo88KD6G3R0P5y9
3WpZo88KD6G3R0P5y9
3WpZo88KD6G3R0P5y9
3WpZo88KD6G3R0P5y9
3WpZo88KD6G3R0P5y9
3WpZo88KD6G3R0P5y9
3WpZo88KD6G3R0P5y9
3WpZo88KD6G3R0P5y9
3WpZo88KD6G3R0P5y9
3WpZo88KD6G3R0P5y9
3WpZo88KD6G3R0P5y9
3WpZo88KD6G3R0P5y9
3WpZo88KD6G3R0P5y9
3WpZo88KD6G3R0P5y9
3WpZo88KD6G3R0P5y9
3WpZo88KD6G3R0P5y9
3WpZo88KD6G3R0P5y9
3WpZo88KD6G3R0P5y9
3WpZo88KD6G3R0P5y9
3WpZo88KD6G3R0P5y9
3WpZo88KD6G3R0P5y9
3WpZo88KD6G3R0P5y9
3WpZo88KD6G3R0P5y9
3WpZo88KD6G3R0P5y9
3WpZo88KD6G3R0P5y9
3WpZo88KD6G3R0P5y9
3WpZo88KD6G3R0P5y9
3WpZo88KD6G3R0P5y9
3WpZo88KD6G3R0P5y9
3WpZo88KD6G3R0P5y9
3WpZo88KD6G3R0P5y9
3WpZo88KD6G3R0P5y9
3WpZo88KD6G3R0P5y9
3WpZo88KD6G3R0P5y9
3WpZo88KD6G3R0P5y9
3WpZo88KD6G3R0P5y9
3WpZo88KD6G3R0P5y9
3WpZo88KD6G3R0P5y9
3WpZo88KD6G3R0P5y9
3WpZo88KD6G3R0P5y9
3WpZo88KD6G3R0P5y9
3WpZo88KD6G3R0P5y9
3WpZo88KD6G3R0P5y9
3WpZo88KD6G3R0P5y9
3WpZo88KD6G3R0P5y9
3WpZo88KD6G3R0P5y9
3WpZo88KD6G3R0P5y9
3WpZo88KD6G3R0P5y9
3WpZo88KD6G3R0P5y9
3WpZo88KD6G3R0P5y9
3WpZo88KD6G3R0P5y9
3WpZo88KD6G3R0P5y9
3WpZo88KD6G3R0P5y9
3WpZo88KD6G3R0P5y9
3WpZo88KD6G3R0P5y9
3WpZo88KD6G3R0P5y9
3WpZo88KD6G3R0P5y9
3WpZo88KD6G3R0P5y9
3WpZo88KD6G3R0P5y9
3WpZo88KD6G3R0P5y9
3WpZo88KD6G3R0P5y9
3WpZo88KD6G3R0P5y9
3WpZo88KD6G3R0P5y9
3WpZo88KD6G3R0P5y9
3WpZo88KD6G3R0P5y9
3WpZo88KD6G3R0P5y9
3WpZo88KD6G3R0P5y9
3WpZo88KD6G3R0P5y9
3WpZo88KD6G3R0P5y9
3WpZo88KD6G3R0P5y9
3WpZo88KD6G3R0P5y9
3WpZo88KD6G3R0P5y9
3WpZo88KD6G3R0P5y9
3WpZo88KD6G3R0P5y9
3WpZo88KD6G3R0P5y9
3WpZo88KD6G3R0P5y9
3WpZo88KD6G3R0P5y9
3WpZo88KD6G3R0P5y9
3WpZo88KD6G3R0P5y9
3WpZo88KD6G3R0P5y9
dmu6LIa48JRC3e2063
[ASCII 86]
2Qm6664R49Ma6XZj2R
2Qm6664R49Ma6XZj2R
2Qm6664R49Ma6XZj2R
2Qm6664R49Ma6XZj2R
2Qm6664R49Ma6XZj2R
2Qm6664R49Ma6XZj2R
2Qm6664R49Ma6XZj2R
2Qm6664R49Ma6XZj2R
2Qm6664R49Ma6XZj2R
2Qm6664R49Ma6XZj2R
2Qm6664R49Ma6XZj2R
2Qm6664R49Ma6XZj2R
2Qm6664R49Ma6XZj2R
2Qm6664R49Ma6XZj2R
2Qm6664R49Ma6XZj2R
2Qm6664R49Ma6XZj2R
2Qm6664R49Ma6XZj2R
2Qm6664R49Ma6XZj2R
2Qm6664R49Ma6XZj2R
2Qm6664R49Ma6XZj2R
2Qm6664R49Ma6XZj2R
2Qm6664R49Ma6XZj2R
2Qm6664R49Ma6XZj2R
2Qm6664R49Ma6XZj2R
2Qm6664R49Ma6XZj2R
2Qm6664R49Ma6XZj2R
2Qm6664R49Ma6XZj2R
2Qm6664R49Ma6XZj2R
2Qm6664R49Ma6XZj2R
2Qm6664R49Ma6XZj2R
2Qm6664R49Ma6XZj2R
2Qm6664R49Ma6XZj2R
2Qm6664R49Ma6XZj2R
2Qm6664R49Ma6XZj2R
2Qm6664R49Ma6XZj2R
2Qm6664R49Ma6XZj2R
2Qm6664R49Ma6XZj2R
2Qm6664R49Ma6XZj2R
2Qm6664R49Ma6XZj2R
2Qm6664R49Ma6XZj2R
2Qm6664R49Ma6XZj2R
2Qm6664R49Ma6XZj2R
2Qm6664R49Ma6XZj2R
2Qm6664R49Ma6XZj2R
2Qm6664R49Ma6XZj2R
2Qm6664R49Ma6XZj2R
2Qm6664R49Ma6XZj2R
2Qm6664R49Ma6XZj2R
2Qm6664R49Ma6XZj2R
2Qm6664R49Ma6XZj2R
2Qm6664R49Ma6XZj2R
2Qm6664R49Ma6XZj2R
2Qm6664R49Ma6XZj2R
2Qm6664R49Ma6XZj2R
2Qm6664R49Ma6XZj2R
2Qm6664R49Ma6XZj2R
2Qm6664R49Ma6XZj2R
2Qm6664R49Ma6XZj2R
2Qm6664R49Ma6XZj2R
2Qm6664R49Ma6XZj2R
2Qm6664R49Ma6XZj2R
2Qm6664R49Ma6XZj2R
2Qm6664R49Ma6XZj2R
2Qm6664R49Ma6XZj2R
2Qm6664R49Ma6XZj2R
2Qm6664R49Ma6XZj2R
2Qm6664R49Ma6XZj2R
2Qm6664R49Ma6XZj2R
2Qm6664R49Ma6XZj2R
2Qm6664R49Ma6XZj2R
2Qm6664R49Ma6XZj2R
2Qm6664R49Ma6XZj2R
2Qm6664R49Ma6XZj2R
2Qm6664R49Ma6XZj2R
2Qm6664R49Ma6XZj2R
2Qm6664R49Ma6XZj2R
2Qm6664R49Ma6XZj2R
2Qm6664R49Ma6XZj2R
2Qm6664R49Ma6XZj2R
2Qm6664R49Ma6XZj2R
2Qm6664R49Ma6XZj2R
2Qm6664R49Ma6XZj2R
2Qm6664R49Ma6XZj2R
2Qm6664R49Ma6XZj2R
2Qm6664R49Ma6XZj2R
2Qm6664R49Ma6XZj2R
2Qm6664R49Ma6XZj2R
2Qm6664R49Ma6XZj2R
2Qm6664R49Ma6XZj2R
2Qm6664R49Ma6XZj2R
BBf9zvEP91mmpqHE7cBn
BBf9zvEP91mmpqHE7cBn
BBf9zvEP91mmpqHE7cBn
BBf9zvEP91mmpqHE7cBn
BBf9zvEP91mmpqHE7cBn
BBf9zvEP91mmpqHE7cBn
BBf9zvEP91mmpqHE7cBn
BBf9zvEP91mmpqHE7cBn
BBf9zvEP91mmpqHE7cBn
BBf9zvEP91mmpqHE7cBn
BBf9zvEP91mmpqHE7cBn
BBf9zvEP91mmpqHE7cBn
BBf9zvEP91mmpqHE7cBn
BBf9zvEP91mmpqHE7cBn
BBf9zvEP91mmpqHE7cBn
BBf9zvEP91mmpqHE7cBn
BBf9zvEP91mmpqHE7cBn
BBf9zvEP91mmpqHE7cBn
BBf9zvEP91mmpqHE7cBn
BBf9zvEP91mmpqHE7cBn
BBf9zvEP91mmpqHE7cBn
BBf9zvEP91mmpqHE7cBn
BBf9zvEP91mmpqHE7cBn
BBf9zvEP91mmpqHE7cBn
BBf9zvEP91mmpqHE7cBn
BBf9zvEP91mmpqHE7cBn
BBf9zvEP91mmpqHE7cBn
BBf9zvEP91mmpqHE7cBn
BBf9zvEP91mmpqHE7cBn
BBf9zvEP91mmpqHE7cBn
BBf9zvEP91mmpqHE7cBn
BBf9zvEP91mmpqHE7cBn
BBf9zvEP91mmpqHE7cBn
BBf9zvEP91mmpqHE7cBn
BBf9zvEP91mmpqHE7cBn
BBf9zvEP91mmpqHE7cBn
BBf9zvEP91mmpqHE7cBn
BBf9zvEP91mmpqHE7cBn
BBf9zvEP91mmpqHE7cBn
BBf9zvEP91mmpqHE7cBn
BBf9zvEP91mmpqHE7cBn
BBf9zvEP91mmpqHE7cBn
BBf9zvEP91mmpqHE7cBn
BBf9zvEP91mmpqHE7cBn
BBf9zvEP91mmpqHE7cBn
BBf9zvEP91mmpqHE7cBn
BBf9zvEP91mmpqHE7cBn
BBf9zvEP91mmpqHE7cBn
BBf9zvEP91mmpqHE7cBn
BBf9zvEP91mmpqHE7cBn
BBf9zvEP91mmpqHE7cBn
BBf9zvEP91mmpqHE7cBn
BBf9zvEP91mmpqHE7cBn
BBf9zvEP91mmpqHE7cBn
BBf9zvEP91mmpqHE7cBn
BBf9zvEP91mmpqHE7cBn
BBf9zvEP91mmpqHE7cBn
BBf9zvEP91mmpqHE7cBn
BBf9zvEP91mmpqHE7cBn
BBf9zvEP91mmpqHE7cBn
BBf9zvEP91mmpqHE7cBn
BBf9zvEP91mmpqHE7cBn
BBf9zvEP91mmpqHE7cBn
BBf9zvEP91mmpqHE7cBn
BBf9zvEP91mmpqHE7cBn
BBf9zvEP91mmpqHE7cBn
BBf9zvEP91mmpqHE7cBn
BBf9zvEP91mmpqHE7cBn
BBf9zvEP91mmpqHE7cBn
BBf9zvEP91mmpqHE7cBn
BBf9zvEP91mmpqHE7cBn
BBf9zvEP91mmpqHE7cBn
BBf9zvEP91mmpqHE7cBn
BBf9zvEP91mmpqHE7cBn
BBf9zvEP91mmpqHE7cBn
BBf9zvEP91mmpqHE7cBn
BBf9zvEP91mmpqHE7cBn
BBf9zvEP91mmpqHE7cBn
BBf9zvEP91mmpqHE7cBn
BBf9zvEP91mmpqHE7cBn
BBf9zvEP91mmpqHE7cBn
BBf9zvEP91mmpqHE7cBn
Oo5XlU
76cqRc7u2CZ8f4wn
76cqRc7u2CZ8f4wn
76cqRc7u2CZ8f4wn
76cqRc7u2CZ8f4wn
76cqRc7u2CZ8f4wn
76cqRc7u2CZ8f4wn
76cqRc7u2CZ8f4wn
76cqRc7u2CZ8f4wn
76cqRc7u2CZ8f4wn
76cqRc7u2CZ8f4wn
76cqRc7u2CZ8f4wn
76cqRc7u2CZ8f4wn
76cqRc7u2CZ8f4wn
76cqRc7u2CZ8f4wn
76cqRc7u2CZ8f4wn
76cqRc7u2CZ8f4wn
76cqRc7u2CZ8f4wn
76cqRc7u2CZ8f4wn
76cqRc7u2CZ8f4wn
76cqRc7u2CZ8f4wn
76cqRc7u2CZ8f4wn
76cqRc7u2CZ8f4wn
76cqRc7u2CZ8f4wn
76cqRc7u2CZ8f4wn
76cqRc7u2CZ8f4wn
76cqRc7u2CZ8f4wn
76cqRc7u2CZ8f4wn
76cqRc7u2CZ8f4wn
76cqRc7u2CZ8f4wn
76cqRc7u2CZ8f4wn
76cqRc7u2CZ8f4wn
76cqRc7u2CZ8f4wn
76cqRc7u2CZ8f4wn
76cqRc7u2CZ8f4wn
76cqRc7u2CZ8f4wn
76cqRc7u2CZ8f4wn
76cqRc7u2CZ8f4wn
76cqRc7u2CZ8f4wn
76cqRc7u2CZ8f4wn
76cqRc7u2CZ8f4wn
76cqRc7u2CZ8f4wn
76cqRc7u2CZ8f4wn
76cqRc7u2CZ8f4wn
76cqRc7u2CZ8f4wn
76cqRc7u2CZ8f4wn
76cqRc7u2CZ8f4wn
76cqRc7u2CZ8f4wn
76cqRc7u2CZ8f4wn
76cqRc7u2CZ8f4wn
76cqRc7u2CZ8f4wn
76cqRc7u2CZ8f4wn
76cqRc7u2CZ8f4wn
76cqRc7u2CZ8f4wn
76cqRc7u2CZ8f4wn
76cqRc7u2CZ8f4wn
76cqRc7u2CZ8f4wn
76cqRc7u2CZ8f4wn
76cqRc7u2CZ8f4wn
76cqRc7u2CZ8f4wn
76cqRc7u2CZ8f4wn
76cqRc7u2CZ8f4wn
76cqRc7u2CZ8f4wn
76cqRc7u2CZ8f4wn
76cqRc7u2CZ8f4wn
76cqRc7u2CZ8f4wn
76cqRc7u2CZ8f4wn
76cqRc7u2CZ8f4wn
76cqRc7u2CZ8f4wn
76cqRc7u2CZ8f4wn
76cqRc7u2CZ8f4wn
76cqRc7u2CZ8f4wn
76cqRc7u2CZ8f4wn
76cqRc7u2CZ8f4wn
76cqRc7u2CZ8f4wn
76cqRc7u2CZ8f4wn
76cqRc7u2CZ8f4wn
76cqRc7u2CZ8f4wn
76cqRc7u2CZ8f4wn
76cqRc7u2CZ8f4wn
76cqRc7u2CZ8f4wn
76cqRc7u2CZ8f4wn
76cqRc7u2CZ8f4wn
76cqRc7u2CZ8f4wn
76cqRc7u2CZ8f4wn
vUR7iuuBtn8PSmk
y548rK248jB45AKn
-1376807658
-1376807658
-1376807658
-1376807658
-1376807658
-1376807658
-1376807658
-1376807658
-1376807658
-1376807658
-1376807658
-1376807658
-1376807658
-1376807658
-1376807658
-1376807658
-1376807658
-1376807658
-1376807658
-1376807658
-1376807658
-1376807658
x7XBO0D14uOG1LXBTu
[ASCII 126]
6DBPU
DuPrXQ8vQDmh5qR594EY
1HH8sz53xtialBi3S3
1HH8sz53xtialBi3S3
1HH8sz53xtialBi3S3
1HH8sz53xtialBi3S3
1HH8sz53xtialBi3S3
1HH8sz53xtialBi3S3
1HH8sz53xtialBi3S3
1HH8sz53xtialBi3S3
1HH8sz53xtialBi3S3
1HH8sz53xtialBi3S3
1HH8sz53xtialBi3S3
1HH8sz53xtialBi3S3
1HH8sz53xtialBi3S3
1HH8sz53xtialBi3S3
1HH8sz53xtialBi3S3
1HH8sz53xtialBi3S3
1HH8sz53xtialBi3S3
1HH8sz53xtialBi3S3
1HH8sz53xtialBi3S3
1HH8sz53xtialBi3S3
1HH8sz53xtialBi3S3
1HH8sz53xtialBi3S3
1HH8sz53xtialBi3S3
1HH8sz53xtialBi3S3
1HH8sz53xtialBi3S3
1HH8sz53xtialBi3S3
1HH8sz53xtialBi3S3
1HH8sz53xtialBi3S3
1HH8sz53xtialBi3S3
1HH8sz53xtialBi3S3
1HH8sz53xtialBi3S3
1HH8sz53xtialBi3S3
Zi8Dr2w9yeyD9CvvnJ
-1714749917
SFJc5
SFJc5
SFJc5
SFJc5
SFJc5
SFJc5
SFJc5
SFJc5
SFJc5
SFJc5
SFJc5
SFJc5
SFJc5
SFJc5
SFJc5
SFJc5
SFJc5
SFJc5
SFJc5
SFJc5
SFJc5
SFJc5
SFJc5
SFJc5
SFJc5
SFJc5
SFJc5
SFJc5
SFJc5
SFJc5
SFJc5
SFJc5
SFJc5
SFJc5
SFJc5
SFJc5
SFJc5
SFJc5
SFJc5
SFJc5
SFJc5
SFJc5
SFJc5
SFJc5
SFJc5
SFJc5
SFJc5
SFJc5
SFJc5
SFJc5
SFJc5
SFJc5
SFJc5
SFJc5
SFJc5
SFJc5
SFJc5
SFJc5
SFJc5
SFJc5
SFJc5
SFJc5
SFJc5
SFJc5
SFJc5
SFJc5
SFJc5
SFJc5
SFJc5
SFJc5
SFJc5
SFJc5
SFJc5
SFJc5
SFJc5
SFJc5
SFJc5
SFJc5
SFJc5
SFJc5
SFJc5
SFJc5
SFJc5
SFJc5
SFJc5
SFJc5
SFJc5
SFJc5
SFJc5
SFJc5
SFJc5
SFJc5
SFJc5
SFJc5
SFJc5
SFJc5
M2NUt4IYNTV2nBQ4D
1vrdUl
330154512
ZtEHdQ623I99QG5jY9Yk
PKr8LHV17qG5TeMh1E
1LTtCM9yNa68yD4bx
[ASCII 120]
[ASCII 109]
486323296
[ASCII 69]
d3t0S3rdArcpE76H9PJY
PTyaIT
aimB6m75spAJLs1s
1459288084
evA636CjYq66Xx3Rxc
334721230
ijT93
8vTee4
l9Ik84AnD5SuG45A2F
484987211
1557468319
L9zphi4nCHe3y7A0t6
1111087235
54mgCJ88YmluSoGRbDk6
[ASCII 79]
KVXtqNp52O1Ct4ye
7CC6KKa4f2uMN5IO9X
517238631
1083449296
4Fv9759CxoMRTlbmq7v
BJk3zqszm5d12nzr5G
-1930075797
1301307789
1032481887
1329315661
KVQQmHXU2p1kYthE
K0oD6H
r9568VViDuU8c02
1557468319
1557468319
1557468319
1557468319
1557468319
1557468319
1557468319
1557468319
1557468319
1557468319
1557468319
1557468319
1557468319
1557468319
1557468319
1557468319
1557468319
1557468319
1557468319
1557468319
1557468319
1557468319
1557468319
1557468319
1557468319
-705519408
H7T084jj8W8Vw376g9982
v7Hg7EnptO8lKpqL29a
[ASCII 64]
[ASCII 89]
1864155427
56A4eitR6Q6cK7Y783
9Q21e5NiSZ5qMU0Pj3
9Q21e5NiSZ5qMU0Pj3
9Q21e5NiSZ5qMU0Pj3
9Q21e5NiSZ5qMU0Pj3
9Q21e5NiSZ5qMU0Pj3
9Q21e5NiSZ5qMU0Pj3
9Q21e5NiSZ5qMU0Pj3
9Q21e5NiSZ5qMU0Pj3
9Q21e5NiSZ5qMU0Pj3
9Q21e5NiSZ5qMU0Pj3
9Q21e5NiSZ5qMU0Pj3
9Q21e5NiSZ5qMU0Pj3
9Q21e5NiSZ5qMU0Pj3
9Q21e5NiSZ5qMU0Pj3
9Q21e5NiSZ5qMU0Pj3
9Q21e5NiSZ5qMU0Pj3
9Q21e5NiSZ5qMU0Pj3
9Q21e5NiSZ5qMU0Pj3
9Q21e5NiSZ5qMU0Pj3
9Q21e5NiSZ5qMU0Pj3
9Q21e5NiSZ5qMU0Pj3
9Q21e5NiSZ5qMU0Pj3
9Q21e5NiSZ5qMU0Pj3
9Q21e5NiSZ5qMU0Pj3
9Q21e5NiSZ5qMU0Pj3
9Q21e5NiSZ5qMU0Pj3
9Q21e5NiSZ5qMU0Pj3
9Q21e5NiSZ5qMU0Pj3
9Q21e5NiSZ5qMU0Pj3
9Q21e5NiSZ5qMU0Pj3
9Q21e5NiSZ5qMU0Pj3
9Q21e5NiSZ5qMU0Pj3
9Q21e5NiSZ5qMU0Pj3
9Q21e5NiSZ5qMU0Pj3
9Q21e5NiSZ5qMU0Pj3
9Q21e5NiSZ5qMU0Pj3
9Q21e5NiSZ5qMU0Pj3
9Q21e5NiSZ5qMU0Pj3
9Q21e5NiSZ5qMU0Pj3
9Q21e5NiSZ5qMU0Pj3
9DqF9d7PbsH29J196
1592330645
1825625463
Kuv4dLG63DLGlnM2bz3
Kuv4dLG63DLGlnM2bz3
Kuv4dLG63DLGlnM2bz3
Kuv4dLG63DLGlnM2bz3
Kuv4dLG63DLGlnM2bz3
Kuv4dLG63DLGlnM2bz3
Kuv4dLG63DLGlnM2bz3
Kuv4dLG63DLGlnM2bz3
Kuv4dLG63DLGlnM2bz3
Kuv4dLG63DLGlnM2bz3
Kuv4dLG63DLGlnM2bz3
Kuv4dLG63DLGlnM2bz3
Kuv4dLG63DLGlnM2bz3
Kuv4dLG63DLGlnM2bz3
Kuv4dLG63DLGlnM2bz3
Kuv4dLG63DLGlnM2bz3
Kuv4dLG63DLGlnM2bz3
Kuv4dLG63DLGlnM2bz3
Kuv4dLG63DLGlnM2bz3
Kuv4dLG63DLGlnM2bz3
Kuv4dLG63DLGlnM2bz3
Kuv4dLG63DLGlnM2bz3
Kuv4dLG63DLGlnM2bz3
Kuv4dLG63DLGlnM2bz3
Kuv4dLG63DLGlnM2bz3
Kuv4dLG63DLGlnM2bz3
UwV2I7fce5W
DGa73766h857OKHjdEdG
0A8j0G44BO2P46y30s6M
[ASCII 117]
CSq6u8qO9fiGE1wpb
[ASCII 88]
M2nVbo4
[ASCII 52]
erd7xfI1pU1u6C1pDCo1
k8D1bHdXpTqW554g2etM
QiD557kG7B6a6j06Zq
QiD557kG7B6a6j06Zq
QiD557kG7B6a6j06Zq
QiD557kG7B6a6j06Zq
QiD557kG7B6a6j06Zq
QiD557kG7B6a6j06Zq
QiD557kG7B6a6j06Zq
QiD557kG7B6a6j06Zq
QiD557kG7B6a6j06Zq
QiD557kG7B6a6j06Zq
QiD557kG7B6a6j06Zq
QiD557kG7B6a6j06Zq
QiD557kG7B6a6j06Zq
QiD557kG7B6a6j06Zq
QiD557kG7B6a6j06Zq
QiD557kG7B6a6j06Zq
QiD557kG7B6a6j06Zq
QiD557kG7B6a6j06Zq
QiD557kG7B6a6j06Zq
QiD557kG7B6a6j06Zq
QiD557kG7B6a6j06Zq
QiD557kG7B6a6j06Zq
QiD557kG7B6a6j06Zq
QiD557kG7B6a6j06Zq
QiD557kG7B6a6j06Zq
QiD557kG7B6a6j06Zq
QiD557kG7B6a6j06Zq
QiD557kG7B6a6j06Zq
QiD557kG7B6a6j06Zq
QiD557kG7B6a6j06Zq
QiD557kG7B6a6j06Zq
QiD557kG7B6a6j06Zq
QiD557kG7B6a6j06Zq
QiD557kG7B6a6j06Zq
QiD557kG7B6a6j06Zq
QiD557kG7B6a6j06Zq
QiD557kG7B6a6j06Zq
QiD557kG7B6a6j06Zq
QiD557kG7B6a6j06Zq
QiD557kG7B6a6j06Zq
QiD557kG7B6a6j06Zq
QiD557kG7B6a6j06Zq
QiD557kG7B6a6j06Zq
QiD557kG7B6a6j06Zq
QiD557kG7B6a6j06Zq
QiD557kG7B6a6j06Zq
[ASCII -97]
[ASCII -97]
[ASCII -97]
[ASCII -97]
[ASCII -97]
[ASCII -97]
[ASCII -97]
[ASCII -97]
[ASCII -97]
[ASCII -97]
[ASCII -97]
[ASCII -97]
[ASCII -97]
[ASCII -97]
[ASCII -97]
[ASCII -97]
[ASCII -97]
[ASCII -97]
[ASCII -97]
[ASCII -97]
[ASCII -97]
[ASCII -97]
[ASCII -97]
[ASCII -97]
[ASCII -97]
[ASCII -97]
[ASCII -97]
[ASCII -97]
[ASCII -97]
[ASCII -97]
[ASCII -97]
[ASCII -97]
[ASCII -97]
[ASCII -97]
[ASCII -97]
[ASCII -97]
[ASCII -97]
[ASCII -97]
[ASCII -97]
1544787391
414330931
414330931
414330931
414330931
414330931
414330931
414330931
414330931
414330931
414330931
414330931
414330931
414330931
414330931
414330931
414330931
414330931
414330931
414330931
414330931
414330931
414330931
414330931
414330931
414330931
414330931
414330931
414330931
414330931
414330931
414330931
414330931
414330931
414330931
414330931
414330931
414330931
414330931
414330931
414330931
414330931
414330931
414330931
414330931
414330931
414330931
414330931
414330931
414330931
414330931
414330931
414330931
414330931
414330931
414330931
414330931
414330931
414330931
414330931
414330931
414330931
414330931
414330931
414330931
414330931
414330931
414330931
414330931
414330931
414330931
414330931
414330931
414330931
414330931
414330931
414330931
414330931
414330931
414330931
414330931
414330931
414330931
414330931
414330931
414330931
414330931
414330931
414330931
414330931
414330931
414330931
1723767308
uUMVZ
R62B5B11fjI1k
-915406225
L6Tc2lqytn9FHAsq7
L6Tc2lqytn9FHAsq7
L6Tc2lqytn9FHAsq7
L6Tc2lqytn9FHAsq7
L6Tc2lqytn9FHAsq7
L6Tc2lqytn9FHAsq7
L6Tc2lqytn9FHAsq7
L6Tc2lqytn9FHAsq7
L6Tc2lqytn9FHAsq7
L6Tc2lqytn9FHAsq7
L6Tc2lqytn9FHAsq7
L6Tc2lqytn9FHAsq7
L6Tc2lqytn9FHAsq7
L6Tc2lqytn9FHAsq7
L6Tc2lqytn9FHAsq7
L6Tc2lqytn9FHAsq7
L6Tc2lqytn9FHAsq7
L6Tc2lqytn9FHAsq7
L6Tc2lqytn9FHAsq7
L6Tc2lqytn9FHAsq7
L6Tc2lqytn9FHAsq7
L6Tc2lqytn9FHAsq7
L6Tc2lqytn9FHAsq7
L6Tc2lqytn9FHAsq7
85TLI489IKK7qbk2E2q
f1623ps
[ASCII -43]
1864414132
1864414132
1864414132
1864414132
1864414132
1864414132
1864414132
1864414132
1864414132
1864414132
1864414132
1864414132
1864414132
1864414132
1864414132
1864414132
1864414132
1864414132
1864414132
1864414132
1864414132
1864414132
1864414132
1864414132
1864414132
1864414132
1864414132
pBLHM
c1Ci2u4o9mUNZQLxCIvg
[ASCII 76]
1FDk5
0LqC38
[ASCII 83]
1662868754
Ag5nF4QI203s50S752
1301307789
EPbEv6z6cmMmzpJKGrI
[ASCII 99]
39702771
[ASCII 69]
d7ehQfw2Lv61ii4CX
-705519408
800724478
987447534
9R8FccYM6k8e844nx
gNi3w8AFEvIC773c1X
I1EYw3phJu4CmVHm3h
I1EYw3phJu4CmVHm3h
I1EYw3phJu4CmVHm3h
I1EYw3phJu4CmVHm3h
I1EYw3phJu4CmVHm3h
I1EYw3phJu4CmVHm3h
I1EYw3phJu4CmVHm3h
I1EYw3phJu4CmVHm3h
I1EYw3phJu4CmVHm3h
I1EYw3phJu4CmVHm3h
I1EYw3phJu4CmVHm3h
I1EYw3phJu4CmVHm3h
I1EYw3phJu4CmVHm3h
I1EYw3phJu4CmVHm3h
I1EYw3phJu4CmVHm3h
I1EYw3phJu4CmVHm3h
I1EYw3phJu4CmVHm3h
I1EYw3phJu4CmVHm3h
I1EYw3phJu4CmVHm3h
I1EYw3phJu4CmVHm3h
I1EYw3phJu4CmVHm3h
I1EYw3phJu4CmVHm3h
I1EYw3phJu4CmVHm3h
I1EYw3phJu4CmVHm3h
I1EYw3phJu4CmVHm3h
I1EYw3phJu4CmVHm3h
I1EYw3phJu4CmVHm3h
I1EYw3phJu4CmVHm3h
I1EYw3phJu4CmVHm3h
I1EYw3phJu4CmVHm3h
I1EYw3phJu4CmVHm3h
I1EYw3phJu4CmVHm3h
I1EYw3phJu4CmVHm3h
I1EYw3phJu4CmVHm3h
I1EYw3phJu4CmVHm3h
I1EYw3phJu4CmVHm3h
I1EYw3phJu4CmVHm3h
I1EYw3phJu4CmVHm3h
I1EYw3phJu4CmVHm3h
I1EYw3phJu4CmVHm3h
I1EYw3phJu4CmVHm3h
I1EYw3phJu4CmVHm3h
I1EYw3phJu4CmVHm3h
I1EYw3phJu4CmVHm3h
I1EYw3phJu4CmVHm3h
I1EYw3phJu4CmVHm3h
I1EYw3phJu4CmVHm3h
I1EYw3phJu4CmVHm3h
I1EYw3phJu4CmVHm3h
I1EYw3phJu4CmVHm3h
I1EYw3phJu4CmVHm3h
I1EYw3phJu4CmVHm3h
I1EYw3phJu4CmVHm3h
I1EYw3phJu4CmVHm3h
I1EYw3phJu4CmVHm3h
I1EYw3phJu4CmVHm3h
I1EYw3phJu4CmVHm3h
I1EYw3phJu4CmVHm3h
I1EYw3phJu4CmVHm3h
I1EYw3phJu4CmVHm3h
I1EYw3phJu4CmVHm3h
I1EYw3phJu4CmVHm3h
I1EYw3phJu4CmVHm3h
I1EYw3phJu4CmVHm3h
I1EYw3phJu4CmVHm3h
I1EYw3phJu4CmVHm3h
I1EYw3phJu4CmVHm3h
I1EYw3phJu4CmVHm3h
I1EYw3phJu4CmVHm3h
I1EYw3phJu4CmVHm3h
0OKw6j3qRqFy60EA
6lV8swAfp0h84U94fC
jJLpOCWUBhumV5VuB7j
38pbPWn3x781yVZt9
Ygo5jrx0L3rt0WF7e
a5q18Cn5wKHz1Xso3
loDlwLs2D78nS91
m4olQlMII9Z6tI72X8
m4olQlMII9Z6tI72X8
m4olQlMII9Z6tI72X8
m4olQlMII9Z6tI72X8
m4olQlMII9Z6tI72X8
m4olQlMII9Z6tI72X8
m4olQlMII9Z6tI72X8
m4olQlMII9Z6tI72X8
m4olQlMII9Z6tI72X8
m4olQlMII9Z6tI72X8
m4olQlMII9Z6tI72X8
m4olQlMII9Z6tI72X8
m4olQlMII9Z6tI72X8
m4olQlMII9Z6tI72X8
m4olQlMII9Z6tI72X8
m4olQlMII9Z6tI72X8
m4olQlMII9Z6tI72X8
m4olQlMII9Z6tI72X8
m4olQlMII9Z6tI72X8
m4olQlMII9Z6tI72X8
m4olQlMII9Z6tI72X8
m4olQlMII9Z6tI72X8
m4olQlMII9Z6tI72X8
m4olQlMII9Z6tI72X8
m4olQlMII9Z6tI72X8
m4olQlMII9Z6tI72X8
m4olQlMII9Z6tI72X8
m4olQlMII9Z6tI72X8
m4olQlMII9Z6tI72X8
m4olQlMII9Z6tI72X8
m4olQlMII9Z6tI72X8
m4olQlMII9Z6tI72X8
m4olQlMII9Z6tI72X8
m4olQlMII9Z6tI72X8
m4olQlMII9Z6tI72X8
m4olQlMII9Z6tI72X8
m4olQlMII9Z6tI72X8
m4olQlMII9Z6tI72X8
m4olQlMII9Z6tI72X8
m4olQlMII9Z6tI72X8
m4olQlMII9Z6tI72X8
m4olQlMII9Z6tI72X8
m4olQlMII9Z6tI72X8
m4olQlMII9Z6tI72X8
m4olQlMII9Z6tI72X8
m4olQlMII9Z6tI72X8
m4olQlMII9Z6tI72X8
m4olQlMII9Z6tI72X8
m4olQlMII9Z6tI72X8
GfgBrCu05rQAU8js68
2mDbF8l935K6iAX2R
1903049601
1903049601
1903049601
1903049601
5vkinAPRI136QskqY6o7U
10Hq93KzcIGXxIWL4
gLk7940iMWG3b824f
[ASCII 104]
[ASCII 104]
[ASCII 104]
[ASCII 104]
[ASCII 104]
[ASCII 104]
[ASCII 104]
[ASCII 104]
[ASCII 104]
[ASCII 104]
[ASCII 104]
[ASCII 104]
[ASCII 104]
[ASCII 104]
[ASCII 104]
[ASCII 104]
[ASCII 104]
[ASCII 104]
[ASCII 104]
[ASCII 104]
[ASCII 104]
[ASCII 104]
[ASCII 104]
[ASCII 104]
[ASCII 104]
[ASCII 104]
[ASCII 104]
[ASCII 104]
[ASCII 104]
[ASCII 104]
[ASCII 104]
[ASCII 104]
[ASCII 104]
[ASCII 104]
[ASCII 104]
[ASCII 104]
[ASCII 104]
[ASCII 104]
[ASCII 104]
[ASCII 104]
[ASCII 104]
[ASCII 104]
[ASCII 104]
[ASCII 104]
[ASCII 104]
[ASCII 104]
[ASCII 104]
[ASCII 104]
[ASCII 104]
[ASCII 104]
[ASCII 104]
[ASCII 104]
[ASCII 104]
[ASCII 104]
[ASCII 104]
[ASCII 104]
[ASCII 104]
[ASCII 104]
[ASCII 104]
[ASCII 104]
[ASCII 104]
[ASCII 104]
[ASCII 104]
[ASCII 104]
[ASCII 104]
jRADWvxK621UsKBZ3
P8E97vxbw8O3y0L4rm
S40uT9H97xcvtDpsvF
