XM1ruBqb369Jx160H2
cG2KO463ziPMLRu
cG2KO463ziPMLRu
cG2KO463ziPMLRu
cG2KO463ziPMLRu
cG2KO463ziPMLRu
cG2KO463ziPMLRu
cG2KO463ziPMLRu
cG2KO463ziPMLRu
cG2KO463ziPMLRu
cG2KO463ziPMLRu
cG2KO463ziPMLRu
cG2KO463ziPMLRu
cG2KO463ziPMLRu
cG2KO463ziPMLRu
cG2KO463ziPMLRu
cG2KO463ziPMLRu
cG2KO463ziPMLRu
cG2KO463ziPMLRu
cG2KO463ziPMLRu
cG2KO463ziPMLRu
cG2KO463ziPMLRu
cG2KO463ziPMLRu
cG2KO463ziPMLRu
cG2KO463ziPMLRu
cG2KO463ziPMLRu
cG2KO463ziPMLRu
cG2KO463ziPMLRu
cG2KO463ziPMLRu
cG2KO463ziPMLRu
cG2KO463ziPMLRu
cG2KO463ziPMLRu
cG2KO463ziPMLRu
cG2KO463ziPMLRu
cG2KO463ziPMLRu
cG2KO463ziPMLRu
cG2KO463ziPMLRu
cG2KO463ziPMLRu
cG2KO463ziPMLRu
cG2KO463ziPMLRu
cG2KO463ziPMLRu
cG2KO463ziPMLRu
cG2KO463ziPMLRu
cG2KO463ziPMLRu
cG2KO463ziPMLRu
cG2KO463ziPMLRu
cG2KO463ziPMLRu
cG2KO463ziPMLRu
cG2KO463ziPMLRu
cG2KO463ziPMLRu
cG2KO463ziPMLRu
cG2KO463ziPMLRu
cG2KO463ziPMLRu
cG2KO463ziPMLRu
cG2KO463ziPMLRu
cG2KO463ziPMLRu
cG2KO463ziPMLRu
cG2KO463ziPMLRu
cG2KO463ziPMLRu
cG2KO463ziPMLRu
cG2KO463ziPMLRu
cG2KO463ziPMLRu
cG2KO463ziPMLRu
cG2KO463ziPMLRu
cG2KO463ziPMLRu
cG2KO463ziPMLRu
cG2KO463ziPMLRu
cG2KO463ziPMLRu
cG2KO463ziPMLRu
cG2KO463ziPMLRu
cG2KO463ziPMLRu
cG2KO463ziPMLRu
cG2KO463ziPMLRu
cG2KO463ziPMLRu
cG2KO463ziPMLRu
cG2KO463ziPMLRu
gczid987z0076bb4Jg
1700869821
[ASCII 101]
fv3PSY384NJ8zuJni
26MqW3SFwoLHsE3TDi9l
9CP0oMiR3FIL1g5T
DV70W7y4F3O7Uk7TQIj
TIK6w7VvEq55Ym8CCV9
[ASCII 81]
671465618
1653316602
5rp0XB21AGBA6W0Gc2Y4
1653316602
9ckB7ryuCo9F25fs
2s0fU66
WFSYtJuRYpY5rysz7a4B
Pmd79fkDc75Dc4IY61
Sgnjuc
678174008
W06d89o13Wk8XGJDR7
A5EtV4ciN86eV1WhjaE
YxBJ5bD
6lkL9Y46ltCtO4oW0
[ASCII 117]
M1mw4M9k0d0wih3G
M1mw4M9k0d0wih3G
M1mw4M9k0d0wih3G
M1mw4M9k0d0wih3G
M1mw4M9k0d0wih3G
M1mw4M9k0d0wih3G
37cue
482948068
SeCo4R1HYNTR18rE1N
P6v0GjRQkE82KXdP8
P6v0GjRQkE82KXdP8
P6v0GjRQkE82KXdP8
P6v0GjRQkE82KXdP8
P6v0GjRQkE82KXdP8
P6v0GjRQkE82KXdP8
P6v0GjRQkE82KXdP8
P6v0GjRQkE82KXdP8
P6v0GjRQkE82KXdP8
P6v0GjRQkE82KXdP8
P6v0GjRQkE82KXdP8
P6v0GjRQkE82KXdP8
P6v0GjRQkE82KXdP8
P6v0GjRQkE82KXdP8
2s0fU66
tYzo28vPYvMhbM5rLf
810qdXp2Uoc3367PQ
P2C15
r2X5n5
qv30h9qMm8yO20ku723Z
3aARsNV482z31xaI
b0LOCl8dnGReZ4inf195
lFY83n0e6143BypoSV
lFY83n0e6143BypoSV
lFY83n0e6143BypoSV
lFY83n0e6143BypoSV
lFY83n0e6143BypoSV
lFY83n0e6143BypoSV
lFY83n0e6143BypoSV
lFY83n0e6143BypoSV
lFY83n0e6143BypoSV
lFY83n0e6143BypoSV
lFY83n0e6143BypoSV
lFY83n0e6143BypoSV
lFY83n0e6143BypoSV
lFY83n0e6143BypoSV
lFY83n0e6143BypoSV
lFY83n0e6143BypoSV
lFY83n0e6143BypoSV
lFY83n0e6143BypoSV
lFY83n0e6143BypoSV
lFY83n0e6143BypoSV
lFY83n0e6143BypoSV
lFY83n0e6143BypoSV
lFY83n0e6143BypoSV
lFY83n0e6143BypoSV
lFY83n0e6143BypoSV
lFY83n0e6143BypoSV
lFY83n0e6143BypoSV
lFY83n0e6143BypoSV
lFY83n0e6143BypoSV
lFY83n0e6143BypoSV
lFY83n0e6143BypoSV
lFY83n0e6143BypoSV
lFY83n0e6143BypoSV
lFY83n0e6143BypoSV
lFY83n0e6143BypoSV
lFY83n0e6143BypoSV
lFY83n0e6143BypoSV
lFY83n0e6143BypoSV
lFY83n0e6143BypoSV
lFY83n0e6143BypoSV
lFY83n0e6143BypoSV
lFY83n0e6143BypoSV
lFY83n0e6143BypoSV
lFY83n0e6143BypoSV
lFY83n0e6143BypoSV
lFY83n0e6143BypoSV
lFY83n0e6143BypoSV
lFY83n0e6143BypoSV
lFY83n0e6143BypoSV
lFY83n0e6143BypoSV
lFY83n0e6143BypoSV
lFY83n0e6143BypoSV
lFY83n0e6143BypoSV
lFY83n0e6143BypoSV
lFY83n0e6143BypoSV
lFY83n0e6143BypoSV
lFY83n0e6143BypoSV
lFY83n0e6143BypoSV
lFY83n0e6143BypoSV
lFY83n0e6143BypoSV
lFY83n0e6143BypoSV
lFY83n0e6143BypoSV
lFY83n0e6143BypoSV
lFY83n0e6143BypoSV
lFY83n0e6143BypoSV
lFY83n0e6143BypoSV
lFY83n0e6143BypoSV
lFY83n0e6143BypoSV
lFY83n0e6143BypoSV
lFY83n0e6143BypoSV
lFY83n0e6143BypoSV
lFY83n0e6143BypoSV
lFY83n0e6143BypoSV
lFY83n0e6143BypoSV
lFY83n0e6143BypoSV
lFY83n0e6143BypoSV
lFY83n0e6143BypoSV
lFY83n0e6143BypoSV
lFY83n0e6143BypoSV
lFY83n0e6143BypoSV
lFY83n0e6143BypoSV
lFY83n0e6143BypoSV
lFY83n0e6143BypoSV
lFY83n0e6143BypoSV
lFY83n0e6143BypoSV
lFY83n0e6143BypoSV
lFY83n0e6143BypoSV
lFY83n0e6143BypoSV
lFY83n0e6143BypoSV
lFY83n0e6143BypoSV
lFY83n0e6143BypoSV
lFY83n0e6143BypoSV
lFY83n0e6143BypoSV
lFY83n0e6143BypoSV
lFY83n0e6143BypoSV
lFY83n0e6143BypoSV
bv02UjisOWV37hLF9k
sfnJJi9gKptCz6X9h
40Hru6yHEX95m3vjQ1
3r3Z2d6VMXJ31YPDLy
53IwWR2HrLZR6Gfm4
1365882805
2s0fU66
2s0fU66
2s0fU66
2s0fU66
2s0fU66
2s0fU66
2s0fU66
2s0fU66
2s0fU66
2s0fU66
2s0fU66
2s0fU66
2s0fU66
2s0fU66
2s0fU66
2s0fU66
2s0fU66
2s0fU66
2s0fU66
2s0fU66
2s0fU66
2s0fU66
2s0fU66
2s0fU66
2s0fU66
2s0fU66
2s0fU66
2s0fU66
2s0fU66
2s0fU66
2s0fU66
2s0fU66
2s0fU66
2s0fU66
2s0fU66
2s0fU66
2s0fU66
2s0fU66
2s0fU66
2s0fU66
2s0fU66
2s0fU66
2s0fU66
2s0fU66
2s0fU66
2s0fU66
2s0fU66
2s0fU66
2s0fU66
2s0fU66
2s0fU66
2s0fU66
2s0fU66
2s0fU66
2s0fU66
2s0fU66
2s0fU66
2s0fU66
2s0fU66
2s0fU66
2s0fU66
2s0fU66
2s0fU66
2s0fU66
2s0fU66
2s0fU66
2s0fU66
2s0fU66
2s0fU66
2s0fU66
2s0fU66
2s0fU66
2s0fU66
2s0fU66
2s0fU66
2s0fU66
2s0fU66
2s0fU66
2s0fU66
2s0fU66
2s0fU66
2s0fU66
2s0fU66
2s0fU66
2s0fU66
2s0fU66
2s0fU66
2s0fU66
2s0fU66
2s0fU66
2s0fU66
2s0fU66
2s0fU66
2s0fU66
2s0fU66
uyfCyo8BmkH99078
8QqQ8
u7VNT
u7VNT
u7VNT
u7VNT
u7VNT
u7VNT
u7VNT
u7VNT
u7VNT
u7VNT
u7VNT
u7VNT
u7VNT
u7VNT
u7VNT
u7VNT
u7VNT
u7VNT
u7VNT
u7VNT
u7VNT
u7VNT
u7VNT
u7VNT
rRO3pF8bSIkwtlRbj4
rRO3pF8bSIkwtlRbj4
rRO3pF8bSIkwtlRbj4
rRO3pF8bSIkwtlRbj4
rRO3pF8bSIkwtlRbj4
rRO3pF8bSIkwtlRbj4
rRO3pF8bSIkwtlRbj4
rRO3pF8bSIkwtlRbj4
rRO3pF8bSIkwtlRbj4
rRO3pF8bSIkwtlRbj4
rRO3pF8bSIkwtlRbj4
rRO3pF8bSIkwtlRbj4
rRO3pF8bSIkwtlRbj4
rRO3pF8bSIkwtlRbj4
rRO3pF8bSIkwtlRbj4
rRO3pF8bSIkwtlRbj4
rRO3pF8bSIkwtlRbj4
rRO3pF8bSIkwtlRbj4
rRO3pF8bSIkwtlRbj4
rRO3pF8bSIkwtlRbj4
rRO3pF8bSIkwtlRbj4
rRO3pF8bSIkwtlRbj4
rRO3pF8bSIkwtlRbj4
rRO3pF8bSIkwtlRbj4
rRO3pF8bSIkwtlRbj4
rRO3pF8bSIkwtlRbj4
rRO3pF8bSIkwtlRbj4
rRO3pF8bSIkwtlRbj4
rRO3pF8bSIkwtlRbj4
rRO3pF8bSIkwtlRbj4
rRO3pF8bSIkwtlRbj4
rRO3pF8bSIkwtlRbj4
rRO3pF8bSIkwtlRbj4
rRO3pF8bSIkwtlRbj4
tDslH
JLyT07t481t91JWXhN
j9aG8RadkhXO2SFdU
1464916223
o2Yn43zn0iEoCD5y
o2Yn43zn0iEoCD5y
o2Yn43zn0iEoCD5y
o2Yn43zn0iEoCD5y
o2Yn43zn0iEoCD5y
o2Yn43zn0iEoCD5y
o2Yn43zn0iEoCD5y
o2Yn43zn0iEoCD5y
o2Yn43zn0iEoCD5y
o2Yn43zn0iEoCD5y
o2Yn43zn0iEoCD5y
o2Yn43zn0iEoCD5y
o2Yn43zn0iEoCD5y
o2Yn43zn0iEoCD5y
o2Yn43zn0iEoCD5y
o2Yn43zn0iEoCD5y
o2Yn43zn0iEoCD5y
o2Yn43zn0iEoCD5y
o2Yn43zn0iEoCD5y
o2Yn43zn0iEoCD5y
o2Yn43zn0iEoCD5y
o2Yn43zn0iEoCD5y
o2Yn43zn0iEoCD5y
o2Yn43zn0iEoCD5y
o2Yn43zn0iEoCD5y
o2Yn43zn0iEoCD5y
o2Yn43zn0iEoCD5y
o2Yn43zn0iEoCD5y
o2Yn43zn0iEoCD5y
o2Yn43zn0iEoCD5y
o2Yn43zn0iEoCD5y
o2Yn43zn0iEoCD5y
o2Yn43zn0iEoCD5y
o2Yn43zn0iEoCD5y
o2Yn43zn0iEoCD5y
o2Yn43zn0iEoCD5y
o2Yn43zn0iEoCD5y
o2Yn43zn0iEoCD5y
o2Yn43zn0iEoCD5y
o2Yn43zn0iEoCD5y
o2Yn43zn0iEoCD5y
o2Yn43zn0iEoCD5y
o2Yn43zn0iEoCD5y
o2Yn43zn0iEoCD5y
S5JT5k3MQ7DnaiF969
w6Uf365U3O9MnI08ZSNJ
[ASCII 48]
5h8w912AgMvz7VdO6NS
1L5Ee6
917vEuIhqxAmt31gK
Y6EEe0297SifD2hV5G
O1hD09CFSE7A74Uf
Qtj8gW
m5LCK4
m8q5EmOT3u51l5VGn
m8q5EmOT3u51l5VGn
m8q5EmOT3u51l5VGn
m8q5EmOT3u51l5VGn
m8q5EmOT3u51l5VGn
m8q5EmOT3u51l5VGn
m8q5EmOT3u51l5VGn
m8q5EmOT3u51l5VGn
m8q5EmOT3u51l5VGn
X2nB10
[ASCII 90]
7hDvqSF6MOjnpAgrGt
[ASCII 48]
NDiud3pXf9rj56i173Iwb
Cfw3EVR9n5zEw2PtZ5
Cfw3EVR9n5zEw2PtZ5
Cfw3EVR9n5zEw2PtZ5
Cfw3EVR9n5zEw2PtZ5
Cfw3EVR9n5zEw2PtZ5
Cfw3EVR9n5zEw2PtZ5
Cfw3EVR9n5zEw2PtZ5
Cfw3EVR9n5zEw2PtZ5
Cfw3EVR9n5zEw2PtZ5
Cfw3EVR9n5zEw2PtZ5
Cfw3EVR9n5zEw2PtZ5
Cfw3EVR9n5zEw2PtZ5
Cfw3EVR9n5zEw2PtZ5
Cfw3EVR9n5zEw2PtZ5
Cfw3EVR9n5zEw2PtZ5
Cfw3EVR9n5zEw2PtZ5
Cfw3EVR9n5zEw2PtZ5
Cfw3EVR9n5zEw2PtZ5
Cfw3EVR9n5zEw2PtZ5
Cfw3EVR9n5zEw2PtZ5
Cfw3EVR9n5zEw2PtZ5
Cfw3EVR9n5zEw2PtZ5
Cfw3EVR9n5zEw2PtZ5
Cfw3EVR9n5zEw2PtZ5
Cfw3EVR9n5zEw2PtZ5
Cfw3EVR9n5zEw2PtZ5
Cfw3EVR9n5zEw2PtZ5
Cfw3EVR9n5zEw2PtZ5
Cfw3EVR9n5zEw2PtZ5
Cfw3EVR9n5zEw2PtZ5
Cfw3EVR9n5zEw2PtZ5
Cfw3EVR9n5zEw2PtZ5
Cfw3EVR9n5zEw2PtZ5
Cfw3EVR9n5zEw2PtZ5
Cfw3EVR9n5zEw2PtZ5
Cfw3EVR9n5zEw2PtZ5
Cfw3EVR9n5zEw2PtZ5
Cfw3EVR9n5zEw2PtZ5
Cfw3EVR9n5zEw2PtZ5
Cfw3EVR9n5zEw2PtZ5
Cfw3EVR9n5zEw2PtZ5
Cfw3EVR9n5zEw2PtZ5
Cfw3EVR9n5zEw2PtZ5
Cfw3EVR9n5zEw2PtZ5
Cfw3EVR9n5zEw2PtZ5
Cfw3EVR9n5zEw2PtZ5
Cfw3EVR9n5zEw2PtZ5
Cfw3EVR9n5zEw2PtZ5
Cfw3EVR9n5zEw2PtZ5
Cfw3EVR9n5zEw2PtZ5
Cfw3EVR9n5zEw2PtZ5
Cfw3EVR9n5zEw2PtZ5
Cfw3EVR9n5zEw2PtZ5
Cfw3EVR9n5zEw2PtZ5
Cfw3EVR9n5zEw2PtZ5
Cfw3EVR9n5zEw2PtZ5
Cfw3EVR9n5zEw2PtZ5
Cfw3EVR9n5zEw2PtZ5
Cfw3EVR9n5zEw2PtZ5
Cfw3EVR9n5zEw2PtZ5
Cfw3EVR9n5zEw2PtZ5
Cfw3EVR9n5zEw2PtZ5
Cfw3EVR9n5zEw2PtZ5
Cfw3EVR9n5zEw2PtZ5
Cfw3EVR9n5zEw2PtZ5
Cfw3EVR9n5zEw2PtZ5
Cfw3EVR9n5zEw2PtZ5
Cfw3EVR9n5zEw2PtZ5
Cfw3EVR9n5zEw2PtZ5
Cfw3EVR9n5zEw2PtZ5
Cfw3EVR9n5zEw2PtZ5
Cfw3EVR9n5zEw2PtZ5
Cfw3EVR9n5zEw2PtZ5
Cfw3EVR9n5zEw2PtZ5
Cfw3EVR9n5zEw2PtZ5
995464068
0bnnGSZi0J8NZn9E
I7KQ97
leCQc7R4y18y0x2uQF
TIQ3Kem
1186506543
[ASCII 109]
24Y864
07naA8J9i3dh5SpG63RB
07naA8J9i3dh5SpG63RB
07naA8J9i3dh5SpG63RB
07naA8J9i3dh5SpG63RB
07naA8J9i3dh5SpG63RB
07naA8J9i3dh5SpG63RB
07naA8J9i3dh5SpG63RB
07naA8J9i3dh5SpG63RB
07naA8J9i3dh5SpG63RB
07naA8J9i3dh5SpG63RB
07naA8J9i3dh5SpG63RB
07naA8J9i3dh5SpG63RB
07naA8J9i3dh5SpG63RB
07naA8J9i3dh5SpG63RB
07naA8J9i3dh5SpG63RB
07naA8J9i3dh5SpG63RB
07naA8J9i3dh5SpG63RB
07naA8J9i3dh5SpG63RB
07naA8J9i3dh5SpG63RB
07naA8J9i3dh5SpG63RB
07naA8J9i3dh5SpG63RB
07naA8J9i3dh5SpG63RB
07naA8J9i3dh5SpG63RB
[ASCII 70]
GkU80z2fxdtb1Ex0AxR
[ASCII 118]
[ASCII 118]
[ASCII 118]
[ASCII 118]
[ASCII 118]
[ASCII 118]
[ASCII 118]
[ASCII 118]
[ASCII 118]
[ASCII 118]
[ASCII 118]
[ASCII 118]
[ASCII 118]
[ASCII 118]
[ASCII 118]
[ASCII 118]
[ASCII 118]
[ASCII 118]
[ASCII 118]
[ASCII 118]
[ASCII 118]
[ASCII 118]
q4dW2q83ubfx0Fu23
518486560
518486560
518486560
518486560
518486560
518486560
518486560
518486560
518486560
518486560
518486560
518486560
518486560
518486560
518486560
518486560
518486560
518486560
518486560
518486560
518486560
518486560
518486560
518486560
518486560
518486560
518486560
518486560
518486560
518486560
ZKNZuq0
5Si44VMgE9mbfrr
nEgq2
N206o
24e7faW1uRl54yiw5RI
y762D9
7C3Mn3Kl6IDmYX75EPIm
7C3Mn3Kl6IDmYX75EPIm
7C3Mn3Kl6IDmYX75EPIm
7C3Mn3Kl6IDmYX75EPIm
7C3Mn3Kl6IDmYX75EPIm
7C3Mn3Kl6IDmYX75EPIm
7C3Mn3Kl6IDmYX75EPIm
7C3Mn3Kl6IDmYX75EPIm
7C3Mn3Kl6IDmYX75EPIm
7C3Mn3Kl6IDmYX75EPIm
7C3Mn3Kl6IDmYX75EPIm
7C3Mn3Kl6IDmYX75EPIm
7C3Mn3Kl6IDmYX75EPIm
7C3Mn3Kl6IDmYX75EPIm
7C3Mn3Kl6IDmYX75EPIm
7C3Mn3Kl6IDmYX75EPIm
7C3Mn3Kl6IDmYX75EPIm
7C3Mn3Kl6IDmYX75EPIm
7C3Mn3Kl6IDmYX75EPIm
7C3Mn3Kl6IDmYX75EPIm
7C3Mn3Kl6IDmYX75EPIm
7C3Mn3Kl6IDmYX75EPIm
7C3Mn3Kl6IDmYX75EPIm
7C3Mn3Kl6IDmYX75EPIm
7C3Mn3Kl6IDmYX75EPIm
7C3Mn3Kl6IDmYX75EPIm
7C3Mn3Kl6IDmYX75EPIm
7C3Mn3Kl6IDmYX75EPIm
7C3Mn3Kl6IDmYX75EPIm
7C3Mn3Kl6IDmYX75EPIm
7C3Mn3Kl6IDmYX75EPIm
7C3Mn3Kl6IDmYX75EPIm
7C3Mn3Kl6IDmYX75EPIm
7C3Mn3Kl6IDmYX75EPIm
7C3Mn3Kl6IDmYX75EPIm
7C3Mn3Kl6IDmYX75EPIm
7C3Mn3Kl6IDmYX75EPIm
7C3Mn3Kl6IDmYX75EPIm
7C3Mn3Kl6IDmYX75EPIm
7C3Mn3Kl6IDmYX75EPIm
7C3Mn3Kl6IDmYX75EPIm
7C3Mn3Kl6IDmYX75EPIm
7C3Mn3Kl6IDmYX75EPIm
7C3Mn3Kl6IDmYX75EPIm
7C3Mn3Kl6IDmYX75EPIm
oWfve97lq3Y9Gv2
[ASCII 67]
[ASCII 67]
[ASCII 67]
[ASCII 67]
[ASCII 67]
[ASCII 67]
[ASCII 67]
[ASCII 67]
[ASCII 67]
[ASCII 67]
[ASCII 67]
[ASCII 67]
[ASCII 67]
[ASCII 67]
[ASCII 67]
[ASCII 67]
[ASCII 67]
[ASCII 67]
[ASCII 67]
[ASCII 67]
[ASCII 67]
[ASCII 67]
[ASCII 67]
[ASCII 67]
[ASCII 67]
[ASCII 67]
[ASCII 67]
[ASCII 67]
[ASCII 67]
[ASCII 67]
[ASCII 67]
[ASCII 67]
[ASCII 67]
[ASCII 67]
[ASCII 67]
[ASCII 67]
[ASCII 67]
[ASCII 67]
[ASCII 67]
[ASCII 67]
[ASCII 67]
[ASCII 67]
[ASCII 67]
[ASCII 67]
[ASCII 67]
[ASCII 67]
[ASCII 67]
[ASCII 67]
[ASCII 67]
[ASCII 67]
[ASCII 67]
[ASCII 67]
[ASCII 67]
[ASCII 67]
[ASCII 67]
[ASCII 67]
[ASCII 67]
[ASCII 67]
[ASCII 67]
[ASCII 67]
[ASCII 67]
[ASCII 67]
[ASCII 67]
[ASCII 67]
[ASCII 67]
[ASCII 67]
[ASCII 67]
[ASCII 67]
[ASCII 67]
[ASCII 67]
[ASCII 67]
[ASCII 67]
[ASCII 67]
[ASCII 67]
[ASCII 67]
[ASCII 67]
[ASCII 67]
[ASCII 67]
[ASCII 67]
[ASCII 67]
[ASCII 67]
[ASCII 67]
[ASCII 67]
[ASCII 67]
[ASCII 67]
[ASCII 67]
[ASCII 67]
[ASCII 67]
[ASCII 67]
[ASCII 67]
[ASCII 67]
[ASCII 67]
[ASCII 67]
[ASCII 67]
[ASCII 67]
V8d5JJPu0wmwhwrz6O4
