413408879
[ASCII 110]
abW5pEA
[ASCII 122]
547kbqAUf3vSNs4j05
u3myKvw
[ASCII 104]
7xG6iSSq7EU3W8ea
m7kRQA
92u228jAPk54YPcgde
323168957
323168957
323168957
323168957
323168957
323168957
323168957
323168957
323168957
323168957
323168957
323168957
323168957
323168957
323168957
323168957
323168957
323168957
323168957
323168957
323168957
323168957
323168957
323168957
323168957
323168957
323168957
323168957
323168957
323168957
323168957
323168957
323168957
323168957
323168957
323168957
323168957
323168957
323168957
323168957
323168957
323168957
323168957
323168957
323168957
323168957
323168957
323168957
323168957
323168957
323168957
323168957
323168957
323168957
323168957
323168957
323168957
323168957
323168957
323168957
323168957
323168957
323168957
323168957
323168957
323168957
323168957
323168957
323168957
323168957
323168957
323168957
323168957
323168957
323168957
323168957
323168957
323168957
323168957
323168957
323168957
[ASCII 69]
O9AnqM8
O9AnqM8
O9AnqM8
O9AnqM8
O9AnqM8
O9AnqM8
O9AnqM8
O9AnqM8
O9AnqM8
O9AnqM8
O9AnqM8
O9AnqM8
O9AnqM8
O9AnqM8
O9AnqM8
O9AnqM8
O9AnqM8
O9AnqM8
O9AnqM8
O9AnqM8
O9AnqM8
O9AnqM8
O9AnqM8
O9AnqM8
O9AnqM8
O9AnqM8
O9AnqM8
O9AnqM8
O9AnqM8
O9AnqM8
O9AnqM8
O9AnqM8
O9AnqM8
O9AnqM8
O9AnqM8
O9AnqM8
O9AnqM8
O9AnqM8
O9AnqM8
O9AnqM8
O9AnqM8
O9AnqM8
O9AnqM8
O9AnqM8
O9AnqM8
O9AnqM8
O9AnqM8
O9AnqM8
[ASCII 106]
815155436
815155436
815155436
815155436
815155436
815155436
815155436
815155436
815155436
815155436
815155436
815155436
815155436
815155436
815155436
815155436
815155436
815155436
815155436
815155436
815155436
815155436
815155436
815155436
815155436
815155436
815155436
815155436
815155436
815155436
815155436
815155436
815155436
815155436
815155436
815155436
815155436
815155436
815155436
815155436
815155436
815155436
815155436
815155436
815155436
815155436
815155436
815155436
815155436
815155436
815155436
815155436
815155436
815155436
815155436
815155436
815155436
815155436
815155436
815155436
815155436
815155436
815155436
815155436
815155436
815155436
815155436
815155436
815155436
815155436
815155436
815155436
3gVbVY6AWpBF6HR6Y0
14s6870wGldq4E33
jNxELgeeu57Bi6zx9
[ASCII 109]
[ASCII 106]
Ae8cMdZM4yeXUjqwXg49
XrlyTvj4f65G2xekW
79lFo
[ASCII -21]
fb92I3vkOuEd1kck6G
P64Yx2IEYOPQAHt6XfH1
N49Bvtk2Q23gsHyCCFAK
[ASCII 48]
k9zjHQ
[ASCII 82]
C3D1t1Welbd6T0O5y
TmypQ2
6L1r44x853O3GLGglk2
Mv9sl
V75z0qrea9u2OGyBp5
[ASCII 49]
Ud7GMvT
[ASCII 48]
M9oh2lJ6LdC74Q62
M9oh2lJ6LdC74Q62
M9oh2lJ6LdC74Q62
M9oh2lJ6LdC74Q62
M9oh2lJ6LdC74Q62
M9oh2lJ6LdC74Q62
M9oh2lJ6LdC74Q62
M9oh2lJ6LdC74Q62
M9oh2lJ6LdC74Q62
M9oh2lJ6LdC74Q62
M9oh2lJ6LdC74Q62
M9oh2lJ6LdC74Q62
M9oh2lJ6LdC74Q62
M9oh2lJ6LdC74Q62
M9oh2lJ6LdC74Q62
M9oh2lJ6LdC74Q62
M9oh2lJ6LdC74Q62
M9oh2lJ6LdC74Q62
M9oh2lJ6LdC74Q62
M9oh2lJ6LdC74Q62
M9oh2lJ6LdC74Q62
M9oh2lJ6LdC74Q62
M9oh2lJ6LdC74Q62
M9oh2lJ6LdC74Q62
M9oh2lJ6LdC74Q62
M9oh2lJ6LdC74Q62
M9oh2lJ6LdC74Q62
M9oh2lJ6LdC74Q62
M9oh2lJ6LdC74Q62
M9oh2lJ6LdC74Q62
M9oh2lJ6LdC74Q62
M9oh2lJ6LdC74Q62
M9oh2lJ6LdC74Q62
M9oh2lJ6LdC74Q62
M9oh2lJ6LdC74Q62
M9oh2lJ6LdC74Q62
M9oh2lJ6LdC74Q62
M9oh2lJ6LdC74Q62
M9oh2lJ6LdC74Q62
M9oh2lJ6LdC74Q62
M9oh2lJ6LdC74Q62
M9oh2lJ6LdC74Q62
M9oh2lJ6LdC74Q62
M9oh2lJ6LdC74Q62
M9oh2lJ6LdC74Q62
M9oh2lJ6LdC74Q62
M9oh2lJ6LdC74Q62
M9oh2lJ6LdC74Q62
M9oh2lJ6LdC74Q62
3Z0kmYUhLj201k3d23
3Z0kmYUhLj201k3d23
3Z0kmYUhLj201k3d23
3Z0kmYUhLj201k3d23
3Z0kmYUhLj201k3d23
3Z0kmYUhLj201k3d23
3Z0kmYUhLj201k3d23
3Z0kmYUhLj201k3d23
3Z0kmYUhLj201k3d23
3Z0kmYUhLj201k3d23
3Z0kmYUhLj201k3d23
3Z0kmYUhLj201k3d23
3Z0kmYUhLj201k3d23
3Z0kmYUhLj201k3d23
3Z0kmYUhLj201k3d23
3Z0kmYUhLj201k3d23
3Z0kmYUhLj201k3d23
3Z0kmYUhLj201k3d23
3Z0kmYUhLj201k3d23
3Z0kmYUhLj201k3d23
3Z0kmYUhLj201k3d23
3Z0kmYUhLj201k3d23
3Z0kmYUhLj201k3d23
3Z0kmYUhLj201k3d23
3Z0kmYUhLj201k3d23
3Z0kmYUhLj201k3d23
3Z0kmYUhLj201k3d23
3Z0kmYUhLj201k3d23
3Z0kmYUhLj201k3d23
3Z0kmYUhLj201k3d23
3Z0kmYUhLj201k3d23
3Z0kmYUhLj201k3d23
3Z0kmYUhLj201k3d23
3Z0kmYUhLj201k3d23
3Z0kmYUhLj201k3d23
3Z0kmYUhLj201k3d23
3Z0kmYUhLj201k3d23
3Z0kmYUhLj201k3d23
3Z0kmYUhLj201k3d23
3Z0kmYUhLj201k3d23
3Z0kmYUhLj201k3d23
3Z0kmYUhLj201k3d23
3Z0kmYUhLj201k3d23
3Z0kmYUhLj201k3d23
3Z0kmYUhLj201k3d23
3Z0kmYUhLj201k3d23
3Z0kmYUhLj201k3d23
3Z0kmYUhLj201k3d23
3Z0kmYUhLj201k3d23
3Z0kmYUhLj201k3d23
3Z0kmYUhLj201k3d23
3Z0kmYUhLj201k3d23
3Z0kmYUhLj201k3d23
3Z0kmYUhLj201k3d23
3Z0kmYUhLj201k3d23
3Z0kmYUhLj201k3d23
3Z0kmYUhLj201k3d23
3Z0kmYUhLj201k3d23
3Z0kmYUhLj201k3d23
3Z0kmYUhLj201k3d23
3Z0kmYUhLj201k3d23
3Z0kmYUhLj201k3d23
3Z0kmYUhLj201k3d23
Z8MMLQ9W38Qo2E8lG4
hKrLJ84Eh21W847fAZ
foBSy550k2wg49mN88
[ASCII 63]
zNlpdV6W178F25bP2SH5
e4Y02R77y86QmKrmhkC
103636850
3u6CDxh3er0nS45YDw
[ASCII 56]
seK429p
Jwi61huXnL56BN03YM7
234701113
l24iTu3
wI5GaLq
wI5GaLq
wI5GaLq
wI5GaLq
wI5GaLq
wI5GaLq
wI5GaLq
wI5GaLq
wI5GaLq
wI5GaLq
wI5GaLq
wI5GaLq
wI5GaLq
wI5GaLq
wI5GaLq
wI5GaLq
wI5GaLq
wI5GaLq
wI5GaLq
wI5GaLq
wI5GaLq
wI5GaLq
wI5GaLq
wI5GaLq
wI5GaLq
wI5GaLq
wI5GaLq
wI5GaLq
wI5GaLq
wI5GaLq
wI5GaLq
wI5GaLq
wI5GaLq
wI5GaLq
wI5GaLq
wI5GaLq
wI5GaLq
wI5GaLq
wI5GaLq
wI5GaLq
wI5GaLq
wI5GaLq
wI5GaLq
wI5GaLq
wI5GaLq
wI5GaLq
wI5GaLq
wI5GaLq
wI5GaLq
wI5GaLq
wI5GaLq
wI5GaLq
wI5GaLq
wI5GaLq
wI5GaLq
wI5GaLq
wI5GaLq
wI5GaLq
wI5GaLq
wI5GaLq
wI5GaLq
wI5GaLq
wI5GaLq
wI5GaLq
wI5GaLq
wI5GaLq
wI5GaLq
wI5GaLq
wI5GaLq
wI5GaLq
wI5GaLq
wI5GaLq
wI5GaLq
wI5GaLq
wI5GaLq
wI5GaLq
wI5GaLq
wI5GaLq
wI5GaLq
wI5GaLq
wI5GaLq
wI5GaLq
wI5GaLq
wI5GaLq
wI5GaLq
wI5GaLq
wI5GaLq
wI5GaLq
wI5GaLq
wI5GaLq
wI5GaLq
wI5GaLq
wI5GaLq
wI5GaLq
wI5GaLq
wI5GaLq
224699393
G52iXP5t9Ev5hkw9q8b
HS2s2jo9gGzijQ4
HS2s2jo9gGzijQ4
HS2s2jo9gGzijQ4
HS2s2jo9gGzijQ4
HS2s2jo9gGzijQ4
HS2s2jo9gGzijQ4
HS2s2jo9gGzijQ4
HS2s2jo9gGzijQ4
HS2s2jo9gGzijQ4
HS2s2jo9gGzijQ4
HS2s2jo9gGzijQ4
HS2s2jo9gGzijQ4
HS2s2jo9gGzijQ4
HS2s2jo9gGzijQ4
HS2s2jo9gGzijQ4
HS2s2jo9gGzijQ4
HS2s2jo9gGzijQ4
HS2s2jo9gGzijQ4
HS2s2jo9gGzijQ4
HS2s2jo9gGzijQ4
HS2s2jo9gGzijQ4
HS2s2jo9gGzijQ4
HS2s2jo9gGzijQ4
HS2s2jo9gGzijQ4
HS2s2jo9gGzijQ4
HS2s2jo9gGzijQ4
HS2s2jo9gGzijQ4
HS2s2jo9gGzijQ4
HS2s2jo9gGzijQ4
HS2s2jo9gGzijQ4
HS2s2jo9gGzijQ4
HS2s2jo9gGzijQ4
HS2s2jo9gGzijQ4
HS2s2jo9gGzijQ4
HS2s2jo9gGzijQ4
HS2s2jo9gGzijQ4
HS2s2jo9gGzijQ4
HS2s2jo9gGzijQ4
HS2s2jo9gGzijQ4
HS2s2jo9gGzijQ4
HS2s2jo9gGzijQ4
HS2s2jo9gGzijQ4
HS2s2jo9gGzijQ4
HS2s2jo9gGzijQ4
HS2s2jo9gGzijQ4
HS2s2jo9gGzijQ4
wXkno
462cjBNPM1z0YD88OD7
abW5pEAabW5pEA
[ASCII 105]
oIa2zO60li2H8xiRSh1
mHD8eeAPszaS8pJv
234701113
aaB790cNbZExK8E7S4y
[ASCII 105]
1833284505
qYyCv9
wI5GaLq
1950455939
yUSnHA2117T26j5bM
[ASCII 101]
777wIgA1m4O0m621i4z
777wIgA1m4O0m621i4z
777wIgA1m4O0m621i4z
777wIgA1m4O0m621i4z
777wIgA1m4O0m621i4z
777wIgA1m4O0m621i4z
777wIgA1m4O0m621i4z
777wIgA1m4O0m621i4z
777wIgA1m4O0m621i4z
777wIgA1m4O0m621i4z
777wIgA1m4O0m621i4z
777wIgA1m4O0m621i4z
777wIgA1m4O0m621i4z
777wIgA1m4O0m621i4z
777wIgA1m4O0m621i4z
777wIgA1m4O0m621i4z
777wIgA1m4O0m621i4z
777wIgA1m4O0m621i4z
777wIgA1m4O0m621i4z
777wIgA1m4O0m621i4z
777wIgA1m4O0m621i4z
777wIgA1m4O0m621i4z
777wIgA1m4O0m621i4z
777wIgA1m4O0m621i4z
777wIgA1m4O0m621i4z
777wIgA1m4O0m621i4z
777wIgA1m4O0m621i4z
777wIgA1m4O0m621i4z
777wIgA1m4O0m621i4z
777wIgA1m4O0m621i4z
777wIgA1m4O0m621i4z
777wIgA1m4O0m621i4z
777wIgA1m4O0m621i4z
777wIgA1m4O0m621i4z
777wIgA1m4O0m621i4z
777wIgA1m4O0m621i4z
777wIgA1m4O0m621i4z
777wIgA1m4O0m621i4z
777wIgA1m4O0m621i4z
777wIgA1m4O0m621i4z
777wIgA1m4O0m621i4z
777wIgA1m4O0m621i4z
777wIgA1m4O0m621i4z
777wIgA1m4O0m621i4z
777wIgA1m4O0m621i4z
777wIgA1m4O0m621i4z
777wIgA1m4O0m621i4z
777wIgA1m4O0m621i4z
777wIgA1m4O0m621i4z
777wIgA1m4O0m621i4z
777wIgA1m4O0m621i4z
777wIgA1m4O0m621i4z
777wIgA1m4O0m621i4z
777wIgA1m4O0m621i4z
777wIgA1m4O0m621i4z
777wIgA1m4O0m621i4z
777wIgA1m4O0m621i4z
777wIgA1m4O0m621i4z
777wIgA1m4O0m621i4z
777wIgA1m4O0m621i4z
777wIgA1m4O0m621i4z
777wIgA1m4O0m621i4z
777wIgA1m4O0m621i4z
777wIgA1m4O0m621i4z
777wIgA1m4O0m621i4z
777wIgA1m4O0m621i4z
777wIgA1m4O0m621i4z
777wIgA1m4O0m621i4z
777wIgA1m4O0m621i4z
777wIgA1m4O0m621i4z
777wIgA1m4O0m621i4z
777wIgA1m4O0m621i4z
777wIgA1m4O0m621i4z
777wIgA1m4O0m621i4z
777wIgA1m4O0m621i4z
777wIgA1m4O0m621i4z
777wIgA1m4O0m621i4z
777wIgA1m4O0m621i4z
777wIgA1m4O0m621i4z
777wIgA1m4O0m621i4z
777wIgA1m4O0m621i4z
777wIgA1m4O0m621i4z
777wIgA1m4O0m621i4z
777wIgA1m4O0m621i4z
777wIgA1m4O0m621i4z
777wIgA1m4O0m621i4z
777wIgA1m4O0m621i4z
777wIgA1m4O0m621i4z
777wIgA1m4O0m621i4z
777wIgA1m4O0m621i4z
777wIgA1m4O0m621i4z
777wIgA1m4O0m621i4z
777wIgA1m4O0m621i4z
777wIgA1m4O0m621i4z
777wIgA1m4O0m621i4z
[ASCII 73]
[ASCII 73]
[ASCII 73]
[ASCII 73]
[ASCII 73]
[ASCII 73]
[ASCII 73]
[ASCII 73]
[ASCII 73]
[ASCII 73]
[ASCII 73]
[ASCII 73]
[ASCII 73]
[ASCII 73]
[ASCII 73]
[ASCII 73]
[ASCII 73]
[ASCII 73]
[ASCII 73]
[ASCII 73]
[ASCII 73]
[ASCII 73]
[ASCII 73]
[ASCII 73]
[ASCII 73]
[ASCII 73]
[ASCII 73]
[ASCII 73]
[ASCII 73]
[ASCII 73]
[ASCII 73]
[ASCII 73]
[ASCII 73]
[ASCII 73]
[ASCII 73]
[ASCII 73]
[ASCII 73]
[ASCII 73]
[ASCII 73]
[ASCII 73]
[ASCII 73]
[ASCII 73]
[ASCII 73]
[ASCII 73]
[ASCII 73]
[ASCII 73]
[ASCII 73]
[ASCII 73]
[ASCII 73]
[ASCII 73]
[ASCII 73]
[ASCII 73]
[ASCII 73]
[ASCII 73]
[ASCII 73]
[ASCII 73]
[ASCII 73]
[ASCII 73]
[ASCII 73]
[ASCII 73]
[ASCII 73]
[ASCII 73]
[ASCII 73]
[ASCII 73]
[ASCII 73]
[ASCII 73]
[ASCII 73]
[ASCII 73]
[ASCII 73]
[ASCII 73]
[ASCII 73]
[ASCII 73]
[ASCII 73]
[ASCII 73]
[ASCII 73]
[ASCII 73]
[ASCII 100]
[ASCII 121]
8GO1TmC5NsG6IyBfRR
YemLd9p
721143387
P1t69adls5kU4npZuHO
P1t69adls5kU4npZuHO
P1t69adls5kU4npZuHO
P1t69adls5kU4npZuHO
P1t69adls5kU4npZuHO
P1t69adls5kU4npZuHO
P1t69adls5kU4npZuHO
P1t69adls5kU4npZuHO
P1t69adls5kU4npZuHO
P1t69adls5kU4npZuHO
P1t69adls5kU4npZuHO
P1t69adls5kU4npZuHO
P1t69adls5kU4npZuHO
P1t69adls5kU4npZuHO
P1t69adls5kU4npZuHO
P1t69adls5kU4npZuHO
P1t69adls5kU4npZuHO
P1t69adls5kU4npZuHO
P1t69adls5kU4npZuHO
P1t69adls5kU4npZuHO
P1t69adls5kU4npZuHO
1069821159
[ASCII 65]
PdZ99hsKL9cWWn8r3fd
wanW68
[ASCII 67]
2zkuje1aK9FX79D6TvV4
4xyxBT6LoX10NMk418MC
fDvxQkDLNHkazBHJi
2PUItq6d2Xj8664k30w
tyKQr7lZB8o2NNpcLB7
[ASCII 98]
[ASCII 67]
[ASCII 67]
[ASCII 67]
[ASCII 67]
[ASCII 67]
[ASCII 67]
[ASCII 67]
[ASCII 67]
[ASCII 67]
[ASCII 67]
[ASCII 67]
[ASCII 67]
[ASCII 67]
[ASCII 67]
[ASCII 67]
[ASCII 67]
[ASCII 67]
[ASCII 67]
[ASCII 67]
[ASCII 67]
[ASCII 67]
[ASCII 67]
[ASCII 67]
[ASCII 67]
[ASCII 67]
[ASCII 67]
[ASCII 67]
[ASCII 67]
[ASCII 67]
[ASCII 67]
[ASCII 67]
[ASCII 67]
[ASCII 67]
[ASCII 67]
[ASCII 67]
[ASCII 67]
[ASCII 67]
[ASCII 67]
[ASCII 67]
[ASCII 67]
[ASCII 67]
[ASCII 67]
[ASCII 67]
[ASCII 67]
[ASCII 67]
[ASCII 67]
[ASCII 67]
[ASCII 67]
[ASCII 67]
[ASCII 67]
[ASCII 67]
[ASCII 67]
[ASCII 67]
[ASCII 67]
[ASCII 67]
[ASCII 67]
[ASCII 67]
[ASCII 67]
[ASCII 67]
[ASCII 67]
[ASCII 67]
[ASCII 67]
[ASCII 67]
[ASCII 67]
[ASCII 67]
[ASCII 67]
[ASCII 67]
[ASCII 67]
[ASCII 67]
[ASCII 67]
[ASCII 67]
[ASCII 67]
[ASCII 67]
[ASCII 67]
XgMfhtL
1514172645
1514172645
1514172645
1514172645
1514172645
1514172645
1514172645
1514172645
1514172645
1514172645
1514172645
1514172645
1514172645
1514172645
1514172645
1514172645
1514172645
1514172645
1514172645
1514172645
1514172645
1514172645
1514172645
1514172645
1514172645
1514172645
1514172645
1514172645
1514172645
1514172645
1514172645
1514172645
1514172645
1514172645
1514172645
1514172645
1514172645
1514172645
1514172645
1514172645
1514172645
2118b9zqHPTKTBHJs3
[ASCII 87]
[ASCII 87]
[ASCII 87]
[ASCII 87]
[ASCII 87]
[ASCII 87]
[ASCII 87]
[ASCII 87]
[ASCII 87]
[ASCII 87]
[ASCII 87]
[ASCII 87]
[ASCII 87]
[ASCII 87]
[ASCII 87]
[ASCII 87]
[ASCII 87]
[ASCII 87]
[ASCII 87]
[ASCII 87]
[ASCII 87]
[ASCII 87]
[ASCII 87]
[ASCII 87]
[ASCII 87]
[ASCII 87]
[ASCII 87]
[ASCII 87]
[ASCII 87]
[ASCII 87]
[ASCII 90]
[ASCII 87]
[ASCII 112]
1qCTiI55I8fhLo055
1qCTiI55I8fhLo055
1qCTiI55I8fhLo055
1qCTiI55I8fhLo055
1qCTiI55I8fhLo055
1qCTiI55I8fhLo055
1qCTiI55I8fhLo055
1qCTiI55I8fhLo055
1qCTiI55I8fhLo055
1qCTiI55I8fhLo055
1qCTiI55I8fhLo055
1qCTiI55I8fhLo055
1qCTiI55I8fhLo055
1qCTiI55I8fhLo055
1qCTiI55I8fhLo055
1qCTiI55I8fhLo055
1qCTiI55I8fhLo055
1qCTiI55I8fhLo055
1qCTiI55I8fhLo055
1qCTiI55I8fhLo055
1qCTiI55I8fhLo055
1qCTiI55I8fhLo055
1qCTiI55I8fhLo055
1qCTiI55I8fhLo055
1qCTiI55I8fhLo055
1qCTiI55I8fhLo055
1qCTiI55I8fhLo055
1qCTiI55I8fhLo055
ee58y5S21192TWPFlP
[ASCII 104]
ZnHFgozJUZZiGoZWp
-1096969482
cuMBRpi1Sw1s6O7
UbR9rQhu34O4B
v8hse1gW5r43403HxJ
v8hse1gW5r43403HxJ
v8hse1gW5r43403HxJ
v8hse1gW5r43403HxJ
v8hse1gW5r43403HxJ
v8hse1gW5r43403HxJ
v8hse1gW5r43403HxJ
v8hse1gW5r43403HxJ
v8hse1gW5r43403HxJ
v8hse1gW5r43403HxJ
v8hse1gW5r43403HxJ
v8hse1gW5r43403HxJ
v8hse1gW5r43403HxJ
v8hse1gW5r43403HxJ
v8hse1gW5r43403HxJ
v8hse1gW5r43403HxJ
v8hse1gW5r43403HxJ
v8hse1gW5r43403HxJ
v8hse1gW5r43403HxJ
v8hse1gW5r43403HxJ
v8hse1gW5r43403HxJ
v8hse1gW5r43403HxJ
v8hse1gW5r43403HxJ
v8hse1gW5r43403HxJ
v8hse1gW5r43403HxJ
v8hse1gW5r43403HxJ
v8hse1gW5r43403HxJ
v8hse1gW5r43403HxJ
v8hse1gW5r43403HxJ
v8hse1gW5r43403HxJ
v8hse1gW5r43403HxJ
v8hse1gW5r43403HxJ
v8hse1gW5r43403HxJ
v8hse1gW5r43403HxJ
v8hse1gW5r43403HxJ
v8hse1gW5r43403HxJ
v8hse1gW5r43403HxJ
v8hse1gW5r43403HxJ
v8hse1gW5r43403HxJ
v8hse1gW5r43403HxJ
v8hse1gW5r43403HxJ
v8hse1gW5r43403HxJ
v8hse1gW5r43403HxJ
v8hse1gW5r43403HxJ
v8hse1gW5r43403HxJ
v8hse1gW5r43403HxJ
2z2r2t6cUTxsCv3Bhkn
