kpal6ShTVx64754kr92
s68Js
vm3V8Zb3yj8hdR061
s68Js
cIn3f756QGWs3h3yv6
cIn3f756QGWs3h3yv6
cIn3f756QGWs3h3yv6
cIn3f756QGWs3h3yv6
cIn3f756QGWs3h3yv6
cIn3f756QGWs3h3yv6
cIn3f756QGWs3h3yv6
cIn3f756QGWs3h3yv6
cIn3f756QGWs3h3yv6
cIn3f756QGWs3h3yv6
cIn3f756QGWs3h3yv6
cIn3f756QGWs3h3yv6
cIn3f756QGWs3h3yv6
cIn3f756QGWs3h3yv6
cIn3f756QGWs3h3yv6
cIn3f756QGWs3h3yv6
cIn3f756QGWs3h3yv6
cIn3f756QGWs3h3yv6
cIn3f756QGWs3h3yv6
cIn3f756QGWs3h3yv6
cIn3f756QGWs3h3yv6
cIn3f756QGWs3h3yv6
cIn3f756QGWs3h3yv6
cIn3f756QGWs3h3yv6
cIn3f756QGWs3h3yv6
cIn3f756QGWs3h3yv6
cIn3f756QGWs3h3yv6
cIn3f756QGWs3h3yv6
cIn3f756QGWs3h3yv6
cIn3f756QGWs3h3yv6
cIn3f756QGWs3h3yv6
cIn3f756QGWs3h3yv6
cIn3f756QGWs3h3yv6
cIn3f756QGWs3h3yv6
cIn3f756QGWs3h3yv6
cIn3f756QGWs3h3yv6
cIn3f756QGWs3h3yv6
cIn3f756QGWs3h3yv6
cIn3f756QGWs3h3yv6
cIn3f756QGWs3h3yv6
cIn3f756QGWs3h3yv6
cIn3f756QGWs3h3yv6
cIn3f756QGWs3h3yv6
cIn3f756QGWs3h3yv6
cIn3f756QGWs3h3yv6
cIn3f756QGWs3h3yv6
cIn3f756QGWs3h3yv6
cIn3f756QGWs3h3yv6
cIn3f756QGWs3h3yv6
cIn3f756QGWs3h3yv6
cIn3f756QGWs3h3yv6
cIn3f756QGWs3h3yv6
cIn3f756QGWs3h3yv6
cIn3f756QGWs3h3yv6
cIn3f756QGWs3h3yv6
cIn3f756QGWs3h3yv6
cIn3f756QGWs3h3yv6
cIn3f756QGWs3h3yv6
cIn3f756QGWs3h3yv6
cIn3f756QGWs3h3yv6
cIn3f756QGWs3h3yv6
cIn3f756QGWs3h3yv6
cIn3f756QGWs3h3yv6
cIn3f756QGWs3h3yv6
cIn3f756QGWs3h3yv6
cIn3f756QGWs3h3yv6
cIn3f756QGWs3h3yv6
cIn3f756QGWs3h3yv6
cIn3f756QGWs3h3yv6
cIn3f756QGWs3h3yv6
cIn3f756QGWs3h3yv6
cIn3f756QGWs3h3yv6
cIn3f756QGWs3h3yv6
cIn3f756QGWs3h3yv6
cIn3f756QGWs3h3yv6
cIn3f756QGWs3h3yv6
cIn3f756QGWs3h3yv6
cIn3f756QGWs3h3yv6
cIn3f756QGWs3h3yv6
cIn3f756QGWs3h3yv6
cIn3f756QGWs3h3yv6
cIn3f756QGWs3h3yv6
[ASCII -93]
1866090539
1866090539
1866090539
1866090539
1866090539
1866090539
1866090539
1866090539
1866090539
1866090539
1866090539
1866090539
1866090539
1866090539
1866090539
1866090539
1866090539
1866090539
1866090539
1866090539
1866090539
1866090539
1866090539
1866090539
1866090539
1866090539
1866090539
1866090539
1866090539
1866090539
1866090539
1866090539
1866090539
1866090539
1866090539
1866090539
1866090539
1866090539
1866090539
1866090539
1866090539
1866090539
1866090539
1866090539
1866090539
1866090539
1866090539
1866090539
1866090539
1866090539
1866090539
1866090539
1866090539
1866090539
1866090539
1866090539
1866090539
1866090539
1866090539
1866090539
1866090539
1866090539
1866090539
1866090539
1866090539
1866090539
1866090539
1866090539
1866090539
[ASCII 82]
1456562471
5ny8SSUR4drDT0ddBKd
5ny8SSUR4drDT0ddBKd
5ny8SSUR4drDT0ddBKd
5ny8SSUR4drDT0ddBKd
5ny8SSUR4drDT0ddBKd
5ny8SSUR4drDT0ddBKd
5ny8SSUR4drDT0ddBKd
5ny8SSUR4drDT0ddBKd
5ny8SSUR4drDT0ddBKd
5ny8SSUR4drDT0ddBKd
5ny8SSUR4drDT0ddBKd
5ny8SSUR4drDT0ddBKd
5ny8SSUR4drDT0ddBKd
5ny8SSUR4drDT0ddBKd
5ny8SSUR4drDT0ddBKd
5ny8SSUR4drDT0ddBKd
5ny8SSUR4drDT0ddBKd
5ny8SSUR4drDT0ddBKd
5ny8SSUR4drDT0ddBKd
5ny8SSUR4drDT0ddBKd
5ny8SSUR4drDT0ddBKd
5ny8SSUR4drDT0ddBKd
5ny8SSUR4drDT0ddBKd
5ny8SSUR4drDT0ddBKd
5ny8SSUR4drDT0ddBKd
5ny8SSUR4drDT0ddBKd
5ny8SSUR4drDT0ddBKd
5ny8SSUR4drDT0ddBKd
5ny8SSUR4drDT0ddBKd
5ny8SSUR4drDT0ddBKd
5ny8SSUR4drDT0ddBKd
5ny8SSUR4drDT0ddBKd
5ny8SSUR4drDT0ddBKd
5ny8SSUR4drDT0ddBKd
5ny8SSUR4drDT0ddBKd
5ny8SSUR4drDT0ddBKd
5ny8SSUR4drDT0ddBKd
5ny8SSUR4drDT0ddBKd
5ny8SSUR4drDT0ddBKd
5ny8SSUR4drDT0ddBKd
5ny8SSUR4drDT0ddBKd
1q4sOLto7P57X9FQO722
1q4sOLto7P57X9FQO722
1q4sOLto7P57X9FQO722
1q4sOLto7P57X9FQO722
1q4sOLto7P57X9FQO722
1q4sOLto7P57X9FQO722
1q4sOLto7P57X9FQO722
1q4sOLto7P57X9FQO722
1q4sOLto7P57X9FQO722
1q4sOLto7P57X9FQO722
1q4sOLto7P57X9FQO722
1q4sOLto7P57X9FQO722
1q4sOLto7P57X9FQO722
1q4sOLto7P57X9FQO722
1q4sOLto7P57X9FQO722
1q4sOLto7P57X9FQO722
1q4sOLto7P57X9FQO722
1q4sOLto7P57X9FQO722
1q4sOLto7P57X9FQO722
1q4sOLto7P57X9FQO722
1q4sOLto7P57X9FQO722
1q4sOLto7P57X9FQO722
1q4sOLto7P57X9FQO722
1q4sOLto7P57X9FQO722
1q4sOLto7P57X9FQO722
1q4sOLto7P57X9FQO722
1q4sOLto7P57X9FQO722
1q4sOLto7P57X9FQO722
1q4sOLto7P57X9FQO722
1q4sOLto7P57X9FQO722
1q4sOLto7P57X9FQO722
1q4sOLto7P57X9FQO722
1q4sOLto7P57X9FQO722
1q4sOLto7P57X9FQO722
1q4sOLto7P57X9FQO722
1q4sOLto7P57X9FQO722
1q4sOLto7P57X9FQO722
1q4sOLto7P57X9FQO722
1q4sOLto7P57X9FQO722
1q4sOLto7P57X9FQO722
1q4sOLto7P57X9FQO722
1q4sOLto7P57X9FQO722
1q4sOLto7P57X9FQO722
1q4sOLto7P57X9FQO722
1q4sOLto7P57X9FQO722
1q4sOLto7P57X9FQO722
1q4sOLto7P57X9FQO722
1q4sOLto7P57X9FQO722
1q4sOLto7P57X9FQO722
1q4sOLto7P57X9FQO722
1q4sOLto7P57X9FQO722
1q4sOLto7P57X9FQO722
1q4sOLto7P57X9FQO722
1q4sOLto7P57X9FQO722
1q4sOLto7P57X9FQO722
1q4sOLto7P57X9FQO722
1q4sOLto7P57X9FQO722
1q4sOLto7P57X9FQO722
1q4sOLto7P57X9FQO722
1q4sOLto7P57X9FQO722
1q4sOLto7P57X9FQO722
1q4sOLto7P57X9FQO722
1q4sOLto7P57X9FQO722
1q4sOLto7P57X9FQO722
1q4sOLto7P57X9FQO722
1q4sOLto7P57X9FQO722
1q4sOLto7P57X9FQO722
1q4sOLto7P57X9FQO722
1q4sOLto7P57X9FQO722
1q4sOLto7P57X9FQO722
1q4sOLto7P57X9FQO722
1q4sOLto7P57X9FQO722
1q4sOLto7P57X9FQO722
1q4sOLto7P57X9FQO722
V7q02WhaSFFUtlPD
0wO0H86D01lYids
4Yt00o5JP670g6ofcjOBg
9Sj7eK76MucSwAk
9Sj7eK76MucSwAk
9Sj7eK76MucSwAk
9Sj7eK76MucSwAk
9Sj7eK76MucSwAk
9Sj7eK76MucSwAk
9Sj7eK76MucSwAk
9Sj7eK76MucSwAk
9Sj7eK76MucSwAk
9Sj7eK76MucSwAk
9Sj7eK76MucSwAk
9Sj7eK76MucSwAk
9Sj7eK76MucSwAk
9Sj7eK76MucSwAk
9Sj7eK76MucSwAk
9Sj7eK76MucSwAk
9Sj7eK76MucSwAk
9Sj7eK76MucSwAk
9Sj7eK76MucSwAk
9Sj7eK76MucSwAk
9Sj7eK76MucSwAk
9Sj7eK76MucSwAk
9Sj7eK76MucSwAk
9Sj7eK76MucSwAk
9Sj7eK76MucSwAk
9Sj7eK76MucSwAk
9Sj7eK76MucSwAk
9Sj7eK76MucSwAk
9Sj7eK76MucSwAk
9Sj7eK76MucSwAk
9Sj7eK76MucSwAk
9Sj7eK76MucSwAk
9Sj7eK76MucSwAk
9Sj7eK76MucSwAk
9Sj7eK76MucSwAk
9Sj7eK76MucSwAk
9a8v2CJ93F3
[ASCII 109]
hy609QtKQsptvYn9
9a8v2CJ93F3
738812520
4Uc86nhS3v86nmoLSj9
MqY3T5I636z5VD6l8082
X6XixBu9DuC2jY9kzO4
X6XixBu9DuC2jY9kzO4
X6XixBu9DuC2jY9kzO4
X6XixBu9DuC2jY9kzO4
X6XixBu9DuC2jY9kzO4
X6XixBu9DuC2jY9kzO4
X6XixBu9DuC2jY9kzO4
X6XixBu9DuC2jY9kzO4
X6XixBu9DuC2jY9kzO4
X6XixBu9DuC2jY9kzO4
X6XixBu9DuC2jY9kzO4
X6XixBu9DuC2jY9kzO4
X6XixBu9DuC2jY9kzO4
X6XixBu9DuC2jY9kzO4
X6XixBu9DuC2jY9kzO4
X6XixBu9DuC2jY9kzO4
X6XixBu9DuC2jY9kzO4
X6XixBu9DuC2jY9kzO4
X6XixBu9DuC2jY9kzO4
X6XixBu9DuC2jY9kzO4
X6XixBu9DuC2jY9kzO4
X6XixBu9DuC2jY9kzO4
X6XixBu9DuC2jY9kzO4
X6XixBu9DuC2jY9kzO4
X6XixBu9DuC2jY9kzO4
X6XixBu9DuC2jY9kzO4
X6XixBu9DuC2jY9kzO4
X6XixBu9DuC2jY9kzO4
X6XixBu9DuC2jY9kzO4
X6XixBu9DuC2jY9kzO4
X6XixBu9DuC2jY9kzO4
X6XixBu9DuC2jY9kzO4
X6XixBu9DuC2jY9kzO4
X6XixBu9DuC2jY9kzO4
X6XixBu9DuC2jY9kzO4
X6XixBu9DuC2jY9kzO4
X6XixBu9DuC2jY9kzO4
X6XixBu9DuC2jY9kzO4
X6XixBu9DuC2jY9kzO4
X6XixBu9DuC2jY9kzO4
X6XixBu9DuC2jY9kzO4
X6XixBu9DuC2jY9kzO4
X6XixBu9DuC2jY9kzO4
X6XixBu9DuC2jY9kzO4
X6XixBu9DuC2jY9kzO4
X6XixBu9DuC2jY9kzO4
X6XixBu9DuC2jY9kzO4
X6XixBu9DuC2jY9kzO4
X6XixBu9DuC2jY9kzO4
X6XixBu9DuC2jY9kzO4
X6XixBu9DuC2jY9kzO4
X6XixBu9DuC2jY9kzO4
X6XixBu9DuC2jY9kzO4
X6XixBu9DuC2jY9kzO4
X6XixBu9DuC2jY9kzO4
X6XixBu9DuC2jY9kzO4
X6XixBu9DuC2jY9kzO4
X6XixBu9DuC2jY9kzO4
X6XixBu9DuC2jY9kzO4
X6XixBu9DuC2jY9kzO4
X6XixBu9DuC2jY9kzO4
X6XixBu9DuC2jY9kzO4
X6XixBu9DuC2jY9kzO4
X6XixBu9DuC2jY9kzO4
X6XixBu9DuC2jY9kzO4
X6XixBu9DuC2jY9kzO4
X6XixBu9DuC2jY9kzO4
X6XixBu9DuC2jY9kzO4
X6XixBu9DuC2jY9kzO4
X6XixBu9DuC2jY9kzO4
X6XixBu9DuC2jY9kzO4
X6XixBu9DuC2jY9kzO4
X6XixBu9DuC2jY9kzO4
X6XixBu9DuC2jY9kzO4
X6XixBu9DuC2jY9kzO4
X6XixBu9DuC2jY9kzO4
X6XixBu9DuC2jY9kzO4
X6XixBu9DuC2jY9kzO4
X6XixBu9DuC2jY9kzO4
X6XixBu9DuC2jY9kzO4
X6XixBu9DuC2jY9kzO4
X6XixBu9DuC2jY9kzO4
X6XixBu9DuC2jY9kzO4
34z3M43F1HB3Uwtczd
J4E078FQ67HTwIAr7
JGexWAyak8fzpF27L7C
[ASCII 11]
NLl0SPp7lj3
[ASCII 113]
ubUY615c22C8rDTUoK
7r67B3DZ02b8gXR60
NLl0SPp7lj3
424165432
fe5wr
cK44qm2Xg147hst6
7Kmu0i82w6UOcY4Y
168453597
GkZo94xb2n1ML1qm
kPj6FdhKReW6qmx02F91
kPj6FdhKReW6qmx02F91
kPj6FdhKReW6qmx02F91
kPj6FdhKReW6qmx02F91
kPj6FdhKReW6qmx02F91
kPj6FdhKReW6qmx02F91
kPj6FdhKReW6qmx02F91
kPj6FdhKReW6qmx02F91
kPj6FdhKReW6qmx02F91
kPj6FdhKReW6qmx02F91
kPj6FdhKReW6qmx02F91
kPj6FdhKReW6qmx02F91
kPj6FdhKReW6qmx02F91
kPj6FdhKReW6qmx02F91
kPj6FdhKReW6qmx02F91
kPj6FdhKReW6qmx02F91
kPj6FdhKReW6qmx02F91
kPj6FdhKReW6qmx02F91
kPj6FdhKReW6qmx02F91
kPj6FdhKReW6qmx02F91
kPj6FdhKReW6qmx02F91
kPj6FdhKReW6qmx02F91
kPj6FdhKReW6qmx02F91
kPj6FdhKReW6qmx02F91
kPj6FdhKReW6qmx02F91
kPj6FdhKReW6qmx02F91
kPj6FdhKReW6qmx02F91
kPj6FdhKReW6qmx02F91
kPj6FdhKReW6qmx02F91
kPj6FdhKReW6qmx02F91
kPj6FdhKReW6qmx02F91
kPj6FdhKReW6qmx02F91
kPj6FdhKReW6qmx02F91
kPj6FdhKReW6qmx02F91
kPj6FdhKReW6qmx02F91
kPj6FdhKReW6qmx02F91
kPj6FdhKReW6qmx02F91
kPj6FdhKReW6qmx02F91
kPj6FdhKReW6qmx02F91
kPj6FdhKReW6qmx02F91
kPj6FdhKReW6qmx02F91
kPj6FdhKReW6qmx02F91
kPj6FdhKReW6qmx02F91
kPj6FdhKReW6qmx02F91
kPj6FdhKReW6qmx02F91
kPj6FdhKReW6qmx02F91
kPj6FdhKReW6qmx02F91
kPj6FdhKReW6qmx02F91
kPj6FdhKReW6qmx02F91
kPj6FdhKReW6qmx02F91
kPj6FdhKReW6qmx02F91
kPj6FdhKReW6qmx02F91
kPj6FdhKReW6qmx02F91
kPj6FdhKReW6qmx02F91
kPj6FdhKReW6qmx02F91
kPj6FdhKReW6qmx02F91
kPj6FdhKReW6qmx02F91
kPj6FdhKReW6qmx02F91
kPj6FdhKReW6qmx02F91
kPj6FdhKReW6qmx02F91
kPj6FdhKReW6qmx02F91
kPj6FdhKReW6qmx02F91
kPj6FdhKReW6qmx02F91
kPj6FdhKReW6qmx02F91
kPj6FdhKReW6qmx02F91
kPj6FdhKReW6qmx02F91
kPj6FdhKReW6qmx02F91
kPj6FdhKReW6qmx02F91
kPj6FdhKReW6qmx02F91
kPj6FdhKReW6qmx02F91
kPj6FdhKReW6qmx02F91
kPj6FdhKReW6qmx02F91
kPj6FdhKReW6qmx02F91
kPj6FdhKReW6qmx02F91
kPj6FdhKReW6qmx02F91
kPj6FdhKReW6qmx02F91
kPj6FdhKReW6qmx02F91
kPj6FdhKReW6qmx02F91
a44XXrblkW896DZq
LCU66iQ3lewTVvgC92
5083770
[ASCII 108]
7D19D80
FSA25a1S1LPVKBel66
[ASCII 50]
586WRs1YpOB8aSlyrv1a
oi6yI
oi6yI
oi6yI
oi6yI
oi6yI
oi6yI
oi6yI
oi6yI
oi6yI
oi6yI
oi6yI
oi6yI
oi6yI
oi6yI
oi6yI
oi6yI
oi6yI
oi6yI
oi6yI
oi6yI
oi6yI
oi6yI
oi6yI
oi6yI
oi6yI
oi6yI
oi6yI
oi6yI
oi6yI
oi6yI
oi6yI
oi6yI
oi6yI
oi6yI
oi6yI
oi6yI
oi6yI
oi6yI
oi6yI
oi6yI
oi6yI
oi6yI
oi6yI
oi6yI
oi6yI
oi6yI
oi6yI
oi6yI
oi6yI
oi6yI
oi6yI
oi6yI
oi6yI
oi6yI
oi6yI
oi6yI
oi6yI
oi6yI
oi6yI
oi6yI
oi6yI
oi6yI
oi6yI
oi6yI
oi6yI
oi6yI
oi6yI
oi6yI
oi6yI
vK840tsh96XT1h33ZU
idEn29DRI3icSd25T320
iHO8SmzmMrG0DE63X6
wiE9kDqydp1X5YU640
x6UJ4Xt96lHP6jF8f5C
PenjgideqyapA48R5
PenjgideqyapA48R5
PenjgideqyapA48R5
PenjgideqyapA48R5
PenjgideqyapA48R5
PenjgideqyapA48R5
PenjgideqyapA48R5
PenjgideqyapA48R5
PenjgideqyapA48R5
PenjgideqyapA48R5
PenjgideqyapA48R5
PenjgideqyapA48R5
PenjgideqyapA48R5
PenjgideqyapA48R5
PenjgideqyapA48R5
PenjgideqyapA48R5
PenjgideqyapA48R5
PenjgideqyapA48R5
PenjgideqyapA48R5
PenjgideqyapA48R5
PenjgideqyapA48R5
PenjgideqyapA48R5
PenjgideqyapA48R5
PenjgideqyapA48R5
PenjgideqyapA48R5
PenjgideqyapA48R5
PenjgideqyapA48R5
PenjgideqyapA48R5
PenjgideqyapA48R5
PenjgideqyapA48R5
PenjgideqyapA48R5
PenjgideqyapA48R5
PenjgideqyapA48R5
PenjgideqyapA48R5
PenjgideqyapA48R5
PenjgideqyapA48R5
PenjgideqyapA48R5
PenjgideqyapA48R5
PenjgideqyapA48R5
PenjgideqyapA48R5
PenjgideqyapA48R5
PenjgideqyapA48R5
PenjgideqyapA48R5
PenjgideqyapA48R5
PenjgideqyapA48R5
PenjgideqyapA48R5
PenjgideqyapA48R5
PenjgideqyapA48R5
PenjgideqyapA48R5
PenjgideqyapA48R5
PenjgideqyapA48R5
PenjgideqyapA48R5
PenjgideqyapA48R5
PenjgideqyapA48R5
PenjgideqyapA48R5
PenjgideqyapA48R5
PenjgideqyapA48R5
1VGZHU5ZO665IQbjCYU1
1995140326
z8UJG0KVpY9Edny
8fnW9Sjz5zd8P2rs
415BwI99PWYZAX9Ukw
[ASCII 53]
817oJ9PQkiu7Ewp948
U41KoDRul31D02HKi
WoLsMdDJI2Fp62ksIF9
WoLsMdDJI2Fp62ksIF9
WoLsMdDJI2Fp62ksIF9
WoLsMdDJI2Fp62ksIF9
WoLsMdDJI2Fp62ksIF9
WoLsMdDJI2Fp62ksIF9
WoLsMdDJI2Fp62ksIF9
WoLsMdDJI2Fp62ksIF9
WoLsMdDJI2Fp62ksIF9
WoLsMdDJI2Fp62ksIF9
WoLsMdDJI2Fp62ksIF9
WoLsMdDJI2Fp62ksIF9
WoLsMdDJI2Fp62ksIF9
WoLsMdDJI2Fp62ksIF9
WoLsMdDJI2Fp62ksIF9
WoLsMdDJI2Fp62ksIF9
WoLsMdDJI2Fp62ksIF9
WoLsMdDJI2Fp62ksIF9
WoLsMdDJI2Fp62ksIF9
WoLsMdDJI2Fp62ksIF9
WoLsMdDJI2Fp62ksIF9
WoLsMdDJI2Fp62ksIF9
WoLsMdDJI2Fp62ksIF9
WoLsMdDJI2Fp62ksIF9
WoLsMdDJI2Fp62ksIF9
WoLsMdDJI2Fp62ksIF9
WoLsMdDJI2Fp62ksIF9
WoLsMdDJI2Fp62ksIF9
WoLsMdDJI2Fp62ksIF9
WoLsMdDJI2Fp62ksIF9
WoLsMdDJI2Fp62ksIF9
WoLsMdDJI2Fp62ksIF9
WoLsMdDJI2Fp62ksIF9
WoLsMdDJI2Fp62ksIF9
WoLsMdDJI2Fp62ksIF9
WoLsMdDJI2Fp62ksIF9
WoLsMdDJI2Fp62ksIF9
WoLsMdDJI2Fp62ksIF9
WoLsMdDJI2Fp62ksIF9
WoLsMdDJI2Fp62ksIF9
WoLsMdDJI2Fp62ksIF9
WoLsMdDJI2Fp62ksIF9
WoLsMdDJI2Fp62ksIF9
WoLsMdDJI2Fp62ksIF9
WoLsMdDJI2Fp62ksIF9
WoLsMdDJI2Fp62ksIF9
WoLsMdDJI2Fp62ksIF9
WoLsMdDJI2Fp62ksIF9
WoLsMdDJI2Fp62ksIF9
WoLsMdDJI2Fp62ksIF9
WoLsMdDJI2Fp62ksIF9
WoLsMdDJI2Fp62ksIF9
WoLsMdDJI2Fp62ksIF9
WoLsMdDJI2Fp62ksIF9
WoLsMdDJI2Fp62ksIF9
WoLsMdDJI2Fp62ksIF9
WoLsMdDJI2Fp62ksIF9
WoLsMdDJI2Fp62ksIF9
WoLsMdDJI2Fp62ksIF9
WoLsMdDJI2Fp62ksIF9
WoLsMdDJI2Fp62ksIF9
WoLsMdDJI2Fp62ksIF9
WoLsMdDJI2Fp62ksIF9
WoLsMdDJI2Fp62ksIF9
WoLsMdDJI2Fp62ksIF9
WoLsMdDJI2Fp62ksIF9
WoLsMdDJI2Fp62ksIF9
WoLsMdDJI2Fp62ksIF9
WoLsMdDJI2Fp62ksIF9
WoLsMdDJI2Fp62ksIF9
WoLsMdDJI2Fp62ksIF9
WoLsMdDJI2Fp62ksIF9
WoLsMdDJI2Fp62ksIF9
WoLsMdDJI2Fp62ksIF9
WoLsMdDJI2Fp62ksIF9
WoLsMdDJI2Fp62ksIF9
WoLsMdDJI2Fp62ksIF9
WoLsMdDJI2Fp62ksIF9
WoLsMdDJI2Fp62ksIF9
WoLsMdDJI2Fp62ksIF9
WoLsMdDJI2Fp62ksIF9
WoLsMdDJI2Fp62ksIF9
WoLsMdDJI2Fp62ksIF9
WoLsMdDJI2Fp62ksIF9
WoLsMdDJI2Fp62ksIF9
WoLsMdDJI2Fp62ksIF9
WoLsMdDJI2Fp62ksIF9
WoLsMdDJI2Fp62ksIF9
WoLsMdDJI2Fp62ksIF9
WoLsMdDJI2Fp62ksIF9
WoLsMdDJI2Fp62ksIF9
WoLsMdDJI2Fp62ksIF9
WoLsMdDJI2Fp62ksIF9
804848951
6W99rw2ed6qFl1w1VQ0
yqeiCd
267608607
ghdb520m4Ge5N00aB172
ghdb520m4Ge5N00aB172
ghdb520m4Ge5N00aB172
ghdb520m4Ge5N00aB172
ghdb520m4Ge5N00aB172
ghdb520m4Ge5N00aB172
ghdb520m4Ge5N00aB172
ghdb520m4Ge5N00aB172
ghdb520m4Ge5N00aB172
ghdb520m4Ge5N00aB172
ghdb520m4Ge5N00aB172
ghdb520m4Ge5N00aB172
ghdb520m4Ge5N00aB172
ghdb520m4Ge5N00aB172
ghdb520m4Ge5N00aB172
ghdb520m4Ge5N00aB172
ghdb520m4Ge5N00aB172
ghdb520m4Ge5N00aB172
xE607R3
8atu0op22oJNrL4J8q6
803797050
pt0d4sj
-920716809
t12D3j81NQ185qPeH4S7g
t12D3j81NQ185qPeH4S7g
t12D3j81NQ185qPeH4S7g
t12D3j81NQ185qPeH4S7g
t12D3j81NQ185qPeH4S7g
t12D3j81NQ185qPeH4S7g
t12D3j81NQ185qPeH4S7g
t12D3j81NQ185qPeH4S7g
t12D3j81NQ185qPeH4S7g
t12D3j81NQ185qPeH4S7g
t12D3j81NQ185qPeH4S7g
t12D3j81NQ185qPeH4S7g
t12D3j81NQ185qPeH4S7g
t12D3j81NQ185qPeH4S7g
t12D3j81NQ185qPeH4S7g
t12D3j81NQ185qPeH4S7g
t12D3j81NQ185qPeH4S7g
t12D3j81NQ185qPeH4S7g
t12D3j81NQ185qPeH4S7g
t12D3j81NQ185qPeH4S7g
t12D3j81NQ185qPeH4S7g
t12D3j81NQ185qPeH4S7g
t12D3j81NQ185qPeH4S7g
t12D3j81NQ185qPeH4S7g
t12D3j81NQ185qPeH4S7g
t12D3j81NQ185qPeH4S7g
t12D3j81NQ185qPeH4S7g
t12D3j81NQ185qPeH4S7g
t12D3j81NQ185qPeH4S7g
t12D3j81NQ185qPeH4S7g
t12D3j81NQ185qPeH4S7g
t12D3j81NQ185qPeH4S7g
t12D3j81NQ185qPeH4S7g
t12D3j81NQ185qPeH4S7g
t12D3j81NQ185qPeH4S7g
t12D3j81NQ185qPeH4S7g
t12D3j81NQ185qPeH4S7g
t12D3j81NQ185qPeH4S7g
t12D3j81NQ185qPeH4S7g
t12D3j81NQ185qPeH4S7g
t12D3j81NQ185qPeH4S7g
t12D3j81NQ185qPeH4S7g
t12D3j81NQ185qPeH4S7g
t12D3j81NQ185qPeH4S7g
t12D3j81NQ185qPeH4S7g
t12D3j81NQ185qPeH4S7g
t12D3j81NQ185qPeH4S7g
t12D3j81NQ185qPeH4S7g
t12D3j81NQ185qPeH4S7g
t12D3j81NQ185qPeH4S7g
t12D3j81NQ185qPeH4S7g
t12D3j81NQ185qPeH4S7g
t12D3j81NQ185qPeH4S7g
t12D3j81NQ185qPeH4S7g
t12D3j81NQ185qPeH4S7g
t12D3j81NQ185qPeH4S7g
t12D3j81NQ185qPeH4S7g
t12D3j81NQ185qPeH4S7g
t12D3j81NQ185qPeH4S7g
t12D3j81NQ185qPeH4S7g
t12D3j81NQ185qPeH4S7g
t12D3j81NQ185qPeH4S7g
t12D3j81NQ185qPeH4S7g
t12D3j81NQ185qPeH4S7g
t12D3j81NQ185qPeH4S7g
t12D3j81NQ185qPeH4S7g
t12D3j81NQ185qPeH4S7g
t12D3j81NQ185qPeH4S7g
t12D3j81NQ185qPeH4S7g
t12D3j81NQ185qPeH4S7g
t12D3j81NQ185qPeH4S7g
t12D3j81NQ185qPeH4S7g
t12D3j81NQ185qPeH4S7g
t12D3j81NQ185qPeH4S7g
t12D3j81NQ185qPeH4S7g
t12D3j81NQ185qPeH4S7g
t12D3j81NQ185qPeH4S7g
t12D3j81NQ185qPeH4S7g
t12D3j81NQ185qPeH4S7g
t12D3j81NQ185qPeH4S7g
t12D3j81NQ185qPeH4S7g
t12D3j81NQ185qPeH4S7g
t12D3j81NQ185qPeH4S7g
t12D3j81NQ185qPeH4S7g
t12D3j81NQ185qPeH4S7g
t12D3j81NQ185qPeH4S7g
t12D3j81NQ185qPeH4S7g
t12D3j81NQ185qPeH4S7g
t12D3j81NQ185qPeH4S7g
t12D3j81NQ185qPeH4S7g
t12D3j81NQ185qPeH4S7g
t12D3j81NQ185qPeH4S7g
t12D3j81NQ185qPeH4S7g
mn90LmSOKjma4Etb5P
1QvNR066M93b87Vv4
igRpNK6
[ASCII 73]
53F9ZKTeIa2b2I0c48
6159pj2RJCWdXq3VF7M
9KbSFOj
9KbSFOj
9KbSFOj
9KbSFOj
9KbSFOj
9KbSFOj
9KbSFOj
9KbSFOj
9KbSFOj
9KbSFOj
9KbSFOj
9KbSFOj
9KbSFOj
9KbSFOj
9KbSFOj
9KbSFOj
9KbSFOj
9KbSFOj
9KbSFOj
9KbSFOj
9KbSFOj
9KbSFOj
9KbSFOj
9KbSFOj
9KbSFOj
9KbSFOj
854066537
D253usenI2D0yN4r
SZZz24IU63eNOXEt3S1rE
XqAVg1zsl6Z8vf6E51M
6K9wJ2Ex2U0zMm01XNI1
G0VtyHH6ulkPvq
1391121143
k298Kn59C87342a
4RJl8tH
4RJl8tH
4RJl8tH
4RJl8tH
4RJl8tH
4RJl8tH
4RJl8tH
4RJl8tH
4RJl8tH
4RJl8tH
4RJl8tH
4RJl8tH
4RJl8tH
4RJl8tH
4RJl8tH
4RJl8tH
4RJl8tH
4RJl8tH
4RJl8tH
4RJl8tH
4RJl8tH
4RJl8tH
4RJl8tH
4RJl8tH
4RJl8tH
4RJl8tH
4RJl8tH
4RJl8tH
4RJl8tH
4RJl8tH
4RJl8tH
4RJl8tH
4RJl8tH
4RJl8tH
4RJl8tH
4RJl8tH
4RJl8tH
4RJl8tH
4RJl8tH
4RJl8tH
4RJl8tH
4RJl8tH
4RJl8tH
4RJl8tH
4RJl8tH
4RJl8tH
4RJl8tH
4RJl8tH
4RJl8tH
4RJl8tH
1024774034
xypF9RB
ih7KjaVCyv6IcK4462
64Q190Lcyqo9v04Eow
64Q190Lcyqo9v04Eow
64Q190Lcyqo9v04Eow
64Q190Lcyqo9v04Eow
64Q190Lcyqo9v04Eow
64Q190Lcyqo9v04Eow
64Q190Lcyqo9v04Eow
64Q190Lcyqo9v04Eow
64Q190Lcyqo9v04Eow
64Q190Lcyqo9v04Eow
64Q190Lcyqo9v04Eow
64Q190Lcyqo9v04Eow
64Q190Lcyqo9v04Eow
64Q190Lcyqo9v04Eow
64Q190Lcyqo9v04Eow
64Q190Lcyqo9v04Eow
64Q190Lcyqo9v04Eow
64Q190Lcyqo9v04Eow
64Q190Lcyqo9v04Eow
64Q190Lcyqo9v04Eow
64Q190Lcyqo9v04Eow
64Q190Lcyqo9v04Eow
64Q190Lcyqo9v04Eow
64Q190Lcyqo9v04Eow
64Q190Lcyqo9v04Eow
64Q190Lcyqo9v04Eow
64Q190Lcyqo9v04Eow
64Q190Lcyqo9v04Eow
64Q190Lcyqo9v04Eow
64Q190Lcyqo9v04Eow
64Q190Lcyqo9v04Eow
64Q190Lcyqo9v04Eow
64Q190Lcyqo9v04Eow
64Q190Lcyqo9v04Eow
64Q190Lcyqo9v04Eow
64Q190Lcyqo9v04Eow
64Q190Lcyqo9v04Eow
64Q190Lcyqo9v04Eow
64Q190Lcyqo9v04Eow
64Q190Lcyqo9v04Eow
64Q190Lcyqo9v04Eow
64Q190Lcyqo9v04Eow
64Q190Lcyqo9v04Eow
64Q190Lcyqo9v04Eow
64Q190Lcyqo9v04Eow
64Q190Lcyqo9v04Eow
64Q190Lcyqo9v04Eow
64Q190Lcyqo9v04Eow
64Q190Lcyqo9v04Eow
64Q190Lcyqo9v04Eow
64Q190Lcyqo9v04Eow
64Q190Lcyqo9v04Eow
64Q190Lcyqo9v04Eow
64Q190Lcyqo9v04Eow
64Q190Lcyqo9v04Eow
64Q190Lcyqo9v04Eow
64Q190Lcyqo9v04Eow
64Q190Lcyqo9v04Eow
64Q190Lcyqo9v04Eow
64Q190Lcyqo9v04Eow
1564236857
b2gHSV3xU21efp0dkj
znJ6N803rQTL6D397q
znJ6N803rQTL6D397q
znJ6N803rQTL6D397q
znJ6N803rQTL6D397q
znJ6N803rQTL6D397q
znJ6N803rQTL6D397q
znJ6N803rQTL6D397q
znJ6N803rQTL6D397q
znJ6N803rQTL6D397q
znJ6N803rQTL6D397q
znJ6N803rQTL6D397q
znJ6N803rQTL6D397q
znJ6N803rQTL6D397q
znJ6N803rQTL6D397q
znJ6N803rQTL6D397q
znJ6N803rQTL6D397q
znJ6N803rQTL6D397q
znJ6N803rQTL6D397q
znJ6N803rQTL6D397q
znJ6N803rQTL6D397q
znJ6N803rQTL6D397q
znJ6N803rQTL6D397q
znJ6N803rQTL6D397q
znJ6N803rQTL6D397q
znJ6N803rQTL6D397q
znJ6N803rQTL6D397q
znJ6N803rQTL6D397q
znJ6N803rQTL6D397q
znJ6N803rQTL6D397q
znJ6N803rQTL6D397q
znJ6N803rQTL6D397q
znJ6N803rQTL6D397q
znJ6N803rQTL6D397q
znJ6N803rQTL6D397q
znJ6N803rQTL6D397q
znJ6N803rQTL6D397q
znJ6N803rQTL6D397q
znJ6N803rQTL6D397q
znJ6N803rQTL6D397q
znJ6N803rQTL6D397q
znJ6N803rQTL6D397q
znJ6N803rQTL6D397q
znJ6N803rQTL6D397q
znJ6N803rQTL6D397q
znJ6N803rQTL6D397q
znJ6N803rQTL6D397q
znJ6N803rQTL6D397q
znJ6N803rQTL6D397q
znJ6N803rQTL6D397q
znJ6N803rQTL6D397q
znJ6N803rQTL6D397q
znJ6N803rQTL6D397q
znJ6N803rQTL6D397q
znJ6N803rQTL6D397q
znJ6N803rQTL6D397q
znJ6N803rQTL6D397q
znJ6N803rQTL6D397q
znJ6N803rQTL6D397q
znJ6N803rQTL6D397q
znJ6N803rQTL6D397q
znJ6N803rQTL6D397q
znJ6N803rQTL6D397q
znJ6N803rQTL6D397q
znJ6N803rQTL6D397q
znJ6N803rQTL6D397q
znJ6N803rQTL6D397q
znJ6N803rQTL6D397q
znJ6N803rQTL6D397q
znJ6N803rQTL6D397q
znJ6N803rQTL6D397q
znJ6N803rQTL6D397q
znJ6N803rQTL6D397q
znJ6N803rQTL6D397q
znJ6N803rQTL6D397q
znJ6N803rQTL6D397q
znJ6N803rQTL6D397q
znJ6N803rQTL6D397q
znJ6N803rQTL6D397q
znJ6N803rQTL6D397q
AeWCp
m2GgPIQptH8X6sAtB1
Y438fRP9cQC2Vjex5
C22yG5cw3Sn8t80el
j9IRaY6VQLhcUd0
7A94azd4EvqrAsRo
ZPIM4I4da50Fh4y8Ng1
[ASCII 50]
[ASCII 50]
[ASCII 50]
[ASCII 50]
[ASCII 50]
[ASCII 50]
[ASCII 50]
[ASCII 50]
[ASCII 50]
[ASCII 50]
[ASCII 50]
[ASCII 50]
[ASCII 50]
[ASCII 50]
[ASCII 50]
[ASCII 50]
[ASCII 50]
[ASCII 50]
[ASCII 50]
[ASCII 50]
wQx3J0RX7vX17Mi5Z
Qu7C99VF66mwaZ3zNr
629996931
629996931
629996931
629996931
629996931
629996931
629996931
629996931
629996931
629996931
629996931
629996931
629996931
629996931
629996931
629996931
629996931
629996931
629996931
629996931
629996931
629996931
629996931
629996931
629996931
Bnpymrbgs5V15MtRBKY
Bnpymrbgs5V15MtRBKY
Bnpymrbgs5V15MtRBKY
Bnpymrbgs5V15MtRBKY
Bnpymrbgs5V15MtRBKY
Bnpymrbgs5V15MtRBKY
Bnpymrbgs5V15MtRBKY
Bnpymrbgs5V15MtRBKY
Bnpymrbgs5V15MtRBKY
Bnpymrbgs5V15MtRBKY
Bnpymrbgs5V15MtRBKY
Bnpymrbgs5V15MtRBKY
Bnpymrbgs5V15MtRBKY
Bnpymrbgs5V15MtRBKY
Bnpymrbgs5V15MtRBKY
Bnpymrbgs5V15MtRBKY
Bnpymrbgs5V15MtRBKY
Bnpymrbgs5V15MtRBKY
Bnpymrbgs5V15MtRBKY
Bnpymrbgs5V15MtRBKY
Bnpymrbgs5V15MtRBKY
Bnpymrbgs5V15MtRBKY
Bnpymrbgs5V15MtRBKY
Bnpymrbgs5V15MtRBKY
Bnpymrbgs5V15MtRBKY
Bnpymrbgs5V15MtRBKY
Bnpymrbgs5V15MtRBKY
Bnpymrbgs5V15MtRBKY
Bnpymrbgs5V15MtRBKY
Bnpymrbgs5V15MtRBKY
Bnpymrbgs5V15MtRBKY
Bnpymrbgs5V15MtRBKY
Bnpymrbgs5V15MtRBKY
Bnpymrbgs5V15MtRBKY
Bnpymrbgs5V15MtRBKY
Bnpymrbgs5V15MtRBKY
Bnpymrbgs5V15MtRBKY
Bnpymrbgs5V15MtRBKY
Bnpymrbgs5V15MtRBKY
Bnpymrbgs5V15MtRBKY
Bnpymrbgs5V15MtRBKY
Bnpymrbgs5V15MtRBKY
Bnpymrbgs5V15MtRBKY
Bnpymrbgs5V15MtRBKY
Bnpymrbgs5V15MtRBKY
Bnpymrbgs5V15MtRBKY
Bnpymrbgs5V15MtRBKY
Bnpymrbgs5V15MtRBKY
Bnpymrbgs5V15MtRBKY
Bnpymrbgs5V15MtRBKY
Bnpymrbgs5V15MtRBKY
Bnpymrbgs5V15MtRBKY
Bnpymrbgs5V15MtRBKY
Bnpymrbgs5V15MtRBKY
Bnpymrbgs5V15MtRBKY
Bnpymrbgs5V15MtRBKY
Bnpymrbgs5V15MtRBKY
Bnpymrbgs5V15MtRBKY
Bnpymrbgs5V15MtRBKY
Bnpymrbgs5V15MtRBKY
Bnpymrbgs5V15MtRBKY
Bnpymrbgs5V15MtRBKY
Bnpymrbgs5V15MtRBKY
Bnpymrbgs5V15MtRBKY
Bnpymrbgs5V15MtRBKY
Bnpymrbgs5V15MtRBKY
Bnpymrbgs5V15MtRBKY
Bnpymrbgs5V15MtRBKY
Bnpymrbgs5V15MtRBKY
Bnpymrbgs5V15MtRBKY
Bnpymrbgs5V15MtRBKY
Bnpymrbgs5V15MtRBKY
Bnpymrbgs5V15MtRBKY
Bnpymrbgs5V15MtRBKY
Bnpymrbgs5V15MtRBKY
Bnpymrbgs5V15MtRBKY
Bnpymrbgs5V15MtRBKY
Bnpymrbgs5V15MtRBKY
Bnpymrbgs5V15MtRBKY
Bnpymrbgs5V15MtRBKY
1ik2fgv2TDVZFW1vt5
1ik2fgv2TDVZFW1vt5
1ik2fgv2TDVZFW1vt5
1ik2fgv2TDVZFW1vt5
1ik2fgv2TDVZFW1vt5
1ik2fgv2TDVZFW1vt5
1ik2fgv2TDVZFW1vt5
1ik2fgv2TDVZFW1vt5
1ik2fgv2TDVZFW1vt5
1ik2fgv2TDVZFW1vt5
1ik2fgv2TDVZFW1vt5
1ik2fgv2TDVZFW1vt5
1ik2fgv2TDVZFW1vt5
1ik2fgv2TDVZFW1vt5
1ik2fgv2TDVZFW1vt5
1ik2fgv2TDVZFW1vt5
1ik2fgv2TDVZFW1vt5
1ik2fgv2TDVZFW1vt5
1ik2fgv2TDVZFW1vt5
1ik2fgv2TDVZFW1vt5
1ik2fgv2TDVZFW1vt5
1ik2fgv2TDVZFW1vt5
1ik2fgv2TDVZFW1vt5
1ik2fgv2TDVZFW1vt5
1ik2fgv2TDVZFW1vt5
1ik2fgv2TDVZFW1vt5
1ik2fgv2TDVZFW1vt5
1ik2fgv2TDVZFW1vt5
1ik2fgv2TDVZFW1vt5
1ik2fgv2TDVZFW1vt5
1ik2fgv2TDVZFW1vt5
1ik2fgv2TDVZFW1vt5
1ik2fgv2TDVZFW1vt5
1ik2fgv2TDVZFW1vt5
1ik2fgv2TDVZFW1vt5
1ik2fgv2TDVZFW1vt5
1ik2fgv2TDVZFW1vt5
1ik2fgv2TDVZFW1vt5
1ik2fgv2TDVZFW1vt5
1ik2fgv2TDVZFW1vt5
1ik2fgv2TDVZFW1vt5
1ik2fgv2TDVZFW1vt5
1ik2fgv2TDVZFW1vt5
1ik2fgv2TDVZFW1vt5
1ik2fgv2TDVZFW1vt5
1ik2fgv2TDVZFW1vt5
1ik2fgv2TDVZFW1vt5
1ik2fgv2TDVZFW1vt5
1ik2fgv2TDVZFW1vt5
1ik2fgv2TDVZFW1vt5
1ik2fgv2TDVZFW1vt5
1ik2fgv2TDVZFW1vt5
1ik2fgv2TDVZFW1vt5
1ik2fgv2TDVZFW1vt5
1ik2fgv2TDVZFW1vt5
1ik2fgv2TDVZFW1vt5
1ik2fgv2TDVZFW1vt5
1ik2fgv2TDVZFW1vt5
1ik2fgv2TDVZFW1vt5
1ik2fgv2TDVZFW1vt5
1ik2fgv2TDVZFW1vt5
1ik2fgv2TDVZFW1vt5
1ik2fgv2TDVZFW1vt5
1ik2fgv2TDVZFW1vt5
6B3Jg9Dm735Yk8G0I8
N6gYE
Hl0xYzpFR350eHf15
Hl0xYzpFR350eHf15
Hl0xYzpFR350eHf15
Hl0xYzpFR350eHf15
Hl0xYzpFR350eHf15
Hl0xYzpFR350eHf15
Hl0xYzpFR350eHf15
Hl0xYzpFR350eHf15
Hl0xYzpFR350eHf15
Hl0xYzpFR350eHf15
Hl0xYzpFR350eHf15
Hl0xYzpFR350eHf15
Hl0xYzpFR350eHf15
Hl0xYzpFR350eHf15
Hl0xYzpFR350eHf15
Hl0xYzpFR350eHf15
Hl0xYzpFR350eHf15
222Q77LrByg6Y753fx
xe45WS2tUj3nN3W2
xe45WS2tUj3nN3W2
xe45WS2tUj3nN3W2
xe45WS2tUj3nN3W2
xe45WS2tUj3nN3W2
xe45WS2tUj3nN3W2
xe45WS2tUj3nN3W2
xe45WS2tUj3nN3W2
xe45WS2tUj3nN3W2
xe45WS2tUj3nN3W2
xe45WS2tUj3nN3W2
xe45WS2tUj3nN3W2
xe45WS2tUj3nN3W2
xe45WS2tUj3nN3W2
xe45WS2tUj3nN3W2
xe45WS2tUj3nN3W2
xe45WS2tUj3nN3W2
xe45WS2tUj3nN3W2
xe45WS2tUj3nN3W2
xe45WS2tUj3nN3W2
xe45WS2tUj3nN3W2
xe45WS2tUj3nN3W2
xe45WS2tUj3nN3W2
xe45WS2tUj3nN3W2
xe45WS2tUj3nN3W2
xe45WS2tUj3nN3W2
xe45WS2tUj3nN3W2
xe45WS2tUj3nN3W2
xe45WS2tUj3nN3W2
xe45WS2tUj3nN3W2
xe45WS2tUj3nN3W2
xe45WS2tUj3nN3W2
xe45WS2tUj3nN3W2
xe45WS2tUj3nN3W2
xe45WS2tUj3nN3W2
xe45WS2tUj3nN3W2
xe45WS2tUj3nN3W2
xe45WS2tUj3nN3W2
xe45WS2tUj3nN3W2
xe45WS2tUj3nN3W2
xe45WS2tUj3nN3W2
xe45WS2tUj3nN3W2
xe45WS2tUj3nN3W2
xe45WS2tUj3nN3W2
xe45WS2tUj3nN3W2
xe45WS2tUj3nN3W2
xe45WS2tUj3nN3W2
xe45WS2tUj3nN3W2
xe45WS2tUj3nN3W2
xe45WS2tUj3nN3W2
xe45WS2tUj3nN3W2
xe45WS2tUj3nN3W2
xe45WS2tUj3nN3W2
xe45WS2tUj3nN3W2
xe45WS2tUj3nN3W2
xe45WS2tUj3nN3W2
xe45WS2tUj3nN3W2
xe45WS2tUj3nN3W2
xe45WS2tUj3nN3W2
oUF5OCtr8tsQ3m1ccXiA7
oUF5OCtr8tsQ3m1ccXiA7
oUF5OCtr8tsQ3m1ccXiA7
oUF5OCtr8tsQ3m1ccXiA7
oUF5OCtr8tsQ3m1ccXiA7
oUF5OCtr8tsQ3m1ccXiA7
oUF5OCtr8tsQ3m1ccXiA7
oUF5OCtr8tsQ3m1ccXiA7
oUF5OCtr8tsQ3m1ccXiA7
oUF5OCtr8tsQ3m1ccXiA7
oUF5OCtr8tsQ3m1ccXiA7
oUF5OCtr8tsQ3m1ccXiA7
oUF5OCtr8tsQ3m1ccXiA7
oUF5OCtr8tsQ3m1ccXiA7
oUF5OCtr8tsQ3m1ccXiA7
oUF5OCtr8tsQ3m1ccXiA7
oUF5OCtr8tsQ3m1ccXiA7
oUF5OCtr8tsQ3m1ccXiA7
oUF5OCtr8tsQ3m1ccXiA7
oUF5OCtr8tsQ3m1ccXiA7
oUF5OCtr8tsQ3m1ccXiA7
oUF5OCtr8tsQ3m1ccXiA7
oUF5OCtr8tsQ3m1ccXiA7
oUF5OCtr8tsQ3m1ccXiA7
oUF5OCtr8tsQ3m1ccXiA7
oUF5OCtr8tsQ3m1ccXiA7
oUF5OCtr8tsQ3m1ccXiA7
oUF5OCtr8tsQ3m1ccXiA7
oUF5OCtr8tsQ3m1ccXiA7
oUF5OCtr8tsQ3m1ccXiA7
oUF5OCtr8tsQ3m1ccXiA7
oUF5OCtr8tsQ3m1ccXiA7
oUF5OCtr8tsQ3m1ccXiA7
oUF5OCtr8tsQ3m1ccXiA7
oUF5OCtr8tsQ3m1ccXiA7
3vgC43M8sAjyA
[ASCII 81]
