0V9eQMLAPGgLu051
[ASCII 101]
1bSA6V25a8a8utxtZ3o
b50uvn
7rE9AAo7uGFcG5t91
27d60gz9MVlxWG85r
[ASCII 82]
[ASCII 82]
[ASCII 82]
[ASCII 82]
[ASCII 82]
[ASCII 82]
[ASCII 82]
[ASCII 82]
[ASCII 82]
[ASCII 82]
[ASCII 82]
[ASCII 82]
[ASCII 82]
Wz8HAkrll948f9szk
Wz8HAkrll948f9szk
Wz8HAkrll948f9szk
Wz8HAkrll948f9szk
Wz8HAkrll948f9szk
Wz8HAkrll948f9szk
Wz8HAkrll948f9szk
Wz8HAkrll948f9szk
Wz8HAkrll948f9szk
Wz8HAkrll948f9szk
Wz8HAkrll948f9szk
Wz8HAkrll948f9szk
Wz8HAkrll948f9szk
Wz8HAkrll948f9szk
Wz8HAkrll948f9szk
Wz8HAkrll948f9szk
Wz8HAkrll948f9szk
Wz8HAkrll948f9szk
Wz8HAkrll948f9szk
Wz8HAkrll948f9szk
Wz8HAkrll948f9szk
Wz8HAkrll948f9szk
1617319086
w52NFOtzZ0KK60El2lOw
1617319086
umTTMg26d8zZm73ESVp7
X7x2dUa0m0YGk8GZ11L
UNzGCq735S0oBb27N2
1459066186
[ASCII 117]
[ASCII 125]
349166935
x7Qk4p4GQaqzxDwV3pO
[ASCII 105]
[ASCII 105]
[ASCII 105]
[ASCII 105]
[ASCII 105]
[ASCII 105]
[ASCII 105]
[ASCII 105]
[ASCII 105]
[ASCII 105]
[ASCII 105]
[ASCII 105]
[ASCII 105]
[ASCII 105]
[ASCII 105]
[ASCII 105]
[ASCII 105]
[ASCII 105]
[ASCII 105]
[ASCII 105]
[ASCII 105]
[ASCII 105]
[ASCII 105]
[ASCII 105]
[ASCII 105]
[ASCII 105]
[ASCII 105]
[ASCII 105]
[ASCII 105]
[ASCII 105]
[ASCII 71]
6M9Aj
S8Uq5108j7x6Xqpa3L
4geb65W5aPDG6xyE
[ASCII 75]
1862912780
M9xPBoF590Q64gVx3
[ASCII 105]
-418410198
[ASCII 102]
1987476197
4zDV22400N7n69Dp8V7
81c72jjtfT39QjXDEo8X
-1487546438
19f6J
107556115
107556115
107556115
107556115
107556115
107556115
107556115
107556115
107556115
107556115
107556115
107556115
107556115
107556115
107556115
107556115
107556115
107556115
107556115
107556115
107556115
107556115
107556115
107556115
107556115
107556115
107556115
107556115
107556115
107556115
107556115
107556115
107556115
107556115
107556115
107556115
107556115
107556115
107556115
107556115
107556115
107556115
107556115
107556115
107556115
107556115
107556115
107556115
107556115
107556115
107556115
107556115
107556115
107556115
107556115
107556115
107556115
107556115
107556115
107556115
107556115
107556115
107556115
107556115
107556115
107556115
107556115
107556115
107556115
107556115
107556115
107556115
107556115
107556115
107556115
107556115
107556115
107556115
BZW2H29a4NUgpzrs1x
w0h7sZGn2ylgSe9Dt8
[ASCII 97]
rj8xbaJUQOuTsPUj3Hdj
yd49F73sRbEugNzX2VM4
[ASCII 89]
[ASCII 42]
1paRzuR1Ui1
mv6Kl99FVeBeIKv4DF
mv6Kl99FVeBeIKv4DF
mv6Kl99FVeBeIKv4DF
mv6Kl99FVeBeIKv4DF
mv6Kl99FVeBeIKv4DF
mv6Kl99FVeBeIKv4DF
mv6Kl99FVeBeIKv4DF
mv6Kl99FVeBeIKv4DF
mv6Kl99FVeBeIKv4DF
lEYyp
[ASCII 57]
[ASCII 57]
[ASCII 57]
[ASCII 57]
[ASCII 57]
[ASCII 57]
[ASCII 57]
[ASCII 57]
[ASCII 57]
[ASCII 57]
[ASCII 57]
[ASCII 57]
[ASCII 57]
[ASCII 57]
[ASCII 57]
[ASCII 57]
[ASCII 57]
[ASCII 57]
[ASCII 57]
[ASCII 57]
[ASCII 57]
[ASCII 57]
[ASCII 57]
[ASCII 57]
[ASCII 57]
[ASCII 57]
[ASCII 57]
[ASCII 57]
[ASCII 57]
[ASCII 57]
[ASCII 57]
[ASCII 57]
[ASCII 57]
[ASCII 57]
[ASCII 57]
[ASCII 57]
[ASCII 57]
[ASCII 57]
[ASCII 57]
[ASCII 57]
[ASCII 57]
[ASCII 57]
[ASCII 57]
[ASCII 57]
[ASCII 57]
[ASCII 57]
[ASCII 57]
[ASCII 57]
[ASCII 57]
[ASCII 57]
[ASCII 57]
[ASCII 57]
[ASCII 57]
[ASCII 57]
[ASCII 57]
[ASCII 57]
[ASCII 57]
[ASCII 57]
[ASCII 57]
[ASCII 57]
IAr7J19
[ASCII 46]
1346149216
[ASCII 88]
Nl85Dn02rY8XH3FU
lEYyp
lEYyp
lEYyp
lEYyp
lEYyp
lEYyp
lEYyp
lEYyp
lEYyp
lEYyp
lEYyp
lEYyp
d2t0K4NO8cBEV7yiJTs
[ASCII 74]
c43Sn39pZwUzJz1
[ASCII 116]
lwoAl29vXg4oK3Mwa4q
7o1314
7l4012Ne45K1fR7k11
7l4012Ne45K1fR7k11
7l4012Ne45K1fR7k11
7l4012Ne45K1fR7k11
7l4012Ne45K1fR7k11
7l4012Ne45K1fR7k11
7l4012Ne45K1fR7k11
7l4012Ne45K1fR7k11
7l4012Ne45K1fR7k11
7l4012Ne45K1fR7k11
7l4012Ne45K1fR7k11
7l4012Ne45K1fR7k11
7l4012Ne45K1fR7k11
7l4012Ne45K1fR7k11
7l4012Ne45K1fR7k11
7l4012Ne45K1fR7k11
7l4012Ne45K1fR7k11
7l4012Ne45K1fR7k11
7l4012Ne45K1fR7k11
7l4012Ne45K1fR7k11
7l4012Ne45K1fR7k11
7l4012Ne45K1fR7k11
7l4012Ne45K1fR7k11
7l4012Ne45K1fR7k11
7l4012Ne45K1fR7k11
7l4012Ne45K1fR7k11
7l4012Ne45K1fR7k11
7l4012Ne45K1fR7k11
7l4012Ne45K1fR7k11
7l4012Ne45K1fR7k11
7l4012Ne45K1fR7k11
7l4012Ne45K1fR7k11
7l4012Ne45K1fR7k11
7l4012Ne45K1fR7k11
7l4012Ne45K1fR7k11
7l4012Ne45K1fR7k11
7l4012Ne45K1fR7k11
7l4012Ne45K1fR7k11
7l4012Ne45K1fR7k11
7l4012Ne45K1fR7k11
7l4012Ne45K1fR7k11
7l4012Ne45K1fR7k11
7l4012Ne45K1fR7k11
7l4012Ne45K1fR7k11
7l4012Ne45K1fR7k11
7l4012Ne45K1fR7k11
7l4012Ne45K1fR7k11
7l4012Ne45K1fR7k11
7l4012Ne45K1fR7k11
7l4012Ne45K1fR7k11
7l4012Ne45K1fR7k11
7l4012Ne45K1fR7k11
7l4012Ne45K1fR7k11
7l4012Ne45K1fR7k11
7l4012Ne45K1fR7k11
7l4012Ne45K1fR7k11
7l4012Ne45K1fR7k11
7l4012Ne45K1fR7k11
7l4012Ne45K1fR7k11
7l4012Ne45K1fR7k11
7l4012Ne45K1fR7k11
7l4012Ne45K1fR7k11
7l4012Ne45K1fR7k11
7l4012Ne45K1fR7k11
7l4012Ne45K1fR7k11
7l4012Ne45K1fR7k11
7l4012Ne45K1fR7k11
7l4012Ne45K1fR7k11
7l4012Ne45K1fR7k11
7l4012Ne45K1fR7k11
7l4012Ne45K1fR7k11
7l4012Ne45K1fR7k11
7l4012Ne45K1fR7k11
7l4012Ne45K1fR7k11
7l4012Ne45K1fR7k11
7l4012Ne45K1fR7k11
7l4012Ne45K1fR7k11
7l4012Ne45K1fR7k11
7l4012Ne45K1fR7k11
7l4012Ne45K1fR7k11
pye3BetM2w3Lx557
zo1oIro
9OFCk1
9GxhUJ9rCwKJ9bm9E
[ASCII 67]
[ASCII 67]
[ASCII 67]
[ASCII 67]
[ASCII 67]
[ASCII 67]
[ASCII 67]
[ASCII 67]
-1892206342
2yI21g16y98GqU9qjV
O8c7QZ331rKO8c7Q
Ub4Ax5K
ULoT69De7t43fbIn
8N289GbLkAcxF88h729S
1203064581
HQ5983A
98aZtIxabsfBWXU4OV
1203064581
625723525
capA93my8GuzVNeV5
6ZBYQ
[ASCII 119]
Z331rKO8c7Q
MS86kJae5rp7Apz6050R
MS86kJae5rp7Apz6050R
MS86kJae5rp7Apz6050R
MS86kJae5rp7Apz6050R
MS86kJae5rp7Apz6050R
MS86kJae5rp7Apz6050R
MS86kJae5rp7Apz6050R
MS86kJae5rp7Apz6050R
MS86kJae5rp7Apz6050R
MS86kJae5rp7Apz6050R
MS86kJae5rp7Apz6050R
MS86kJae5rp7Apz6050R
MS86kJae5rp7Apz6050R
MS86kJae5rp7Apz6050R
MS86kJae5rp7Apz6050R
MS86kJae5rp7Apz6050R
MS86kJae5rp7Apz6050R
MS86kJae5rp7Apz6050R
MS86kJae5rp7Apz6050R
MS86kJae5rp7Apz6050R
MS86kJae5rp7Apz6050R
MS86kJae5rp7Apz6050R
MS86kJae5rp7Apz6050R
MS86kJae5rp7Apz6050R
MS86kJae5rp7Apz6050R
MS86kJae5rp7Apz6050R
MS86kJae5rp7Apz6050R
MS86kJae5rp7Apz6050R
MS86kJae5rp7Apz6050R
MS86kJae5rp7Apz6050R
MS86kJae5rp7Apz6050R
MS86kJae5rp7Apz6050R
MS86kJae5rp7Apz6050R
MS86kJae5rp7Apz6050R
MS86kJae5rp7Apz6050R
28CG7
28CG7
[ASCII 113]
16j344Rl8Yr2tI750p
[ASCII 81]
[ASCII 71]
[ASCII 71]
[ASCII 71]
[ASCII 71]
[ASCII 71]
[ASCII 71]
[ASCII 71]
[ASCII 71]
[ASCII 71]
[ASCII 71]
[ASCII 71]
[ASCII 71]
[ASCII 71]
[ASCII 71]
[ASCII 71]
[ASCII 71]
[ASCII 71]
[ASCII 71]
[ASCII 71]
[ASCII 71]
[ASCII 71]
[ASCII 71]
[ASCII 71]
[ASCII 71]
[ASCII 71]
[ASCII 71]
[ASCII 71]
[ASCII 71]
[ASCII 71]
[ASCII 71]
[ASCII 71]
[ASCII 71]
[ASCII 71]
[ASCII 71]
[ASCII 71]
[ASCII 71]
[ASCII 71]
[ASCII 71]
[ASCII 71]
[ASCII 71]
[ASCII 71]
[ASCII 71]
[ASCII 71]
[ASCII 71]
[ASCII 71]
[ASCII 71]
[ASCII 71]
[ASCII 71]
[ASCII 71]
[ASCII 71]
[ASCII 71]
[ASCII 71]
[ASCII 71]
[ASCII 71]
[ASCII 71]
[ASCII 71]
[ASCII 71]
[ASCII 71]
[ASCII 71]
[ASCII 71]
[ASCII 86]
[ASCII 50]
[ASCII 121]
uhW6TPI3CHHTh2EI45Giu
DOBCKr
[ASCII 120]
[ASCII 120]
[ASCII 120]
pKTSb9n6658ZHNK
[ASCII 110]
[ASCII 110]
[ASCII 110]
[ASCII 110]
[ASCII 110]
[ASCII 110]
[ASCII 110]
[ASCII 110]
[ASCII 110]
[ASCII 110]
[ASCII 110]
[ASCII 110]
[ASCII 110]
[ASCII 110]
[ASCII 110]
[ASCII 110]
[ASCII 110]
[ASCII 110]
[ASCII 110]
[ASCII 110]
[ASCII 110]
[ASCII 110]
[ASCII 110]
[ASCII 110]
[ASCII 110]
[ASCII 110]
[ASCII 110]
[ASCII 110]
[ASCII 110]
[ASCII 110]
[ASCII 110]
[ASCII 110]
[ASCII 110]
[ASCII 110]
[ASCII 110]
[ASCII 110]
[ASCII 110]
[ASCII 110]
[ASCII 110]
[ASCII 110]
[ASCII 110]
[ASCII 110]
[ASCII 110]
[ASCII 110]
[ASCII 110]
[ASCII 110]
[ASCII 110]
[ASCII 110]
[ASCII 110]
[ASCII 110]
[ASCII 110]
[ASCII 110]
[ASCII 110]
52U3KujB5Yh357X8
J6i0fyN
J6i0fyN
J6i0fyN
J6i0fyN
J6i0fyN
J6i0fyN
J6i0fyN
J6i0fyN
J6i0fyN
J6i0fyN
J6i0fyN
J6i0fyN
J6i0fyN
J6i0fyN
J6i0fyN
J6i0fyN
J6i0fyN
J6i0fyN
J6i0fyN
J6i0fyN
J6i0fyN
J6i0fyN
J6i0fyN
J6i0fyN
J6i0fyN
J6i0fyN
J6i0fyN
J6i0fyN
J6i0fyN
J6i0fyN
J6i0fyN
J6i0fyN
J6i0fyN
J6i0fyN
J6i0fyN
J6i0fyN
J6i0fyN
J6i0fyN
J6i0fyN
J6i0fyN
J6i0fyN
J6i0fyN
J6i0fyN
J6i0fyN
J6i0fyN
J6i0fyN
J6i0fyN
J6i0fyN
J6i0fyN
J6i0fyN
J6i0fyN
J6i0fyN
J6i0fyN
J6i0fyN
J6i0fyN
J6i0fyN
J6i0fyN
J6i0fyN
J6i0fyN
J6i0fyN
J6i0fyN
J6i0fyN
J6i0fyN
J6i0fyN
J6i0fyN
J6i0fyN
J6i0fyN
J6i0fyN
J6i0fyN
J6i0fyN
J6i0fyN
J6i0fyN
J6i0fyN
J6i0fyN
J6i0fyN
J6i0fyN
J6i0fyN
J6i0fyN
J6i0fyN
J6i0fyN
J6i0fyN
J6i0fyN
J6i0fyN
J6i0fyN
J6i0fyN
J6i0fyN
J6i0fyN
J6i0fyN
J6i0fyN
J6i0fyN
J6i0fyN
J6i0fyN
J6i0fyN
J6i0fyN
J6i0fyN
J6i0fyN
J6i0fyN
J6i0fyN
J6i0fyN
J6i0fyN
NuvZuj
dY9dQD6
dY9dQD6
dY9dQD6
dY9dQD6
dY9dQD6
dY9dQD6
dY9dQD6
dY9dQD6
dY9dQD6
dY9dQD6
dY9dQD6
dY9dQD6
dY9dQD6
dY9dQD6
dY9dQD6
dY9dQD6
dY9dQD6
dY9dQD6
dY9dQD6
dY9dQD6
dY9dQD6
dY9dQD6
dY9dQD6
dY9dQD6
dY9dQD6
dY9dQD6
dY9dQD6
dY9dQD6
dY9dQD6
dY9dQD6
dY9dQD6
dY9dQD6
dY9dQD6
dY9dQD6
dY9dQD6
dY9dQD6
dY9dQD6
dY9dQD6
dY9dQD6
dY9dQD6
dY9dQD6
dY9dQD6
dY9dQD6
dY9dQD6
dY9dQD6
dY9dQD6
dY9dQD6
dY9dQD6
dY9dQD6
dY9dQD6
dY9dQD6
dY9dQD6
dY9dQD6
dY9dQD6
dY9dQD6
dY9dQD6
dY9dQD6
dY9dQD6
dY9dQD6
dY9dQD6
dY9dQD6
dY9dQD6
dY9dQD6
dY9dQD6
dY9dQD6
dY9dQD6
dY9dQD6
dY9dQD6
g5eI454woiQz6l6i3
W403pS
W403pS
W403pS
W403pS
W403pS
W403pS
W403pS
W403pS
W403pS
W403pS
W403pS
W403pS
W403pS
W403pS
W403pS
W403pS
W403pS
W403pS
W403pS
W403pS
W403pS
W403pS
W403pS
W403pS
W403pS
5DJyWu
XN7PJuHKUQx6q7Xc9b
mk07oMqw5iuMcOZKE
Ai9ey5t4J9LC90TE5e
fDv7I57l7Sb72pCdZ00
ev895vGne16evSVuho1
[ASCII 101]
JC6PHF5o0NT4hXeRm66
up7l5xJKhm2Czblx0r
eisq04Ul4NeYQm4i4331
vCxC0ZD4fSnqdp29O8H
k4YzMi8dkrj21JTxs2SB
1qiR289B8679T7s9
-1175523171
747LDP1K69eBKD2jF
1412159880
