[ASCII 80]
[ASCII 80]
[ASCII 80]
[ASCII 80]
[ASCII 80]
[ASCII 80]
[ASCII 80]
[ASCII 80]
[ASCII 80]
[ASCII 80]
[ASCII 80]
[ASCII 80]
[ASCII 80]
[ASCII 80]
[ASCII 80]
[ASCII 80]
[ASCII 80]
[ASCII 80]
[ASCII 80]
[ASCII 80]
[ASCII 80]
[ASCII 80]
[ASCII 80]
[ASCII 80]
[ASCII 80]
[ASCII 80]
[ASCII 80]
[ASCII 80]
ShbRTI4C2Mk7zdO8iw
9OJ60l76A8X9jKGkPK
h2Pr40Bo4M3O5B3wU
pTDZAJQF7ppWQ75IcgNX
sk8H93ry493O
18HXQ
w7FJ601P3N173vjgnuD
w43XzwAEU1JakEC2Hw
4BLz9
LHQoU2G240swR61bFqlf5
21Gi8RMV0159xhG3M
EY064k9
5U0y7E84qAM84t36L4J
9P7mm6cm4fybXycd
tR2554cg1Zo2S5OcSa
PBsXB45fccEDVg5f30
sX84P86yIH6LF6fs
MHbD3N0Z936Zn4nqJ5
s2Try
-1154213921
[ASCII 80]
o7U8cAwWD63Z76up
Xx43OLacw5XoDzGIx1E9R
RgpXglp8Z2UN9fEt124
nzhJBrXv2Xy09qD09F
OJ4bp0e
J5p145mPnPno451KlwKj
-997076991
T0Z05rWl1533u51i
12514129
Er2AqYkUdGGkmS1nY
Er2AqYkUdGGkmS1nY
Er2AqYkUdGGkmS1nY
Er2AqYkUdGGkmS1nY
Er2AqYkUdGGkmS1nY
Er2AqYkUdGGkmS1nY
Er2AqYkUdGGkmS1nY
Er2AqYkUdGGkmS1nY
Er2AqYkUdGGkmS1nY
Er2AqYkUdGGkmS1nY
Er2AqYkUdGGkmS1nY
Er2AqYkUdGGkmS1nY
Er2AqYkUdGGkmS1nY
Er2AqYkUdGGkmS1nY
Er2AqYkUdGGkmS1nY
Er2AqYkUdGGkmS1nY
Er2AqYkUdGGkmS1nY
Er2AqYkUdGGkmS1nY
Er2AqYkUdGGkmS1nY
Er2AqYkUdGGkmS1nY
Er2AqYkUdGGkmS1nY
Er2AqYkUdGGkmS1nY
Er2AqYkUdGGkmS1nY
Er2AqYkUdGGkmS1nY
Er2AqYkUdGGkmS1nY
Er2AqYkUdGGkmS1nY
Er2AqYkUdGGkmS1nY
Er2AqYkUdGGkmS1nY
Er2AqYkUdGGkmS1nY
Er2AqYkUdGGkmS1nY
Er2AqYkUdGGkmS1nY
Er2AqYkUdGGkmS1nY
Er2AqYkUdGGkmS1nY
Er2AqYkUdGGkmS1nY
Er2AqYkUdGGkmS1nY
Er2AqYkUdGGkmS1nY
Er2AqYkUdGGkmS1nY
Er2AqYkUdGGkmS1nY
Er2AqYkUdGGkmS1nY
Er2AqYkUdGGkmS1nY
Er2AqYkUdGGkmS1nY
Er2AqYkUdGGkmS1nY
Er2AqYkUdGGkmS1nY
Er2AqYkUdGGkmS1nY
Er2AqYkUdGGkmS1nY
Er2AqYkUdGGkmS1nY
Er2AqYkUdGGkmS1nY
Er2AqYkUdGGkmS1nY
Er2AqYkUdGGkmS1nY
Er2AqYkUdGGkmS1nY
Er2AqYkUdGGkmS1nY
Er2AqYkUdGGkmS1nY
Er2AqYkUdGGkmS1nY
Er2AqYkUdGGkmS1nY
Er2AqYkUdGGkmS1nY
Er2AqYkUdGGkmS1nY
Er2AqYkUdGGkmS1nY
Er2AqYkUdGGkmS1nY
Er2AqYkUdGGkmS1nY
Er2AqYkUdGGkmS1nY
Er2AqYkUdGGkmS1nY
Er2AqYkUdGGkmS1nY
Er2AqYkUdGGkmS1nY
Er2AqYkUdGGkmS1nY
Er2AqYkUdGGkmS1nY
Er2AqYkUdGGkmS1nY
Er2AqYkUdGGkmS1nY
Er2AqYkUdGGkmS1nY
Er2AqYkUdGGkmS1nY
Er2AqYkUdGGkmS1nY
Er2AqYkUdGGkmS1nY
Er2AqYkUdGGkmS1nY
Er2AqYkUdGGkmS1nY
Er2AqYkUdGGkmS1nY
Er2AqYkUdGGkmS1nY
Er2AqYkUdGGkmS1nY
Er2AqYkUdGGkmS1nY
Er2AqYkUdGGkmS1nY
Er2AqYkUdGGkmS1nY
Er2AqYkUdGGkmS1nY
Er2AqYkUdGGkmS1nY
Er2AqYkUdGGkmS1nY
Er2AqYkUdGGkmS1nY
Er2AqYkUdGGkmS1nY
Er2AqYkUdGGkmS1nY
Er2AqYkUdGGkmS1nY
Er2AqYkUdGGkmS1nY
Er2AqYkUdGGkmS1nY
Er2AqYkUdGGkmS1nY
Er2AqYkUdGGkmS1nY
ll9qo10DnY7eR6vPNTb
t3D18Fj4Uxx7iWoh6P
t3D18Fj4Uxx7iWoh6P
t3D18Fj4Uxx7iWoh6P
t3D18Fj4Uxx7iWoh6P
t3D18Fj4Uxx7iWoh6P
t3D18Fj4Uxx7iWoh6P
t3D18Fj4Uxx7iWoh6P
t3D18Fj4Uxx7iWoh6P
t3D18Fj4Uxx7iWoh6P
t3D18Fj4Uxx7iWoh6P
t3D18Fj4Uxx7iWoh6P
t3D18Fj4Uxx7iWoh6P
t3D18Fj4Uxx7iWoh6P
t3D18Fj4Uxx7iWoh6P
t3D18Fj4Uxx7iWoh6P
t3D18Fj4Uxx7iWoh6P
t3D18Fj4Uxx7iWoh6P
t3D18Fj4Uxx7iWoh6P
t3D18Fj4Uxx7iWoh6P
t3D18Fj4Uxx7iWoh6P
t3D18Fj4Uxx7iWoh6P
t3D18Fj4Uxx7iWoh6P
t3D18Fj4Uxx7iWoh6P
t3D18Fj4Uxx7iWoh6P
t3D18Fj4Uxx7iWoh6P
t3D18Fj4Uxx7iWoh6P
t3D18Fj4Uxx7iWoh6P
t3D18Fj4Uxx7iWoh6P
t3D18Fj4Uxx7iWoh6P
t3D18Fj4Uxx7iWoh6P
t3D18Fj4Uxx7iWoh6P
t3D18Fj4Uxx7iWoh6P
t3D18Fj4Uxx7iWoh6P
t3D18Fj4Uxx7iWoh6P
t3D18Fj4Uxx7iWoh6P
t3D18Fj4Uxx7iWoh6P
t3D18Fj4Uxx7iWoh6P
t3D18Fj4Uxx7iWoh6P
t3D18Fj4Uxx7iWoh6P
t3D18Fj4Uxx7iWoh6P
t3D18Fj4Uxx7iWoh6P
t3D18Fj4Uxx7iWoh6P
t3D18Fj4Uxx7iWoh6P
t3D18Fj4Uxx7iWoh6P
t3D18Fj4Uxx7iWoh6P
t3D18Fj4Uxx7iWoh6P
t3D18Fj4Uxx7iWoh6P
t3D18Fj4Uxx7iWoh6P
t3D18Fj4Uxx7iWoh6P
t3D18Fj4Uxx7iWoh6P
t3D18Fj4Uxx7iWoh6P
t3D18Fj4Uxx7iWoh6P
t3D18Fj4Uxx7iWoh6P
t3D18Fj4Uxx7iWoh6P
t3D18Fj4Uxx7iWoh6P
t3D18Fj4Uxx7iWoh6P
t3D18Fj4Uxx7iWoh6P
t3D18Fj4Uxx7iWoh6P
t3D18Fj4Uxx7iWoh6P
t3D18Fj4Uxx7iWoh6P
t3D18Fj4Uxx7iWoh6P
t3D18Fj4Uxx7iWoh6P
t3D18Fj4Uxx7iWoh6P
t3D18Fj4Uxx7iWoh6P
t3D18Fj4Uxx7iWoh6P
t3D18Fj4Uxx7iWoh6P
t3D18Fj4Uxx7iWoh6P
t3D18Fj4Uxx7iWoh6P
t3D18Fj4Uxx7iWoh6P
t3D18Fj4Uxx7iWoh6P
t3D18Fj4Uxx7iWoh6P
t3D18Fj4Uxx7iWoh6P
t3D18Fj4Uxx7iWoh6P
t3D18Fj4Uxx7iWoh6P
t3D18Fj4Uxx7iWoh6P
t3D18Fj4Uxx7iWoh6P
3DdG94
VK829f9uP5Z3aBIf3IIRs
VK829f9uP5Z3aBIf3IIRs
VK829f9uP5Z3aBIf3IIRs
VK829f9uP5Z3aBIf3IIRs
VK829f9uP5Z3aBIf3IIRs
VK829f9uP5Z3aBIf3IIRs
VK829f9uP5Z3aBIf3IIRs
DdjWNF3sACQ214922Y
J9U8Fs3AFYNGRAo85z
9GOzs
dcUXy69P385Ti7y23
T24N2
[ASCII 54]
f87AqCm
-1107236004
0
lsTY4qEYB71100Te76
[ASCII 54]
puBOZ9YMOnE2IqO97G
-2024913733
SFAU53ix11n9Z8cNPkpO
f0FX7xs34f271Y6Kt2J
4hQMS28cxaN6yp5eS
-1251280347
d2Xmw
Dkgy5Zb72GR09bhC
HT1x1IS3XYD39247NR
476386944
320235144
saPISMnKHR9o9wMb
xKsr2ghVtjb7R56aO7
X4XQa7GD5v9p23BA
X4XQa7GD5v9p23BA
X4XQa7GD5v9p23BA
X4XQa7GD5v9p23BA
X4XQa7GD5v9p23BA
X4XQa7GD5v9p23BA
X4XQa7GD5v9p23BA
X4XQa7GD5v9p23BA
X4XQa7GD5v9p23BA
X4XQa7GD5v9p23BA
X4XQa7GD5v9p23BA
X4XQa7GD5v9p23BA
X4XQa7GD5v9p23BA
X4XQa7GD5v9p23BA
X4XQa7GD5v9p23BA
X4XQa7GD5v9p23BA
X4XQa7GD5v9p23BA
X4XQa7GD5v9p23BA
X4XQa7GD5v9p23BA
X4XQa7GD5v9p23BA
X4XQa7GD5v9p23BA
X4XQa7GD5v9p23BA
X4XQa7GD5v9p23BA
X4XQa7GD5v9p23BA
X4XQa7GD5v9p23BA
X4XQa7GD5v9p23BA
X4XQa7GD5v9p23BA
X4XQa7GD5v9p23BA
X4XQa7GD5v9p23BA
X4XQa7GD5v9p23BA
X4XQa7GD5v9p23BA
X4XQa7GD5v9p23BA
X4XQa7GD5v9p23BA
X4XQa7GD5v9p23BA
X4XQa7GD5v9p23BA
X4XQa7GD5v9p23BA
X4XQa7GD5v9p23BA
X4XQa7GD5v9p23BA
X4XQa7GD5v9p23BA
X4XQa7GD5v9p23BA
X4XQa7GD5v9p23BA
X4XQa7GD5v9p23BA
X4XQa7GD5v9p23BA
X4XQa7GD5v9p23BA
X4XQa7GD5v9p23BA
X4XQa7GD5v9p23BA
X4XQa7GD5v9p23BA
X4XQa7GD5v9p23BA
X4XQa7GD5v9p23BA
X4XQa7GD5v9p23BA
X4XQa7GD5v9p23BA
X4XQa7GD5v9p23BA
X4XQa7GD5v9p23BA
X4XQa7GD5v9p23BA
X4XQa7GD5v9p23BA
X4XQa7GD5v9p23BA
X4XQa7GD5v9p23BA
X4XQa7GD5v9p23BA
X4XQa7GD5v9p23BA
X4XQa7GD5v9p23BA
X4XQa7GD5v9p23BA
X4XQa7GD5v9p23BA
X4XQa7GD5v9p23BA
X4XQa7GD5v9p23BA
X4XQa7GD5v9p23BA
Owp5m32zw04lf866uGtNe
-948399068
-948399068
-948399068
-948399068
-948399068
-948399068
-948399068
-948399068
-948399068
-948399068
-948399068
-948399068
-948399068
-948399068
-948399068
-948399068
-948399068
-948399068
-948399068
-948399068
-948399068
-948399068
-948399068
-948399068
-948399068
-948399068
-948399068
-948399068
-948399068
-948399068
-948399068
-948399068
-948399068
-948399068
-948399068
-948399068
-948399068
-948399068
-948399068
-948399068
-948399068
-948399068
-948399068
-948399068
-948399068
-948399068
-948399068
-948399068
-948399068
-948399068
-948399068
-948399068
-948399068
-948399068
-948399068
-948399068
-948399068
-948399068
-948399068
-948399068
-948399068
-948399068
-948399068
-948399068
-948399068
-948399068
-948399068
-948399068
-948399068
-948399068
-948399068
wz5M6
S8m922LPCnv1UmS529WLS
745122952
1280657265
804164368
3QymhqwTPvMJzOAfYWb
vdBawFIvxoiQCp3d9YA
2bAJhP5e8sVdr2gV
9i6ZUYkydb2AaO3pXU
GLj5nD
[ASCII 52]
KV69G
KV69G
KV69G
KV69G
KV69G
KV69G
KV69G
KV69G
KV69G
KV69G
KV69G
KV69G
KV69G
KV69G
KV69G
KV69G
KV69G
KV69G
KV69G
KV69G
KV69G
KV69G
KV69G
KV69G
KV69G
KV69G
KV69G
KV69G
KV69G
KV69G
KV69G
KV69G
KV69G
KV69G
KV69G
KV69G
KV69G
KV69G
KV69G
KV69G
KV69G
KV69G
KV69G
KV69G
KV69G
KV69G
KV69G
KV69G
KV69G
KV69G
KV69G
KV69G
KV69G
KV69G
KV69G
KV69G
Y5355P951N35Tfcig
Y5355P951N35Tfcig
Y5355P951N35Tfcig
Y5355P951N35Tfcig
Y5355P951N35Tfcig
Y5355P951N35Tfcig
Y5355P951N35Tfcig
Y5355P951N35Tfcig
Y5355P951N35Tfcig
Y5355P951N35Tfcig
Y5355P951N35Tfcig
Y5355P951N35Tfcig
Y5355P951N35Tfcig
Y5355P951N35Tfcig
Y5355P951N35Tfcig
Y5355P951N35Tfcig
Y5355P951N35Tfcig
-529835424
Rjam8p7414o10x7DC1e
Pa3eMp
730978009
dr4DhI
M8jXqP2vAE1r3OH1WB
fr21gpkXpw6C8yIoGy
i3avT181V8wWf2rVNt
69ER7oM8cf2859Tpw
[ASCII 52]
8mqRZXLUX3Ud6wL7V
mM4TD8B51ZZmTwlw6
UrORMoV3AfS6RjEzRp
Lh9v0Tx6Gns6t0kdI
tI7DYQ5n05rClwxnv
264799577
1281675216
[ASCII 28]
1519953251
-2024913733
[ASCII 74]
