60a864MwO498y9BJOCJ90
73cgMwOuEpZKu141Fik6
7z9sgdNNnahenWflR9O
dEH3DLM67GA74ivY
5cX29U7oJkk0qzkMM5
5cX29U7oJkk0qzkMM5
5cX29U7oJkk0qzkMM5
5cX29U7oJkk0qzkMM5
5cX29U7oJkk0qzkMM5
5cX29U7oJkk0qzkMM5
5cX29U7oJkk0qzkMM5
5cX29U7oJkk0qzkMM5
5cX29U7oJkk0qzkMM5
5cX29U7oJkk0qzkMM5
5cX29U7oJkk0qzkMM5
5cX29U7oJkk0qzkMM5
5cX29U7oJkk0qzkMM5
5cX29U7oJkk0qzkMM5
5cX29U7oJkk0qzkMM5
5cX29U7oJkk0qzkMM5
5cX29U7oJkk0qzkMM5
5cX29U7oJkk0qzkMM5
5cX29U7oJkk0qzkMM5
5cX29U7oJkk0qzkMM5
5cX29U7oJkk0qzkMM5
5cX29U7oJkk0qzkMM5
5cX29U7oJkk0qzkMM5
5cX29U7oJkk0qzkMM5
5cX29U7oJkk0qzkMM5
5cX29U7oJkk0qzkMM5
5cX29U7oJkk0qzkMM5
5cX29U7oJkk0qzkMM5
5cX29U7oJkk0qzkMM5
5cX29U7oJkk0qzkMM5
5cX29U7oJkk0qzkMM5
5cX29U7oJkk0qzkMM5
5cX29U7oJkk0qzkMM5
5cX29U7oJkk0qzkMM5
5cX29U7oJkk0qzkMM5
5cX29U7oJkk0qzkMM5
5cX29U7oJkk0qzkMM5
5cX29U7oJkk0qzkMM5
5cX29U7oJkk0qzkMM5
5cX29U7oJkk0qzkMM5
5cX29U7oJkk0qzkMM5
5cX29U7oJkk0qzkMM5
5cX29U7oJkk0qzkMM5
5cX29U7oJkk0qzkMM5
5cX29U7oJkk0qzkMM5
5cX29U7oJkk0qzkMM5
5cX29U7oJkk0qzkMM5
5cX29U7oJkk0qzkMM5
5cX29U7oJkk0qzkMM5
5cX29U7oJkk0qzkMM5
5cX29U7oJkk0qzkMM5
5cX29U7oJkk0qzkMM5
5cX29U7oJkk0qzkMM5
5cX29U7oJkk0qzkMM5
5cX29U7oJkk0qzkMM5
5cX29U7oJkk0qzkMM5
5cX29U7oJkk0qzkMM5
5cX29U7oJkk0qzkMM5
5cX29U7oJkk0qzkMM5
5cX29U7oJkk0qzkMM5
5cX29U7oJkk0qzkMM5
5cX29U7oJkk0qzkMM5
5cX29U7oJkk0qzkMM5
5cX29U7oJkk0qzkMM5
5cX29U7oJkk0qzkMM5
5cX29U7oJkk0qzkMM5
5cX29U7oJkk0qzkMM5
5cX29U7oJkk0qzkMM5
5cX29U7oJkk0qzkMM5
5cX29U7oJkk0qzkMM5
5cX29U7oJkk0qzkMM5
5cX29U7oJkk0qzkMM5
5cX29U7oJkk0qzkMM5
5cX29U7oJkk0qzkMM5
5cX29U7oJkk0qzkMM5
shwS6EJk5Ym8K1uo3
usi59xkW7YhDd932l9w
rJt28g57Ha0I249J
cQABVm
q34O90jW4mcwEVN3WR
8qf3HGlIPIDCiNXIT
PTvJH6W3iTUO47CX014b
cKQDjmVwB31Og9MAHe0
u6oApkXj2DMpmTRLW
f29tspc72G6vxx982No
1745507836
1359868483
f8Y10BwOA8H9uXnu78iwY461I
zEZocM379Bp3IHNPE
0AQ16Xa886n3DAYkSm
0AQ16Xa886n3DAYkSm
0AQ16Xa886n3DAYkSm
0AQ16Xa886n3DAYkSm
0AQ16Xa886n3DAYkSm
0AQ16Xa886n3DAYkSm
0AQ16Xa886n3DAYkSm
0AQ16Xa886n3DAYkSm
0AQ16Xa886n3DAYkSm
0AQ16Xa886n3DAYkSm
0AQ16Xa886n3DAYkSm
0AQ16Xa886n3DAYkSm
0AQ16Xa886n3DAYkSm
0AQ16Xa886n3DAYkSm
DSod97
1119444422
OA8H9uXnu78iw
OA8H9uXnu78iw
OA8H9uXnu78iw
OA8H9uXnu78iw
OA8H9uXnu78iw
OA8H9uXnu78iw
OA8H9uXnu78iw
OA8H9uXnu78iw
OA8H9uXnu78iw
1719901571
DSod97
823682625
08jXZ2t
Gx7i803w7WFTEHW
GF9TRmDSSSwzxG6AP25v
[ASCII 114]
iqyw3021CAcI0BlOba
10lZIfKgzMIL1tEnk
10lZIfKgzMIL1tEnk
10lZIfKgzMIL1tEnk
10lZIfKgzMIL1tEnk
10lZIfKgzMIL1tEnk
10lZIfKgzMIL1tEnk
10lZIfKgzMIL1tEnk
10lZIfKgzMIL1tEnk
10lZIfKgzMIL1tEnk
10lZIfKgzMIL1tEnk
10lZIfKgzMIL1tEnk
10lZIfKgzMIL1tEnk
10lZIfKgzMIL1tEnk
10lZIfKgzMIL1tEnk
10lZIfKgzMIL1tEnk
10lZIfKgzMIL1tEnk
10lZIfKgzMIL1tEnk
10lZIfKgzMIL1tEnk
10lZIfKgzMIL1tEnk
10lZIfKgzMIL1tEnk
10lZIfKgzMIL1tEnk
10lZIfKgzMIL1tEnk
10lZIfKgzMIL1tEnk
10lZIfKgzMIL1tEnk
10lZIfKgzMIL1tEnk
10lZIfKgzMIL1tEnk
10lZIfKgzMIL1tEnk
10lZIfKgzMIL1tEnk
10lZIfKgzMIL1tEnk
10lZIfKgzMIL1tEnk
10lZIfKgzMIL1tEnk
10lZIfKgzMIL1tEnk
10lZIfKgzMIL1tEnk
10lZIfKgzMIL1tEnk
10lZIfKgzMIL1tEnk
10lZIfKgzMIL1tEnk
10lZIfKgzMIL1tEnk
10lZIfKgzMIL1tEnk
10lZIfKgzMIL1tEnk
10lZIfKgzMIL1tEnk
10lZIfKgzMIL1tEnk
10lZIfKgzMIL1tEnk
10lZIfKgzMIL1tEnk
10lZIfKgzMIL1tEnk
10lZIfKgzMIL1tEnk
10lZIfKgzMIL1tEnk
10lZIfKgzMIL1tEnk
10lZIfKgzMIL1tEnk
10lZIfKgzMIL1tEnk
10lZIfKgzMIL1tEnk
10lZIfKgzMIL1tEnk
10lZIfKgzMIL1tEnk
10lZIfKgzMIL1tEnk
10lZIfKgzMIL1tEnk
10lZIfKgzMIL1tEnk
10lZIfKgzMIL1tEnk
10lZIfKgzMIL1tEnk
10lZIfKgzMIL1tEnk
10lZIfKgzMIL1tEnk
10lZIfKgzMIL1tEnk
10lZIfKgzMIL1tEnk
10lZIfKgzMIL1tEnk
10lZIfKgzMIL1tEnk
10lZIfKgzMIL1tEnk
10lZIfKgzMIL1tEnk
10lZIfKgzMIL1tEnk
10lZIfKgzMIL1tEnk
10lZIfKgzMIL1tEnk
10lZIfKgzMIL1tEnk
10lZIfKgzMIL1tEnk
10lZIfKgzMIL1tEnk
10lZIfKgzMIL1tEnk
10lZIfKgzMIL1tEnk
10lZIfKgzMIL1tEnk
10lZIfKgzMIL1tEnk
10lZIfKgzMIL1tEnk
10lZIfKgzMIL1tEnk
10lZIfKgzMIL1tEnk
10lZIfKgzMIL1tEnk
10lZIfKgzMIL1tEnk
10lZIfKgzMIL1tEnk
4l15KtoIs2E5L9yDZX
W040U4F5Fp9E6dTwe
HnN24
8yt49t94eW84p32O9v
s8017n6
cxdzCD71SiJ19qX00Z
823682625
823682625
823682625
823682625
823682625
823682625
823682625
823682625
823682625
823682625
823682625
823682625
823682625
823682625
823682625
823682625
823682625
823682625
823682625
823682625
823682625
823682625
823682625
823682625
823682625
823682625
823682625
823682625
823682625
823682625
823682625
823682625
823682625
823682625
823682625
823682625
823682625
823682625
823682625
823682625
823682625
823682625
823682625
823682625
823682625
823682625
823682625
823682625
823682625
823682625
823682625
823682625
823682625
823682625
823682625
823682625
823682625
823682625
823682625
823682625
823682625
823682625
823682625
823682625
823682625
823682625
823682625
823682625
823682625
823682625
823682625
823682625
823682625
823682625
823682625
823682625
823682625
823682625
823682625
823682625
823682625
823682625
823682625
823682625
823682625
823682625
823682625
823682625
823682625
823682625
823682625
823682625
823682625
823682625
823682625
372606256
372606256
372606256
372606256
372606256
372606256
372606256
372606256
372606256
372606256
372606256
372606256
372606256
372606256
372606256
372606256
372606256
372606256
372606256
372606256
372606256
372606256
372606256
372606256
372606256
372606256
372606256
372606256
372606256
372606256
372606256
372606256
372606256
372606256
372606256
372606256
372606256
372606256
372606256
372606256
372606256
372606256
372606256
372606256
372606256
372606256
372606256
372606256
372606256
372606256
372606256
372606256
372606256
372606256
372606256
372606256
372606256
3Y093VfDuRy6aV636a
1515339936
yLZF5EmhQ72pqH66zlP
yLZF5EmhQ72pqH66zlP
yLZF5EmhQ72pqH66zlP
yLZF5EmhQ72pqH66zlP
yLZF5EmhQ72pqH66zlP
yLZF5EmhQ72pqH66zlP
yLZF5EmhQ72pqH66zlP
yLZF5EmhQ72pqH66zlP
yLZF5EmhQ72pqH66zlP
yLZF5EmhQ72pqH66zlP
yLZF5EmhQ72pqH66zlP
yLZF5EmhQ72pqH66zlP
yLZF5EmhQ72pqH66zlP
yLZF5EmhQ72pqH66zlP
yLZF5EmhQ72pqH66zlP
yLZF5EmhQ72pqH66zlP
yLZF5EmhQ72pqH66zlP
yLZF5EmhQ72pqH66zlP
yLZF5EmhQ72pqH66zlP
yLZF5EmhQ72pqH66zlP
yLZF5EmhQ72pqH66zlP
yLZF5EmhQ72pqH66zlP
yLZF5EmhQ72pqH66zlP
yLZF5EmhQ72pqH66zlP
yLZF5EmhQ72pqH66zlP
yLZF5EmhQ72pqH66zlP
yLZF5EmhQ72pqH66zlP
yLZF5EmhQ72pqH66zlP
yLZF5EmhQ72pqH66zlP
yLZF5EmhQ72pqH66zlP
yLZF5EmhQ72pqH66zlP
yLZF5EmhQ72pqH66zlP
yLZF5EmhQ72pqH66zlP
yLZF5EmhQ72pqH66zlP
yLZF5EmhQ72pqH66zlP
yLZF5EmhQ72pqH66zlP
yLZF5EmhQ72pqH66zlP
yLZF5EmhQ72pqH66zlP
yLZF5EmhQ72pqH66zlP
yLZF5EmhQ72pqH66zlP
yLZF5EmhQ72pqH66zlP
yLZF5EmhQ72pqH66zlP
yLZF5EmhQ72pqH66zlP
yLZF5EmhQ72pqH66zlP
yLZF5EmhQ72pqH66zlP
yLZF5EmhQ72pqH66zlP
yLZF5EmhQ72pqH66zlP
yLZF5EmhQ72pqH66zlP
yLZF5EmhQ72pqH66zlP
yLZF5EmhQ72pqH66zlP
yLZF5EmhQ72pqH66zlP
yLZF5EmhQ72pqH66zlP
yLZF5EmhQ72pqH66zlP
yLZF5EmhQ72pqH66zlP
yLZF5EmhQ72pqH66zlP
yLZF5EmhQ72pqH66zlP
yLZF5EmhQ72pqH66zlP
yLZF5EmhQ72pqH66zlP
yLZF5EmhQ72pqH66zlP
yLZF5EmhQ72pqH66zlP
yLZF5EmhQ72pqH66zlP
yLZF5EmhQ72pqH66zlP
yLZF5EmhQ72pqH66zlP
yLZF5EmhQ72pqH66zlP
yLZF5EmhQ72pqH66zlP
yLZF5EmhQ72pqH66zlP
yLZF5EmhQ72pqH66zlP
yLZF5EmhQ72pqH66zlP
yLZF5EmhQ72pqH66zlP
yLZF5EmhQ72pqH66zlP
yLZF5EmhQ72pqH66zlP
yLZF5EmhQ72pqH66zlP
yLZF5EmhQ72pqH66zlP
yLZF5EmhQ72pqH66zlP
64UL4ZOpY2Raenb2
J2PW21x
J2PW21x
J2PW21x
J2PW21x
J2PW21x
J2PW21x
J2PW21x
J2PW21x
J2PW21x
J2PW21x
J2PW21x
J2PW21x
J2PW21x
J2PW21x
J2PW21x
J2PW21x
J2PW21x
J2PW21x
J2PW21x
J2PW21x
J2PW21x
J2PW21x
50x3I
[ASCII 108]
[ASCII 52]
[ASCII 106]
Q98bt2YrX6vK23l72Im
evHk17SsXmKCvH53
evHk17SsXmKCvH53
evHk17SsXmKCvH53
evHk17SsXmKCvH53
evHk17SsXmKCvH53
evHk17SsXmKCvH53
evHk17SsXmKCvH53
evHk17SsXmKCvH53
evHk17SsXmKCvH53
evHk17SsXmKCvH53
evHk17SsXmKCvH53
evHk17SsXmKCvH53
evHk17SsXmKCvH53
evHk17SsXmKCvH53
evHk17SsXmKCvH53
evHk17SsXmKCvH53
evHk17SsXmKCvH53
evHk17SsXmKCvH53
evHk17SsXmKCvH53
evHk17SsXmKCvH53
evHk17SsXmKCvH53
evHk17SsXmKCvH53
evHk17SsXmKCvH53
evHk17SsXmKCvH53
evHk17SsXmKCvH53
evHk17SsXmKCvH53
evHk17SsXmKCvH53
evHk17SsXmKCvH53
evHk17SsXmKCvH53
evHk17SsXmKCvH53
evHk17SsXmKCvH53
evHk17SsXmKCvH53
evHk17SsXmKCvH53
evHk17SsXmKCvH53
evHk17SsXmKCvH53
evHk17SsXmKCvH53
evHk17SsXmKCvH53
evHk17SsXmKCvH53
evHk17SsXmKCvH53
evHk17SsXmKCvH53
evHk17SsXmKCvH53
evHk17SsXmKCvH53
evHk17SsXmKCvH53
evHk17SsXmKCvH53
evHk17SsXmKCvH53
evHk17SsXmKCvH53
evHk17SsXmKCvH53
evHk17SsXmKCvH53
evHk17SsXmKCvH53
evHk17SsXmKCvH53
evHk17SsXmKCvH53
evHk17SsXmKCvH53
evHk17SsXmKCvH53
evHk17SsXmKCvH53
evHk17SsXmKCvH53
evHk17SsXmKCvH53
evHk17SsXmKCvH53
evHk17SsXmKCvH53
evHk17SsXmKCvH53
evHk17SsXmKCvH53
evHk17SsXmKCvH53
evHk17SsXmKCvH53
evHk17SsXmKCvH53
evHk17SsXmKCvH53
evHk17SsXmKCvH53
evHk17SsXmKCvH53
evHk17SsXmKCvH53
evHk17SsXmKCvH53
-2092300279
o783D24gLHy5Gv38
4tQmwa35p5EVMVi
k700y
-1763663702
Gdm14Y10tpBObQ4vvx
[ASCII 48]
-1021430834
942563825
1166436038
OjZP3
548470271
1zW2qEJTo57u6gjS1
[ASCII 54]
464235978
464235978
464235978
464235978
464235978
464235978
1697005712
1697005712
1697005712
1697005712
1697005712
1697005712
1697005712
1697005712
1697005712
1697005712
1697005712
1697005712
[ASCII 121]
131145130
131145130
131145130
131145130
131145130
131145130
131145130
131145130
131145130
131145130
131145130
131145130
131145130
131145130
131145130
131145130
131145130
131145130
131145130
131145130
131145130
131145130
131145130
131145130
131145130
131145130
131145130
131145130
131145130
131145130
131145130
131145130
131145130
131145130
131145130
131145130
131145130
131145130
131145130
131145130
131145130
131145130
131145130
131145130
131145130
131145130
131145130
131145130
131145130
131145130
131145130
131145130
131145130
131145130
131145130
131145130
131145130
131145130
131145130
131145130
131145130
131145130
131145130
131145130
131145130
131145130
131145130
131145130
823682625
8mRD44W21o0u2wzxK1
581703828
581703828
581703828
581703828
581703828
581703828
581703828
581703828
581703828
581703828
581703828
581703828
581703828
581703828
581703828
581703828
581703828
581703828
581703828
581703828
581703828
581703828
581703828
581703828
581703828
581703828
581703828
581703828
581703828
581703828
581703828
581703828
581703828
581703828
581703828
581703828
581703828
581703828
581703828
581703828
581703828
581703828
581703828
581703828
581703828
581703828
581703828
581703828
PaTS0Qj3Xx16f3r3Yh
ke4JZJ8HX7hC0sCt
[ASCII 42]
8Y69br988P68M2KR9
DyA3Ery2As1Gsx75Mb
[ASCII 99]
741193316
c36VhFK
1456429646
1456429646
1456429646
1456429646
1456429646
1456429646
1456429646
1456429646
1456429646
1456429646
1456429646
1456429646
1456429646
1456429646
1456429646
1456429646
1456429646
1456429646
1456429646
1456429646
1456429646
1456429646
1456429646
1456429646
1456429646
1456429646
1456429646
1456429646
1456429646
1456429646
1456429646
1456429646
1456429646
1217063737
1AK8L72kCoZe7OK188
