4y81lGup72KX3pL7C
1945943188
MYIQKy5EjbcB05T
MYIQKy5EjbcB05T
MYIQKy5EjbcB05T
MYIQKy5EjbcB05T
MYIQKy5EjbcB05T
MYIQKy5EjbcB05T
MYIQKy5EjbcB05T
MYIQKy5EjbcB05T
MYIQKy5EjbcB05T
MYIQKy5EjbcB05T
MYIQKy5EjbcB05T
MYIQKy5EjbcB05T
MYIQKy5EjbcB05T
MYIQKy5EjbcB05T
MYIQKy5EjbcB05T
MYIQKy5EjbcB05T
MYIQKy5EjbcB05T
MYIQKy5EjbcB05T
MYIQKy5EjbcB05T
MYIQKy5EjbcB05T
MYIQKy5EjbcB05T
MYIQKy5EjbcB05T
MYIQKy5EjbcB05T
MYIQKy5EjbcB05T
MYIQKy5EjbcB05T
MYIQKy5EjbcB05T
MYIQKy5EjbcB05T
MYIQKy5EjbcB05T
MYIQKy5EjbcB05T
MYIQKy5EjbcB05T
MYIQKy5EjbcB05T
MYIQKy5EjbcB05T
MYIQKy5EjbcB05T
MYIQKy5EjbcB05T
MYIQKy5EjbcB05T
MYIQKy5EjbcB05T
MYIQKy5EjbcB05T
MYIQKy5EjbcB05T
MYIQKy5EjbcB05T
MYIQKy5EjbcB05T
MYIQKy5EjbcB05T
MYIQKy5EjbcB05T
MYIQKy5EjbcB05T
MYIQKy5EjbcB05T
MYIQKy5EjbcB05T
MYIQKy5EjbcB05T
MYIQKy5EjbcB05T
MYIQKy5EjbcB05T
MYIQKy5EjbcB05T
MYIQKy5EjbcB05T
MYIQKy5EjbcB05T
MYIQKy5EjbcB05T
MYIQKy5EjbcB05T
MYIQKy5EjbcB05T
MYIQKy5EjbcB05T
MYIQKy5EjbcB05T
MYIQKy5EjbcB05T
MYIQKy5EjbcB05T
MYIQKy5EjbcB05T
MYIQKy5EjbcB05T
MYIQKy5EjbcB05T
MYIQKy5EjbcB05T
MYIQKy5EjbcB05T
MYIQKy5EjbcB05T
fTQl4MThh6rZlYYgp
BS7Ejm3XNKu5i7ZAyX7B
mPI1PjzIJylUDutP
34BP91u670sY1AI6iwN
[ASCII 78]
9GFm7TI5NnNyZ94YtEKI5
xdH8KHon3obQE4pIq2N
452133576
452133576
452133576
452133576
452133576
452133576
452133576
452133576
452133576
452133576
452133576
452133576
452133576
452133576
452133576
452133576
452133576
452133576
452133576
452133576
452133576
452133576
452133576
452133576
452133576
452133576
452133576
452133576
452133576
452133576
452133576
452133576
452133576
452133576
452133576
452133576
452133576
452133576
452133576
452133576
452133576
452133576
452133576
452133576
452133576
452133576
452133576
452133576
452133576
452133576
452133576
452133576
452133576
452133576
452133576
452133576
452133576
-431214575
-431214575
-431214575
-431214575
-431214575
-431214575
-431214575
-431214575
-431214575
-431214575
-431214575
-431214575
-431214575
-431214575
-431214575
-431214575
-431214575
-431214575
-431214575
-431214575
-431214575
-431214575
-431214575
-431214575
-431214575
-431214575
-431214575
-431214575
-431214575
-431214575
-431214575
-431214575
-431214575
-431214575
-431214575
-431214575
335628349
YI9YDhaJ0v6BK2Vi6
W8W39UHYnh3JxmprP
wFa6oWjRnFDUHJyA1c8
wFa6oWjRnFDUHJyA1c8
wFa6oWjRnFDUHJyA1c8
wFa6oWjRnFDUHJyA1c8
wFa6oWjRnFDUHJyA1c8
wFa6oWjRnFDUHJyA1c8
wFa6oWjRnFDUHJyA1c8
wFa6oWjRnFDUHJyA1c8
wFa6oWjRnFDUHJyA1c8
wFa6oWjRnFDUHJyA1c8
wFa6oWjRnFDUHJyA1c8
wFa6oWjRnFDUHJyA1c8
wFa6oWjRnFDUHJyA1c8
wFa6oWjRnFDUHJyA1c8
wFa6oWjRnFDUHJyA1c8
wFa6oWjRnFDUHJyA1c8
wFa6oWjRnFDUHJyA1c8
wFa6oWjRnFDUHJyA1c8
wFa6oWjRnFDUHJyA1c8
wFa6oWjRnFDUHJyA1c8
wFa6oWjRnFDUHJyA1c8
wFa6oWjRnFDUHJyA1c8
wFa6oWjRnFDUHJyA1c8
wFa6oWjRnFDUHJyA1c8
wFa6oWjRnFDUHJyA1c8
wFa6oWjRnFDUHJyA1c8
wFa6oWjRnFDUHJyA1c8
wFa6oWjRnFDUHJyA1c8
wFa6oWjRnFDUHJyA1c8
wFa6oWjRnFDUHJyA1c8
wFa6oWjRnFDUHJyA1c8
wFa6oWjRnFDUHJyA1c8
wFa6oWjRnFDUHJyA1c8
wFa6oWjRnFDUHJyA1c8
wFa6oWjRnFDUHJyA1c8
wFa6oWjRnFDUHJyA1c8
wFa6oWjRnFDUHJyA1c8
wFa6oWjRnFDUHJyA1c8
wFa6oWjRnFDUHJyA1c8
wFa6oWjRnFDUHJyA1c8
wFa6oWjRnFDUHJyA1c8
wFa6oWjRnFDUHJyA1c8
wFa6oWjRnFDUHJyA1c8
wFa6oWjRnFDUHJyA1c8
wFa6oWjRnFDUHJyA1c8
wFa6oWjRnFDUHJyA1c8
wFa6oWjRnFDUHJyA1c8
wFa6oWjRnFDUHJyA1c8
wFa6oWjRnFDUHJyA1c8
wFa6oWjRnFDUHJyA1c8
wFa6oWjRnFDUHJyA1c8
wFa6oWjRnFDUHJyA1c8
wFa6oWjRnFDUHJyA1c8
wFa6oWjRnFDUHJyA1c8
wFa6oWjRnFDUHJyA1c8
wFa6oWjRnFDUHJyA1c8
wFa6oWjRnFDUHJyA1c8
wFa6oWjRnFDUHJyA1c8
165qF4
pPUnF0jJhypmWQrHOG
0ut0vm
-2118832019
-2118832019
-2118832019
-2118832019
-2118832019
-2118832019
-2118832019
-2118832019
-2118832019
-2118832019
-2118832019
-2118832019
-2118832019
-2118832019
-2118832019
-2118832019
-2118832019
-2118832019
-2118832019
-2118832019
-2118832019
-2118832019
-2118832019
-2118832019
-2118832019
-2118832019
-2118832019
-2118832019
-2118832019
-2118832019
-2118832019
-2118832019
-2118832019
-2118832019
-2118832019
-2118832019
-2118832019
-2118832019
-2118832019
-2118832019
-2118832019
-2118832019
-2118832019
-2118832019
-2118832019
-2118832019
-2118832019
-2118832019
-2118832019
-2118832019
-2118832019
-2118832019
-2118832019
-2118832019
-2118832019
-2118832019
-2118832019
-2118832019
-2118832019
-2118832019
-2118832019
-2118832019
23yl0V
d096S03t3c7ZtvaajP
57dI938qP649H2v9
7Ps4O0FzT7DgMwgzHh0h
3MtmJh4hzKuapxZH6A617
[ASCII 102]
y4Rmu7
6g4o901KmQ426B3ZX3
hdf7F6
GLOeF78WHT1zQ1yWR1ki
1504059346
P8nXYm0f57mPIQb5
opTtIH8Db6EPYnJD0ls
[ASCII 85]
mY8lJP
[ASCII 86]
[ASCII 86]
[ASCII 86]
[ASCII 86]
[ASCII 86]
[ASCII 86]
[ASCII 86]
[ASCII 86]
[ASCII 86]
[ASCII 86]
[ASCII 86]
[ASCII 86]
[ASCII 86]
[ASCII 86]
[ASCII 86]
[ASCII 86]
[ASCII 86]
[ASCII 86]
[ASCII 86]
[ASCII 86]
[ASCII 86]
[ASCII 86]
[ASCII 86]
[ASCII 86]
[ASCII 86]
[ASCII 86]
[ASCII 86]
[ASCII 86]
[ASCII 86]
[ASCII 86]
[ASCII 86]
[ASCII 86]
[ASCII 86]
[ASCII 86]
[ASCII 86]
[ASCII 86]
[ASCII 86]
[ASCII 86]
[ASCII 86]
[ASCII 86]
[ASCII 86]
[ASCII 86]
[ASCII 86]
[ASCII 86]
[ASCII 86]
[ASCII 86]
[ASCII 86]
[ASCII 86]
[ASCII 86]
[ASCII 86]
[ASCII 86]
[ASCII 86]
[ASCII 86]
[ASCII 86]
[ASCII 86]
[ASCII 86]
[ASCII 86]
[ASCII 86]
[ASCII 86]
[ASCII 86]
[ASCII 86]
[ASCII 86]
[ASCII 86]
[ASCII 86]
[ASCII 86]
[ASCII 86]
[ASCII 86]
[ASCII 86]
[ASCII 86]
[ASCII 86]
[ASCII 86]
[ASCII 86]
[ASCII 86]
[ASCII 86]
[ASCII 86]
[ASCII 86]
[ASCII 86]
[ASCII 86]
[ASCII 86]
[ASCII 86]
[ASCII 86]
[ASCII 86]
[ASCII 86]
[ASCII 86]
[ASCII 86]
[ASCII 86]
[ASCII 86]
[ASCII 86]
[ASCII 86]
[ASCII 86]
[ASCII 86]
[ASCII 86]
[ASCII 86]
[ASCII 86]
[ASCII 86]
[ASCII 86]
736002120
8VfRV0wSWXC
8VfRV0wSWXC
8VfRV0wSWXC
8VfRV0wSWXC
8VfRV0wSWXC
8VfRV0wSWXC
8VfRV0wSWXC
8VfRV0wSWXC
8VfRV0wSWXC
8VfRV0wSWXC
8VfRV0wSWXC
8VfRV0wSWXC
8VfRV0wSWXC
8VfRV0wSWXC
8VfRV0wSWXC
8VfRV0wSWXC
8VfRV0wSWXC
8VfRV0wSWXC
8VfRV0wSWXC
8VfRV0wSWXC
8VfRV0wSWXC
8VfRV0wSWXC
8VfRV0wSWXC
8VfRV0wSWXC
8VfRV0wSWXC
8VfRV0wSWXC
8VfRV0wSWXC
8VfRV0wSWXC
8VfRV0wSWXC
8VfRV0wSWXC
8VfRV0wSWXC
8VfRV0wSWXC
8VfRV0wSWXC
8VfRV0wSWXC
8VfRV0wSWXC
8VfRV0wSWXC
8VfRV0wSWXC
8VfRV0wSWXC
8VfRV0wSWXC
8VfRV0wSWXC
8VfRV0wSWXC
8VfRV0wSWXC
8VfRV0wSWXC
8VfRV0wSWXC
8VfRV0wSWXC
8VfRV0wSWXC
8VfRV0wSWXC
8VfRV0wSWXC
8VfRV0wSWXC
8VfRV0wSWXC
8VfRV0wSWXC
8VfRV0wSWXC
8VfRV0wSWXC
8VfRV0wSWXC
8VfRV0wSWXC
8VfRV0wSWXC
8VfRV0wSWXC
8VfRV0wSWXC
8VfRV0wSWXC
8VfRV0wSWXC
8VfRV0wSWXC
8VfRV0wSWXC
8VfRV0wSWXC
8VfRV0wSWXC
8VfRV0wSWXC
8VfRV0wSWXC
8VfRV0wSWXC
8VfRV0wSWXC
8VfRV0wSWXC
8VfRV0wSWXC
8VfRV0wSWXC
8VfRV0wSWXC
8VfRV0wSWXC
8VfRV0wSWXC
8VfRV0wSWXC
8VfRV0wSWXC
8VfRV0wSWXC
8VfRV0wSWXC
8VfRV0wSWXC
8VfRV0wSWXC
8VfRV0wSWXC
teH26Q4mPVNg6awx2
-504524909
736002120
A4T4vA81xDwg0IJHoGnr
A4T4vA81xDwg0IJHoGnr
A4T4vA81xDwg0IJHoGnr
mpN196s3v1e09V423Z9
qOHLX9
qOHLX9
qOHLX9
qOHLX9
qOHLX9
qOHLX9
qOHLX9
qOHLX9
qOHLX9
qOHLX9
qOHLX9
qOHLX9
qOHLX9
qOHLX9
qOHLX9
qOHLX9
qOHLX9
qOHLX9
qOHLX9
qOHLX9
qOHLX9
qOHLX9
qOHLX9
qOHLX9
qOHLX9
qOHLX9
qOHLX9
qOHLX9
qOHLX9
qOHLX9
qOHLX9
qOHLX9
qOHLX9
sN7zDVCRxTS8s8Jhd0w
s5TB5130UjsoY6AMV3r
s5TB5130UjsoY6AMV3r
s5TB5130UjsoY6AMV3r
s5TB5130UjsoY6AMV3r
s5TB5130UjsoY6AMV3r
s5TB5130UjsoY6AMV3r
s5TB5130UjsoY6AMV3r
s5TB5130UjsoY6AMV3r
s5TB5130UjsoY6AMV3r
s5TB5130UjsoY6AMV3r
s5TB5130UjsoY6AMV3r
s5TB5130UjsoY6AMV3r
s5TB5130UjsoY6AMV3r
s5TB5130UjsoY6AMV3r
s5TB5130UjsoY6AMV3r
s5TB5130UjsoY6AMV3r
s5TB5130UjsoY6AMV3r
s5TB5130UjsoY6AMV3r
s5TB5130UjsoY6AMV3r
s5TB5130UjsoY6AMV3r
s5TB5130UjsoY6AMV3r
s5TB5130UjsoY6AMV3r
s5TB5130UjsoY6AMV3r
s5TB5130UjsoY6AMV3r
s5TB5130UjsoY6AMV3r
s5TB5130UjsoY6AMV3r
s5TB5130UjsoY6AMV3r
s5TB5130UjsoY6AMV3r
s5TB5130UjsoY6AMV3r
s5TB5130UjsoY6AMV3r
s5TB5130UjsoY6AMV3r
s5TB5130UjsoY6AMV3r
s5TB5130UjsoY6AMV3r
s5TB5130UjsoY6AMV3r
s5TB5130UjsoY6AMV3r
s5TB5130UjsoY6AMV3r
s5TB5130UjsoY6AMV3r
s5TB5130UjsoY6AMV3r
s5TB5130UjsoY6AMV3r
s5TB5130UjsoY6AMV3r
s5TB5130UjsoY6AMV3r
Y3vf3
YTR5hLb13LzoVpRra8
206980601
7297693
GvZ4lE1G553M09C173Wo
404lq6DmCvPHG4UBKHb
404lq6DmCvPHG4UBKHb
404lq6DmCvPHG4UBKHb
404lq6DmCvPHG4UBKHb
404lq6DmCvPHG4UBKHb
404lq6DmCvPHG4UBKHb
404lq6DmCvPHG4UBKHb
404lq6DmCvPHG4UBKHb
404lq6DmCvPHG4UBKHb
404lq6DmCvPHG4UBKHb
404lq6DmCvPHG4UBKHb
404lq6DmCvPHG4UBKHb
404lq6DmCvPHG4UBKHb
404lq6DmCvPHG4UBKHb
404lq6DmCvPHG4UBKHb
404lq6DmCvPHG4UBKHb
404lq6DmCvPHG4UBKHb
404lq6DmCvPHG4UBKHb
404lq6DmCvPHG4UBKHb
404lq6DmCvPHG4UBKHb
404lq6DmCvPHG4UBKHb
404lq6DmCvPHG4UBKHb
404lq6DmCvPHG4UBKHb
404lq6DmCvPHG4UBKHb
404lq6DmCvPHG4UBKHb
404lq6DmCvPHG4UBKHb
404lq6DmCvPHG4UBKHb
404lq6DmCvPHG4UBKHb
404lq6DmCvPHG4UBKHb
404lq6DmCvPHG4UBKHb
404lq6DmCvPHG4UBKHb
404lq6DmCvPHG4UBKHb
404lq6DmCvPHG4UBKHb
404lq6DmCvPHG4UBKHb
404lq6DmCvPHG4UBKHb
404lq6DmCvPHG4UBKHb
404lq6DmCvPHG4UBKHb
404lq6DmCvPHG4UBKHb
404lq6DmCvPHG4UBKHb
404lq6DmCvPHG4UBKHb
404lq6DmCvPHG4UBKHb
404lq6DmCvPHG4UBKHb
404lq6DmCvPHG4UBKHb
404lq6DmCvPHG4UBKHb
404lq6DmCvPHG4UBKHb
404lq6DmCvPHG4UBKHb
404lq6DmCvPHG4UBKHb
q1QrqZkOH2n41cfjOK
416930124
615525578
615525578
615525578
615525578
615525578
615525578
615525578
615525578
615525578
615525578
615525578
615525578
615525578
615525578
615525578
615525578
615525578
615525578
615525578
615525578
JWRHiGB7ZIgYJaQoN
2CEk6TyqZTWAb51GS
2CEk6TyqZTWAb51GS
2CEk6TyqZTWAb51GS
2CEk6TyqZTWAb51GS
2CEk6TyqZTWAb51GS
2CEk6TyqZTWAb51GS
2CEk6TyqZTWAb51GS
2CEk6TyqZTWAb51GS
r0igz44yOL1OGp5ZA80
1X51mvVA6lXce63bN
6WJHGPw
HHiyWzP
fgw7BUCh227Aqo1wlh
2zT44sj
2zT44sj
2zT44sj
2zT44sj
2zT44sj
2zT44sj
2zT44sj
2zT44sj
2zT44sj
2zT44sj
2zT44sj
2zT44sj
2zT44sj
2zT44sj
2zT44sj
2zT44sj
2zT44sj
2zT44sj
2zT44sj
2zT44sj
2zT44sj
2zT44sj
2zT44sj
2zT44sj
2zT44sj
2zT44sj
2zT44sj
2zT44sj
2zT44sj
2zT44sj
2zT44sj
2zT44sj
2zT44sj
2zT44sj
2zT44sj
2zT44sj
2zT44sj
2zT44sj
2zT44sj
2zT44sj
rz77aiW3Vw8sgr2oly7x
x0S90kXi30206k
x0S90kXi30206k
x0S90kXi30206k
x0S90kXi30206k
x0S90kXi30206k
x0S90kXi30206k
x0S90kXi30206k
x0S90kXi30206k
x0S90kXi30206k
x0S90kXi30206k
x0S90kXi30206k
x0S90kXi30206k
x0S90kXi30206k
x0S90kXi30206k
x0S90kXi30206k
x0S90kXi30206k
x0S90kXi30206k
x0S90kXi30206k
x0S90kXi30206k
x0S90kXi30206k
x0S90kXi30206k
x0S90kXi30206k
x0S90kXi30206k
x0S90kXi30206k
x0S90kXi30206k
x0S90kXi30206k
x0S90kXi30206k
x0S90kXi30206k
x0S90kXi30206k
x0S90kXi30206k
x0S90kXi30206k
x0S90kXi30206k
x0S90kXi30206k
x0S90kXi30206k
x0S90kXi30206k
x0S90kXi30206k
YyQXCof2Ct4XiHqfz9T
Qs8T0Vqp2fE90f99yb
I64OxjCTH0kBAyNoV
D8dxG
D8dxG
D8dxG
D8dxG
D8dxG
D8dxG
D8dxG
D8dxG
D8dxG
D8dxG
D8dxG
D8dxG
D8dxG
D8dxG
D8dxG
D8dxG
D8dxG
D8dxG
D8dxG
D8dxG
D8dxG
D8dxG
D8dxG
D8dxG
D8dxG
D8dxG
D8dxG
D8dxG
D8dxG
D8dxG
D8dxG
D8dxG
D8dxG
D8dxG
D8dxG
D8dxG
D8dxG
D8dxG
D8dxG
D8dxG
D8dxG
D8dxG
D8dxG
D8dxG
D8dxG
D8dxG
D8dxG
D8dxG
D8dxG
D8dxG
D8dxG
D8dxG
D8dxG
D8dxG
D8dxG
D8dxG
D8dxG
1317410691
rY5iv7fb02AwvhgZ4
b8rt8gPqX4kFPNW
19srSf8c9239WGQiUT
HCVkWzDg5zOAz6484
HCVkWzDg5zOAz6484
[ASCII 89]
1579419256
1579419256
w09VmDhtbr59fuVp
901573560
1V3AD72
8dVOdT2LDHI0169EL8X
i7Dm7E
MN7D5qcmlP10313d7RWq
MN7D5qcmlP10313d7RWq
MN7D5qcmlP10313d7RWq
MN7D5qcmlP10313d7RWq
MN7D5qcmlP10313d7RWq
MN7D5qcmlP10313d7RWq
MN7D5qcmlP10313d7RWq
MN7D5qcmlP10313d7RWq
MN7D5qcmlP10313d7RWq
MN7D5qcmlP10313d7RWq
MN7D5qcmlP10313d7RWq
MN7D5qcmlP10313d7RWq
MN7D5qcmlP10313d7RWq
MN7D5qcmlP10313d7RWq
MN7D5qcmlP10313d7RWq
MN7D5qcmlP10313d7RWq
MN7D5qcmlP10313d7RWq
MN7D5qcmlP10313d7RWq
MN7D5qcmlP10313d7RWq
MN7D5qcmlP10313d7RWq
MN7D5qcmlP10313d7RWq
MN7D5qcmlP10313d7RWq
MN7D5qcmlP10313d7RWq
MN7D5qcmlP10313d7RWq
MN7D5qcmlP10313d7RWq
MN7D5qcmlP10313d7RWq
MN7D5qcmlP10313d7RWq
MN7D5qcmlP10313d7RWq
MN7D5qcmlP10313d7RWq
MN7D5qcmlP10313d7RWq
MN7D5qcmlP10313d7RWq
8012D73j8EYZ
I38mO8174UTHDg7n6iY
6dn6M9EDH5j318FR68E4
SU3AkX4m55uVTjqfN
I3tGJco
I3tGJco
I3tGJco
I3tGJco
I3tGJco
I3tGJco
I3tGJco
I3tGJco
I3tGJco
I3tGJco
I3tGJco
I3tGJco
I3tGJco
I3tGJco
I3tGJco
I3tGJco
I3tGJco
I3tGJco
I3tGJco
I3tGJco
I3tGJco
I3tGJco
I3tGJco
I3tGJco
I3tGJco
I3tGJco
I3tGJco
I3tGJco
I3tGJco
I3tGJco
I3tGJco
I3tGJco
I3tGJco
I3tGJco
I3tGJco
I3tGJco
I3tGJco
I3tGJco
I3tGJco
I3tGJco
I3tGJco
I3tGJco
I3tGJco
I3tGJco
I3tGJco
I3tGJco
I3tGJco
I3tGJco
I3tGJco
I3tGJco
I3tGJco
I3tGJco
I3tGJco
I3tGJco
I3tGJco
I3tGJco
I3tGJco
I3tGJco
I3tGJco
I3tGJco
I3tGJco
I3tGJco
I3tGJco
I3tGJco
I3tGJco
I3tGJco
I3tGJco
I3tGJco
I3tGJco
I3tGJco
I3tGJco
I3tGJco
I3tGJco
I3tGJco
I3tGJco
I3tGJco
I3tGJco
I3tGJco
I3tGJco
I3tGJco
I3tGJco
I3tGJco
I3tGJco
I3tGJco
I3tGJco
I3tGJco
I3tGJco
I3tGJco
I3tGJco
I3tGJco
1851748362
7xCvw47Eu23r91vD0SR
43p9D2q75770p47j47i
Zaaja25o0tVFf393
[ASCII 119]
[ASCII 116]
132724200
Umd3968VcPR73F3
NZU0477
hkjdIFC50uHpuh
1107017361
Qrecf
ZPKMhV26yV345t9S
