kMX790roIwbm5JtSx4B
kMX790roIwbm5JtSx4B
kMX790roIwbm5JtSx4B
kMX790roIwbm5JtSx4B
kMX790roIwbm5JtSx4B
kMX790roIwbm5JtSx4B
kMX790roIwbm5JtSx4B
kMX790roIwbm5JtSx4B
kMX790roIwbm5JtSx4B
kMX790roIwbm5JtSx4B
kMX790roIwbm5JtSx4B
kMX790roIwbm5JtSx4B
kMX790roIwbm5JtSx4B
kMX790roIwbm5JtSx4B
kMX790roIwbm5JtSx4B
kMX790roIwbm5JtSx4B
kMX790roIwbm5JtSx4B
kMX790roIwbm5JtSx4B
kMX790roIwbm5JtSx4B
kMX790roIwbm5JtSx4B
kMX790roIwbm5JtSx4B
kMX790roIwbm5JtSx4B
kMX790roIwbm5JtSx4B
kMX790roIwbm5JtSx4B
kMX790roIwbm5JtSx4B
kMX790roIwbm5JtSx4B
kMX790roIwbm5JtSx4B
kMX790roIwbm5JtSx4B
kMX790roIwbm5JtSx4B
kMX790roIwbm5JtSx4B
kMX790roIwbm5JtSx4B
kMX790roIwbm5JtSx4B
kMX790roIwbm5JtSx4B
kMX790roIwbm5JtSx4B
kMX790roIwbm5JtSx4B
kMX790roIwbm5JtSx4B
kMX790roIwbm5JtSx4B
kMX790roIwbm5JtSx4B
kMX790roIwbm5JtSx4B
kMX790roIwbm5JtSx4B
kMX790roIwbm5JtSx4B
1Z88R930izsKPw3
H2319o15PN4q81x2CB27
1630272248
nJT3rspf9v1ZP5q
-294209702
1903032614
6wS1Lx469yg380NdD4T
6wS1Lx469yg380NdD4T
6wS1Lx469yg380NdD4T
6wS1Lx469yg380NdD4T
6wS1Lx469yg380NdD4T
6wS1Lx469yg380NdD4T
6wS1Lx469yg380NdD4T
6wS1Lx469yg380NdD4T
6wS1Lx469yg380NdD4T
6wS1Lx469yg380NdD4T
6wS1Lx469yg380NdD4T
6wS1Lx469yg380NdD4T
6wS1Lx469yg380NdD4T
6wS1Lx469yg380NdD4T
6wS1Lx469yg380NdD4T
6wS1Lx469yg380NdD4T
6wS1Lx469yg380NdD4T
6wS1Lx469yg380NdD4T
6wS1Lx469yg380NdD4T
6wS1Lx469yg380NdD4T
6wS1Lx469yg380NdD4T
6wS1Lx469yg380NdD4T
6wS1Lx469yg380NdD4T
6wS1Lx469yg380NdD4T
6wS1Lx469yg380NdD4T
6wS1Lx469yg380NdD4T
6wS1Lx469yg380NdD4T
6wS1Lx469yg380NdD4T
6wS1Lx469yg380NdD4T
6wS1Lx469yg380NdD4T
6wS1Lx469yg380NdD4T
6wS1Lx469yg380NdD4T
6wS1Lx469yg380NdD4T
6wS1Lx469yg380NdD4T
6wS1Lx469yg380NdD4T
6wS1Lx469yg380NdD4T
6wS1Lx469yg380NdD4T
6wS1Lx469yg380NdD4T
6wS1Lx469yg380NdD4T
6wS1Lx469yg380NdD4T
6wS1Lx469yg380NdD4T
6wS1Lx469yg380NdD4T
6wS1Lx469yg380NdD4T
6wS1Lx469yg380NdD4T
6wS1Lx469yg380NdD4T
6wS1Lx469yg380NdD4T
6wS1Lx469yg380NdD4T
6wS1Lx469yg380NdD4T
6wS1Lx469yg380NdD4T
6wS1Lx469yg380NdD4T
6wS1Lx469yg380NdD4T
6wS1Lx469yg380NdD4T
6wS1Lx469yg380NdD4T
6wS1Lx469yg380NdD4T
6wS1Lx469yg380NdD4T
6wS1Lx469yg380NdD4T
6wS1Lx469yg380NdD4T
6wS1Lx469yg380NdD4T
6wS1Lx469yg380NdD4T
6wS1Lx469yg380NdD4T
6wS1Lx469yg380NdD4T
6wS1Lx469yg380NdD4T
6wS1Lx469yg380NdD4T
6wS1Lx469yg380NdD4T
6wS1Lx469yg380NdD4T
6wS1Lx469yg380NdD4T
6wS1Lx469yg380NdD4T
6wS1Lx469yg380NdD4T
6wS1Lx469yg380NdD4T
6wS1Lx469yg380NdD4T
6wS1Lx469yg380NdD4T
6wS1Lx469yg380NdD4T
TRP5v
tGyAbppD1emMOY0o
EpC65Mynz1C
1615715836
9Rf3H48wyH1ikl9r4lK
cxJ294DoS1GwQEtE7Ya
F6P9EZQ6Ta36t7Xn70
Qyiy1oSze6G4LxMLJE
ev2V088v8Tq1u64r4a0
MNm620FL1F6rH6WKsf
9y3gL1666XGMop8N9
U6MjV6P61AdI09N1Gi
U6MjV6P61AdI09N1Gi
U6MjV6P61AdI09N1Gi
U6MjV6P61AdI09N1Gi
U6MjV6P61AdI09N1Gi
U6MjV6P61AdI09N1Gi
U6MjV6P61AdI09N1Gi
U6MjV6P61AdI09N1Gi
U6MjV6P61AdI09N1Gi
U6MjV6P61AdI09N1Gi
U6MjV6P61AdI09N1Gi
U6MjV6P61AdI09N1Gi
U6MjV6P61AdI09N1Gi
U6MjV6P61AdI09N1Gi
U6MjV6P61AdI09N1Gi
U6MjV6P61AdI09N1Gi
U6MjV6P61AdI09N1Gi
U6MjV6P61AdI09N1Gi
U6MjV6P61AdI09N1Gi
U6MjV6P61AdI09N1Gi
U6MjV6P61AdI09N1Gi
U6MjV6P61AdI09N1Gi
U6MjV6P61AdI09N1Gi
U6MjV6P61AdI09N1Gi
U6MjV6P61AdI09N1Gi
U6MjV6P61AdI09N1Gi
U6MjV6P61AdI09N1Gi
U6MjV6P61AdI09N1Gi
U6MjV6P61AdI09N1Gi
U6MjV6P61AdI09N1Gi
U6MjV6P61AdI09N1Gi
U6MjV6P61AdI09N1Gi
U6MjV6P61AdI09N1Gi
U6MjV6P61AdI09N1Gi
U6MjV6P61AdI09N1Gi
U6MjV6P61AdI09N1Gi
U6MjV6P61AdI09N1Gi
U6MjV6P61AdI09N1Gi
U6MjV6P61AdI09N1Gi
U6MjV6P61AdI09N1Gi
U6MjV6P61AdI09N1Gi
U6MjV6P61AdI09N1Gi
U6MjV6P61AdI09N1Gi
U6MjV6P61AdI09N1Gi
U6MjV6P61AdI09N1Gi
U6MjV6P61AdI09N1Gi
U6MjV6P61AdI09N1Gi
U6MjV6P61AdI09N1Gi
U6MjV6P61AdI09N1Gi
U6MjV6P61AdI09N1Gi
U6MjV6P61AdI09N1Gi
U6MjV6P61AdI09N1Gi
U6MjV6P61AdI09N1Gi
U6MjV6P61AdI09N1Gi
U6MjV6P61AdI09N1Gi
[ASCII 113]
0nqM1Zb44vNM2zz0EVXx
0nqM1Zb44vNM2zz0EVXx
0nqM1Zb44vNM2zz0EVXx
0nqM1Zb44vNM2zz0EVXx
0nqM1Zb44vNM2zz0EVXx
0nqM1Zb44vNM2zz0EVXx
0nqM1Zb44vNM2zz0EVXx
0nqM1Zb44vNM2zz0EVXx
0nqM1Zb44vNM2zz0EVXx
0nqM1Zb44vNM2zz0EVXx
0nqM1Zb44vNM2zz0EVXx
0nqM1Zb44vNM2zz0EVXx
0nqM1Zb44vNM2zz0EVXx
0nqM1Zb44vNM2zz0EVXx
0nqM1Zb44vNM2zz0EVXx
0nqM1Zb44vNM2zz0EVXx
0nqM1Zb44vNM2zz0EVXx
0nqM1Zb44vNM2zz0EVXx
0nqM1Zb44vNM2zz0EVXx
0nqM1Zb44vNM2zz0EVXx
0nqM1Zb44vNM2zz0EVXx
0nqM1Zb44vNM2zz0EVXx
0nqM1Zb44vNM2zz0EVXx
0nqM1Zb44vNM2zz0EVXx
0nqM1Zb44vNM2zz0EVXx
0nqM1Zb44vNM2zz0EVXx
0nqM1Zb44vNM2zz0EVXx
0nqM1Zb44vNM2zz0EVXx
0nqM1Zb44vNM2zz0EVXx
0nqM1Zb44vNM2zz0EVXx
3DelQZq16F17ym9831S
3DelQZq16F17ym9831S
3DelQZq16F17ym9831S
3DelQZq16F17ym9831S
3DelQZq16F17ym9831S
3DelQZq16F17ym9831S
3DelQZq16F17ym9831S
3DelQZq16F17ym9831S
3DelQZq16F17ym9831S
3DelQZq16F17ym9831S
3DelQZq16F17ym9831S
3DelQZq16F17ym9831S
3DelQZq16F17ym9831S
3DelQZq16F17ym9831S
3DelQZq16F17ym9831S
3DelQZq16F17ym9831S
3DelQZq16F17ym9831S
3DelQZq16F17ym9831S
3DelQZq16F17ym9831S
3DelQZq16F17ym9831S
3DelQZq16F17ym9831S
3DelQZq16F17ym9831S
3DelQZq16F17ym9831S
3DelQZq16F17ym9831S
3DelQZq16F17ym9831S
3DelQZq16F17ym9831S
3DelQZq16F17ym9831S
3DelQZq16F17ym9831S
3DelQZq16F17ym9831S
3DelQZq16F17ym9831S
3DelQZq16F17ym9831S
3DelQZq16F17ym9831S
3DelQZq16F17ym9831S
3DelQZq16F17ym9831S
3DelQZq16F17ym9831S
3DelQZq16F17ym9831S
3DelQZq16F17ym9831S
3DelQZq16F17ym9831S
3DelQZq16F17ym9831S
3DelQZq16F17ym9831S
3DelQZq16F17ym9831S
3DelQZq16F17ym9831S
3DelQZq16F17ym9831S
3DelQZq16F17ym9831S
3DelQZq16F17ym9831S
3DelQZq16F17ym9831S
3DelQZq16F17ym9831S
hML5HQv4jH32e29lg9eT
614I90N0E2ir19282P
Q90c1rp
Q90c1rp
Q90c1rp
Q90c1rp
Q90c1rp
Q90c1rp
Q90c1rp
Q90c1rp
Q90c1rp
Q90c1rp
Q90c1rp
Q90c1rp
Q90c1rp
Q90c1rp
Q90c1rp
Q90c1rp
Q90c1rp
Q90c1rp
Q90c1rp
Q90c1rp
Q90c1rp
Q90c1rp
Q90c1rp
Q90c1rp
Q90c1rp
Q90c1rp
Q90c1rp
Q90c1rp
Q90c1rp
Q90c1rp
Q90c1rp
Q90c1rp
Q90c1rp
Q90c1rp
Q90c1rp
Q90c1rp
Q90c1rp
Q90c1rp
Q90c1rp
Q90c1rp
Q90c1rp
Q90c1rp
Q90c1rp
Q90c1rp
Q90c1rp
Q90c1rp
Q90c1rp
Q90c1rp
Q90c1rp
Q90c1rp
Q90c1rp
Q90c1rp
Q90c1rp
Q90c1rp
Q90c1rp
Q90c1rp
Q90c1rp
Q90c1rp
Q90c1rp
Q90c1rp
Q90c1rp
Q90c1rp
Q90c1rp
Q90c1rp
Q90c1rp
Q90c1rp
Q90c1rp
Q90c1rp
Q90c1rp
Q90c1rp
Q90c1rp
Q90c1rp
Q90c1rp
Q90c1rp
[ASCII 103]
bEG5357q7pgKYtJYO2Fm
1878896295
Vr3d56j43G3SbIu3y
[ASCII 103]
vQabJLGj32a4tm2N
T011Kvlq3Ktwi9UEkr
[ASCII 103]
882040448
9bm0fc5dXd9tRS8nv
9bm0fc5dXd9tRS8nv
9bm0fc5dXd9tRS8nv
9bm0fc5dXd9tRS8nv
9bm0fc5dXd9tRS8nv
9bm0fc5dXd9tRS8nv
9bm0fc5dXd9tRS8nv
9bm0fc5dXd9tRS8nv
9bm0fc5dXd9tRS8nv
9bm0fc5dXd9tRS8nv
9bm0fc5dXd9tRS8nv
9bm0fc5dXd9tRS8nv
9bm0fc5dXd9tRS8nv
9bm0fc5dXd9tRS8nv
9bm0fc5dXd9tRS8nv
9bm0fc5dXd9tRS8nv
9bm0fc5dXd9tRS8nv
9bm0fc5dXd9tRS8nv
9bm0fc5dXd9tRS8nv
9bm0fc5dXd9tRS8nv
9bm0fc5dXd9tRS8nv
9bm0fc5dXd9tRS8nv
9bm0fc5dXd9tRS8nv
9bm0fc5dXd9tRS8nv
9bm0fc5dXd9tRS8nv
9bm0fc5dXd9tRS8nv
9bm0fc5dXd9tRS8nv
9bm0fc5dXd9tRS8nv
9bm0fc5dXd9tRS8nv
9bm0fc5dXd9tRS8nv
9bm0fc5dXd9tRS8nv
9bm0fc5dXd9tRS8nv
9bm0fc5dXd9tRS8nv
9bm0fc5dXd9tRS8nv
9bm0fc5dXd9tRS8nv
9bm0fc5dXd9tRS8nv
9bm0fc5dXd9tRS8nv
9bm0fc5dXd9tRS8nv
9bm0fc5dXd9tRS8nv
9bm0fc5dXd9tRS8nv
9bm0fc5dXd9tRS8nv
9bm0fc5dXd9tRS8nv
9bm0fc5dXd9tRS8nv
9bm0fc5dXd9tRS8nv
9bm0fc5dXd9tRS8nv
9bm0fc5dXd9tRS8nv
9bm0fc5dXd9tRS8nv
9bm0fc5dXd9tRS8nv
9bm0fc5dXd9tRS8nv
9bm0fc5dXd9tRS8nv
a8JpQDNtOSf2QhG7Oe
[ASCII 66]
3o4fe6377g953IkOULb5
[ASCII 70]
[ASCII -88]
[ASCII 52]
14L3y7V5G848V7g3K
ezrH068LeilCGOn
mmN4Fl7xf8FXU25ar
1383421049
O6Enu7tQnHcp308ULL
574215875
1027291353
5N441FThLe0v7sSMAx
IbM93pd
6hCOSu3822zozCT4uoT
6hCOSu3822zozCT4uoT
6hCOSu3822zozCT4uoT
6hCOSu3822zozCT4uoT
6hCOSu3822zozCT4uoT
6hCOSu3822zozCT4uoT
6hCOSu3822zozCT4uoT
6hCOSu3822zozCT4uoT
6hCOSu3822zozCT4uoT
6hCOSu3822zozCT4uoT
6hCOSu3822zozCT4uoT
6hCOSu3822zozCT4uoT
6hCOSu3822zozCT4uoT
6hCOSu3822zozCT4uoT
6hCOSu3822zozCT4uoT
6hCOSu3822zozCT4uoT
6hCOSu3822zozCT4uoT
6hCOSu3822zozCT4uoT
6hCOSu3822zozCT4uoT
6hCOSu3822zozCT4uoT
6hCOSu3822zozCT4uoT
6hCOSu3822zozCT4uoT
6hCOSu3822zozCT4uoT
6hCOSu3822zozCT4uoT
6hCOSu3822zozCT4uoT
6hCOSu3822zozCT4uoT
6hCOSu3822zozCT4uoT
6hCOSu3822zozCT4uoT
6hCOSu3822zozCT4uoT
6hCOSu3822zozCT4uoT
6hCOSu3822zozCT4uoT
6hCOSu3822zozCT4uoT
6hCOSu3822zozCT4uoT
dU99P8V4M0spSNIQcuY
[ASCII 106]
[ASCII 106]
[ASCII 106]
[ASCII 106]
[ASCII 106]
[ASCII 106]
[ASCII 106]
[ASCII 106]
[ASCII 106]
[ASCII 106]
[ASCII 106]
[ASCII 106]
[ASCII 106]
[ASCII 106]
[ASCII 106]
[ASCII 106]
[ASCII 106]
[ASCII 106]
[ASCII 106]
[ASCII 106]
[ASCII 106]
[ASCII 106]
[ASCII 106]
[ASCII 106]
[ASCII 106]
[ASCII 106]
[ASCII 106]
[ASCII 106]
[ASCII 106]
[ASCII 106]
[ASCII 106]
[ASCII 106]
[ASCII 106]
[ASCII 106]
[ASCII 106]
[ASCII 106]
[ASCII 106]
[ASCII 106]
[ASCII 106]
[ASCII 106]
[ASCII 106]
[ASCII 106]
[ASCII 106]
[ASCII 106]
[ASCII 106]
[ASCII 106]
[ASCII 106]
[ASCII 106]
[ASCII 106]
[ASCII 106]
[ASCII 106]
[ASCII 106]
[ASCII 106]
[ASCII 106]
[ASCII 106]
[ASCII 106]
[ASCII 106]
[ASCII 106]
[ASCII 106]
[ASCII 106]
[ASCII 106]
[ASCII 106]
[ASCII 106]
[ASCII 106]
[ASCII 106]
[ASCII 106]
[ASCII 106]
[ASCII 106]
[ASCII 106]
[ASCII 106]
[ASCII 106]
[ASCII 106]
[ASCII 106]
[ASCII 106]
[ASCII 106]
[ASCII 106]
[ASCII 106]
[ASCII 106]
[ASCII 106]
[ASCII 106]
[ASCII 106]
[ASCII 106]
[ASCII 106]
[ASCII 106]
[ASCII 106]
UGpJvNDT4tDj9Loq5h
230m0Q7Yq7vlAV33T0
t8pix
[ASCII 73]
W7doec3B1Kzj2DI1D6Pv
82DD6AZZXgjfgt51d8
b2q4o0eV8W854Ux9XQB
1241711464
9IzpRvaJ33AZpKO8Jjm
737703253
17Iv273S9G68dFeqNEq
-1844828290
4siN5rY
jtHI8h
[ASCII 55]
737703253
8y8Dj1oYbxbaM3rX
ZqCEpO5oF72DjGOCO4s
R59gwu0
b6GWk2
b6GWk2
b6GWk2
b6GWk2
b6GWk2
b6GWk2
b6GWk2
b6GWk2
b6GWk2
b6GWk2
b6GWk2
b6GWk2
b6GWk2
b6GWk2
b6GWk2
b6GWk2
b6GWk2
b6GWk2
b6GWk2
b6GWk2
b6GWk2
b6GWk2
b6GWk2
b6GWk2
b6GWk2
b6GWk2
b6GWk2
b6GWk2
b6GWk2
b6GWk2
b6GWk2
b6GWk2
b6GWk2
b6GWk2
b6GWk2
b6GWk2
b6GWk2
b6GWk2
b6GWk2
b6GWk2
b6GWk2
b6GWk2
b6GWk2
b6GWk2
b6GWk2
b6GWk2
b6GWk2
b6GWk2
b6GWk2
73N979ZCGij34CWzS509
vU843AJumQDARUt1
vU843AJumQDARUt1
vU843AJumQDARUt1
vU843AJumQDARUt1
vU843AJumQDARUt1
vU843AJumQDARUt1
vU843AJumQDARUt1
vU843AJumQDARUt1
vU843AJumQDARUt1
vU843AJumQDARUt1
vU843AJumQDARUt1
vU843AJumQDARUt1
vU843AJumQDARUt1
vU843AJumQDARUt1
vU843AJumQDARUt1
vU843AJumQDARUt1
vU843AJumQDARUt1
vU843AJumQDARUt1
vU843AJumQDARUt1
vU843AJumQDARUt1
vU843AJumQDARUt1
vU843AJumQDARUt1
vU843AJumQDARUt1
vU843AJumQDARUt1
vU843AJumQDARUt1
vU843AJumQDARUt1
vU843AJumQDARUt1
vU843AJumQDARUt1
vU843AJumQDARUt1
vU843AJumQDARUt1
vU843AJumQDARUt1
vU843AJumQDARUt1
vU843AJumQDARUt1
vU843AJumQDARUt1
vU843AJumQDARUt1
vU843AJumQDARUt1
vU843AJumQDARUt1
vU843AJumQDARUt1
vU843AJumQDARUt1
vU843AJumQDARUt1
vU843AJumQDARUt1
vU843AJumQDARUt1
vU843AJumQDARUt1
vU843AJumQDARUt1
vU843AJumQDARUt1
vU843AJumQDARUt1
vU843AJumQDARUt1
vU843AJumQDARUt1
vU843AJumQDARUt1
vU843AJumQDARUt1
vU843AJumQDARUt1
vU843AJumQDARUt1
vU843AJumQDARUt1
vU843AJumQDARUt1
vU843AJumQDARUt1
vU843AJumQDARUt1
vU843AJumQDARUt1
vU843AJumQDARUt1
vU843AJumQDARUt1
vU843AJumQDARUt1
vU843AJumQDARUt1
vU843AJumQDARUt1
vU843AJumQDARUt1
vU843AJumQDARUt1
[ASCII 104]
[ASCII 105]
8ff8pB98qJ5z0T5oeF
8ff8pB98qJ5z0T5oeF
8ff8pB98qJ5z0T5oeF
8ff8pB98qJ5z0T5oeF
8ff8pB98qJ5z0T5oeF
8ff8pB98qJ5z0T5oeF
8ff8pB98qJ5z0T5oeF
8ff8pB98qJ5z0T5oeF
8ff8pB98qJ5z0T5oeF
8ff8pB98qJ5z0T5oeF
8ff8pB98qJ5z0T5oeF
8ff8pB98qJ5z0T5oeF
8ff8pB98qJ5z0T5oeF
8ff8pB98qJ5z0T5oeF
8ff8pB98qJ5z0T5oeF
8ff8pB98qJ5z0T5oeF
8ff8pB98qJ5z0T5oeF
8ff8pB98qJ5z0T5oeF
8ff8pB98qJ5z0T5oeF
8ff8pB98qJ5z0T5oeF
8ff8pB98qJ5z0T5oeF
8ff8pB98qJ5z0T5oeF
8ff8pB98qJ5z0T5oeF
8ff8pB98qJ5z0T5oeF
8ff8pB98qJ5z0T5oeF
8ff8pB98qJ5z0T5oeF
8ff8pB98qJ5z0T5oeF
8ff8pB98qJ5z0T5oeF
8ff8pB98qJ5z0T5oeF
8ff8pB98qJ5z0T5oeF
8ff8pB98qJ5z0T5oeF
8ff8pB98qJ5z0T5oeF
8ff8pB98qJ5z0T5oeF
8ff8pB98qJ5z0T5oeF
8ff8pB98qJ5z0T5oeF
8ff8pB98qJ5z0T5oeF
8ff8pB98qJ5z0T5oeF
8ff8pB98qJ5z0T5oeF
8ff8pB98qJ5z0T5oeF
8ff8pB98qJ5z0T5oeF
8ff8pB98qJ5z0T5oeF
8ff8pB98qJ5z0T5oeF
8ff8pB98qJ5z0T5oeF
8ff8pB98qJ5z0T5oeF
8ff8pB98qJ5z0T5oeF
8ff8pB98qJ5z0T5oeF
8ff8pB98qJ5z0T5oeF
8ff8pB98qJ5z0T5oeF
8ff8pB98qJ5z0T5oeF
8ff8pB98qJ5z0T5oeF
8ff8pB98qJ5z0T5oeF
8ff8pB98qJ5z0T5oeF
8ff8pB98qJ5z0T5oeF
8ff8pB98qJ5z0T5oeF
8ff8pB98qJ5z0T5oeF
8ff8pB98qJ5z0T5oeF
8ff8pB98qJ5z0T5oeF
8ff8pB98qJ5z0T5oeF
8ff8pB98qJ5z0T5oeF
8ff8pB98qJ5z0T5oeF
8ff8pB98qJ5z0T5oeF
2k8ndm3x03nf0qd3nHy
WIfjfxv9o114bVWXYR8r
WIfjfxv9o114bVWXYR8r
WIfjfxv9o114bVWXYR8r
WIfjfxv9o114bVWXYR8r
WIfjfxv9o114bVWXYR8r
WIfjfxv9o114bVWXYR8r
WIfjfxv9o114bVWXYR8r
WIfjfxv9o114bVWXYR8r
WIfjfxv9o114bVWXYR8r
WIfjfxv9o114bVWXYR8r
WIfjfxv9o114bVWXYR8r
WIfjfxv9o114bVWXYR8r
WIfjfxv9o114bVWXYR8r
WIfjfxv9o114bVWXYR8r
WIfjfxv9o114bVWXYR8r
WIfjfxv9o114bVWXYR8r
WIfjfxv9o114bVWXYR8r
WIfjfxv9o114bVWXYR8r
WIfjfxv9o114bVWXYR8r
WIfjfxv9o114bVWXYR8r
WIfjfxv9o114bVWXYR8r
WIfjfxv9o114bVWXYR8r
WIfjfxv9o114bVWXYR8r
WIfjfxv9o114bVWXYR8r
WIfjfxv9o114bVWXYR8r
WIfjfxv9o114bVWXYR8r
WIfjfxv9o114bVWXYR8r
WIfjfxv9o114bVWXYR8r
WIfjfxv9o114bVWXYR8r
WIfjfxv9o114bVWXYR8r
327467192
[ASCII 48]
5bbXv7S343lmxn59
9DL57
9DL57
9DL57
9DL57
9DL57
9DL57
9DL57
9DL57
9DL57
9DL57
9DL57
9DL57
9DL57
9DL57
9DL57
9DL57
9DL57
9DL57
9DL57
9DL57
9DL57
9DL57
9DL57
9DL57
9DL57
9DL57
9DL57
9DL57
9DL57
9DL57
9DL57
9DL57
9DL57
9DL57
9DL57
9DL57
9DL57
9DL57
9DL57
9DL57
9DL57
9DL57
9DL57
9DL57
9DL57
9DL57
9DL57
9DL57
9DL57
9DL57
9DL57
9DL57
9DL57
9DL57
9DL57
9DL57
9DL57
9DL57
9DL57
9DL57
9DL57
9DL57
9DL57
9DL57
9DL57
9DL57
9DL57
9DL57
9DL57
9DL57
JCIJQgQt7y6b54VjgNwO9
2NGSw63W4D1wHkms10B
O6WTAZEBMHt0Ww9khRz
DjJ141Z60X9Kxg4F1B5B
-1049878582
KENe5Mjij5v0JkRj0
734966870
tcV401y420Y814TAB
Khs03
qL06UAE1y8p6n8s9Q5r
00W6pL0eSYZME6zw4k
1917896267
1917896267
1917896267
1917896267
1917896267
1917896267
1917896267
1917896267
1917896267
1917896267
1917896267
1917896267
1917896267
1917896267
1917896267
1917896267
1917896267
1917896267
1917896267
1917896267
1917896267
1917896267
1917896267
1917896267
1917896267
1917896267
1917896267
1917896267
1917896267
1917896267
1917896267
1917896267
1917896267
1917896267
1917896267
1917896267
1917896267
1917896267
1917896267
1917896267
1917896267
1917896267
1917896267
1917896267
1917896267
1917896267
1917896267
1917896267
1917896267
1917896267
1917896267
1917896267
1917896267
1917896267
1917896267
1917896267
1917896267
1917896267
1917896267
1917896267
1917896267
1917896267
1917896267
1917896267
1917896267
1917896267
1917896267
1917896267
1917896267
1917896267
1917896267
1917896267
1917896267
1917896267
1917896267
1917896267
1917896267
5wK7fi4p3Ec77f02
hhHbn6UP39D4Hvn5
DkHX16g377EkitbZf
MQIZT1ShNi893666
595286456
dFk4vR457pnwDtXaYe
jtHI8h
471465687
cMFb34aQDo3b9An0
lnouc9KUfP36kTIH
I6zLzDy7bh7k7438nz
7M13VML6T972li0bM
7M13VML6T972li0bM
7M13VML6T972li0bM
7M13VML6T972li0bM
7M13VML6T972li0bM
7M13VML6T972li0bM
7M13VML6T972li0bM
7M13VML6T972li0bM
7M13VML6T972li0bM
7M13VML6T972li0bM
7M13VML6T972li0bM
7M13VML6T972li0bM
7M13VML6T972li0bM
7M13VML6T972li0bM
7M13VML6T972li0bM
7M13VML6T972li0bM
7M13VML6T972li0bM
7M13VML6T972li0bM
7M13VML6T972li0bM
7M13VML6T972li0bM
7M13VML6T972li0bM
7M13VML6T972li0bM
7M13VML6T972li0bM
7M13VML6T972li0bM
7M13VML6T972li0bM
7M13VML6T972li0bM
7M13VML6T972li0bM
7M13VML6T972li0bM
7M13VML6T972li0bM
7M13VML6T972li0bM
7M13VML6T972li0bM
7M13VML6T972li0bM
7M13VML6T972li0bM
7M13VML6T972li0bM
7M13VML6T972li0bM
7M13VML6T972li0bM
7M13VML6T972li0bM
7M13VML6T972li0bM
7M13VML6T972li0bM
7M13VML6T972li0bM
7M13VML6T972li0bM
7M13VML6T972li0bM
7M13VML6T972li0bM
7M13VML6T972li0bM
7M13VML6T972li0bM
7M13VML6T972li0bM
7M13VML6T972li0bM
7M13VML6T972li0bM
7M13VML6T972li0bM
7M13VML6T972li0bM
7M13VML6T972li0bM
7M13VML6T972li0bM
7M13VML6T972li0bM
7M13VML6T972li0bM
7M13VML6T972li0bM
7M13VML6T972li0bM
7M13VML6T972li0bM
7M13VML6T972li0bM
7M13VML6T972li0bM
7M13VML6T972li0bM
7M13VML6T972li0bM
7M13VML6T972li0bM
7M13VML6T972li0bM
7M13VML6T972li0bM
7M13VML6T972li0bM
7M13VML6T972li0bM
32j84NwUs0yk48F1m
22tWJi01Ohcm34A8
4mSPl1DYXN3tc3u5bZep
xLbjfSjQ44PP6OB5
xLbjfSjQ44PP6OB5
xLbjfSjQ44PP6OB5
xLbjfSjQ44PP6OB5
xLbjfSjQ44PP6OB5
xLbjfSjQ44PP6OB5
xLbjfSjQ44PP6OB5
xLbjfSjQ44PP6OB5
xLbjfSjQ44PP6OB5
xLbjfSjQ44PP6OB5
xLbjfSjQ44PP6OB5
xLbjfSjQ44PP6OB5
xLbjfSjQ44PP6OB5
xLbjfSjQ44PP6OB5
xLbjfSjQ44PP6OB5
xLbjfSjQ44PP6OB5
xLbjfSjQ44PP6OB5
xLbjfSjQ44PP6OB5
xLbjfSjQ44PP6OB5
xLbjfSjQ44PP6OB5
xLbjfSjQ44PP6OB5
xLbjfSjQ44PP6OB5
xLbjfSjQ44PP6OB5
xLbjfSjQ44PP6OB5
xLbjfSjQ44PP6OB5
xLbjfSjQ44PP6OB5
xLbjfSjQ44PP6OB5
xLbjfSjQ44PP6OB5
xLbjfSjQ44PP6OB5
xLbjfSjQ44PP6OB5
xLbjfSjQ44PP6OB5
xLbjfSjQ44PP6OB5
xLbjfSjQ44PP6OB5
xLbjfSjQ44PP6OB5
xLbjfSjQ44PP6OB5
xLbjfSjQ44PP6OB5
Z8z4gqG5YZnT0XH3
[ASCII 80]
D5R80YnveL4zrn887f
D5R80YnveL4zrn887f
D5R80YnveL4zrn887f
D5R80YnveL4zrn887f
D5R80YnveL4zrn887f
D5R80YnveL4zrn887f
D5R80YnveL4zrn887f
D5R80YnveL4zrn887f
D5R80YnveL4zrn887f
D5R80YnveL4zrn887f
D5R80YnveL4zrn887f
D5R80YnveL4zrn887f
D5R80YnveL4zrn887f
D5R80YnveL4zrn887f
D5R80YnveL4zrn887f
D5R80YnveL4zrn887f
D5R80YnveL4zrn887f
D5R80YnveL4zrn887f
D5R80YnveL4zrn887f
D5R80YnveL4zrn887f
D5R80YnveL4zrn887f
D5R80YnveL4zrn887f
D5R80YnveL4zrn887f
D5R80YnveL4zrn887f
D5R80YnveL4zrn887f
D5R80YnveL4zrn887f
D5R80YnveL4zrn887f
D5R80YnveL4zrn887f
D5R80YnveL4zrn887f
D5R80YnveL4zrn887f
D5R80YnveL4zrn887f
D5R80YnveL4zrn887f
D5R80YnveL4zrn887f
D5R80YnveL4zrn887f
D5R80YnveL4zrn887f
D5R80YnveL4zrn887f
D5R80YnveL4zrn887f
D5R80YnveL4zrn887f
D5R80YnveL4zrn887f
D5R80YnveL4zrn887f
D5R80YnveL4zrn887f
D5R80YnveL4zrn887f
D5R80YnveL4zrn887f
D5R80YnveL4zrn887f
D5R80YnveL4zrn887f
D5R80YnveL4zrn887f
D5R80YnveL4zrn887f
D5R80YnveL4zrn887f
D5R80YnveL4zrn887f
D5R80YnveL4zrn887f
D5R80YnveL4zrn887f
D5R80YnveL4zrn887f
D5R80YnveL4zrn887f
D5R80YnveL4zrn887f
D5R80YnveL4zrn887f
D5R80YnveL4zrn887f
D5R80YnveL4zrn887f
D5R80YnveL4zrn887f
D5R80YnveL4zrn887f
D5R80YnveL4zrn887f
D5R80YnveL4zrn887f
D5R80YnveL4zrn887f
D5R80YnveL4zrn887f
D5R80YnveL4zrn887f
D5R80YnveL4zrn887f
D5R80YnveL4zrn887f
D5R80YnveL4zrn887f
D5R80YnveL4zrn887f
D5R80YnveL4zrn887f
D5R80YnveL4zrn887f
D5R80YnveL4zrn887f
D5R80YnveL4zrn887f
D5R80YnveL4zrn887f
D5R80YnveL4zrn887f
D5R80YnveL4zrn887f
D5R80YnveL4zrn887f
D5R80YnveL4zrn887f
D5R80YnveL4zrn887f
D5R80YnveL4zrn887f
D5R80YnveL4zrn887f
D5R80YnveL4zrn887f
D5R80YnveL4zrn887f
D5R80YnveL4zrn887f
D5R80YnveL4zrn887f
D5R80YnveL4zrn887f
D5R80YnveL4zrn887f
D5R80YnveL4zrn887f
D5R80YnveL4zrn887f
D5R80YnveL4zrn887f
D5R80YnveL4zrn887f
D5R80YnveL4zrn887f
D5R80YnveL4zrn887f
D5R80YnveL4zrn887f
D5R80YnveL4zrn887f
D5R80YnveL4zrn887f
D5R80YnveL4zrn887f
D5R80YnveL4zrn887f
D5R80YnveL4zrn887f
D5R80YnveL4zrn887f
n5nexzAWa42MXk56Ksk
n5nexzAWa42MXk56Ksk
n5nexzAWa42MXk56Ksk
n5nexzAWa42MXk56Ksk
n5nexzAWa42MXk56Ksk
n5nexzAWa42MXk56Ksk
n5nexzAWa42MXk56Ksk
n5nexzAWa42MXk56Ksk
n5nexzAWa42MXk56Ksk
n5nexzAWa42MXk56Ksk
n5nexzAWa42MXk56Ksk
n5nexzAWa42MXk56Ksk
n5nexzAWa42MXk56Ksk
n5nexzAWa42MXk56Ksk
n5nexzAWa42MXk56Ksk
n5nexzAWa42MXk56Ksk
n5nexzAWa42MXk56Ksk
n5nexzAWa42MXk56Ksk
n5nexzAWa42MXk56Ksk
n5nexzAWa42MXk56Ksk
n5nexzAWa42MXk56Ksk
n5nexzAWa42MXk56Ksk
n5nexzAWa42MXk56Ksk
n5nexzAWa42MXk56Ksk
n5nexzAWa42MXk56Ksk
n5nexzAWa42MXk56Ksk
n5nexzAWa42MXk56Ksk
n5nexzAWa42MXk56Ksk
n5nexzAWa42MXk56Ksk
n5nexzAWa42MXk56Ksk
n5nexzAWa42MXk56Ksk
n5nexzAWa42MXk56Ksk
n5nexzAWa42MXk56Ksk
n5nexzAWa42MXk56Ksk
n5nexzAWa42MXk56Ksk
n5nexzAWa42MXk56Ksk
n5nexzAWa42MXk56Ksk
n5nexzAWa42MXk56Ksk
n5nexzAWa42MXk56Ksk
n5nexzAWa42MXk56Ksk
n5nexzAWa42MXk56Ksk
n5nexzAWa42MXk56Ksk
n5nexzAWa42MXk56Ksk
n5nexzAWa42MXk56Ksk
n5nexzAWa42MXk56Ksk
n5nexzAWa42MXk56Ksk
n5nexzAWa42MXk56Ksk
n5nexzAWa42MXk56Ksk
n5nexzAWa42MXk56Ksk
n5nexzAWa42MXk56Ksk
n5nexzAWa42MXk56Ksk
n5nexzAWa42MXk56Ksk
n5nexzAWa42MXk56Ksk
n5nexzAWa42MXk56Ksk
n5nexzAWa42MXk56Ksk
n5nexzAWa42MXk56Ksk
n5nexzAWa42MXk56Ksk
n5nexzAWa42MXk56Ksk
n5nexzAWa42MXk56Ksk
n5nexzAWa42MXk56Ksk
n5nexzAWa42MXk56Ksk
n5nexzAWa42MXk56Ksk
n5nexzAWa42MXk56Ksk
n5nexzAWa42MXk56Ksk
n5nexzAWa42MXk56Ksk
n5nexzAWa42MXk56Ksk
n5nexzAWa42MXk56Ksk
n5nexzAWa42MXk56Ksk
n5nexzAWa42MXk56Ksk
n5nexzAWa42MXk56Ksk
n5nexzAWa42MXk56Ksk
n5nexzAWa42MXk56Ksk
n5nexzAWa42MXk56Ksk
1393879834
1617158958
1250773381
IqYCmW966570ApCX6
B2DJ3mr13Q2QHp57K4
