90A6FQ
90A6FQ
90A6FQ
90A6FQ
90A6FQ
90A6FQ
90A6FQ
90A6FQ
90A6FQ
90A6FQ
90A6FQ
90A6FQ
90A6FQ
90A6FQ
90A6FQ
90A6FQ
90A6FQ
90A6FQ
90A6FQ
90A6FQ
90A6FQ
90A6FQ
90A6FQ
90A6FQ
90A6FQ
90A6FQ
90A6FQ
90A6FQ
90A6FQ
90A6FQ
90A6FQ
90A6FQ
90A6FQ
90A6FQ
90A6FQ
90A6FQ
90A6FQ
90A6FQ
90A6FQ
90A6FQ
90A6FQ
90A6FQ
-1921386780
cqV6L40WH2h0pK824
-1740930682
[ASCII 66]
[ASCII 112]
-1921386780
LWgoW4gtXqj7x5Fg3z7
[ASCII 104]
3ecHs91
[ASCII 70]
1Ggyb
BBBI5l
CpwsO1
-435282738
dVvgm7sy557U12o5Sar9J
Oqy4L
EE3733Ueyu5SzY9b
BBBI5l
2gu7vGVqexAhrmpl4F
PiG59m34oXup9SwjK
1Ggyb
[ASCII 74]
8Cm07rODv64lj74Ej6a
O0F12yH1C9dEb69cG0
Oqy4L
[ASCII 84]
11Fgj
AV0p7L0l8L8MJjEzM
nJ2LCif753CO4VBLIS
[ASCII 43]
D1M52rufj4fo68bjSiflP
1157081962
1476121469
oR6Da05Trv51IJinf90
[ASCII 106]
HgXnG0533b6t
LZbLkN60CNIT2KF35
LZbLkN60CNIT2KF35
LZbLkN60CNIT2KF35
LZbLkN60CNIT2KF35
LZbLkN60CNIT2KF35
LZbLkN60CNIT2KF35
LZbLkN60CNIT2KF35
LZbLkN60CNIT2KF35
LZbLkN60CNIT2KF35
LZbLkN60CNIT2KF35
LZbLkN60CNIT2KF35
LZbLkN60CNIT2KF35
LZbLkN60CNIT2KF35
LZbLkN60CNIT2KF35
LZbLkN60CNIT2KF35
LZbLkN60CNIT2KF35
LZbLkN60CNIT2KF35
LZbLkN60CNIT2KF35
LZbLkN60CNIT2KF35
LZbLkN60CNIT2KF35
LZbLkN60CNIT2KF35
LZbLkN60CNIT2KF35
LZbLkN60CNIT2KF35
LZbLkN60CNIT2KF35
LZbLkN60CNIT2KF35
LZbLkN60CNIT2KF35
LZbLkN60CNIT2KF35
LZbLkN60CNIT2KF35
LZbLkN60CNIT2KF35
LZbLkN60CNIT2KF35
LZbLkN60CNIT2KF35
LZbLkN60CNIT2KF35
LZbLkN60CNIT2KF35
LZbLkN60CNIT2KF35
LZbLkN60CNIT2KF35
LZbLkN60CNIT2KF35
LZbLkN60CNIT2KF35
LZbLkN60CNIT2KF35
LZbLkN60CNIT2KF35
LZbLkN60CNIT2KF35
LZbLkN60CNIT2KF35
LZbLkN60CNIT2KF35
LZbLkN60CNIT2KF35
LZbLkN60CNIT2KF35
LZbLkN60CNIT2KF35
LZbLkN60CNIT2KF35
LZbLkN60CNIT2KF35
LZbLkN60CNIT2KF35
LZbLkN60CNIT2KF35
LZbLkN60CNIT2KF35
LZbLkN60CNIT2KF35
LZbLkN60CNIT2KF35
LZbLkN60CNIT2KF35
LZbLkN60CNIT2KF35
LZbLkN60CNIT2KF35
LZbLkN60CNIT2KF35
LZbLkN60CNIT2KF35
LZbLkN60CNIT2KF35
LZbLkN60CNIT2KF35
LZbLkN60CNIT2KF35
LZbLkN60CNIT2KF35
LZbLkN60CNIT2KF35
LZbLkN60CNIT2KF35
LZbLkN60CNIT2KF35
LZbLkN60CNIT2KF35
LZbLkN60CNIT2KF35
LZbLkN60CNIT2KF35
LZbLkN60CNIT2KF35
LZbLkN60CNIT2KF35
LZbLkN60CNIT2KF35
LZbLkN60CNIT2KF35
LZbLkN60CNIT2KF35
LZbLkN60CNIT2KF35
LZbLkN60CNIT2KF35
LZbLkN60CNIT2KF35
LZbLkN60CNIT2KF35
LZbLkN60CNIT2KF35
LZbLkN60CNIT2KF35
LZbLkN60CNIT2KF35
LZbLkN60CNIT2KF35
[ASCII 81]
Yza21oiMHR3W8dv2fkx
3MxO1eu7tYS8byZKF
[ASCII 83]
1tY2968Xu9jUyU8xiZE
60J33
Wm8zAz702IUc00U
1891256226
aFcKuz5BG74850170
xke40Eputa754S2y0X
x8Q7QEE2m54u5k8lXKD
x8Q7QEE2m54u5k8lXKD
x8Q7QEE2m54u5k8lXKD
x8Q7QEE2m54u5k8lXKD
x8Q7QEE2m54u5k8lXKD
x8Q7QEE2m54u5k8lXKD
x8Q7QEE2m54u5k8lXKD
x8Q7QEE2m54u5k8lXKD
x8Q7QEE2m54u5k8lXKD
x8Q7QEE2m54u5k8lXKD
x8Q7QEE2m54u5k8lXKD
x8Q7QEE2m54u5k8lXKD
x8Q7QEE2m54u5k8lXKD
x8Q7QEE2m54u5k8lXKD
x8Q7QEE2m54u5k8lXKD
x8Q7QEE2m54u5k8lXKD
x8Q7QEE2m54u5k8lXKD
x8Q7QEE2m54u5k8lXKD
x8Q7QEE2m54u5k8lXKD
x8Q7QEE2m54u5k8lXKD
x8Q7QEE2m54u5k8lXKD
x8Q7QEE2m54u5k8lXKD
x8Q7QEE2m54u5k8lXKD
x8Q7QEE2m54u5k8lXKD
x8Q7QEE2m54u5k8lXKD
x8Q7QEE2m54u5k8lXKD
x8Q7QEE2m54u5k8lXKD
x8Q7QEE2m54u5k8lXKD
x8Q7QEE2m54u5k8lXKD
x8Q7QEE2m54u5k8lXKD
x8Q7QEE2m54u5k8lXKD
x8Q7QEE2m54u5k8lXKD
x8Q7QEE2m54u5k8lXKD
x8Q7QEE2m54u5k8lXKD
x8Q7QEE2m54u5k8lXKD
x8Q7QEE2m54u5k8lXKD
x8Q7QEE2m54u5k8lXKD
x8Q7QEE2m54u5k8lXKD
x8Q7QEE2m54u5k8lXKD
x8Q7QEE2m54u5k8lXKD
x8Q7QEE2m54u5k8lXKD
x8Q7QEE2m54u5k8lXKD
x8Q7QEE2m54u5k8lXKD
x8Q7QEE2m54u5k8lXKD
x8Q7QEE2m54u5k8lXKD
x8Q7QEE2m54u5k8lXKD
x8Q7QEE2m54u5k8lXKD
x8Q7QEE2m54u5k8lXKD
x8Q7QEE2m54u5k8lXKD
x8Q7QEE2m54u5k8lXKD
x8Q7QEE2m54u5k8lXKD
x8Q7QEE2m54u5k8lXKD
x8Q7QEE2m54u5k8lXKD
x8Q7QEE2m54u5k8lXKD
x8Q7QEE2m54u5k8lXKD
x8Q7QEE2m54u5k8lXKD
x8Q7QEE2m54u5k8lXKD
x8Q7QEE2m54u5k8lXKD
x8Q7QEE2m54u5k8lXKD
x8Q7QEE2m54u5k8lXKD
x8Q7QEE2m54u5k8lXKD
x8Q7QEE2m54u5k8lXKD
x8Q7QEE2m54u5k8lXKD
x8Q7QEE2m54u5k8lXKD
x8Q7QEE2m54u5k8lXKD
x8Q7QEE2m54u5k8lXKD
x8Q7QEE2m54u5k8lXKD
x8Q7QEE2m54u5k8lXKD
x8Q7QEE2m54u5k8lXKD
x8Q7QEE2m54u5k8lXKD
x8Q7QEE2m54u5k8lXKD
x8Q7QEE2m54u5k8lXKD
x8Q7QEE2m54u5k8lXKD
x8Q7QEE2m54u5k8lXKD
x8Q7QEE2m54u5k8lXKD
x8Q7QEE2m54u5k8lXKD
x8Q7QEE2m54u5k8lXKD
x8Q7QEE2m54u5k8lXKD
x8Q7QEE2m54u5k8lXKD
x8Q7QEE2m54u5k8lXKD
x8Q7QEE2m54u5k8lXKD
x8Q7QEE2m54u5k8lXKD
x8Q7QEE2m54u5k8lXKD
x8Q7QEE2m54u5k8lXKD
x8Q7QEE2m54u5k8lXKD
x8Q7QEE2m54u5k8lXKD
x8Q7QEE2m54u5k8lXKD
x8Q7QEE2m54u5k8lXKD
x8Q7QEE2m54u5k8lXKD
x8Q7QEE2m54u5k8lXKD
x8Q7QEE2m54u5k8lXKD
x8Q7QEE2m54u5k8lXKD
x8Q7QEE2m54u5k8lXKD
x8Q7QEE2m54u5k8lXKD
x8Q7QEE2m54u5k8lXKD
x8Q7QEE2m54u5k8lXKD
x8Q7QEE2m54u5k8lXKD
x8Q7QEE2m54u5k8lXKD
nOLb5664DnKWrfr60
tKL7xjCbC77YWmT05Ad
126st69vLjhBXPExtT
-1250577036
lUxW06pfn22zHBH
AvJ8gt5F8lzjr2UQf98
L0B01bh2VaWwKyR9myr
1157081962
1270550632
5W5252x
[ASCII -21]
96Kae3o26NlKKCZe
R8JbEoFCBo9v2uBY9
VqEK4R4334NTOgMzTKK
1924840143
1666973338
FZsHEZRm330lq1PhI
FZsHEZRm330lq1PhI
FZsHEZRm330lq1PhI
[ASCII 80]
Y44t0kJ
612346753
[ASCII 19]
[ASCII 19]
[ASCII 19]
[ASCII 19]
[ASCII 19]
[ASCII 19]
[ASCII 19]
[ASCII 19]
[ASCII 19]
[ASCII 19]
[ASCII 19]
[ASCII 19]
[ASCII 19]
[ASCII 19]
[ASCII 19]
[ASCII 19]
[ASCII 19]
[ASCII 19]
[ASCII 19]
[ASCII 19]
[ASCII 19]
[ASCII 19]
[ASCII 19]
[ASCII 19]
[ASCII 19]
[ASCII 19]
[ASCII 19]
[ASCII 19]
[ASCII 19]
[ASCII 19]
[ASCII 19]
[ASCII 19]
[ASCII 19]
[ASCII 19]
[ASCII 19]
[ASCII 19]
[ASCII 19]
[ASCII 19]
[ASCII 19]
[ASCII 19]
[ASCII 19]
[ASCII 19]
[ASCII 19]
[ASCII 19]
[ASCII 19]
[ASCII 19]
[ASCII 19]
[ASCII 19]
[ASCII 19]
[ASCII 19]
[ASCII 19]
[ASCII 19]
[ASCII 19]
[ASCII 19]
[ASCII 19]
[ASCII 19]
[ASCII 19]
[ASCII 19]
[ASCII 19]
[ASCII 19]
[ASCII 19]
[ASCII 19]
[ASCII 19]
[ASCII 19]
[ASCII 19]
[ASCII 19]
[ASCII 19]
[ASCII 19]
[ASCII 19]
[ASCII 19]
[ASCII 19]
[ASCII 19]
[ASCII 19]
[ASCII 19]
[ASCII 19]
[ASCII 19]
[ASCII 19]
[ASCII 19]
[ASCII 19]
[ASCII 19]
[ASCII 19]
NN1hHc2wTE1EbTM5Ujs
NN1hHc2wTE1EbTM5Ujs
NN1hHc2wTE1EbTM5Ujs
NN1hHc2wTE1EbTM5Ujs
NN1hHc2wTE1EbTM5Ujs
NN1hHc2wTE1EbTM5Ujs
NN1hHc2wTE1EbTM5Ujs
NN1hHc2wTE1EbTM5Ujs
NN1hHc2wTE1EbTM5Ujs
NN1hHc2wTE1EbTM5Ujs
NN1hHc2wTE1EbTM5Ujs
NN1hHc2wTE1EbTM5Ujs
NN1hHc2wTE1EbTM5Ujs
NN1hHc2wTE1EbTM5Ujs
NN1hHc2wTE1EbTM5Ujs
NN1hHc2wTE1EbTM5Ujs
NN1hHc2wTE1EbTM5Ujs
NN1hHc2wTE1EbTM5Ujs
NN1hHc2wTE1EbTM5Ujs
NN1hHc2wTE1EbTM5Ujs
NN1hHc2wTE1EbTM5Ujs
NN1hHc2wTE1EbTM5Ujs
NN1hHc2wTE1EbTM5Ujs
NN1hHc2wTE1EbTM5Ujs
NN1hHc2wTE1EbTM5Ujs
NN1hHc2wTE1EbTM5Ujs
NN1hHc2wTE1EbTM5Ujs
NN1hHc2wTE1EbTM5Ujs
NN1hHc2wTE1EbTM5Ujs
NN1hHc2wTE1EbTM5Ujs
NN1hHc2wTE1EbTM5Ujs
NN1hHc2wTE1EbTM5Ujs
NN1hHc2wTE1EbTM5Ujs
NN1hHc2wTE1EbTM5Ujs
NN1hHc2wTE1EbTM5Ujs
NN1hHc2wTE1EbTM5Ujs
NN1hHc2wTE1EbTM5Ujs
NN1hHc2wTE1EbTM5Ujs
NN1hHc2wTE1EbTM5Ujs
NN1hHc2wTE1EbTM5Ujs
NN1hHc2wTE1EbTM5Ujs
NN1hHc2wTE1EbTM5Ujs
NN1hHc2wTE1EbTM5Ujs
NN1hHc2wTE1EbTM5Ujs
NN1hHc2wTE1EbTM5Ujs
NN1hHc2wTE1EbTM5Ujs
NN1hHc2wTE1EbTM5Ujs
NN1hHc2wTE1EbTM5Ujs
NN1hHc2wTE1EbTM5Ujs
NN1hHc2wTE1EbTM5Ujs
NN1hHc2wTE1EbTM5Ujs
NN1hHc2wTE1EbTM5Ujs
NN1hHc2wTE1EbTM5Ujs
NN1hHc2wTE1EbTM5Ujs
NN1hHc2wTE1EbTM5Ujs
NN1hHc2wTE1EbTM5Ujs
NN1hHc2wTE1EbTM5Ujs
NN1hHc2wTE1EbTM5Ujs
NN1hHc2wTE1EbTM5Ujs
NN1hHc2wTE1EbTM5Ujs
NN1hHc2wTE1EbTM5Ujs
NN1hHc2wTE1EbTM5Ujs
NN1hHc2wTE1EbTM5Ujs
NN1hHc2wTE1EbTM5Ujs
NN1hHc2wTE1EbTM5Ujs
NN1hHc2wTE1EbTM5Ujs
NN1hHc2wTE1EbTM5Ujs
NN1hHc2wTE1EbTM5Ujs
NN1hHc2wTE1EbTM5Ujs
NN1hHc2wTE1EbTM5Ujs
NN1hHc2wTE1EbTM5Ujs
NN1hHc2wTE1EbTM5Ujs
NN1hHc2wTE1EbTM5Ujs
NN1hHc2wTE1EbTM5Ujs
NN1hHc2wTE1EbTM5Ujs
NN1hHc2wTE1EbTM5Ujs
NN1hHc2wTE1EbTM5Ujs
NN1hHc2wTE1EbTM5Ujs
NN1hHc2wTE1EbTM5Ujs
NN1hHc2wTE1EbTM5Ujs
NN1hHc2wTE1EbTM5Ujs
NN1hHc2wTE1EbTM5Ujs
NN1hHc2wTE1EbTM5Ujs
NN1hHc2wTE1EbTM5Ujs
NN1hHc2wTE1EbTM5Ujs
NN1hHc2wTE1EbTM5Ujs
NN1hHc2wTE1EbTM5Ujs
NN1hHc2wTE1EbTM5Ujs
NN1hHc2wTE1EbTM5Ujs
NN1hHc2wTE1EbTM5Ujs
NN1hHc2wTE1EbTM5Ujs
NN1hHc2wTE1EbTM5Ujs
NN1hHc2wTE1EbTM5Ujs
NN1hHc2wTE1EbTM5Ujs
NN1hHc2wTE1EbTM5Ujs
NN1hHc2wTE1EbTM5Ujs
NN1hHc2wTE1EbTM5Ujs
NN1hHc2wTE1EbTM5Ujs
1IiMx2p4c69l3Q9h
4M7LI843aVuvu1N
4M7LI843aVuvu1N
4M7LI843aVuvu1N
4M7LI843aVuvu1N
4M7LI843aVuvu1N
4M7LI843aVuvu1N
4M7LI843aVuvu1N
4M7LI843aVuvu1N
4M7LI843aVuvu1N
4M7LI843aVuvu1N
4M7LI843aVuvu1N
4M7LI843aVuvu1N
4M7LI843aVuvu1N
4M7LI843aVuvu1N
4M7LI843aVuvu1N
4M7LI843aVuvu1N
4M7LI843aVuvu1N
4M7LI843aVuvu1N
4M7LI843aVuvu1N
4M7LI843aVuvu1N
4M7LI843aVuvu1N
4M7LI843aVuvu1N
4M7LI843aVuvu1N
4M7LI843aVuvu1N
4M7LI843aVuvu1N
4M7LI843aVuvu1N
4M7LI843aVuvu1N
4M7LI843aVuvu1N
4M7LI843aVuvu1N
4M7LI843aVuvu1N
4M7LI843aVuvu1N
4M7LI843aVuvu1N
4M7LI843aVuvu1N
4M7LI843aVuvu1N
4M7LI843aVuvu1N
4M7LI843aVuvu1N
4M7LI843aVuvu1N
4M7LI843aVuvu1N
4M7LI843aVuvu1N
4M7LI843aVuvu1N
4M7LI843aVuvu1N
4M7LI843aVuvu1N
4M7LI843aVuvu1N
4M7LI843aVuvu1N
4M7LI843aVuvu1N
4M7LI843aVuvu1N
4M7LI843aVuvu1N
4M7LI843aVuvu1N
4M7LI843aVuvu1N
4M7LI843aVuvu1N
4M7LI843aVuvu1N
4M7LI843aVuvu1N
4M7LI843aVuvu1N
4M7LI843aVuvu1N
4M7LI843aVuvu1N
4M7LI843aVuvu1N
4M7LI843aVuvu1N
4M7LI843aVuvu1N
4M7LI843aVuvu1N
4M7LI843aVuvu1N
4M7LI843aVuvu1N
4M7LI843aVuvu1N
4M7LI843aVuvu1N
4M7LI843aVuvu1N
4M7LI843aVuvu1N
4M7LI843aVuvu1N
4M7LI843aVuvu1N
4M7LI843aVuvu1N
4M7LI843aVuvu1N
4M7LI843aVuvu1N
4M7LI843aVuvu1N
4M7LI843aVuvu1N
4M7LI843aVuvu1N
4M7LI843aVuvu1N
4M7LI843aVuvu1N
4M7LI843aVuvu1N
4M7LI843aVuvu1N
4M7LI843aVuvu1N
4M7LI843aVuvu1N
4M7LI843aVuvu1N
4M7LI843aVuvu1N
4M7LI843aVuvu1N
4M7LI843aVuvu1N
4M7LI843aVuvu1N
4M7LI843aVuvu1N
4M7LI843aVuvu1N
4M7LI843aVuvu1N
4M7LI843aVuvu1N
4M7LI843aVuvu1N
4M7LI843aVuvu1N
4M7LI843aVuvu1N
4M7LI843aVuvu1N
4M7LI843aVuvu1N
4M7LI843aVuvu1N
4M7LI843aVuvu1N
4M7LI843aVuvu1N
4M7LI843aVuvu1N
5en7kQG6FgVa4wb5k
xw7Wy7GmZcp0v4qUV10
xw7Wy7GmZcp0v4qUV10
xw7Wy7GmZcp0v4qUV10
xw7Wy7GmZcp0v4qUV10
xw7Wy7GmZcp0v4qUV10
xw7Wy7GmZcp0v4qUV10
xw7Wy7GmZcp0v4qUV10
xw7Wy7GmZcp0v4qUV10
xw7Wy7GmZcp0v4qUV10
1666973338
5o7RUA
1666973338
-1512863372
h5sCLnyE5rRQZNUZ1Rm
53fIe9iI07A7fSxX
53fIe9iI07A7fSxX
53fIe9iI07A7fSxX
53fIe9iI07A7fSxX
53fIe9iI07A7fSxX
53fIe9iI07A7fSxX
53fIe9iI07A7fSxX
700755165
B6VT8l7ST0n5Z9ZRRP
x37neu66a5Ocyn1TnQN
x37neu66a5Ocyn1TnQN
x37neu66a5Ocyn1TnQN
x37neu66a5Ocyn1TnQN
x37neu66a5Ocyn1TnQN
x37neu66a5Ocyn1TnQN
x37neu66a5Ocyn1TnQN
x37neu66a5Ocyn1TnQN
x37neu66a5Ocyn1TnQN
x37neu66a5Ocyn1TnQN
x37neu66a5Ocyn1TnQN
x37neu66a5Ocyn1TnQN
x37neu66a5Ocyn1TnQN
x37neu66a5Ocyn1TnQN
x37neu66a5Ocyn1TnQN
x37neu66a5Ocyn1TnQN
x37neu66a5Ocyn1TnQN
x37neu66a5Ocyn1TnQN
x37neu66a5Ocyn1TnQN
x37neu66a5Ocyn1TnQN
x37neu66a5Ocyn1TnQN
2uDi0uiPy504osfo31m
jrx3jXkCt6Y42yFi20yt
[ASCII 65]
p6adf0LWHe6w9ljsSA
[ASCII 33]
307422897
369041943
6sDkr28KDbz58cCS9na
itBDDdU4CXF1lRkz
D53986CD1O1Hjown5jD
D53986CD1O1Hjown5jD
D53986CD1O1Hjown5jD
D53986CD1O1Hjown5jD
D53986CD1O1Hjown5jD
D53986CD1O1Hjown5jD
D53986CD1O1Hjown5jD
D53986CD1O1Hjown5jD
D53986CD1O1Hjown5jD
D53986CD1O1Hjown5jD
D53986CD1O1Hjown5jD
D53986CD1O1Hjown5jD
D53986CD1O1Hjown5jD
D53986CD1O1Hjown5jD
D53986CD1O1Hjown5jD
D53986CD1O1Hjown5jD
D53986CD1O1Hjown5jD
D53986CD1O1Hjown5jD
D53986CD1O1Hjown5jD
D53986CD1O1Hjown5jD
D53986CD1O1Hjown5jD
D53986CD1O1Hjown5jD
D53986CD1O1Hjown5jD
D53986CD1O1Hjown5jD
D53986CD1O1Hjown5jD
D53986CD1O1Hjown5jD
D53986CD1O1Hjown5jD
D53986CD1O1Hjown5jD
D53986CD1O1Hjown5jD
D53986CD1O1Hjown5jD
9n4e43wlNAK73Acb46
I4kb3uW8r9woW3iRWj
[ASCII 53]
BN8id7W0lrv37dYqpB
BN8id7W0lrv37dYqpB
BN8id7W0lrv37dYqpB
BN8id7W0lrv37dYqpB
BN8id7W0lrv37dYqpB
BN8id7W0lrv37dYqpB
BN8id7W0lrv37dYqpB
BN8id7W0lrv37dYqpB
BN8id7W0lrv37dYqpB
BN8id7W0lrv37dYqpB
BN8id7W0lrv37dYqpB
BN8id7W0lrv37dYqpB
BN8id7W0lrv37dYqpB
BN8id7W0lrv37dYqpB
BN8id7W0lrv37dYqpB
BN8id7W0lrv37dYqpB
BN8id7W0lrv37dYqpB
BN8id7W0lrv37dYqpB
BN8id7W0lrv37dYqpB
BN8id7W0lrv37dYqpB
BN8id7W0lrv37dYqpB
BN8id7W0lrv37dYqpB
BN8id7W0lrv37dYqpB
BN8id7W0lrv37dYqpB
BN8id7W0lrv37dYqpB
BN8id7W0lrv37dYqpB
BN8id7W0lrv37dYqpB
BN8id7W0lrv37dYqpB
BN8id7W0lrv37dYqpB
BN8id7W0lrv37dYqpB
BN8id7W0lrv37dYqpB
BN8id7W0lrv37dYqpB
BN8id7W0lrv37dYqpB
BN8id7W0lrv37dYqpB
BN8id7W0lrv37dYqpB
BN8id7W0lrv37dYqpB
BN8id7W0lrv37dYqpB
BN8id7W0lrv37dYqpB
BN8id7W0lrv37dYqpB
BN8id7W0lrv37dYqpB
BN8id7W0lrv37dYqpB
BN8id7W0lrv37dYqpB
BN8id7W0lrv37dYqpB
BN8id7W0lrv37dYqpB
BN8id7W0lrv37dYqpB
BN8id7W0lrv37dYqpB
BN8id7W0lrv37dYqpB
BN8id7W0lrv37dYqpB
BN8id7W0lrv37dYqpB
BN8id7W0lrv37dYqpB
BN8id7W0lrv37dYqpB
BN8id7W0lrv37dYqpB
BN8id7W0lrv37dYqpB
BN8id7W0lrv37dYqpB
BN8id7W0lrv37dYqpB
BN8id7W0lrv37dYqpB
BN8id7W0lrv37dYqpB
BN8id7W0lrv37dYqpB
BN8id7W0lrv37dYqpB
BN8id7W0lrv37dYqpB
BN8id7W0lrv37dYqpB
BN8id7W0lrv37dYqpB
BN8id7W0lrv37dYqpB
BN8id7W0lrv37dYqpB
BN8id7W0lrv37dYqpB
BN8id7W0lrv37dYqpB
BN8id7W0lrv37dYqpB
BN8id7W0lrv37dYqpB
BN8id7W0lrv37dYqpB
BN8id7W0lrv37dYqpB
BN8id7W0lrv37dYqpB
BN8id7W0lrv37dYqpB
BN8id7W0lrv37dYqpB
BN8id7W0lrv37dYqpB
BN8id7W0lrv37dYqpB
BN8id7W0lrv37dYqpB
BN8id7W0lrv37dYqpB
BN8id7W0lrv37dYqpB
BN8id7W0lrv37dYqpB
BN8id7W0lrv37dYqpB
BN8id7W0lrv37dYqpB
BN8id7W0lrv37dYqpB
BN8id7W0lrv37dYqpB
BN8id7W0lrv37dYqpB
BN8id7W0lrv37dYqpB
BN8id7W0lrv37dYqpB
BN8id7W0lrv37dYqpB
BN8id7W0lrv37dYqpB
BN8id7W0lrv37dYqpB
254495231
t03Cb5VsxsjRlNTNr3x
FD5W52J4ZQ7UE9aG8f
[ASCII 78]
1407635256
UCY49sn6evs1Mb67W
pS90HgV590M3dW3N
34MmEY0RF8B3v169i
93tgdZT3y0r3Znu5jwO
93tgdZT3y0r3Znu5jwO
93tgdZT3y0r3Znu5jwO
93tgdZT3y0r3Znu5jwO
93tgdZT3y0r3Znu5jwO
93tgdZT3y0r3Znu5jwO
93tgdZT3y0r3Znu5jwO
93tgdZT3y0r3Znu5jwO
93tgdZT3y0r3Znu5jwO
93tgdZT3y0r3Znu5jwO
93tgdZT3y0r3Znu5jwO
93tgdZT3y0r3Znu5jwO
93tgdZT3y0r3Znu5jwO
93tgdZT3y0r3Znu5jwO
93tgdZT3y0r3Znu5jwO
93tgdZT3y0r3Znu5jwO
93tgdZT3y0r3Znu5jwO
93tgdZT3y0r3Znu5jwO
93tgdZT3y0r3Znu5jwO
93tgdZT3y0r3Znu5jwO
93tgdZT3y0r3Znu5jwO
93tgdZT3y0r3Znu5jwO
93tgdZT3y0r3Znu5jwO
93tgdZT3y0r3Znu5jwO
93tgdZT3y0r3Znu5jwO
93tgdZT3y0r3Znu5jwO
93tgdZT3y0r3Znu5jwO
93tgdZT3y0r3Znu5jwO
w6510XNPCzm228854a
60651qLqt6fS083
