14gIl9
14gIl9
14gIl9
14gIl9
14gIl9
14gIl9
14gIl9
14gIl9
14gIl9
14gIl9
14gIl9
14gIl9
14gIl9
14gIl9
14gIl9
14gIl9
14gIl9
14gIl9
14gIl9
14gIl9
14gIl9
14gIl9
14gIl9
14gIl9
14gIl9
14gIl9
14gIl9
14gIl9
14gIl9
14gIl9
14gIl9
14gIl9
14gIl9
14gIl9
14gIl9
14gIl9
14gIl9
14gIl9
14gIl9
14gIl9
14gIl9
14gIl9
14gIl9
14gIl9
14gIl9
14gIl9
14gIl9
14gIl9
14gIl9
14gIl9
14gIl9
14gIl9
14gIl9
14gIl9
14gIl9
14gIl9
14gIl9
14gIl9
14gIl9
14gIl9
f87lY8x64Iy92O3Ti6YI
[ASCII 98]
b939vMZxGa6CwbYN
DbPM8
1140575838
1584082171
9O97OHnq92hVOjuT2xV
pAw7Db9p61IMoYbzc67
[ASCII 4]
I9h3aoEHB797uL54V72
718351zB398pilZ1E
718351zB398pilZ1E
718351zB398pilZ1E
718351zB398pilZ1E
718351zB398pilZ1E
718351zB398pilZ1E
718351zB398pilZ1E
718351zB398pilZ1E
718351zB398pilZ1E
718351zB398pilZ1E
718351zB398pilZ1E
718351zB398pilZ1E
718351zB398pilZ1E
718351zB398pilZ1E
718351zB398pilZ1E
718351zB398pilZ1E
718351zB398pilZ1E
718351zB398pilZ1E
718351zB398pilZ1E
718351zB398pilZ1E
718351zB398pilZ1E
718351zB398pilZ1E
718351zB398pilZ1E
718351zB398pilZ1E
718351zB398pilZ1E
718351zB398pilZ1E
718351zB398pilZ1E
718351zB398pilZ1E
718351zB398pilZ1E
718351zB398pilZ1E
718351zB398pilZ1E
718351zB398pilZ1E
718351zB398pilZ1E
718351zB398pilZ1E
718351zB398pilZ1E
718351zB398pilZ1E
718351zB398pilZ1E
718351zB398pilZ1E
718351zB398pilZ1E
718351zB398pilZ1E
718351zB398pilZ1E
718351zB398pilZ1E
718351zB398pilZ1E
718351zB398pilZ1E
718351zB398pilZ1E
718351zB398pilZ1E
718351zB398pilZ1E
718351zB398pilZ1E
718351zB398pilZ1E
718351zB398pilZ1E
718351zB398pilZ1E
718351zB398pilZ1E
718351zB398pilZ1E
718351zB398pilZ1E
718351zB398pilZ1E
718351zB398pilZ1E
718351zB398pilZ1E
718351zB398pilZ1E
718351zB398pilZ1E
718351zB398pilZ1E
718351zB398pilZ1E
718351zB398pilZ1E
718351zB398pilZ1E
718351zB398pilZ1E
718351zB398pilZ1E
718351zB398pilZ1E
718351zB398pilZ1E
718351zB398pilZ1E
718351zB398pilZ1E
718351zB398pilZ1E
718351zB398pilZ1E
718351zB398pilZ1E
718351zB398pilZ1E
718351zB398pilZ1E
718351zB398pilZ1E
718351zB398pilZ1E
718351zB398pilZ1E
718351zB398pilZ1E
718351zB398pilZ1E
718351zB398pilZ1E
718351zB398pilZ1E
718351zB398pilZ1E
718351zB398pilZ1E
718351zB398pilZ1E
718351zB398pilZ1E
718351zB398pilZ1E
718351zB398pilZ1E
718351zB398pilZ1E
718351zB398pilZ1E
718351zB398pilZ1E
718351zB398pilZ1E
718351zB398pilZ1E
[ASCII 114]
kzIc1PIKfIa0G9yn3
360339884
7car9P
p9PNEnQ902GbgEtP9xE9
[ASCII 56]
[ASCII 56]
[ASCII 56]
[ASCII 56]
[ASCII 56]
[ASCII 56]
[ASCII 56]
[ASCII 56]
[ASCII 56]
[ASCII 56]
[ASCII 56]
[ASCII 56]
[ASCII 56]
[ASCII 56]
[ASCII 56]
[ASCII 56]
[ASCII 56]
[ASCII 56]
[ASCII 56]
[ASCII 56]
[ASCII 56]
[ASCII 56]
[ASCII 56]
[ASCII 56]
[ASCII 56]
[ASCII 56]
[ASCII 56]
[ASCII 56]
[ASCII 56]
[ASCII 56]
[ASCII 56]
[ASCII 56]
[ASCII 56]
[ASCII 56]
[ASCII 56]
[ASCII 56]
[ASCII 56]
-1607606931
dplPk510Lq0X4Gz5C
1865292723
AdFXqNNSozVX
AdFXqNNSozVX
AdFXqNNSozVX
AdFXqNNSozVX
AdFXqNNSozVX
AdFXqNNSozVX
AdFXqNNSozVX
AdFXqNNSozVX
AdFXqNNSozVX
AdFXqNNSozVX
AdFXqNNSozVX
AdFXqNNSozVX
AdFXqNNSozVX
AdFXqNNSozVX
AdFXqNNSozVX
AdFXqNNSozVX
AdFXqNNSozVX
AdFXqNNSozVX
AdFXqNNSozVX
AdFXqNNSozVX
AdFXqNNSozVX
AdFXqNNSozVX
AdFXqNNSozVX
AdFXqNNSozVX
AdFXqNNSozVX
AdFXqNNSozVX
AdFXqNNSozVX
AdFXqNNSozVX
AdFXqNNSozVX
AdFXqNNSozVX
AdFXqNNSozVX
AdFXqNNSozVX
AdFXqNNSozVX
AdFXqNNSozVX
AdFXqNNSozVX
AdFXqNNSozVX
AdFXqNNSozVX
AdFXqNNSozVX
AdFXqNNSozVX
AdFXqNNSozVX
AdFXqNNSozVX
AdFXqNNSozVX
AdFXqNNSozVX
AdFXqNNSozVX
AdFXqNNSozVX
AdFXqNNSozVX
AdFXqNNSozVX
AdFXqNNSozVX
AdFXqNNSozVX
AdFXqNNSozVX
AdFXqNNSozVX
AdFXqNNSozVX
AdFXqNNSozVX
AdFXqNNSozVX
AdFXqNNSozVX
AdFXqNNSozVX
AdFXqNNSozVX
AdFXqNNSozVX
AdFXqNNSozVX
AdFXqNNSozVX
AdFXqNNSozVX
AdFXqNNSozVX
AdFXqNNSozVX
1565635134
1565635134
1565635134
1565635134
1565635134
1565635134
1565635134
1565635134
1565635134
1565635134
1565635134
1565635134
1565635134
1565635134
1565635134
1565635134
1565635134
1565635134
1565635134
1565635134
1565635134
1565635134
1565635134
1565635134
1565635134
1565635134
1565635134
1565635134
1565635134
bk1StvS1AA5Euiqf60WTB
Mp5eHATQ20NAhBcvEp
wZQ5O0e7ASua5N3647M3
961755837
[ASCII -46]
1748404689
rVbK0
rVbK0
rVbK0
rVbK0
rVbK0
rVbK0
rVbK0
rVbK0
rVbK0
rVbK0
rVbK0
rVbK0
rVbK0
rVbK0
rVbK0
rVbK0
rVbK0
rVbK0
rVbK0
rVbK0
rVbK0
rVbK0
rVbK0
rVbK0
rVbK0
rVbK0
rVbK0
rVbK0
rVbK0
rVbK0
rVbK0
rVbK0
rVbK0
rVbK0
rVbK0
rVbK0
rVbK0
rVbK0
rVbK0
rVbK0
rVbK0
rVbK0
rVbK0
rVbK0
rVbK0
rVbK0
rVbK0
rVbK0
rVbK0
rVbK0
rVbK0
rVbK0
rVbK0
rVbK0
rVbK0
rVbK0
rVbK0
rVbK0
rVbK0
rVbK0
rVbK0
rVbK0
rVbK0
rVbK0
rVbK0
rVbK0
rVbK0
rVbK0
rVbK0
rVbK0
rVbK0
rVbK0
rVbK0
2Q0OMeM387uKkD0Mni0
7car9P
Xnk490OF9aplVQ8m
Xnk490OF9aplVQ8m
Xnk490OF9aplVQ8m
Xnk490OF9aplVQ8m
Xnk490OF9aplVQ8m
Xnk490OF9aplVQ8m
Xnk490OF9aplVQ8m
Xnk490OF9aplVQ8m
Xnk490OF9aplVQ8m
Xnk490OF9aplVQ8m
Xnk490OF9aplVQ8m
Xnk490OF9aplVQ8m
Xnk490OF9aplVQ8m
Xnk490OF9aplVQ8m
Xnk490OF9aplVQ8m
Xnk490OF9aplVQ8m
Xnk490OF9aplVQ8m
Xnk490OF9aplVQ8m
Xnk490OF9aplVQ8m
Xnk490OF9aplVQ8m
Xnk490OF9aplVQ8m
Xnk490OF9aplVQ8m
Xnk490OF9aplVQ8m
Xnk490OF9aplVQ8m
Xnk490OF9aplVQ8m
Xnk490OF9aplVQ8m
Xnk490OF9aplVQ8m
Xnk490OF9aplVQ8m
Xnk490OF9aplVQ8m
Xnk490OF9aplVQ8m
Xnk490OF9aplVQ8m
Xnk490OF9aplVQ8m
Xnk490OF9aplVQ8m
Xnk490OF9aplVQ8m
Xnk490OF9aplVQ8m
Xnk490OF9aplVQ8m
Xnk490OF9aplVQ8m
Xnk490OF9aplVQ8m
Xnk490OF9aplVQ8m
Xnk490OF9aplVQ8m
Xnk490OF9aplVQ8m
Xnk490OF9aplVQ8m
Xnk490OF9aplVQ8m
Xnk490OF9aplVQ8m
Xnk490OF9aplVQ8m
Xnk490OF9aplVQ8m
Sx5516S5fk392ICjvJ3
-1607606931
75Spm22dW19QYr651HFX
5096fM25J86eB9E8Roh
272wY4
272wY4
272wY4
272wY4
272wY4
272wY4
272wY4
272wY4
272wY4
272wY4
272wY4
272wY4
272wY4
272wY4
272wY4
272wY4
272wY4
272wY4
272wY4
272wY4
272wY4
272wY4
272wY4
272wY4
272wY4
272wY4
272wY4
272wY4
272wY4
272wY4
-733342462
gqRzC3AtACqFwmF986f
6qK4mytoM1K6h8y
B4dTzN8DplqHi77G4J
B4dTzN8DplqHi77G4J
B4dTzN8DplqHi77G4J
B4dTzN8DplqHi77G4J
B4dTzN8DplqHi77G4J
B4dTzN8DplqHi77G4J
B4dTzN8DplqHi77G4J
B4dTzN8DplqHi77G4J
B4dTzN8DplqHi77G4J
B4dTzN8DplqHi77G4J
B4dTzN8DplqHi77G4J
B4dTzN8DplqHi77G4J
B4dTzN8DplqHi77G4J
B4dTzN8DplqHi77G4J
B4dTzN8DplqHi77G4J
B4dTzN8DplqHi77G4J
B4dTzN8DplqHi77G4J
B4dTzN8DplqHi77G4J
B4dTzN8DplqHi77G4J
B4dTzN8DplqHi77G4J
B4dTzN8DplqHi77G4J
B4dTzN8DplqHi77G4J
B4dTzN8DplqHi77G4J
B4dTzN8DplqHi77G4J
B4dTzN8DplqHi77G4J
B4dTzN8DplqHi77G4J
B4dTzN8DplqHi77G4J
B4dTzN8DplqHi77G4J
B4dTzN8DplqHi77G4J
B4dTzN8DplqHi77G4J
B4dTzN8DplqHi77G4J
B4dTzN8DplqHi77G4J
B4dTzN8DplqHi77G4J
B4dTzN8DplqHi77G4J
B4dTzN8DplqHi77G4J
B4dTzN8DplqHi77G4J
B4dTzN8DplqHi77G4J
B4dTzN8DplqHi77G4J
B4dTzN8DplqHi77G4J
B4dTzN8DplqHi77G4J
B4dTzN8DplqHi77G4J
B4dTzN8DplqHi77G4J
B4dTzN8DplqHi77G4J
B4dTzN8DplqHi77G4J
B4dTzN8DplqHi77G4J
B4dTzN8DplqHi77G4J
B4dTzN8DplqHi77G4J
B4dTzN8DplqHi77G4J
B4dTzN8DplqHi77G4J
B4dTzN8DplqHi77G4J
B4dTzN8DplqHi77G4J
B4dTzN8DplqHi77G4J
B4dTzN8DplqHi77G4J
B4dTzN8DplqHi77G4J
B4dTzN8DplqHi77G4J
B4dTzN8DplqHi77G4J
B4dTzN8DplqHi77G4J
B4dTzN8DplqHi77G4J
B4dTzN8DplqHi77G4J
B4dTzN8DplqHi77G4J
B4dTzN8DplqHi77G4J
B4dTzN8DplqHi77G4J
B4dTzN8DplqHi77G4J
B4dTzN8DplqHi77G4J
B4dTzN8DplqHi77G4J
B4dTzN8DplqHi77G4J
nytu6F3UDts3pK334Jf
[ASCII 54]
2078213198
hBdy0C0D2AhpBaF2O6U
hBdy0C0D2AhpBaF2O6U
hBdy0C0D2AhpBaF2O6U
hBdy0C0D2AhpBaF2O6U
hBdy0C0D2AhpBaF2O6U
hBdy0C0D2AhpBaF2O6U
hBdy0C0D2AhpBaF2O6U
hBdy0C0D2AhpBaF2O6U
hBdy0C0D2AhpBaF2O6U
9leE3zM
9leE3zM
9leE3zM
9leE3zM
9leE3zM
9leE3zM
9leE3zM
9leE3zM
9leE3zM
9leE3zM
9leE3zM
9leE3zM
9leE3zM
9leE3zM
9leE3zM
9leE3zM
9leE3zM
9leE3zM
9leE3zM
9leE3zM
9leE3zM
9leE3zM
9leE3zM
9leE3zM
9leE3zM
9leE3zM
9leE3zM
9leE3zM
9leE3zM
9leE3zM
9leE3zM
9leE3zM
9leE3zM
9leE3zM
9leE3zM
9leE3zM
9leE3zM
9leE3zM
9leE3zM
9leE3zM
9leE3zM
9leE3zM
9leE3zM
9leE3zM
U2Q29i7JPzhM06C4AgW
rHm8EiQ4jBi6VAVmEvdI
2yNFZ4YQoPN8fuvlRas
2yNFZ4YQoPN8fuvlRas
2yNFZ4YQoPN8fuvlRas
2yNFZ4YQoPN8fuvlRas
2yNFZ4YQoPN8fuvlRas
2yNFZ4YQoPN8fuvlRas
2yNFZ4YQoPN8fuvlRas
2yNFZ4YQoPN8fuvlRas
2yNFZ4YQoPN8fuvlRas
2yNFZ4YQoPN8fuvlRas
2yNFZ4YQoPN8fuvlRas
2yNFZ4YQoPN8fuvlRas
2yNFZ4YQoPN8fuvlRas
2yNFZ4YQoPN8fuvlRas
2yNFZ4YQoPN8fuvlRas
2yNFZ4YQoPN8fuvlRas
2yNFZ4YQoPN8fuvlRas
2yNFZ4YQoPN8fuvlRas
2yNFZ4YQoPN8fuvlRas
2yNFZ4YQoPN8fuvlRas
2yNFZ4YQoPN8fuvlRas
2yNFZ4YQoPN8fuvlRas
2yNFZ4YQoPN8fuvlRas
2yNFZ4YQoPN8fuvlRas
2yNFZ4YQoPN8fuvlRas
2yNFZ4YQoPN8fuvlRas
2yNFZ4YQoPN8fuvlRas
2yNFZ4YQoPN8fuvlRas
2yNFZ4YQoPN8fuvlRas
2yNFZ4YQoPN8fuvlRas
2yNFZ4YQoPN8fuvlRas
2yNFZ4YQoPN8fuvlRas
2yNFZ4YQoPN8fuvlRas
2yNFZ4YQoPN8fuvlRas
2yNFZ4YQoPN8fuvlRas
2yNFZ4YQoPN8fuvlRas
2yNFZ4YQoPN8fuvlRas
2yNFZ4YQoPN8fuvlRas
2yNFZ4YQoPN8fuvlRas
2yNFZ4YQoPN8fuvlRas
2yNFZ4YQoPN8fuvlRas
2yNFZ4YQoPN8fuvlRas
2yNFZ4YQoPN8fuvlRas
2yNFZ4YQoPN8fuvlRas
2yNFZ4YQoPN8fuvlRas
2yNFZ4YQoPN8fuvlRas
2yNFZ4YQoPN8fuvlRas
2yNFZ4YQoPN8fuvlRas
2yNFZ4YQoPN8fuvlRas
1001598002
698718574
272wY4
[ASCII 104]
2Kmb71V54H6U641El0jQ
WWmtBOGIijD42cjIo
WurzgS5
303YQgTxTGmVLvy
303YQgTxTGmVLvy
303YQgTxTGmVLvy
303YQgTxTGmVLvy
303YQgTxTGmVLvy
303YQgTxTGmVLvy
303YQgTxTGmVLvy
303YQgTxTGmVLvy
303YQgTxTGmVLvy
303YQgTxTGmVLvy
303YQgTxTGmVLvy
303YQgTxTGmVLvy
303YQgTxTGmVLvy
303YQgTxTGmVLvy
303YQgTxTGmVLvy
303YQgTxTGmVLvy
303YQgTxTGmVLvy
303YQgTxTGmVLvy
303YQgTxTGmVLvy
303YQgTxTGmVLvy
303YQgTxTGmVLvy
303YQgTxTGmVLvy
303YQgTxTGmVLvy
303YQgTxTGmVLvy
303YQgTxTGmVLvy
303YQgTxTGmVLvy
303YQgTxTGmVLvy
303YQgTxTGmVLvy
303YQgTxTGmVLvy
303YQgTxTGmVLvy
303YQgTxTGmVLvy
303YQgTxTGmVLvy
303YQgTxTGmVLvy
303YQgTxTGmVLvy
303YQgTxTGmVLvy
303YQgTxTGmVLvy
303YQgTxTGmVLvy
303YQgTxTGmVLvy
303YQgTxTGmVLvy
303YQgTxTGmVLvy
303YQgTxTGmVLvy
303YQgTxTGmVLvy
303YQgTxTGmVLvy
303YQgTxTGmVLvy
303YQgTxTGmVLvy
303YQgTxTGmVLvy
303YQgTxTGmVLvy
303YQgTxTGmVLvy
303YQgTxTGmVLvy
303YQgTxTGmVLvy
303YQgTxTGmVLvy
303YQgTxTGmVLvy
303YQgTxTGmVLvy
303YQgTxTGmVLvy
303YQgTxTGmVLvy
303YQgTxTGmVLvy
303YQgTxTGmVLvy
303YQgTxTGmVLvy
303YQgTxTGmVLvy
303YQgTxTGmVLvy
303YQgTxTGmVLvy
303YQgTxTGmVLvy
303YQgTxTGmVLvy
303YQgTxTGmVLvy
303YQgTxTGmVLvy
303YQgTxTGmVLvy
303YQgTxTGmVLvy
303YQgTxTGmVLvy
303YQgTxTGmVLvy
303YQgTxTGmVLvy
303YQgTxTGmVLvy
303YQgTxTGmVLvy
303YQgTxTGmVLvy
303YQgTxTGmVLvy
303YQgTxTGmVLvy
303YQgTxTGmVLvy
303YQgTxTGmVLvy
303YQgTxTGmVLvy
303YQgTxTGmVLvy
303YQgTxTGmVLvy
303YQgTxTGmVLvy
303YQgTxTGmVLvy
303YQgTxTGmVLvy
303YQgTxTGmVLvy
303YQgTxTGmVLvy
303YQgTxTGmVLvy
303YQgTxTGmVLvy
303YQgTxTGmVLvy
303YQgTxTGmVLvy
303YQgTxTGmVLvy
303YQgTxTGmVLvy
303YQgTxTGmVLvy
303YQgTxTGmVLvy
303YQgTxTGmVLvy
303YQgTxTGmVLvy
303YQgTxTGmVLvy
303YQgTxTGmVLvy
303YQgTxTGmVLvy
[ASCII 114]
EtO3JPvS3dbmklUbZ3
EtO3JPvS3dbmklUbZ3
EtO3JPvS3dbmklUbZ3
EtO3JPvS3dbmklUbZ3
EtO3JPvS3dbmklUbZ3
EtO3JPvS3dbmklUbZ3
EtO3JPvS3dbmklUbZ3
EtO3JPvS3dbmklUbZ3
EtO3JPvS3dbmklUbZ3
EtO3JPvS3dbmklUbZ3
EtO3JPvS3dbmklUbZ3
EtO3JPvS3dbmklUbZ3
EtO3JPvS3dbmklUbZ3
EtO3JPvS3dbmklUbZ3
EtO3JPvS3dbmklUbZ3
EtO3JPvS3dbmklUbZ3
EtO3JPvS3dbmklUbZ3
EtO3JPvS3dbmklUbZ3
EtO3JPvS3dbmklUbZ3
EtO3JPvS3dbmklUbZ3
EtO3JPvS3dbmklUbZ3
EtO3JPvS3dbmklUbZ3
EtO3JPvS3dbmklUbZ3
EtO3JPvS3dbmklUbZ3
EtO3JPvS3dbmklUbZ3
EtO3JPvS3dbmklUbZ3
EtO3JPvS3dbmklUbZ3
EtO3JPvS3dbmklUbZ3
EtO3JPvS3dbmklUbZ3
EtO3JPvS3dbmklUbZ3
EtO3JPvS3dbmklUbZ3
EtO3JPvS3dbmklUbZ3
EtO3JPvS3dbmklUbZ3
EtO3JPvS3dbmklUbZ3
EtO3JPvS3dbmklUbZ3
EtO3JPvS3dbmklUbZ3
EtO3JPvS3dbmklUbZ3
EtO3JPvS3dbmklUbZ3
EtO3JPvS3dbmklUbZ3
EtO3JPvS3dbmklUbZ3
EtO3JPvS3dbmklUbZ3
EtO3JPvS3dbmklUbZ3
EtO3JPvS3dbmklUbZ3
EtO3JPvS3dbmklUbZ3
EtO3JPvS3dbmklUbZ3
EtO3JPvS3dbmklUbZ3
EtO3JPvS3dbmklUbZ3
EtO3JPvS3dbmklUbZ3
EtO3JPvS3dbmklUbZ3
EtO3JPvS3dbmklUbZ3
EtO3JPvS3dbmklUbZ3
EtO3JPvS3dbmklUbZ3
EtO3JPvS3dbmklUbZ3
EtO3JPvS3dbmklUbZ3
EtO3JPvS3dbmklUbZ3
EtO3JPvS3dbmklUbZ3
EtO3JPvS3dbmklUbZ3
KJVXmgAEed1yNkf
nwK9X7TNOua2ZM2yU
nwK9X7TNOua2ZM2yU
nwK9X7TNOua2ZM2yU
nwK9X7TNOua2ZM2yU
nwK9X7TNOua2ZM2yU
nwK9X7TNOua2ZM2yU
nwK9X7TNOua2ZM2yU
nwK9X7TNOua2ZM2yU
nwK9X7TNOua2ZM2yU
nwK9X7TNOua2ZM2yU
nwK9X7TNOua2ZM2yU
7X27UjKQyNmiIFSP07tq
[ASCII 109]
RUXBP5vu9j4Q647Q8
5Vedm1k0w4U382qVg
Fi5vecxCBV5Hr7XKP4X
[ASCII -45]
h4WQw9JxeHR3tl
h4WQw9JxeHR3tl
h4WQw9JxeHR3tl
h4WQw9JxeHR3tl
h4WQw9JxeHR3tl
h4WQw9JxeHR3tl
h4WQw9JxeHR3tl
h4WQw9JxeHR3tl
[ASCII -78]
[ASCII -78]
[ASCII -78]
[ASCII -78]
[ASCII -78]
[ASCII -78]
[ASCII -78]
[ASCII -78]
[ASCII -78]
[ASCII -78]
[ASCII -78]
[ASCII -78]
[ASCII -78]
[ASCII -78]
[ASCII -78]
[ASCII -78]
[ASCII -78]
[ASCII -78]
[ASCII -78]
[ASCII -78]
[ASCII -78]
[ASCII -78]
[ASCII -78]
[ASCII -78]
[ASCII -78]
[ASCII -78]
[ASCII -78]
[ASCII -78]
[ASCII -78]
[ASCII -78]
[ASCII -78]
[ASCII -78]
[ASCII -78]
[ASCII -78]
[ASCII -78]
[ASCII -78]
[ASCII -78]
[ASCII -78]
[ASCII -78]
[ASCII -78]
[ASCII -78]
[ASCII -78]
[ASCII -78]
[ASCII -78]
[ASCII -78]
[ASCII -78]
[ASCII -78]
[ASCII -78]
[ASCII -78]
[ASCII -78]
[ASCII -78]
[ASCII -78]
[ASCII -78]
[ASCII -78]
[ASCII -78]
[ASCII -78]
[ASCII -78]
4lzZC7O04CCE9j9wx
4lzZC7O04CCE9j9wx
4lzZC7O04CCE9j9wx
4lzZC7O04CCE9j9wx
4lzZC7O04CCE9j9wx
4lzZC7O04CCE9j9wx
4lzZC7O04CCE9j9wx
4lzZC7O04CCE9j9wx
4lzZC7O04CCE9j9wx
4lzZC7O04CCE9j9wx
4lzZC7O04CCE9j9wx
4lzZC7O04CCE9j9wx
4lzZC7O04CCE9j9wx
4lzZC7O04CCE9j9wx
4lzZC7O04CCE9j9wx
4lzZC7O04CCE9j9wx
4lzZC7O04CCE9j9wx
4lzZC7O04CCE9j9wx
4lzZC7O04CCE9j9wx
4lzZC7O04CCE9j9wx
4lzZC7O04CCE9j9wx
4lzZC7O04CCE9j9wx
4lzZC7O04CCE9j9wx
4lzZC7O04CCE9j9wx
4lzZC7O04CCE9j9wx
4lzZC7O04CCE9j9wx
4lzZC7O04CCE9j9wx
4lzZC7O04CCE9j9wx
4lzZC7O04CCE9j9wx
4lzZC7O04CCE9j9wx
4lzZC7O04CCE9j9wx
4lzZC7O04CCE9j9wx
4lzZC7O04CCE9j9wx
4lzZC7O04CCE9j9wx
4lzZC7O04CCE9j9wx
4lzZC7O04CCE9j9wx
4lzZC7O04CCE9j9wx
4lzZC7O04CCE9j9wx
4lzZC7O04CCE9j9wx
4lzZC7O04CCE9j9wx
4lzZC7O04CCE9j9wx
4lzZC7O04CCE9j9wx
4lzZC7O04CCE9j9wx
4lzZC7O04CCE9j9wx
4lzZC7O04CCE9j9wx
4lzZC7O04CCE9j9wx
4lzZC7O04CCE9j9wx
4lzZC7O04CCE9j9wx
4lzZC7O04CCE9j9wx
4lzZC7O04CCE9j9wx
4lzZC7O04CCE9j9wx
4lzZC7O04CCE9j9wx
4lzZC7O04CCE9j9wx
4lzZC7O04CCE9j9wx
4lzZC7O04CCE9j9wx
4lzZC7O04CCE9j9wx
4lzZC7O04CCE9j9wx
pGHBfB6fnQ0zK8dX67N2
1667517855
1667517855
1667517855
1667517855
1667517855
1667517855
1667517855
1667517855
1667517855
1667517855
1667517855
1667517855
1667517855
1667517855
1667517855
1667517855
1667517855
1667517855
1667517855
1667517855
1667517855
1667517855
1667517855
1667517855
1667517855
1667517855
1667517855
1667517855
1667517855
1667517855
1667517855
1667517855
1667517855
1667517855
1667517855
1667517855
1667517855
1667517855
1667517855
1667517855
1667517855
1667517855
1667517855
1667517855
1667517855
1667517855
p0fDGNT0SI64Y46DAS
[ASCII 80]
[ASCII 80]
[ASCII 80]
[ASCII 80]
[ASCII 80]
[ASCII 80]
[ASCII 80]
[ASCII 80]
[ASCII 80]
[ASCII 80]
[ASCII 80]
[ASCII 80]
[ASCII 80]
[ASCII 80]
[ASCII 80]
[ASCII 80]
PYk411bGy5RGVoxtz
kA200J8pniT6K5G97q34r
1616478873
I72F8fzvx4ul6vWlJmVF
mVc3c
mVc3c
mVc3c
mVc3c
mVc3c
mVc3c
mVc3c
mVc3c
mVc3c
mVc3c
mVc3c
mVc3c
mVc3c
mVc3c
mVc3c
mVc3c
mVc3c
mVc3c
mVc3c
mVc3c
mVc3c
mVc3c
mVc3c
mVc3c
mVc3c
mVc3c
mVc3c
mVc3c
mVc3c
mVc3c
mVc3c
mVc3c
mVc3c
mVc3c
mVc3c
mVc3c
mVc3c
mVc3c
mVc3c
mVc3c
mVc3c
mVc3c
mVc3c
mVc3c
mVc3c
mVc3c
mVc3c
mVc3c
mVc3c
mVc3c
mVc3c
mVc3c
mVc3c
mVc3c
mVc3c
mVc3c
mVc3c
mVc3c
mVc3c
mVc3c
mVc3c
mVc3c
mVc3c
mVc3c
mVc3c
mVc3c
mVc3c
mVc3c
mVc3c
mVc3c
mVc3c
mVc3c
mVc3c
mVc3c
mVc3c
mVc3c
mVc3c
mVc3c
mVc3c
mVc3c
mVc3c
mVc3c
mVc3c
mVc3c
mVc3c
mVc3c
mVc3c
mVc3c
mVc3c
mVc3c
mVc3c
mVc3c
mVc3c
mVc3c
mVc3c
mVc3c
mVc3c
mVc3c
a0ZU473li51lkBEXBg
S2oWOp
dVHS29MHD99Bv3yrW
2mlsQvBqo59ZK982td
1887544301
g3yGtx0fxJ1u097rkt
6h8r1A
1400782794
mVc3c
1504675956
1504675956
f4rtd8G8y13CXTd6OD5
nQyQoXyQt7WyyWn9xV
[ASCII 112]
Fr493kjwj15zopbg
1738083608
zmrntJK5Yb0ap5gA2
-292208748
BNl81Nnj90fvUdMD
qY3q0gSA4y919T827W5
Rj735Um3pSfQMe11o
Yzb6Kqkncs4IJoxkV1
Bkn6pL1
511469697
5b40TDWT34gQD4u5Oy
