zIvpK
80n6S940ZzJus7eRT6P
8yTKXL
gAhrjjZjEY5Cxe1P9M
gAhrjjZjEY5Cxe1P9M
gAhrjjZjEY5Cxe1P9M
gAhrjjZjEY5Cxe1P9M
gAhrjjZjEY5Cxe1P9M
gAhrjjZjEY5Cxe1P9M
gAhrjjZjEY5Cxe1P9M
gAhrjjZjEY5Cxe1P9M
gAhrjjZjEY5Cxe1P9M
gAhrjjZjEY5Cxe1P9M
gAhrjjZjEY5Cxe1P9M
gAhrjjZjEY5Cxe1P9M
gAhrjjZjEY5Cxe1P9M
gAhrjjZjEY5Cxe1P9M
gAhrjjZjEY5Cxe1P9M
gAhrjjZjEY5Cxe1P9M
gAhrjjZjEY5Cxe1P9M
gAhrjjZjEY5Cxe1P9M
gAhrjjZjEY5Cxe1P9M
gAhrjjZjEY5Cxe1P9M
gAhrjjZjEY5Cxe1P9M
gAhrjjZjEY5Cxe1P9M
gAhrjjZjEY5Cxe1P9M
gAhrjjZjEY5Cxe1P9M
gAhrjjZjEY5Cxe1P9M
gAhrjjZjEY5Cxe1P9M
gAhrjjZjEY5Cxe1P9M
gAhrjjZjEY5Cxe1P9M
gAhrjjZjEY5Cxe1P9M
gAhrjjZjEY5Cxe1P9M
gAhrjjZjEY5Cxe1P9M
gAhrjjZjEY5Cxe1P9M
gAhrjjZjEY5Cxe1P9M
w882UG869oDtc3i33w6
GTmVm4x1O100f8D6a3J7
0g1LCvF1g0ukGC5CDXe
905233332
KCnTpAE
[ASCII 79]
[ASCII 98]
j8i3Mpv0668e670y43n
pJh1E6SZJCcDkMHD5a9
JLRrg9wPNNB9IOeOt8R
8yTKXL
[ASCII 72]
sk2S78B4AOa80rVRQw1
[ASCII 35]
XM4Qzv9tq0XAysRvPbx
5Q8wgx2
CkG4XUkucFO89JToAZn
3Kh3KoDl9VisDcme6Xp
3Kh3KoDl9VisDcme6Xp
3Kh3KoDl9VisDcme6Xp
3Kh3KoDl9VisDcme6Xp
3Kh3KoDl9VisDcme6Xp
3Kh3KoDl9VisDcme6Xp
3Kh3KoDl9VisDcme6Xp
3Kh3KoDl9VisDcme6Xp
3Kh3KoDl9VisDcme6Xp
3Kh3KoDl9VisDcme6Xp
3Kh3KoDl9VisDcme6Xp
3Kh3KoDl9VisDcme6Xp
3Kh3KoDl9VisDcme6Xp
3Kh3KoDl9VisDcme6Xp
3Kh3KoDl9VisDcme6Xp
3Kh3KoDl9VisDcme6Xp
3Kh3KoDl9VisDcme6Xp
3Kh3KoDl9VisDcme6Xp
3Kh3KoDl9VisDcme6Xp
3Kh3KoDl9VisDcme6Xp
3Kh3KoDl9VisDcme6Xp
3Kh3KoDl9VisDcme6Xp
3Kh3KoDl9VisDcme6Xp
3Kh3KoDl9VisDcme6Xp
3Kh3KoDl9VisDcme6Xp
3Kh3KoDl9VisDcme6Xp
3Kh3KoDl9VisDcme6Xp
3Kh3KoDl9VisDcme6Xp
3Kh3KoDl9VisDcme6Xp
3Kh3KoDl9VisDcme6Xp
3Kh3KoDl9VisDcme6Xp
3Kh3KoDl9VisDcme6Xp
3Kh3KoDl9VisDcme6Xp
3Kh3KoDl9VisDcme6Xp
3Kh3KoDl9VisDcme6Xp
3Kh3KoDl9VisDcme6Xp
3Kh3KoDl9VisDcme6Xp
3Kh3KoDl9VisDcme6Xp
3Kh3KoDl9VisDcme6Xp
3Kh3KoDl9VisDcme6Xp
3Kh3KoDl9VisDcme6Xp
3Kh3KoDl9VisDcme6Xp
3Kh3KoDl9VisDcme6Xp
3Kh3KoDl9VisDcme6Xp
3Kh3KoDl9VisDcme6Xp
3Kh3KoDl9VisDcme6Xp
3Kh3KoDl9VisDcme6Xp
3Kh3KoDl9VisDcme6Xp
3Kh3KoDl9VisDcme6Xp
3Kh3KoDl9VisDcme6Xp
3Kh3KoDl9VisDcme6Xp
3Kh3KoDl9VisDcme6Xp
3Kh3KoDl9VisDcme6Xp
3Kh3KoDl9VisDcme6Xp
3Kh3KoDl9VisDcme6Xp
3Kh3KoDl9VisDcme6Xp
3Kh3KoDl9VisDcme6Xp
3Kh3KoDl9VisDcme6Xp
3Kh3KoDl9VisDcme6Xp
3Kh3KoDl9VisDcme6Xp
3Kh3KoDl9VisDcme6Xp
3Kh3KoDl9VisDcme6Xp
3Kh3KoDl9VisDcme6Xp
3Kh3KoDl9VisDcme6Xp
3Kh3KoDl9VisDcme6Xp
3Kh3KoDl9VisDcme6Xp
3Kh3KoDl9VisDcme6Xp
3Kh3KoDl9VisDcme6Xp
3Kh3KoDl9VisDcme6Xp
3Kh3KoDl9VisDcme6Xp
3Kh3KoDl9VisDcme6Xp
3Kh3KoDl9VisDcme6Xp
3Kh3KoDl9VisDcme6Xp
3Kh3KoDl9VisDcme6Xp
3Kh3KoDl9VisDcme6Xp
3Kh3KoDl9VisDcme6Xp
HY401g8VOO0P2VZ17q
972Ba1
1380941652
5tl2094iezN42147vEs
[ASCII 100]
[ASCII 74]
[ASCII 68]
UGG23Ls8K5JCiZ7UBDTC
72mJ1k0kq6qE99X9
1585486058
MsNHC8pbw64W4be9
[ASCII 62]
QP3fIPKkYrU5MrL
QP3fIPKkYrU5MrL
QP3fIPKkYrU5MrL
QP3fIPKkYrU5MrL
QP3fIPKkYrU5MrL
QP3fIPKkYrU5MrL
QP3fIPKkYrU5MrL
QP3fIPKkYrU5MrL
QP3fIPKkYrU5MrL
QP3fIPKkYrU5MrL
QP3fIPKkYrU5MrL
QP3fIPKkYrU5MrL
QP3fIPKkYrU5MrL
QP3fIPKkYrU5MrL
QP3fIPKkYrU5MrL
QP3fIPKkYrU5MrL
QP3fIPKkYrU5MrL
QP3fIPKkYrU5MrL
[ASCII 57]
L4LHtwe9O9x3J0Ju7F
3w3FPd5B2W6ovI5j
KCnTpAE
74Y2fQ1XhJ5kd6vv
74Y2fQ1XhJ5kd6vv
74Y2fQ1XhJ5kd6vv
74Y2fQ1XhJ5kd6vv
74Y2fQ1XhJ5kd6vv
74Y2fQ1XhJ5kd6vv
74Y2fQ1XhJ5kd6vv
74Y2fQ1XhJ5kd6vv
74Y2fQ1XhJ5kd6vv
74Y2fQ1XhJ5kd6vv
74Y2fQ1XhJ5kd6vv
74Y2fQ1XhJ5kd6vv
74Y2fQ1XhJ5kd6vv
74Y2fQ1XhJ5kd6vv
74Y2fQ1XhJ5kd6vv
74Y2fQ1XhJ5kd6vv
74Y2fQ1XhJ5kd6vv
74Y2fQ1XhJ5kd6vv
74Y2fQ1XhJ5kd6vv
74Y2fQ1XhJ5kd6vv
74Y2fQ1XhJ5kd6vv
74Y2fQ1XhJ5kd6vv
74Y2fQ1XhJ5kd6vv
74Y2fQ1XhJ5kd6vv
74Y2fQ1XhJ5kd6vv
74Y2fQ1XhJ5kd6vv
74Y2fQ1XhJ5kd6vv
74Y2fQ1XhJ5kd6vv
74Y2fQ1XhJ5kd6vv
74Y2fQ1XhJ5kd6vv
74Y2fQ1XhJ5kd6vv
74Y2fQ1XhJ5kd6vv
74Y2fQ1XhJ5kd6vv
74Y2fQ1XhJ5kd6vv
74Y2fQ1XhJ5kd6vv
74Y2fQ1XhJ5kd6vv
74Y2fQ1XhJ5kd6vv
74Y2fQ1XhJ5kd6vv
74Y2fQ1XhJ5kd6vv
74Y2fQ1XhJ5kd6vv
74Y2fQ1XhJ5kd6vv
74Y2fQ1XhJ5kd6vv
74Y2fQ1XhJ5kd6vv
74Y2fQ1XhJ5kd6vv
74Y2fQ1XhJ5kd6vv
74Y2fQ1XhJ5kd6vv
74Y2fQ1XhJ5kd6vv
74Y2fQ1XhJ5kd6vv
74Y2fQ1XhJ5kd6vv
74Y2fQ1XhJ5kd6vv
74Y2fQ1XhJ5kd6vv
74Y2fQ1XhJ5kd6vv
74Y2fQ1XhJ5kd6vv
74Y2fQ1XhJ5kd6vv
74Y2fQ1XhJ5kd6vv
74Y2fQ1XhJ5kd6vv
74Y2fQ1XhJ5kd6vv
74Y2fQ1XhJ5kd6vv
74Y2fQ1XhJ5kd6vv
74Y2fQ1XhJ5kd6vv
74Y2fQ1XhJ5kd6vv
74Y2fQ1XhJ5kd6vv
74Y2fQ1XhJ5kd6vv
74Y2fQ1XhJ5kd6vv
74Y2fQ1XhJ5kd6vv
74Y2fQ1XhJ5kd6vv
74Y2fQ1XhJ5kd6vv
74Y2fQ1XhJ5kd6vv
74Y2fQ1XhJ5kd6vv
74Y2fQ1XhJ5kd6vv
74Y2fQ1XhJ5kd6vv
74Y2fQ1XhJ5kd6vv
74Y2fQ1XhJ5kd6vv
74Y2fQ1XhJ5kd6vv
74Y2fQ1XhJ5kd6vv
74Y2fQ1XhJ5kd6vv
74Y2fQ1XhJ5kd6vv
74Y2fQ1XhJ5kd6vv
74Y2fQ1XhJ5kd6vv
74Y2fQ1XhJ5kd6vv
74Y2fQ1XhJ5kd6vv
74Y2fQ1XhJ5kd6vv
74Y2fQ1XhJ5kd6vv
74Y2fQ1XhJ5kd6vv
74Y2fQ1XhJ5kd6vv
74Y2fQ1XhJ5kd6vv
74Y2fQ1XhJ5kd6vv
74Y2fQ1XhJ5kd6vv
3w5kG9Aga8116Q83w
t443a9VLNWmu4P867
LD3vA082e4x70gRwsTU
LD3vA082e4x70gRwsTU
LD3vA082e4x70gRwsTU
LD3vA082e4x70gRwsTU
LD3vA082e4x70gRwsTU
LD3vA082e4x70gRwsTU
LD3vA082e4x70gRwsTU
LD3vA082e4x70gRwsTU
LD3vA082e4x70gRwsTU
LD3vA082e4x70gRwsTU
LD3vA082e4x70gRwsTU
LD3vA082e4x70gRwsTU
LD3vA082e4x70gRwsTU
LD3vA082e4x70gRwsTU
LD3vA082e4x70gRwsTU
LD3vA082e4x70gRwsTU
LD3vA082e4x70gRwsTU
LD3vA082e4x70gRwsTU
LD3vA082e4x70gRwsTU
LD3vA082e4x70gRwsTU
LD3vA082e4x70gRwsTU
LD3vA082e4x70gRwsTU
LD3vA082e4x70gRwsTU
LD3vA082e4x70gRwsTU
LD3vA082e4x70gRwsTU
LD3vA082e4x70gRwsTU
LD3vA082e4x70gRwsTU
LD3vA082e4x70gRwsTU
LD3vA082e4x70gRwsTU
LD3vA082e4x70gRwsTU
LD3vA082e4x70gRwsTU
LD3vA082e4x70gRwsTU
LD3vA082e4x70gRwsTU
LD3vA082e4x70gRwsTU
LD3vA082e4x70gRwsTU
LD3vA082e4x70gRwsTU
LD3vA082e4x70gRwsTU
LD3vA082e4x70gRwsTU
LD3vA082e4x70gRwsTU
LD3vA082e4x70gRwsTU
LD3vA082e4x70gRwsTU
LD3vA082e4x70gRwsTU
LD3vA082e4x70gRwsTU
LD3vA082e4x70gRwsTU
LD3vA082e4x70gRwsTU
LD3vA082e4x70gRwsTU
LD3vA082e4x70gRwsTU
LD3vA082e4x70gRwsTU
LD3vA082e4x70gRwsTU
LD3vA082e4x70gRwsTU
LD3vA082e4x70gRwsTU
LD3vA082e4x70gRwsTU
LD3vA082e4x70gRwsTU
LD3vA082e4x70gRwsTU
LD3vA082e4x70gRwsTU
LD3vA082e4x70gRwsTU
LD3vA082e4x70gRwsTU
LD3vA082e4x70gRwsTU
LD3vA082e4x70gRwsTU
LD3vA082e4x70gRwsTU
LD3vA082e4x70gRwsTU
LD3vA082e4x70gRwsTU
LD3vA082e4x70gRwsTU
LD3vA082e4x70gRwsTU
LD3vA082e4x70gRwsTU
LD3vA082e4x70gRwsTU
LD3vA082e4x70gRwsTU
LD3vA082e4x70gRwsTU
LD3vA082e4x70gRwsTU
LD3vA082e4x70gRwsTU
LD3vA082e4x70gRwsTU
ah6X4ABAnJ6kQ8nvWl
ah6X4ABAnJ6kQ8nvWl
ah6X4ABAnJ6kQ8nvWl
ah6X4ABAnJ6kQ8nvWl
ah6X4ABAnJ6kQ8nvWl
ah6X4ABAnJ6kQ8nvWl
ah6X4ABAnJ6kQ8nvWl
ah6X4ABAnJ6kQ8nvWl
ah6X4ABAnJ6kQ8nvWl
ah6X4ABAnJ6kQ8nvWl
ah6X4ABAnJ6kQ8nvWl
ah6X4ABAnJ6kQ8nvWl
ah6X4ABAnJ6kQ8nvWl
ah6X4ABAnJ6kQ8nvWl
ah6X4ABAnJ6kQ8nvWl
ah6X4ABAnJ6kQ8nvWl
ah6X4ABAnJ6kQ8nvWl
ah6X4ABAnJ6kQ8nvWl
ah6X4ABAnJ6kQ8nvWl
ah6X4ABAnJ6kQ8nvWl
ah6X4ABAnJ6kQ8nvWl
ah6X4ABAnJ6kQ8nvWl
ah6X4ABAnJ6kQ8nvWl
ah6X4ABAnJ6kQ8nvWl
ah6X4ABAnJ6kQ8nvWl
ah6X4ABAnJ6kQ8nvWl
ah6X4ABAnJ6kQ8nvWl
ah6X4ABAnJ6kQ8nvWl
ah6X4ABAnJ6kQ8nvWl
ah6X4ABAnJ6kQ8nvWl
ah6X4ABAnJ6kQ8nvWl
ah6X4ABAnJ6kQ8nvWl
ah6X4ABAnJ6kQ8nvWl
ah6X4ABAnJ6kQ8nvWl
ah6X4ABAnJ6kQ8nvWl
ah6X4ABAnJ6kQ8nvWl
ah6X4ABAnJ6kQ8nvWl
ah6X4ABAnJ6kQ8nvWl
ah6X4ABAnJ6kQ8nvWl
ah6X4ABAnJ6kQ8nvWl
ah6X4ABAnJ6kQ8nvWl
ah6X4ABAnJ6kQ8nvWl
ah6X4ABAnJ6kQ8nvWl
ah6X4ABAnJ6kQ8nvWl
ah6X4ABAnJ6kQ8nvWl
ah6X4ABAnJ6kQ8nvWl
ah6X4ABAnJ6kQ8nvWl
ah6X4ABAnJ6kQ8nvWl
ah6X4ABAnJ6kQ8nvWl
ah6X4ABAnJ6kQ8nvWl
ah6X4ABAnJ6kQ8nvWl
ah6X4ABAnJ6kQ8nvWl
ah6X4ABAnJ6kQ8nvWl
ah6X4ABAnJ6kQ8nvWl
ah6X4ABAnJ6kQ8nvWl
ah6X4ABAnJ6kQ8nvWl
ah6X4ABAnJ6kQ8nvWl
ah6X4ABAnJ6kQ8nvWl
ah6X4ABAnJ6kQ8nvWl
ah6X4ABAnJ6kQ8nvWl
ah6X4ABAnJ6kQ8nvWl
ah6X4ABAnJ6kQ8nvWl
ah6X4ABAnJ6kQ8nvWl
ah6X4ABAnJ6kQ8nvWl
ah6X4ABAnJ6kQ8nvWl
ah6X4ABAnJ6kQ8nvWl
ah6X4ABAnJ6kQ8nvWl
ah6X4ABAnJ6kQ8nvWl
ah6X4ABAnJ6kQ8nvWl
ah6X4ABAnJ6kQ8nvWl
ah6X4ABAnJ6kQ8nvWl
ah6X4ABAnJ6kQ8nvWl
ah6X4ABAnJ6kQ8nvWl
0mP2vXgSC8C81cu1
0mP2vXgSC8C81cu1
0mP2vXgSC8C81cu1
0mP2vXgSC8C81cu1
0mP2vXgSC8C81cu1
0mP2vXgSC8C81cu1
0mP2vXgSC8C81cu1
0mP2vXgSC8C81cu1
0mP2vXgSC8C81cu1
0mP2vXgSC8C81cu1
0mP2vXgSC8C81cu1
0mP2vXgSC8C81cu1
0mP2vXgSC8C81cu1
0mP2vXgSC8C81cu1
0mP2vXgSC8C81cu1
0mP2vXgSC8C81cu1
0mP2vXgSC8C81cu1
0mP2vXgSC8C81cu1
0mP2vXgSC8C81cu1
0mP2vXgSC8C81cu1
0mP2vXgSC8C81cu1
DL7RzDjBqAk905rd95C
[ASCII 65]
9O6lF0a1c08UCJ9b
9O6lF0a1c08UCJ9b
9O6lF0a1c08UCJ9b
9O6lF0a1c08UCJ9b
9O6lF0a1c08UCJ9b
9O6lF0a1c08UCJ9b
9O6lF0a1c08UCJ9b
9O6lF0a1c08UCJ9b
9O6lF0a1c08UCJ9b
9O6lF0a1c08UCJ9b
9O6lF0a1c08UCJ9b
9O6lF0a1c08UCJ9b
9O6lF0a1c08UCJ9b
9O6lF0a1c08UCJ9b
9O6lF0a1c08UCJ9b
9O6lF0a1c08UCJ9b
9O6lF0a1c08UCJ9b
9O6lF0a1c08UCJ9b
9O6lF0a1c08UCJ9b
9O6lF0a1c08UCJ9b
9O6lF0a1c08UCJ9b
9O6lF0a1c08UCJ9b
9O6lF0a1c08UCJ9b
9O6lF0a1c08UCJ9b
9O6lF0a1c08UCJ9b
9O6lF0a1c08UCJ9b
9O6lF0a1c08UCJ9b
9O6lF0a1c08UCJ9b
9O6lF0a1c08UCJ9b
rHHGP
UkkMXn
iX07G2F
fcgLtY
DueHf6w76TLfeOTlf0y
956521749
1460468320
b5wVd07
8lpJcR0
VHu71x0
[ASCII 66]
[ASCII 103]
cQCuz2lL6onpc
vXYi3k7K2Gxi5YKvU
1XjFzZHS8V9gqOC6wA
1XjFzZHS8V9gqOC6wA
1XjFzZHS8V9gqOC6wA
1XjFzZHS8V9gqOC6wA
1XjFzZHS8V9gqOC6wA
1XjFzZHS8V9gqOC6wA
1XjFzZHS8V9gqOC6wA
1XjFzZHS8V9gqOC6wA
1XjFzZHS8V9gqOC6wA
1XjFzZHS8V9gqOC6wA
1XjFzZHS8V9gqOC6wA
1XjFzZHS8V9gqOC6wA
1XjFzZHS8V9gqOC6wA
1XjFzZHS8V9gqOC6wA
1XjFzZHS8V9gqOC6wA
1XjFzZHS8V9gqOC6wA
1XjFzZHS8V9gqOC6wA
1XjFzZHS8V9gqOC6wA
1XjFzZHS8V9gqOC6wA
1XjFzZHS8V9gqOC6wA
1XjFzZHS8V9gqOC6wA
1XjFzZHS8V9gqOC6wA
Rq1XXLXm47ov7z3qqt
Rq1XXLXm47ov7z3qqt
Rq1XXLXm47ov7z3qqt
Rq1XXLXm47ov7z3qqt
Rq1XXLXm47ov7z3qqt
Rq1XXLXm47ov7z3qqt
Rq1XXLXm47ov7z3qqt
Rq1XXLXm47ov7z3qqt
Rq1XXLXm47ov7z3qqt
Rq1XXLXm47ov7z3qqt
Rq1XXLXm47ov7z3qqt
Rq1XXLXm47ov7z3qqt
Rq1XXLXm47ov7z3qqt
Rq1XXLXm47ov7z3qqt
Rq1XXLXm47ov7z3qqt
Rq1XXLXm47ov7z3qqt
Rq1XXLXm47ov7z3qqt
Rq1XXLXm47ov7z3qqt
Rq1XXLXm47ov7z3qqt
Rq1XXLXm47ov7z3qqt
Rq1XXLXm47ov7z3qqt
Rq1XXLXm47ov7z3qqt
Rq1XXLXm47ov7z3qqt
Rq1XXLXm47ov7z3qqt
Rq1XXLXm47ov7z3qqt
Rq1XXLXm47ov7z3qqt
Rq1XXLXm47ov7z3qqt
Rq1XXLXm47ov7z3qqt
Rq1XXLXm47ov7z3qqt
Rq1XXLXm47ov7z3qqt
Rq1XXLXm47ov7z3qqt
Rq1XXLXm47ov7z3qqt
Rq1XXLXm47ov7z3qqt
Rq1XXLXm47ov7z3qqt
Rq1XXLXm47ov7z3qqt
Rq1XXLXm47ov7z3qqt
Rq1XXLXm47ov7z3qqt
Rq1XXLXm47ov7z3qqt
Rq1XXLXm47ov7z3qqt
Rq1XXLXm47ov7z3qqt
Rq1XXLXm47ov7z3qqt
Rq1XXLXm47ov7z3qqt
Rq1XXLXm47ov7z3qqt
Rq1XXLXm47ov7z3qqt
Rq1XXLXm47ov7z3qqt
Rq1XXLXm47ov7z3qqt
Rq1XXLXm47ov7z3qqt
Rq1XXLXm47ov7z3qqt
Rq1XXLXm47ov7z3qqt
Rq1XXLXm47ov7z3qqt
Rq1XXLXm47ov7z3qqt
Rq1XXLXm47ov7z3qqt
Rq1XXLXm47ov7z3qqt
Rq1XXLXm47ov7z3qqt
Rq1XXLXm47ov7z3qqt
Rq1XXLXm47ov7z3qqt
Rq1XXLXm47ov7z3qqt
Rq1XXLXm47ov7z3qqt
Rq1XXLXm47ov7z3qqt
Rq1XXLXm47ov7z3qqt
Rq1XXLXm47ov7z3qqt
Rq1XXLXm47ov7z3qqt
Rq1XXLXm47ov7z3qqt
Rq1XXLXm47ov7z3qqt
Rq1XXLXm47ov7z3qqt
Rq1XXLXm47ov7z3qqt
Rq1XXLXm47ov7z3qqt
Rq1XXLXm47ov7z3qqt
Rq1XXLXm47ov7z3qqt
Rq1XXLXm47ov7z3qqt
Rq1XXLXm47ov7z3qqt
Rq1XXLXm47ov7z3qqt
Rq1XXLXm47ov7z3qqt
Rq1XXLXm47ov7z3qqt
Rq1XXLXm47ov7z3qqt
Rq1XXLXm47ov7z3qqt
Rq1XXLXm47ov7z3qqt
Rq1XXLXm47ov7z3qqt
Rq1XXLXm47ov7z3qqt
Rq1XXLXm47ov7z3qqt
Rq1XXLXm47ov7z3qqt
Rq1XXLXm47ov7z3qqt
Rq1XXLXm47ov7z3qqt
Rq1XXLXm47ov7z3qqt
Rq1XXLXm47ov7z3qqt
Rq1XXLXm47ov7z3qqt
Rq1XXLXm47ov7z3qqt
Rq1XXLXm47ov7z3qqt
Rq1XXLXm47ov7z3qqt
Rq1XXLXm47ov7z3qqt
Rq1XXLXm47ov7z3qqt
Rq1XXLXm47ov7z3qqt
Rq1XXLXm47ov7z3qqt
Rq1XXLXm47ov7z3qqt
Rq1XXLXm47ov7z3qqt
Rq1XXLXm47ov7z3qqt
F4fO5AT
1uoQQWN4nmQGrXd94p
128418785
128418785
128418785
128418785
128418785
128418785
128418785
128418785
128418785
128418785
128418785
128418785
128418785
128418785
128418785
128418785
128418785
128418785
128418785
128418785
128418785
128418785
128418785
128418785
128418785
128418785
128418785
128418785
128418785
128418785
128418785
128418785
128418785
128418785
128418785
128418785
128418785
128418785
128418785
128418785
128418785
128418785
128418785
128418785
128418785
128418785
128418785
128418785
128418785
1e13Hpvl307Dkj0eB0
[ASCII 53]
rM5sv3m1JU1ERyCOJZ
1l42l1e0WL1s6H91f6u60
1l42l1e0WL1s6H91f6u60
1l42l1e0WL1s6H91f6u60
1l42l1e0WL1s6H91f6u60
1l42l1e0WL1s6H91f6u60
1l42l1e0WL1s6H91f6u60
1l42l1e0WL1s6H91f6u60
1l42l1e0WL1s6H91f6u60
1l42l1e0WL1s6H91f6u60
1l42l1e0WL1s6H91f6u60
1l42l1e0WL1s6H91f6u60
1l42l1e0WL1s6H91f6u60
1l42l1e0WL1s6H91f6u60
1l42l1e0WL1s6H91f6u60
1l42l1e0WL1s6H91f6u60
1l42l1e0WL1s6H91f6u60
1l42l1e0WL1s6H91f6u60
1l42l1e0WL1s6H91f6u60
1l42l1e0WL1s6H91f6u60
1l42l1e0WL1s6H91f6u60
1l42l1e0WL1s6H91f6u60
1l42l1e0WL1s6H91f6u60
1l42l1e0WL1s6H91f6u60
1l42l1e0WL1s6H91f6u60
1l42l1e0WL1s6H91f6u60
1l42l1e0WL1s6H91f6u60
1l42l1e0WL1s6H91f6u60
1l42l1e0WL1s6H91f6u60
1l42l1e0WL1s6H91f6u60
1l42l1e0WL1s6H91f6u60
1l42l1e0WL1s6H91f6u60
1l42l1e0WL1s6H91f6u60
1l42l1e0WL1s6H91f6u60
1l42l1e0WL1s6H91f6u60
1l42l1e0WL1s6H91f6u60
1l42l1e0WL1s6H91f6u60
1l42l1e0WL1s6H91f6u60
1l42l1e0WL1s6H91f6u60
1l42l1e0WL1s6H91f6u60
1l42l1e0WL1s6H91f6u60
1l42l1e0WL1s6H91f6u60
1l42l1e0WL1s6H91f6u60
1l42l1e0WL1s6H91f6u60
1l42l1e0WL1s6H91f6u60
1l42l1e0WL1s6H91f6u60
1l42l1e0WL1s6H91f6u60
1l42l1e0WL1s6H91f6u60
1l42l1e0WL1s6H91f6u60
1l42l1e0WL1s6H91f6u60
1l42l1e0WL1s6H91f6u60
1l42l1e0WL1s6H91f6u60
1l42l1e0WL1s6H91f6u60
1l42l1e0WL1s6H91f6u60
1l42l1e0WL1s6H91f6u60
1l42l1e0WL1s6H91f6u60
1l42l1e0WL1s6H91f6u60
1l42l1e0WL1s6H91f6u60
1l42l1e0WL1s6H91f6u60
1l42l1e0WL1s6H91f6u60
1l42l1e0WL1s6H91f6u60
1l42l1e0WL1s6H91f6u60
1l42l1e0WL1s6H91f6u60
1l42l1e0WL1s6H91f6u60
1l42l1e0WL1s6H91f6u60
1l42l1e0WL1s6H91f6u60
1l42l1e0WL1s6H91f6u60
-1097408500
5qsjb7vpL0G18E4pu0X
5qsjb7vpL0G18E4pu0X
5qsjb7vpL0G18E4pu0X
5qsjb7vpL0G18E4pu0X
5qsjb7vpL0G18E4pu0X
5qsjb7vpL0G18E4pu0X
5qsjb7vpL0G18E4pu0X
5qsjb7vpL0G18E4pu0X
5qsjb7vpL0G18E4pu0X
5qsjb7vpL0G18E4pu0X
5qsjb7vpL0G18E4pu0X
5qsjb7vpL0G18E4pu0X
5qsjb7vpL0G18E4pu0X
5qsjb7vpL0G18E4pu0X
5qsjb7vpL0G18E4pu0X
5qsjb7vpL0G18E4pu0X
5qsjb7vpL0G18E4pu0X
5qsjb7vpL0G18E4pu0X
5qsjb7vpL0G18E4pu0X
5qsjb7vpL0G18E4pu0X
5qsjb7vpL0G18E4pu0X
5qsjb7vpL0G18E4pu0X
5qsjb7vpL0G18E4pu0X
5qsjb7vpL0G18E4pu0X
5qsjb7vpL0G18E4pu0X
5qsjb7vpL0G18E4pu0X
5qsjb7vpL0G18E4pu0X
5qsjb7vpL0G18E4pu0X
5qsjb7vpL0G18E4pu0X
5qsjb7vpL0G18E4pu0X
5qsjb7vpL0G18E4pu0X
5qsjb7vpL0G18E4pu0X
5qsjb7vpL0G18E4pu0X
5qsjb7vpL0G18E4pu0X
5qsjb7vpL0G18E4pu0X
uo90ek44Zd35l99KAmd
1999930855
h8CNowJdm2k6114UzzTD
[ASCII 66]
1895460748
j7CT64xFA1wPACPa347
4ucwRryd22IeSLvwEe
4ucwRryd22IeSLvwEe
4ucwRryd22IeSLvwEe
4ucwRryd22IeSLvwEe
4ucwRryd22IeSLvwEe
4ucwRryd22IeSLvwEe
4ucwRryd22IeSLvwEe
4ucwRryd22IeSLvwEe
4ucwRryd22IeSLvwEe
4ucwRryd22IeSLvwEe
4ucwRryd22IeSLvwEe
4ucwRryd22IeSLvwEe
4ucwRryd22IeSLvwEe
4ucwRryd22IeSLvwEe
4ucwRryd22IeSLvwEe
4ucwRryd22IeSLvwEe
4ucwRryd22IeSLvwEe
4ucwRryd22IeSLvwEe
4ucwRryd22IeSLvwEe
4ucwRryd22IeSLvwEe
4ucwRryd22IeSLvwEe
4ucwRryd22IeSLvwEe
4ucwRryd22IeSLvwEe
4ucwRryd22IeSLvwEe
4ucwRryd22IeSLvwEe
4ucwRryd22IeSLvwEe
4ucwRryd22IeSLvwEe
4ucwRryd22IeSLvwEe
4ucwRryd22IeSLvwEe
4ucwRryd22IeSLvwEe
4ucwRryd22IeSLvwEe
4ucwRryd22IeSLvwEe
4ucwRryd22IeSLvwEe
4ucwRryd22IeSLvwEe
4ucwRryd22IeSLvwEe
4ucwRryd22IeSLvwEe
4ucwRryd22IeSLvwEe
4ucwRryd22IeSLvwEe
4ucwRryd22IeSLvwEe
4ucwRryd22IeSLvwEe
4ucwRryd22IeSLvwEe
4ucwRryd22IeSLvwEe
4ucwRryd22IeSLvwEe
4ucwRryd22IeSLvwEe
4ucwRryd22IeSLvwEe
4ucwRryd22IeSLvwEe
4ucwRryd22IeSLvwEe
4ucwRryd22IeSLvwEe
4ucwRryd22IeSLvwEe
4ucwRryd22IeSLvwEe
4ucwRryd22IeSLvwEe
4ucwRryd22IeSLvwEe
4ucwRryd22IeSLvwEe
4ucwRryd22IeSLvwEe
4ucwRryd22IeSLvwEe
4ucwRryd22IeSLvwEe
4ucwRryd22IeSLvwEe
4ucwRryd22IeSLvwEe
4ucwRryd22IeSLvwEe
4ucwRryd22IeSLvwEe
4ucwRryd22IeSLvwEe
4ucwRryd22IeSLvwEe
4ucwRryd22IeSLvwEe
4ucwRryd22IeSLvwEe
4ucwRryd22IeSLvwEe
4ucwRryd22IeSLvwEe
4ucwRryd22IeSLvwEe
4ucwRryd22IeSLvwEe
4ucwRryd22IeSLvwEe
S041sNq5f03May9MP8
58pKMRP4LHd3P6K9QG
58pKMRP4LHd3P6K9QG
58pKMRP4LHd3P6K9QG
58pKMRP4LHd3P6K9QG
58pKMRP4LHd3P6K9QG
58pKMRP4LHd3P6K9QG
58pKMRP4LHd3P6K9QG
58pKMRP4LHd3P6K9QG
58pKMRP4LHd3P6K9QG
58pKMRP4LHd3P6K9QG
58pKMRP4LHd3P6K9QG
58pKMRP4LHd3P6K9QG
58pKMRP4LHd3P6K9QG
58pKMRP4LHd3P6K9QG
58pKMRP4LHd3P6K9QG
58pKMRP4LHd3P6K9QG
58pKMRP4LHd3P6K9QG
58pKMRP4LHd3P6K9QG
58pKMRP4LHd3P6K9QG
58pKMRP4LHd3P6K9QG
58pKMRP4LHd3P6K9QG
58pKMRP4LHd3P6K9QG
58pKMRP4LHd3P6K9QG
58pKMRP4LHd3P6K9QG
58pKMRP4LHd3P6K9QG
58pKMRP4LHd3P6K9QG
58pKMRP4LHd3P6K9QG
58pKMRP4LHd3P6K9QG
58pKMRP4LHd3P6K9QG
58pKMRP4LHd3P6K9QG
58pKMRP4LHd3P6K9QG
58pKMRP4LHd3P6K9QG
58pKMRP4LHd3P6K9QG
58pKMRP4LHd3P6K9QG
58pKMRP4LHd3P6K9QG
58pKMRP4LHd3P6K9QG
58pKMRP4LHd3P6K9QG
58pKMRP4LHd3P6K9QG
58pKMRP4LHd3P6K9QG
58pKMRP4LHd3P6K9QG
58pKMRP4LHd3P6K9QG
58pKMRP4LHd3P6K9QG
58pKMRP4LHd3P6K9QG
58pKMRP4LHd3P6K9QG
58pKMRP4LHd3P6K9QG
58pKMRP4LHd3P6K9QG
58pKMRP4LHd3P6K9QG
58pKMRP4LHd3P6K9QG
58pKMRP4LHd3P6K9QG
58pKMRP4LHd3P6K9QG
58pKMRP4LHd3P6K9QG
58pKMRP4LHd3P6K9QG
58pKMRP4LHd3P6K9QG
58pKMRP4LHd3P6K9QG
58pKMRP4LHd3P6K9QG
58pKMRP4LHd3P6K9QG
58pKMRP4LHd3P6K9QG
58pKMRP4LHd3P6K9QG
58pKMRP4LHd3P6K9QG
58pKMRP4LHd3P6K9QG
58pKMRP4LHd3P6K9QG
58pKMRP4LHd3P6K9QG
58pKMRP4LHd3P6K9QG
58pKMRP4LHd3P6K9QG
58pKMRP4LHd3P6K9QG
58pKMRP4LHd3P6K9QG
58pKMRP4LHd3P6K9QG
58pKMRP4LHd3P6K9QG
58pKMRP4LHd3P6K9QG
58pKMRP4LHd3P6K9QG
58pKMRP4LHd3P6K9QG
58pKMRP4LHd3P6K9QG
58pKMRP4LHd3P6K9QG
58pKMRP4LHd3P6K9QG
58pKMRP4LHd3P6K9QG
58pKMRP4LHd3P6K9QG
58pKMRP4LHd3P6K9QG
58pKMRP4LHd3P6K9QG
58pKMRP4LHd3P6K9QG
58pKMRP4LHd3P6K9QG
58pKMRP4LHd3P6K9QG
58pKMRP4LHd3P6K9QG
58pKMRP4LHd3P6K9QG
58pKMRP4LHd3P6K9QG
58pKMRP4LHd3P6K9QG
58pKMRP4LHd3P6K9QG
58pKMRP4LHd3P6K9QG
58pKMRP4LHd3P6K9QG
58pKMRP4LHd3P6K9QG
58pKMRP4LHd3P6K9QG
58pKMRP4LHd3P6K9QG
58pKMRP4LHd3P6K9QG
58pKMRP4LHd3P6K9QG
58pKMRP4LHd3P6K9QG
58pKMRP4LHd3P6K9QG
58pKMRP4LHd3P6K9QG
58pKMRP4LHd3P6K9QG
58pKMRP4LHd3P6K9QG
Fq2PuIuF75z6j8ZZpM
9uu88PKuLr4o6774JuO
IH0uN
IH0uN
IH0uN
IH0uN
IH0uN
IH0uN
IH0uN
IH0uN
IH0uN
IH0uN
IH0uN
IH0uN
IH0uN
IH0uN
IH0uN
IH0uN
IH0uN
IH0uN
IH0uN
IH0uN
IH0uN
IH0uN
IH0uN
IH0uN
IH0uN
IH0uN
IH0uN
IH0uN
IH0uN
IH0uN
IH0uN
IH0uN
IH0uN
IH0uN
IH0uN
IH0uN
IH0uN
IH0uN
IH0uN
IH0uN
IH0uN
IH0uN
IH0uN
IH0uN
IH0uN
IH0uN
IH0uN
IH0uN
IH0uN
IH0uN
IH0uN
IH0uN
IH0uN
IH0uN
IH0uN
IH0uN
IH0uN
IH0uN
843inW3017W3IHz4bg
AaFfq9qU78MeXZPiv7
AYZ217lx5S9
[ASCII 86]
[ASCII 57]
[ASCII 119]
[ASCII 119]
[ASCII 119]
[ASCII 119]
[ASCII 119]
[ASCII 119]
[ASCII 119]
[ASCII 119]
[ASCII 119]
[ASCII 119]
[ASCII 119]
[ASCII 119]
[ASCII 119]
[ASCII 119]
[ASCII 119]
[ASCII 119]
[ASCII 119]
[ASCII 119]
[ASCII 119]
[ASCII 119]
[ASCII 119]
[ASCII 119]
[ASCII 119]
[ASCII 119]
[ASCII 119]
[ASCII 119]
[ASCII 119]
[ASCII 119]
[ASCII 119]
[ASCII 119]
[ASCII 119]
[ASCII 119]
[ASCII 119]
[ASCII 119]
[ASCII 119]
[ASCII 119]
[ASCII 119]
[ASCII 119]
[ASCII 119]
[ASCII 119]
[ASCII 119]
[ASCII 119]
[ASCII 119]
[ASCII 119]
[ASCII 119]
[ASCII 119]
[ASCII 119]
[ASCII 119]
[ASCII 119]
[ASCII 119]
[ASCII 119]
[ASCII 119]
[ASCII 119]
[ASCII 119]
[ASCII 119]
[ASCII 119]
[ASCII 119]
[ASCII 119]
[ASCII 119]
[ASCII 119]
[ASCII 119]
[ASCII 119]
[ASCII 119]
[ASCII 119]
[ASCII 119]
[ASCII 119]
[ASCII 119]
9h3DzCaa0b9mO99gFs5
1374977183
9PnD4Tbj4746uDar7
1445009294
G0z3a
T0NUz
NlLd6
NlLd6
NlLd6
NlLd6
NlLd6
NlLd6
NlLd6
NlLd6
NlLd6
NlLd6
NlLd6
NlLd6
NlLd6
NlLd6
NlLd6
NlLd6
NlLd6
NlLd6
NlLd6
NlLd6
NlLd6
NlLd6
NlLd6
NlLd6
NlLd6
NlLd6
NlLd6
NlLd6
NlLd6
NlLd6
NlLd6
NlLd6
NlLd6
NlLd6
NlLd6
NlLd6
NlLd6
NlLd6
NlLd6
[ASCII 76]
NZY1Dp6T0WaqA46ywV0L
[ASCII 105]
[ASCII 81]
9nYxctF4m6WreAH2rs
9nYxctF4m6WreAH2rs
9nYxctF4m6WreAH2rs
9nYxctF4m6WreAH2rs
9nYxctF4m6WreAH2rs
9nYxctF4m6WreAH2rs
9nYxctF4m6WreAH2rs
9nYxctF4m6WreAH2rs
9nYxctF4m6WreAH2rs
9nYxctF4m6WreAH2rs
9nYxctF4m6WreAH2rs
9nYxctF4m6WreAH2rs
9nYxctF4m6WreAH2rs
9nYxctF4m6WreAH2rs
9nYxctF4m6WreAH2rs
9nYxctF4m6WreAH2rs
9nYxctF4m6WreAH2rs
9nYxctF4m6WreAH2rs
9nYxctF4m6WreAH2rs
9nYxctF4m6WreAH2rs
9nYxctF4m6WreAH2rs
9nYxctF4m6WreAH2rs
9nYxctF4m6WreAH2rs
9nYxctF4m6WreAH2rs
9nYxctF4m6WreAH2rs
9nYxctF4m6WreAH2rs
9nYxctF4m6WreAH2rs
9nYxctF4m6WreAH2rs
9nYxctF4m6WreAH2rs
9nYxctF4m6WreAH2rs
9nYxctF4m6WreAH2rs
9nYxctF4m6WreAH2rs
9nYxctF4m6WreAH2rs
9nYxctF4m6WreAH2rs
9nYxctF4m6WreAH2rs
9nYxctF4m6WreAH2rs
9nYxctF4m6WreAH2rs
9nYxctF4m6WreAH2rs
9nYxctF4m6WreAH2rs
9nYxctF4m6WreAH2rs
9nYxctF4m6WreAH2rs
9nYxctF4m6WreAH2rs
9nYxctF4m6WreAH2rs
9nYxctF4m6WreAH2rs
9nYxctF4m6WreAH2rs
9nYxctF4m6WreAH2rs
9nYxctF4m6WreAH2rs
9nYxctF4m6WreAH2rs
9nYxctF4m6WreAH2rs
9nYxctF4m6WreAH2rs
9nYxctF4m6WreAH2rs
9nYxctF4m6WreAH2rs
9nYxctF4m6WreAH2rs
9nYxctF4m6WreAH2rs
9nYxctF4m6WreAH2rs
9nYxctF4m6WreAH2rs
9nYxctF4m6WreAH2rs
9nYxctF4m6WreAH2rs
9nYxctF4m6WreAH2rs
9nYxctF4m6WreAH2rs
9nYxctF4m6WreAH2rs
9nYxctF4m6WreAH2rs
9nYxctF4m6WreAH2rs
9nYxctF4m6WreAH2rs
9nYxctF4m6WreAH2rs
9nYxctF4m6WreAH2rs
9nYxctF4m6WreAH2rs
1520470277
Vf44x57Q3Vj52HB5414
X8Ns6Q
