vdeT1bMyPjZfku280iH
JQ7bG37wMj3y41Ok500
1715161651
219023381
446od0QbW09Fa4YN7H
4uwk4
[ASCII 57]
[ASCII 99]
[ASCII 99]
[ASCII 99]
[ASCII 99]
[ASCII 99]
[ASCII 99]
[ASCII 99]
[ASCII 99]
[ASCII 99]
[ASCII 99]
[ASCII 99]
[ASCII 99]
[ASCII 99]
[ASCII 99]
[ASCII 99]
[ASCII 99]
[ASCII 99]
[ASCII 99]
[ASCII 99]
[ASCII 99]
[ASCII 99]
[ASCII 99]
[ASCII 99]
[ASCII 99]
[ASCII 99]
[ASCII 99]
[ASCII 99]
[ASCII 99]
[ASCII 99]
[ASCII 99]
[ASCII 99]
[ASCII 99]
[ASCII 99]
u6p5IVJie354X9Y0A0
u6p5IVJie354X9Y0A0
u6p5IVJie354X9Y0A0
u6p5IVJie354X9Y0A0
u6p5IVJie354X9Y0A0
u6p5IVJie354X9Y0A0
u6p5IVJie354X9Y0A0
u6p5IVJie354X9Y0A0
u6p5IVJie354X9Y0A0
u6p5IVJie354X9Y0A0
u6p5IVJie354X9Y0A0
u6p5IVJie354X9Y0A0
u6p5IVJie354X9Y0A0
u6p5IVJie354X9Y0A0
u6p5IVJie354X9Y0A0
u6p5IVJie354X9Y0A0
u6p5IVJie354X9Y0A0
u6p5IVJie354X9Y0A0
u6p5IVJie354X9Y0A0
u6p5IVJie354X9Y0A0
u6p5IVJie354X9Y0A0
u6p5IVJie354X9Y0A0
u6p5IVJie354X9Y0A0
u6p5IVJie354X9Y0A0
u6p5IVJie354X9Y0A0
u6p5IVJie354X9Y0A0
u6p5IVJie354X9Y0A0
u6p5IVJie354X9Y0A0
u6p5IVJie354X9Y0A0
u6p5IVJie354X9Y0A0
u6p5IVJie354X9Y0A0
u6p5IVJie354X9Y0A0
u6p5IVJie354X9Y0A0
u6p5IVJie354X9Y0A0
u6p5IVJie354X9Y0A0
u6p5IVJie354X9Y0A0
u6p5IVJie354X9Y0A0
u6p5IVJie354X9Y0A0
u6p5IVJie354X9Y0A0
u6p5IVJie354X9Y0A0
u6p5IVJie354X9Y0A0
u6p5IVJie354X9Y0A0
u6p5IVJie354X9Y0A0
u6p5IVJie354X9Y0A0
u6p5IVJie354X9Y0A0
u6p5IVJie354X9Y0A0
u6p5IVJie354X9Y0A0
u6p5IVJie354X9Y0A0
u6p5IVJie354X9Y0A0
u6p5IVJie354X9Y0A0
u6p5IVJie354X9Y0A0
u6p5IVJie354X9Y0A0
u6p5IVJie354X9Y0A0
u6p5IVJie354X9Y0A0
u6p5IVJie354X9Y0A0
u6p5IVJie354X9Y0A0
u6p5IVJie354X9Y0A0
u6p5IVJie354X9Y0A0
u6p5IVJie354X9Y0A0
u6p5IVJie354X9Y0A0
u6p5IVJie354X9Y0A0
u6p5IVJie354X9Y0A0
u6p5IVJie354X9Y0A0
u6p5IVJie354X9Y0A0
[ASCII 70]
829964416
uNJP3Fk
1009840542
9N8wnI
vjI8Xp8VcN050mvgSDc
vjI8Xp8VcN050mvgSDc
vjI8Xp8VcN050mvgSDc
vjI8Xp8VcN050mvgSDc
vjI8Xp8VcN050mvgSDc
vjI8Xp8VcN050mvgSDc
vjI8Xp8VcN050mvgSDc
vjI8Xp8VcN050mvgSDc
vjI8Xp8VcN050mvgSDc
vjI8Xp8VcN050mvgSDc
vjI8Xp8VcN050mvgSDc
vjI8Xp8VcN050mvgSDc
vjI8Xp8VcN050mvgSDc
vjI8Xp8VcN050mvgSDc
vjI8Xp8VcN050mvgSDc
vjI8Xp8VcN050mvgSDc
vjI8Xp8VcN050mvgSDc
vjI8Xp8VcN050mvgSDc
vjI8Xp8VcN050mvgSDc
vjI8Xp8VcN050mvgSDc
vjI8Xp8VcN050mvgSDc
vjI8Xp8VcN050mvgSDc
vjI8Xp8VcN050mvgSDc
vjI8Xp8VcN050mvgSDc
vjI8Xp8VcN050mvgSDc
vjI8Xp8VcN050mvgSDc
vjI8Xp8VcN050mvgSDc
vjI8Xp8VcN050mvgSDc
vjI8Xp8VcN050mvgSDc
vjI8Xp8VcN050mvgSDc
vjI8Xp8VcN050mvgSDc
vjI8Xp8VcN050mvgSDc
vjI8Xp8VcN050mvgSDc
vjI8Xp8VcN050mvgSDc
vjI8Xp8VcN050mvgSDc
vjI8Xp8VcN050mvgSDc
vjI8Xp8VcN050mvgSDc
vjI8Xp8VcN050mvgSDc
vjI8Xp8VcN050mvgSDc
vjI8Xp8VcN050mvgSDc
vjI8Xp8VcN050mvgSDc
vjI8Xp8VcN050mvgSDc
vjI8Xp8VcN050mvgSDc
vjI8Xp8VcN050mvgSDc
vjI8Xp8VcN050mvgSDc
vjI8Xp8VcN050mvgSDc
vjI8Xp8VcN050mvgSDc
vjI8Xp8VcN050mvgSDc
vjI8Xp8VcN050mvgSDc
vjI8Xp8VcN050mvgSDc
vjI8Xp8VcN050mvgSDc
vjI8Xp8VcN050mvgSDc
vjI8Xp8VcN050mvgSDc
vjI8Xp8VcN050mvgSDc
vjI8Xp8VcN050mvgSDc
vjI8Xp8VcN050mvgSDc
vjI8Xp8VcN050mvgSDc
vjI8Xp8VcN050mvgSDc
vjI8Xp8VcN050mvgSDc
vjI8Xp8VcN050mvgSDc
vjI8Xp8VcN050mvgSDc
vjI8Xp8VcN050mvgSDc
vjI8Xp8VcN050mvgSDc
vjI8Xp8VcN050mvgSDc
vjI8Xp8VcN050mvgSDc
vjI8Xp8VcN050mvgSDc
vjI8Xp8VcN050mvgSDc
vjI8Xp8VcN050mvgSDc
vjI8Xp8VcN050mvgSDc
vjI8Xp8VcN050mvgSDc
vjI8Xp8VcN050mvgSDc
vjI8Xp8VcN050mvgSDc
vjI8Xp8VcN050mvgSDc
vjI8Xp8VcN050mvgSDc
vjI8Xp8VcN050mvgSDc
vjI8Xp8VcN050mvgSDc
vjI8Xp8VcN050mvgSDc
vjI8Xp8VcN050mvgSDc
vjI8Xp8VcN050mvgSDc
vjI8Xp8VcN050mvgSDc
vjI8Xp8VcN050mvgSDc
vjI8Xp8VcN050mvgSDc
vjI8Xp8VcN050mvgSDc
vjI8Xp8VcN050mvgSDc
vjI8Xp8VcN050mvgSDc
vjI8Xp8VcN050mvgSDc
vjI8Xp8VcN050mvgSDc
vjI8Xp8VcN050mvgSDc
vjI8Xp8VcN050mvgSDc
vjI8Xp8VcN050mvgSDc
vjI8Xp8VcN050mvgSDc
9N8wnI
9N8wnI
9N8wnI
9N8wnI
9N8wnI
9N8wnI
9N8wnI
9N8wnI
9N8wnI
9N8wnI
9N8wnI
9N8wnI
9N8wnI
9N8wnI
9N8wnI
9N8wnI
9N8wnI
9N8wnI
9N8wnI
9N8wnI
9N8wnI
9N8wnI
9N8wnI
9N8wnI
9N8wnI
9N8wnI
9N8wnI
9N8wnI
9N8wnI
9N8wnI
9N8wnI
9N8wnI
9N8wnI
9N8wnI
9N8wnI
9N8wnI
fc0S40228eyZwa1xK2i
fc0S40228eyZwa1xK2i
fc0S40228eyZwa1xK2i
fc0S40228eyZwa1xK2i
fc0S40228eyZwa1xK2i
fc0S40228eyZwa1xK2i
fc0S40228eyZwa1xK2i
fc0S40228eyZwa1xK2i
fc0S40228eyZwa1xK2i
fc0S40228eyZwa1xK2i
fc0S40228eyZwa1xK2i
fc0S40228eyZwa1xK2i
fc0S40228eyZwa1xK2i
fc0S40228eyZwa1xK2i
fc0S40228eyZwa1xK2i
fc0S40228eyZwa1xK2i
fc0S40228eyZwa1xK2i
fc0S40228eyZwa1xK2i
fc0S40228eyZwa1xK2i
fc0S40228eyZwa1xK2i
fc0S40228eyZwa1xK2i
fc0S40228eyZwa1xK2i
fc0S40228eyZwa1xK2i
fc0S40228eyZwa1xK2i
fc0S40228eyZwa1xK2i
fc0S40228eyZwa1xK2i
fc0S40228eyZwa1xK2i
fc0S40228eyZwa1xK2i
fc0S40228eyZwa1xK2i
fc0S40228eyZwa1xK2i
fc0S40228eyZwa1xK2i
fc0S40228eyZwa1xK2i
fc0S40228eyZwa1xK2i
fc0S40228eyZwa1xK2i
fc0S40228eyZwa1xK2i
fc0S40228eyZwa1xK2i
fc0S40228eyZwa1xK2i
fc0S40228eyZwa1xK2i
fc0S40228eyZwa1xK2i
fc0S40228eyZwa1xK2i
fc0S40228eyZwa1xK2i
fc0S40228eyZwa1xK2i
fc0S40228eyZwa1xK2i
fc0S40228eyZwa1xK2i
fc0S40228eyZwa1xK2i
fc0S40228eyZwa1xK2i
fc0S40228eyZwa1xK2i
fc0S40228eyZwa1xK2i
fc0S40228eyZwa1xK2i
fc0S40228eyZwa1xK2i
fc0S40228eyZwa1xK2i
fc0S40228eyZwa1xK2i
fc0S40228eyZwa1xK2i
fc0S40228eyZwa1xK2i
fc0S40228eyZwa1xK2i
fc0S40228eyZwa1xK2i
fc0S40228eyZwa1xK2i
fc0S40228eyZwa1xK2i
fc0S40228eyZwa1xK2i
fc0S40228eyZwa1xK2i
fc0S40228eyZwa1xK2i
fc0S40228eyZwa1xK2i
fc0S40228eyZwa1xK2i
fc0S40228eyZwa1xK2i
fc0S40228eyZwa1xK2i
fc0S40228eyZwa1xK2i
fc0S40228eyZwa1xK2i
fc0S40228eyZwa1xK2i
fc0S40228eyZwa1xK2i
fc0S40228eyZwa1xK2i
fc0S40228eyZwa1xK2i
fc0S40228eyZwa1xK2i
fc0S40228eyZwa1xK2i
fc0S40228eyZwa1xK2i
fc0S40228eyZwa1xK2i
fc0S40228eyZwa1xK2i
fc0S40228eyZwa1xK2i
fc0S40228eyZwa1xK2i
fc0S40228eyZwa1xK2i
fc0S40228eyZwa1xK2i
fc0S40228eyZwa1xK2i
fc0S40228eyZwa1xK2i
fc0S40228eyZwa1xK2i
fc0S40228eyZwa1xK2i
fc0S40228eyZwa1xK2i
[ASCII 110]
[ASCII 118]
69h6z84UKd2Akk78OeWG
593wf3k1OYqL4GmsJ
jvEub2Q8PQ4i57I675P
289i6l5RtM1D8565X3H
35Ai9qvuq33h80K
mMfs9ZZ92fqW76bM409
Fa6Vlfz12ZW85eWPUc
HwDrQ4sXA32v92NH0pG6
1932670118
Z9j5hNAkmJ03Qxhi
1767188992
p5mVv7w0g4WXx1KaiFR
s26aF8
NiHPLu0G593gf8q0dH
NiHPLu0G593gf8q0dH
NiHPLu0G593gf8q0dH
NiHPLu0G593gf8q0dH
NiHPLu0G593gf8q0dH
NiHPLu0G593gf8q0dH
NiHPLu0G593gf8q0dH
NiHPLu0G593gf8q0dH
NiHPLu0G593gf8q0dH
NiHPLu0G593gf8q0dH
NiHPLu0G593gf8q0dH
NiHPLu0G593gf8q0dH
NiHPLu0G593gf8q0dH
NiHPLu0G593gf8q0dH
NiHPLu0G593gf8q0dH
NiHPLu0G593gf8q0dH
NiHPLu0G593gf8q0dH
NiHPLu0G593gf8q0dH
NiHPLu0G593gf8q0dH
NiHPLu0G593gf8q0dH
NiHPLu0G593gf8q0dH
NiHPLu0G593gf8q0dH
NiHPLu0G593gf8q0dH
NiHPLu0G593gf8q0dH
NiHPLu0G593gf8q0dH
NiHPLu0G593gf8q0dH
NiHPLu0G593gf8q0dH
NiHPLu0G593gf8q0dH
NiHPLu0G593gf8q0dH
NiHPLu0G593gf8q0dH
NiHPLu0G593gf8q0dH
NiHPLu0G593gf8q0dH
NiHPLu0G593gf8q0dH
NiHPLu0G593gf8q0dH
NiHPLu0G593gf8q0dH
NiHPLu0G593gf8q0dH
NiHPLu0G593gf8q0dH
NiHPLu0G593gf8q0dH
NiHPLu0G593gf8q0dH
NiHPLu0G593gf8q0dH
NiHPLu0G593gf8q0dH
NiHPLu0G593gf8q0dH
NiHPLu0G593gf8q0dH
NiHPLu0G593gf8q0dH
NiHPLu0G593gf8q0dH
NiHPLu0G593gf8q0dH
NiHPLu0G593gf8q0dH
NiHPLu0G593gf8q0dH
NiHPLu0G593gf8q0dH
NiHPLu0G593gf8q0dH
NiHPLu0G593gf8q0dH
NiHPLu0G593gf8q0dH
NiHPLu0G593gf8q0dH
NiHPLu0G593gf8q0dH
NiHPLu0G593gf8q0dH
NiHPLu0G593gf8q0dH
NiHPLu0G593gf8q0dH
NiHPLu0G593gf8q0dH
NiHPLu0G593gf8q0dH
NiHPLu0G593gf8q0dH
NiHPLu0G593gf8q0dH
NiHPLu0G593gf8q0dH
NiHPLu0G593gf8q0dH
NiHPLu0G593gf8q0dH
NiHPLu0G593gf8q0dH
NiHPLu0G593gf8q0dH
NiHPLu0G593gf8q0dH
NiHPLu0G593gf8q0dH
NiHPLu0G593gf8q0dH
NiHPLu0G593gf8q0dH
NiHPLu0G593gf8q0dH
NiHPLu0G593gf8q0dH
NiHPLu0G593gf8q0dH
s26aF8
-1543135996
b98x5pOu9Hm4826m6g
-1477164099
[ASCII 79]
0wSrsZPO62me70fB57
Ig5Y64nwxF48w0GF
Ig5Y64nwxF48w0GF
Ig5Y64nwxF48w0GF
Ig5Y64nwxF48w0GF
Ig5Y64nwxF48w0GF
Ig5Y64nwxF48w0GF
Ig5Y64nwxF48w0GF
Ig5Y64nwxF48w0GF
Ig5Y64nwxF48w0GF
Ig5Y64nwxF48w0GF
Ig5Y64nwxF48w0GF
Ig5Y64nwxF48w0GF
Ig5Y64nwxF48w0GF
Ig5Y64nwxF48w0GF
Ig5Y64nwxF48w0GF
Ig5Y64nwxF48w0GF
Ig5Y64nwxF48w0GF
Ig5Y64nwxF48w0GF
Ig5Y64nwxF48w0GF
Ig5Y64nwxF48w0GF
Ig5Y64nwxF48w0GF
Ig5Y64nwxF48w0GF
Ig5Y64nwxF48w0GF
Ig5Y64nwxF48w0GF
Ig5Y64nwxF48w0GF
Ig5Y64nwxF48w0GF
Ig5Y64nwxF48w0GF
Ig5Y64nwxF48w0GF
Ig5Y64nwxF48w0GF
Ig5Y64nwxF48w0GF
Ig5Y64nwxF48w0GF
Ig5Y64nwxF48w0GF
Ig5Y64nwxF48w0GF
Ig5Y64nwxF48w0GF
Ig5Y64nwxF48w0GF
Ig5Y64nwxF48w0GF
Ig5Y64nwxF48w0GF
Ig5Y64nwxF48w0GF
Ig5Y64nwxF48w0GF
Ig5Y64nwxF48w0GF
Ig5Y64nwxF48w0GF
Ig5Y64nwxF48w0GF
Ig5Y64nwxF48w0GF
Ig5Y64nwxF48w0GF
Ig5Y64nwxF48w0GF
Ig5Y64nwxF48w0GF
Ig5Y64nwxF48w0GF
Ig5Y64nwxF48w0GF
Ig5Y64nwxF48w0GF
Ig5Y64nwxF48w0GF
Ig5Y64nwxF48w0GF
Ig5Y64nwxF48w0GF
Ig5Y64nwxF48w0GF
Ig5Y64nwxF48w0GF
Ig5Y64nwxF48w0GF
Ig5Y64nwxF48w0GF
Ig5Y64nwxF48w0GF
Ig5Y64nwxF48w0GF
Ig5Y64nwxF48w0GF
Ig5Y64nwxF48w0GF
Ig5Y64nwxF48w0GF
Ig5Y64nwxF48w0GF
Ig5Y64nwxF48w0GF
Ig5Y64nwxF48w0GF
Ig5Y64nwxF48w0GF
Ig5Y64nwxF48w0GF
Ig5Y64nwxF48w0GF
Ig5Y64nwxF48w0GF
Ig5Y64nwxF48w0GF
Ig5Y64nwxF48w0GF
Ig5Y64nwxF48w0GF
Ig5Y64nwxF48w0GF
Ig5Y64nwxF48w0GF
Ig5Y64nwxF48w0GF
Ig5Y64nwxF48w0GF
Ig5Y64nwxF48w0GF
Ig5Y64nwxF48w0GF
Ig5Y64nwxF48w0GF
Ig5Y64nwxF48w0GF
Ig5Y64nwxF48w0GF
Ig5Y64nwxF48w0GF
Ig5Y64nwxF48w0GF
Ig5Y64nwxF48w0GF
Ig5Y64nwxF48w0GF
Ig5Y64nwxF48w0GF
xRDAJ3lbVM4U33NG5s2
xRDAJ3lbVM4U33NG5s2
xRDAJ3lbVM4U33NG5s2
xRDAJ3lbVM4U33NG5s2
xRDAJ3lbVM4U33NG5s2
xRDAJ3lbVM4U33NG5s2
xRDAJ3lbVM4U33NG5s2
xRDAJ3lbVM4U33NG5s2
xRDAJ3lbVM4U33NG5s2
xRDAJ3lbVM4U33NG5s2
xRDAJ3lbVM4U33NG5s2
xRDAJ3lbVM4U33NG5s2
xRDAJ3lbVM4U33NG5s2
xRDAJ3lbVM4U33NG5s2
xRDAJ3lbVM4U33NG5s2
xRDAJ3lbVM4U33NG5s2
xRDAJ3lbVM4U33NG5s2
xRDAJ3lbVM4U33NG5s2
xRDAJ3lbVM4U33NG5s2
xRDAJ3lbVM4U33NG5s2
xRDAJ3lbVM4U33NG5s2
x4sSp
s26aF8
[ASCII 110]
3of9PxGsu419t99S79h
s99wlYrKbwS69636v
s99wlYrKbwS69636v
s99wlYrKbwS69636v
s99wlYrKbwS69636v
s99wlYrKbwS69636v
s99wlYrKbwS69636v
s99wlYrKbwS69636v
s99wlYrKbwS69636v
s99wlYrKbwS69636v
s99wlYrKbwS69636v
s99wlYrKbwS69636v
s99wlYrKbwS69636v
s99wlYrKbwS69636v
s99wlYrKbwS69636v
[ASCII 125]
[ASCII 107]
58H2TJI1Qf4x7x4y
58H2TJI1Qf4x7x4y
58H2TJI1Qf4x7x4y
58H2TJI1Qf4x7x4y
58H2TJI1Qf4x7x4y
58H2TJI1Qf4x7x4y
58H2TJI1Qf4x7x4y
58H2TJI1Qf4x7x4y
58H2TJI1Qf4x7x4y
58H2TJI1Qf4x7x4y
58H2TJI1Qf4x7x4y
58H2TJI1Qf4x7x4y
58H2TJI1Qf4x7x4y
58H2TJI1Qf4x7x4y
58H2TJI1Qf4x7x4y
58H2TJI1Qf4x7x4y
58H2TJI1Qf4x7x4y
58H2TJI1Qf4x7x4y
58H2TJI1Qf4x7x4y
58H2TJI1Qf4x7x4y
58H2TJI1Qf4x7x4y
58H2TJI1Qf4x7x4y
58H2TJI1Qf4x7x4y
58H2TJI1Qf4x7x4y
58H2TJI1Qf4x7x4y
58H2TJI1Qf4x7x4y
58H2TJI1Qf4x7x4y
58H2TJI1Qf4x7x4y
58H2TJI1Qf4x7x4y
58H2TJI1Qf4x7x4y
58H2TJI1Qf4x7x4y
58H2TJI1Qf4x7x4y
58H2TJI1Qf4x7x4y
58H2TJI1Qf4x7x4y
58H2TJI1Qf4x7x4y
58H2TJI1Qf4x7x4y
58H2TJI1Qf4x7x4y
58H2TJI1Qf4x7x4y
58H2TJI1Qf4x7x4y
58H2TJI1Qf4x7x4y
58H2TJI1Qf4x7x4y
58H2TJI1Qf4x7x4y
58H2TJI1Qf4x7x4y
58H2TJI1Qf4x7x4y
58H2TJI1Qf4x7x4y
58H2TJI1Qf4x7x4y
58H2TJI1Qf4x7x4y
58H2TJI1Qf4x7x4y
58H2TJI1Qf4x7x4y
58H2TJI1Qf4x7x4y
58H2TJI1Qf4x7x4y
58H2TJI1Qf4x7x4y
58H2TJI1Qf4x7x4y
58H2TJI1Qf4x7x4y
58H2TJI1Qf4x7x4y
58H2TJI1Qf4x7x4y
58H2TJI1Qf4x7x4y
58H2TJI1Qf4x7x4y
58H2TJI1Qf4x7x4y
58H2TJI1Qf4x7x4y
58H2TJI1Qf4x7x4y
304208076
G3ypGKT3vDjZYmq36Iy9
1j7g056
[ASCII 49]
P6j209TgK811A73iSN
2inqcx0rXv6PG9mmK
yYmvzvUedY43aAciUT2
yYmvzvUedY43aAciUT2
yYmvzvUedY43aAciUT2
yYmvzvUedY43aAciUT2
146LI38IS4BE6aJN9s0
[ASCII 69]
304208076
0737TNYR71kpVEp3f
[ASCII 104]
566192600
3jQnhMGOJ21t8yDp0x
cffPEOe5U4WlSP20b
cffPEOe5U4WlSP20b
cffPEOe5U4WlSP20b
cffPEOe5U4WlSP20b
cffPEOe5U4WlSP20b
cffPEOe5U4WlSP20b
cffPEOe5U4WlSP20b
cffPEOe5U4WlSP20b
cffPEOe5U4WlSP20b
cffPEOe5U4WlSP20b
cffPEOe5U4WlSP20b
cffPEOe5U4WlSP20b
cffPEOe5U4WlSP20b
cffPEOe5U4WlSP20b
cffPEOe5U4WlSP20b
cffPEOe5U4WlSP20b
cffPEOe5U4WlSP20b
cffPEOe5U4WlSP20b
cffPEOe5U4WlSP20b
cffPEOe5U4WlSP20b
cffPEOe5U4WlSP20b
cffPEOe5U4WlSP20b
cffPEOe5U4WlSP20b
cffPEOe5U4WlSP20b
cffPEOe5U4WlSP20b
cffPEOe5U4WlSP20b
cffPEOe5U4WlSP20b
cffPEOe5U4WlSP20b
cffPEOe5U4WlSP20b
cffPEOe5U4WlSP20b
cffPEOe5U4WlSP20b
cffPEOe5U4WlSP20b
cffPEOe5U4WlSP20b
cffPEOe5U4WlSP20b
cffPEOe5U4WlSP20b
cffPEOe5U4WlSP20b
cffPEOe5U4WlSP20b
cffPEOe5U4WlSP20b
cffPEOe5U4WlSP20b
cffPEOe5U4WlSP20b
cffPEOe5U4WlSP20b
cffPEOe5U4WlSP20b
cffPEOe5U4WlSP20b
cffPEOe5U4WlSP20b
cffPEOe5U4WlSP20b
cffPEOe5U4WlSP20b
cffPEOe5U4WlSP20b
cffPEOe5U4WlSP20b
cffPEOe5U4WlSP20b
cffPEOe5U4WlSP20b
cffPEOe5U4WlSP20b
cffPEOe5U4WlSP20b
cffPEOe5U4WlSP20b
cffPEOe5U4WlSP20b
cffPEOe5U4WlSP20b
cffPEOe5U4WlSP20b
cffPEOe5U4WlSP20b
cffPEOe5U4WlSP20b
cffPEOe5U4WlSP20b
cffPEOe5U4WlSP20b
cffPEOe5U4WlSP20b
cffPEOe5U4WlSP20b
cffPEOe5U4WlSP20b
cffPEOe5U4WlSP20b
cffPEOe5U4WlSP20b
cffPEOe5U4WlSP20b
1149670906
702889674
1308805126
1308805126
1308805126
1308805126
1308805126
1308805126
1308805126
1308805126
1308805126
1308805126
1308805126
1308805126
1308805126
1308805126
1308805126
1308805126
1308805126
1308805126
1308805126
1308805126
1308805126
1308805126
1308805126
1308805126
1308805126
1308805126
1308805126
1308805126
1308805126
1308805126
1308805126
1308805126
1308805126
1308805126
1308805126
1308805126
1308805126
1308805126
1308805126
1308805126
1308805126
1308805126
1308805126
1308805126
1308805126
1308805126
1308805126
1151453213
1151453213
1151453213
1151453213
1151453213
1151453213
1151453213
1151453213
1151453213
1151453213
1151453213
1151453213
1151453213
1151453213
1151453213
1151453213
1151453213
1151453213
1151453213
1151453213
1151453213
1151453213
1151453213
1151453213
1151453213
1151453213
1151453213
1151453213
1151453213
1151453213
1151453213
1151453213
1151453213
1151453213
1151453213
1151453213
1151453213
1151453213
1151453213
1151453213
1151453213
1151453213
1151453213
1151453213
1151453213
1151453213
1151453213
1151453213
1151453213
1151453213
1151453213
1151453213
1151453213
1151453213
1151453213
1151453213
1151453213
1151453213
1151453213
1151453213
1151453213
1151453213
1151453213
1151453213
A0lUV037rG5uxi4g3
A0lUV037rG5uxi4g3
A0lUV037rG5uxi4g3
A0lUV037rG5uxi4g3
A0lUV037rG5uxi4g3
A0lUV037rG5uxi4g3
A0lUV037rG5uxi4g3
A0lUV037rG5uxi4g3
A0lUV037rG5uxi4g3
A0lUV037rG5uxi4g3
A0lUV037rG5uxi4g3
A0lUV037rG5uxi4g3
A0lUV037rG5uxi4g3
A0lUV037rG5uxi4g3
A0lUV037rG5uxi4g3
A0lUV037rG5uxi4g3
A0lUV037rG5uxi4g3
A0lUV037rG5uxi4g3
A0lUV037rG5uxi4g3
A0lUV037rG5uxi4g3
A0lUV037rG5uxi4g3
A0lUV037rG5uxi4g3
A0lUV037rG5uxi4g3
A0lUV037rG5uxi4g3
A0lUV037rG5uxi4g3
A0lUV037rG5uxi4g3
A0lUV037rG5uxi4g3
A0lUV037rG5uxi4g3
A0lUV037rG5uxi4g3
A0lUV037rG5uxi4g3
A0lUV037rG5uxi4g3
A0lUV037rG5uxi4g3
A0lUV037rG5uxi4g3
A0lUV037rG5uxi4g3
A0lUV037rG5uxi4g3
A0lUV037rG5uxi4g3
A0lUV037rG5uxi4g3
A0lUV037rG5uxi4g3
A0lUV037rG5uxi4g3
A0lUV037rG5uxi4g3
A0lUV037rG5uxi4g3
A0lUV037rG5uxi4g3
A0lUV037rG5uxi4g3
A0lUV037rG5uxi4g3
A0lUV037rG5uxi4g3
A0lUV037rG5uxi4g3
A0lUV037rG5uxi4g3
A0lUV037rG5uxi4g3
A0lUV037rG5uxi4g3
A0lUV037rG5uxi4g3
A0lUV037rG5uxi4g3
A0lUV037rG5uxi4g3
A0lUV037rG5uxi4g3
A0lUV037rG5uxi4g3
A0lUV037rG5uxi4g3
A0lUV037rG5uxi4g3
A0lUV037rG5uxi4g3
A0lUV037rG5uxi4g3
A0lUV037rG5uxi4g3
A0lUV037rG5uxi4g3
A0lUV037rG5uxi4g3
A0lUV037rG5uxi4g3
A0lUV037rG5uxi4g3
A0lUV037rG5uxi4g3
A0lUV037rG5uxi4g3
A0lUV037rG5uxi4g3
A0lUV037rG5uxi4g3
A0lUV037rG5uxi4g3
A0lUV037rG5uxi4g3
A0lUV037rG5uxi4g3
A0lUV037rG5uxi4g3
A0lUV037rG5uxi4g3
A0lUV037rG5uxi4g3
A0lUV037rG5uxi4g3
A0lUV037rG5uxi4g3
A0lUV037rG5uxi4g3
A0lUV037rG5uxi4g3
A0lUV037rG5uxi4g3
A0lUV037rG5uxi4g3
A0lUV037rG5uxi4g3
A0lUV037rG5uxi4g3
A0lUV037rG5uxi4g3
A0lUV037rG5uxi4g3
A0lUV037rG5uxi4g3
A0lUV037rG5uxi4g3
A0lUV037rG5uxi4g3
A0lUV037rG5uxi4g3
A0lUV037rG5uxi4g3
A0lUV037rG5uxi4g3
A0lUV037rG5uxi4g3
A0lUV037rG5uxi4g3
A0lUV037rG5uxi4g3
A0lUV037rG5uxi4g3
A0lUV037rG5uxi4g3
A0lUV037rG5uxi4g3
A0lUV037rG5uxi4g3
339058898
iqLoqId
iqLoqId
iqLoqId
iqLoqId
iqLoqId
iqLoqId
iqLoqId
iqLoqId
iqLoqId
iqLoqId
iqLoqId
iqLoqId
iqLoqId
iqLoqId
iqLoqId
iqLoqId
iqLoqId
iqLoqId
iqLoqId
iqLoqId
iqLoqId
iqLoqId
iqLoqId
iqLoqId
iqLoqId
260156582
[ASCII 74]
100886191
1723940054
0Qca10G70GXq8R6xZ9
E24u5a
eaP8FavB7uAfh700aCJ
xO0hb2355vgxV5m1
xO0hb2355vgxV5m1
xO0hb2355vgxV5m1
xO0hb2355vgxV5m1
xO0hb2355vgxV5m1
xO0hb2355vgxV5m1
xO0hb2355vgxV5m1
xO0hb2355vgxV5m1
xO0hb2355vgxV5m1
xO0hb2355vgxV5m1
xO0hb2355vgxV5m1
xO0hb2355vgxV5m1
xO0hb2355vgxV5m1
xO0hb2355vgxV5m1
xO0hb2355vgxV5m1
xO0hb2355vgxV5m1
xO0hb2355vgxV5m1
xO0hb2355vgxV5m1
xO0hb2355vgxV5m1
xO0hb2355vgxV5m1
xO0hb2355vgxV5m1
xO0hb2355vgxV5m1
xO0hb2355vgxV5m1
xO0hb2355vgxV5m1
xO0hb2355vgxV5m1
xO0hb2355vgxV5m1
xO0hb2355vgxV5m1
xO0hb2355vgxV5m1
xO0hb2355vgxV5m1
xO0hb2355vgxV5m1
xO0hb2355vgxV5m1
xO0hb2355vgxV5m1
xO0hb2355vgxV5m1
xO0hb2355vgxV5m1
xO0hb2355vgxV5m1
xO0hb2355vgxV5m1
xO0hb2355vgxV5m1
xO0hb2355vgxV5m1
xO0hb2355vgxV5m1
xO0hb2355vgxV5m1
xO0hb2355vgxV5m1
xO0hb2355vgxV5m1
xO0hb2355vgxV5m1
xO0hb2355vgxV5m1
xO0hb2355vgxV5m1
xO0hb2355vgxV5m1
xO0hb2355vgxV5m1
xO0hb2355vgxV5m1
xO0hb2355vgxV5m1
xO0hb2355vgxV5m1
xO0hb2355vgxV5m1
xO0hb2355vgxV5m1
xO0hb2355vgxV5m1
xO0hb2355vgxV5m1
xO0hb2355vgxV5m1
xO0hb2355vgxV5m1
xO0hb2355vgxV5m1
xO0hb2355vgxV5m1
xO0hb2355vgxV5m1
xO0hb2355vgxV5m1
xO0hb2355vgxV5m1
xO0hb2355vgxV5m1
6D4Cufq6XJ4g3C30x
339058898
g5g4a9919QWHbI0gt194
OJ1177j8525Au59RW6
vByKibj2zpHO58fS8y7e
1VvVef5ilQb92
PfMK7wcNUQ6E0T3P7
[ASCII 66]
[ASCII 66]
[ASCII 66]
[ASCII 66]
[ASCII 66]
[ASCII 66]
[ASCII 66]
[ASCII 66]
[ASCII 66]
6S573mM11383v878
48v1uq1
48v1uq1
48v1uq1
48v1uq1
48v1uq1
48v1uq1
48v1uq1
48v1uq1
48v1uq1
48v1uq1
48v1uq1
48v1uq1
48v1uq1
48v1uq1
48v1uq1
48v1uq1
48v1uq1
48v1uq1
48v1uq1
48v1uq1
48v1uq1
48v1uq1
48v1uq1
48v1uq1
48v1uq1
48v1uq1
48v1uq1
48v1uq1
48v1uq1
48v1uq1
48v1uq1
48v1uq1
48v1uq1
48v1uq1
48v1uq1
48v1uq1
48v1uq1
48v1uq1
48v1uq1
48v1uq1
48v1uq1
48v1uq1
48v1uq1
48v1uq1
48v1uq1
48v1uq1
48v1uq1
48v1uq1
48v1uq1
48v1uq1
48v1uq1
48v1uq1
48v1uq1
48v1uq1
48v1uq1
oWv4r8eA7Dy97k6a
[ASCII 119]
i9W61Oac8PG89YB5iAyc
i9W61Oac8PG89YB5iAyc
i9W61Oac8PG89YB5iAyc
i9W61Oac8PG89YB5iAyc
i9W61Oac8PG89YB5iAyc
i9W61Oac8PG89YB5iAyc
i9W61Oac8PG89YB5iAyc
i9W61Oac8PG89YB5iAyc
i9W61Oac8PG89YB5iAyc
i9W61Oac8PG89YB5iAyc
i9W61Oac8PG89YB5iAyc
i9W61Oac8PG89YB5iAyc
i9W61Oac8PG89YB5iAyc
i9W61Oac8PG89YB5iAyc
i9W61Oac8PG89YB5iAyc
i9W61Oac8PG89YB5iAyc
i9W61Oac8PG89YB5iAyc
i9W61Oac8PG89YB5iAyc
i9W61Oac8PG89YB5iAyc
i9W61Oac8PG89YB5iAyc
i9W61Oac8PG89YB5iAyc
i9W61Oac8PG89YB5iAyc
i9W61Oac8PG89YB5iAyc
i9W61Oac8PG89YB5iAyc
i9W61Oac8PG89YB5iAyc
i9W61Oac8PG89YB5iAyc
i9W61Oac8PG89YB5iAyc
i9W61Oac8PG89YB5iAyc
i9W61Oac8PG89YB5iAyc
i9W61Oac8PG89YB5iAyc
i9W61Oac8PG89YB5iAyc
i9W61Oac8PG89YB5iAyc
i9W61Oac8PG89YB5iAyc
i9W61Oac8PG89YB5iAyc
i9W61Oac8PG89YB5iAyc
i9W61Oac8PG89YB5iAyc
i9W61Oac8PG89YB5iAyc
i9W61Oac8PG89YB5iAyc
i9W61Oac8PG89YB5iAyc
i9W61Oac8PG89YB5iAyc
i9W61Oac8PG89YB5iAyc
i9W61Oac8PG89YB5iAyc
i9W61Oac8PG89YB5iAyc
i9W61Oac8PG89YB5iAyc
i9W61Oac8PG89YB5iAyc
d12KaqK1AeoUrFpX401X1
1247020028
V9to11ZeVa43J4Xuq37n
V9to11ZeVa43J4Xuq37n
V9to11ZeVa43J4Xuq37n
V9to11ZeVa43J4Xuq37n
V9to11ZeVa43J4Xuq37n
V9to11ZeVa43J4Xuq37n
V9to11ZeVa43J4Xuq37n
V9to11ZeVa43J4Xuq37n
V9to11ZeVa43J4Xuq37n
V9to11ZeVa43J4Xuq37n
V9to11ZeVa43J4Xuq37n
V9to11ZeVa43J4Xuq37n
V9to11ZeVa43J4Xuq37n
V9to11ZeVa43J4Xuq37n
V9to11ZeVa43J4Xuq37n
V9to11ZeVa43J4Xuq37n
V9to11ZeVa43J4Xuq37n
V9to11ZeVa43J4Xuq37n
V9to11ZeVa43J4Xuq37n
V9to11ZeVa43J4Xuq37n
V9to11ZeVa43J4Xuq37n
V9to11ZeVa43J4Xuq37n
V9to11ZeVa43J4Xuq37n
V9to11ZeVa43J4Xuq37n
V9to11ZeVa43J4Xuq37n
V9to11ZeVa43J4Xuq37n
V9to11ZeVa43J4Xuq37n
V9to11ZeVa43J4Xuq37n
V9to11ZeVa43J4Xuq37n
V9to11ZeVa43J4Xuq37n
V9to11ZeVa43J4Xuq37n
V9to11ZeVa43J4Xuq37n
V9to11ZeVa43J4Xuq37n
V9to11ZeVa43J4Xuq37n
V9to11ZeVa43J4Xuq37n
V9to11ZeVa43J4Xuq37n
V9to11ZeVa43J4Xuq37n
V9to11ZeVa43J4Xuq37n
V9to11ZeVa43J4Xuq37n
V9to11ZeVa43J4Xuq37n
V9to11ZeVa43J4Xuq37n
V9to11ZeVa43J4Xuq37n
V9to11ZeVa43J4Xuq37n
V9to11ZeVa43J4Xuq37n
V9to11ZeVa43J4Xuq37n
V9to11ZeVa43J4Xuq37n
V9to11ZeVa43J4Xuq37n
V9to11ZeVa43J4Xuq37n
V9to11ZeVa43J4Xuq37n
V9to11ZeVa43J4Xuq37n
V9to11ZeVa43J4Xuq37n
V9to11ZeVa43J4Xuq37n
V9to11ZeVa43J4Xuq37n
V9to11ZeVa43J4Xuq37n
V9to11ZeVa43J4Xuq37n
V9to11ZeVa43J4Xuq37n
V9to11ZeVa43J4Xuq37n
V9to11ZeVa43J4Xuq37n
V9to11ZeVa43J4Xuq37n
V9to11ZeVa43J4Xuq37n
V9to11ZeVa43J4Xuq37n
V9to11ZeVa43J4Xuq37n
V9to11ZeVa43J4Xuq37n
V9to11ZeVa43J4Xuq37n
V9to11ZeVa43J4Xuq37n
V9to11ZeVa43J4Xuq37n
V9to11ZeVa43J4Xuq37n
V9to11ZeVa43J4Xuq37n
[ASCII 56]
NtyUfQ9GhZ7bLT9a5B1
1312854950
WnLs039XI3R90
TNu5fDjBlr5xsq44FM
TNu5fDjBlr5xsq44FM
TNu5fDjBlr5xsq44FM
TNu5fDjBlr5xsq44FM
TNu5fDjBlr5xsq44FM
TNu5fDjBlr5xsq44FM
TNu5fDjBlr5xsq44FM
TNu5fDjBlr5xsq44FM
TNu5fDjBlr5xsq44FM
TNu5fDjBlr5xsq44FM
TNu5fDjBlr5xsq44FM
TNu5fDjBlr5xsq44FM
TNu5fDjBlr5xsq44FM
TNu5fDjBlr5xsq44FM
TNu5fDjBlr5xsq44FM
TNu5fDjBlr5xsq44FM
TNu5fDjBlr5xsq44FM
TNu5fDjBlr5xsq44FM
TNu5fDjBlr5xsq44FM
TNu5fDjBlr5xsq44FM
TNu5fDjBlr5xsq44FM
TNu5fDjBlr5xsq44FM
TNu5fDjBlr5xsq44FM
TNu5fDjBlr5xsq44FM
TNu5fDjBlr5xsq44FM
TNu5fDjBlr5xsq44FM
TNu5fDjBlr5xsq44FM
TNu5fDjBlr5xsq44FM
TNu5fDjBlr5xsq44FM
TNu5fDjBlr5xsq44FM
TNu5fDjBlr5xsq44FM
TNu5fDjBlr5xsq44FM
TNu5fDjBlr5xsq44FM
TNu5fDjBlr5xsq44FM
TNu5fDjBlr5xsq44FM
TNu5fDjBlr5xsq44FM
TNu5fDjBlr5xsq44FM
TNu5fDjBlr5xsq44FM
TNu5fDjBlr5xsq44FM
TNu5fDjBlr5xsq44FM
TNu5fDjBlr5xsq44FM
TNu5fDjBlr5xsq44FM
TNu5fDjBlr5xsq44FM
TNu5fDjBlr5xsq44FM
TNu5fDjBlr5xsq44FM
TNu5fDjBlr5xsq44FM
TNu5fDjBlr5xsq44FM
TNu5fDjBlr5xsq44FM
TNu5fDjBlr5xsq44FM
TNu5fDjBlr5xsq44FM
TNu5fDjBlr5xsq44FM
TNu5fDjBlr5xsq44FM
TNu5fDjBlr5xsq44FM
TNu5fDjBlr5xsq44FM
TNu5fDjBlr5xsq44FM
TNu5fDjBlr5xsq44FM
TNu5fDjBlr5xsq44FM
TNu5fDjBlr5xsq44FM
TNu5fDjBlr5xsq44FM
TNu5fDjBlr5xsq44FM
TNu5fDjBlr5xsq44FM
TNu5fDjBlr5xsq44FM
TNu5fDjBlr5xsq44FM
TNu5fDjBlr5xsq44FM
TNu5fDjBlr5xsq44FM
TNu5fDjBlr5xsq44FM
TNu5fDjBlr5xsq44FM
TNu5fDjBlr5xsq44FM
TNu5fDjBlr5xsq44FM
TNu5fDjBlr5xsq44FM
TNu5fDjBlr5xsq44FM
TNu5fDjBlr5xsq44FM
TNu5fDjBlr5xsq44FM
TNu5fDjBlr5xsq44FM
TNu5fDjBlr5xsq44FM
TNu5fDjBlr5xsq44FM
TNu5fDjBlr5xsq44FM
TNu5fDjBlr5xsq44FM
TNu5fDjBlr5xsq44FM
TNu5fDjBlr5xsq44FM
TNu5fDjBlr5xsq44FM
TNu5fDjBlr5xsq44FM
TNu5fDjBlr5xsq44FM
TNu5fDjBlr5xsq44FM
TNu5fDjBlr5xsq44FM
TNu5fDjBlr5xsq44FM
6eXfEZ9tM75M5S2bh3
6eXfEZ9tM75M5S2bh3
6eXfEZ9tM75M5S2bh3
6eXfEZ9tM75M5S2bh3
6eXfEZ9tM75M5S2bh3
6eXfEZ9tM75M5S2bh3
6eXfEZ9tM75M5S2bh3
6eXfEZ9tM75M5S2bh3
6eXfEZ9tM75M5S2bh3
6eXfEZ9tM75M5S2bh3
6eXfEZ9tM75M5S2bh3
6eXfEZ9tM75M5S2bh3
6eXfEZ9tM75M5S2bh3
6eXfEZ9tM75M5S2bh3
6eXfEZ9tM75M5S2bh3
6eXfEZ9tM75M5S2bh3
6eXfEZ9tM75M5S2bh3
6eXfEZ9tM75M5S2bh3
6eXfEZ9tM75M5S2bh3
6eXfEZ9tM75M5S2bh3
6eXfEZ9tM75M5S2bh3
6eXfEZ9tM75M5S2bh3
6eXfEZ9tM75M5S2bh3
6eXfEZ9tM75M5S2bh3
6eXfEZ9tM75M5S2bh3
6eXfEZ9tM75M5S2bh3
6eXfEZ9tM75M5S2bh3
6eXfEZ9tM75M5S2bh3
6eXfEZ9tM75M5S2bh3
6eXfEZ9tM75M5S2bh3
6eXfEZ9tM75M5S2bh3
6eXfEZ9tM75M5S2bh3
6eXfEZ9tM75M5S2bh3
6eXfEZ9tM75M5S2bh3
6eXfEZ9tM75M5S2bh3
6eXfEZ9tM75M5S2bh3
6eXfEZ9tM75M5S2bh3
6eXfEZ9tM75M5S2bh3
6eXfEZ9tM75M5S2bh3
6eXfEZ9tM75M5S2bh3
6eXfEZ9tM75M5S2bh3
6eXfEZ9tM75M5S2bh3
6eXfEZ9tM75M5S2bh3
6eXfEZ9tM75M5S2bh3
6eXfEZ9tM75M5S2bh3
6eXfEZ9tM75M5S2bh3
6eXfEZ9tM75M5S2bh3
6eXfEZ9tM75M5S2bh3
6eXfEZ9tM75M5S2bh3
6eXfEZ9tM75M5S2bh3
6eXfEZ9tM75M5S2bh3
6eXfEZ9tM75M5S2bh3
6eXfEZ9tM75M5S2bh3
6eXfEZ9tM75M5S2bh3
NQ730
NQ730
NQ730
NQ730
NQ730
NQ730
NQ730
NQ730
NQ730
NQ730
NQ730
NQ730
NQ730
NQ730
NQ730
NQ730
NQ730
NQ730
NQ730
NQ730
NQ730
NQ730
NQ730
NQ730
NQ730
NQ730
NQ730
NQ730
NQ730
NQ730
NQ730
NQ730
NQ730
NQ730
NQ730
NQ730
NQ730
NQ730
NQ730
NQ730
NQ730
NQ730
NQ730
NQ730
NQ730
NQ730
NQ730
NQ730
NQ730
[ASCII 89]
kGo0S1DUost957AG
3Oa5Q8H2S7G3a0N59
3Oa5Q8H2S7G3a0N59
3Oa5Q8H2S7G3a0N59
3Oa5Q8H2S7G3a0N59
3Oa5Q8H2S7G3a0N59
3Oa5Q8H2S7G3a0N59
3Oa5Q8H2S7G3a0N59
3Oa5Q8H2S7G3a0N59
3Oa5Q8H2S7G3a0N59
3Oa5Q8H2S7G3a0N59
3Oa5Q8H2S7G3a0N59
3Oa5Q8H2S7G3a0N59
3Oa5Q8H2S7G3a0N59
3Oa5Q8H2S7G3a0N59
3Oa5Q8H2S7G3a0N59
3Oa5Q8H2S7G3a0N59
3Oa5Q8H2S7G3a0N59
3Oa5Q8H2S7G3a0N59
3Oa5Q8H2S7G3a0N59
3Oa5Q8H2S7G3a0N59
3Oa5Q8H2S7G3a0N59
3Oa5Q8H2S7G3a0N59
3Oa5Q8H2S7G3a0N59
3Oa5Q8H2S7G3a0N59
3Oa5Q8H2S7G3a0N59
3Oa5Q8H2S7G3a0N59
3Oa5Q8H2S7G3a0N59
3Oa5Q8H2S7G3a0N59
3Oa5Q8H2S7G3a0N59
3Oa5Q8H2S7G3a0N59
3Oa5Q8H2S7G3a0N59
3Oa5Q8H2S7G3a0N59
3Oa5Q8H2S7G3a0N59
3Oa5Q8H2S7G3a0N59
3Oa5Q8H2S7G3a0N59
3Oa5Q8H2S7G3a0N59
3Oa5Q8H2S7G3a0N59
3Oa5Q8H2S7G3a0N59
3Oa5Q8H2S7G3a0N59
3Oa5Q8H2S7G3a0N59
3Oa5Q8H2S7G3a0N59
617855170
617855170
617855170
617855170
617855170
617855170
617855170
617855170
617855170
617855170
617855170
617855170
617855170
617855170
617855170
617855170
617855170
617855170
617855170
617855170
617855170
617855170
617855170
617855170
617855170
617855170
617855170
617855170
617855170
617855170
617855170
617855170
617855170
617855170
617855170
617855170
617855170
617855170
617855170
617855170
617855170
617855170
617855170
617855170
617855170
617855170
617855170
617855170
617855170
617855170
617855170
617855170
617855170
617855170
617855170
617855170
617855170
617855170
617855170
617855170
617855170
617855170
617855170
617855170
617855170
617855170
617855170
617855170
617855170
617855170
xfD2YlXnH510CGN9c0
N635wd47vPZa1CLUwv
