1515004193
p466hunqWKup32KOD5
L1PmmCk
Ju01dE4WK45h8UDb43
503144799
503144799
503144799
503144799
503144799
503144799
503144799
503144799
503144799
503144799
503144799
503144799
503144799
503144799
503144799
503144799
503144799
503144799
503144799
503144799
503144799
503144799
503144799
503144799
503144799
503144799
503144799
503144799
503144799
ODr8b6g
ODr8b6g
2JlL5
E3JcV1L7YWjad6e0po7
01NN3s86nS6jSR0pq7907
6H05030BrYkdnBZx44
8iM3B0v77xv78GSR
PIvnS5KxeH7IqZZVWO7
7lx50
n3p710G4028NpLg8S
VXIvVJEVej3lG3q1T
3YK2xtN
F3f776cF1L7D9Cifam
F3f776cF1L7D9Cifam
F3f776cF1L7D9Cifam
F3f776cF1L7D9Cifam
F3f776cF1L7D9Cifam
F3f776cF1L7D9Cifam
F3f776cF1L7D9Cifam
F3f776cF1L7D9Cifam
F3f776cF1L7D9Cifam
F3f776cF1L7D9Cifam
F3f776cF1L7D9Cifam
F3f776cF1L7D9Cifam
F3f776cF1L7D9Cifam
F3f776cF1L7D9Cifam
F3f776cF1L7D9Cifam
F3f776cF1L7D9Cifam
F3f776cF1L7D9Cifam
F3f776cF1L7D9Cifam
F3f776cF1L7D9Cifam
F3f776cF1L7D9Cifam
F3f776cF1L7D9Cifam
F3f776cF1L7D9Cifam
F3f776cF1L7D9Cifam
F3f776cF1L7D9Cifam
F3f776cF1L7D9Cifam
F3f776cF1L7D9Cifam
F3f776cF1L7D9Cifam
F3f776cF1L7D9Cifam
[ASCII 89]
lZC7St8AYhFZ1mH0csi
lZC7St8AYhFZ1mH0csi
lZC7St8AYhFZ1mH0csi
lZC7St8AYhFZ1mH0csi
lZC7St8AYhFZ1mH0csi
lZC7St8AYhFZ1mH0csi
lZC7St8AYhFZ1mH0csi
lZC7St8AYhFZ1mH0csi
lZC7St8AYhFZ1mH0csi
lZC7St8AYhFZ1mH0csi
lZC7St8AYhFZ1mH0csi
lZC7St8AYhFZ1mH0csi
lZC7St8AYhFZ1mH0csi
lZC7St8AYhFZ1mH0csi
lZC7St8AYhFZ1mH0csi
lZC7St8AYhFZ1mH0csi
lZC7St8AYhFZ1mH0csi
lZC7St8AYhFZ1mH0csi
lZC7St8AYhFZ1mH0csi
lZC7St8AYhFZ1mH0csi
lZC7St8AYhFZ1mH0csi
lZC7St8AYhFZ1mH0csi
lZC7St8AYhFZ1mH0csi
lZC7St8AYhFZ1mH0csi
lZC7St8AYhFZ1mH0csi
lZC7St8AYhFZ1mH0csi
lZC7St8AYhFZ1mH0csi
lZC7St8AYhFZ1mH0csi
lZC7St8AYhFZ1mH0csi
lZC7St8AYhFZ1mH0csi
lZC7St8AYhFZ1mH0csi
lZC7St8AYhFZ1mH0csi
lZC7St8AYhFZ1mH0csi
lZC7St8AYhFZ1mH0csi
lZC7St8AYhFZ1mH0csi
lZC7St8AYhFZ1mH0csi
lZC7St8AYhFZ1mH0csi
lZC7St8AYhFZ1mH0csi
lZC7St8AYhFZ1mH0csi
lZC7St8AYhFZ1mH0csi
lZC7St8AYhFZ1mH0csi
lZC7St8AYhFZ1mH0csi
lZC7St8AYhFZ1mH0csi
lZC7St8AYhFZ1mH0csi
lZC7St8AYhFZ1mH0csi
lZC7St8AYhFZ1mH0csi
lZC7St8AYhFZ1mH0csi
lZC7St8AYhFZ1mH0csi
lZC7St8AYhFZ1mH0csi
lZC7St8AYhFZ1mH0csi
lZC7St8AYhFZ1mH0csi
lZC7St8AYhFZ1mH0csi
lZC7St8AYhFZ1mH0csi
lZC7St8AYhFZ1mH0csi
lZC7St8AYhFZ1mH0csi
lZC7St8AYhFZ1mH0csi
lZC7St8AYhFZ1mH0csi
lZC7St8AYhFZ1mH0csi
lZC7St8AYhFZ1mH0csi
lZC7St8AYhFZ1mH0csi
lZC7St8AYhFZ1mH0csi
lZC7St8AYhFZ1mH0csi
lZC7St8AYhFZ1mH0csi
lZC7St8AYhFZ1mH0csi
lZC7St8AYhFZ1mH0csi
lZC7St8AYhFZ1mH0csi
lZC7St8AYhFZ1mH0csi
10TtY30pj3Ulz7vZ9
10TtY30pj3Ulz7vZ9
10TtY30pj3Ulz7vZ9
10TtY30pj3Ulz7vZ9
10TtY30pj3Ulz7vZ9
10TtY30pj3Ulz7vZ9
10TtY30pj3Ulz7vZ9
10TtY30pj3Ulz7vZ9
10TtY30pj3Ulz7vZ9
10TtY30pj3Ulz7vZ9
10TtY30pj3Ulz7vZ9
10TtY30pj3Ulz7vZ9
10TtY30pj3Ulz7vZ9
10TtY30pj3Ulz7vZ9
10TtY30pj3Ulz7vZ9
10TtY30pj3Ulz7vZ9
10TtY30pj3Ulz7vZ9
10TtY30pj3Ulz7vZ9
10TtY30pj3Ulz7vZ9
10TtY30pj3Ulz7vZ9
10TtY30pj3Ulz7vZ9
10TtY30pj3Ulz7vZ9
10TtY30pj3Ulz7vZ9
10TtY30pj3Ulz7vZ9
10TtY30pj3Ulz7vZ9
10TtY30pj3Ulz7vZ9
10TtY30pj3Ulz7vZ9
10TtY30pj3Ulz7vZ9
10TtY30pj3Ulz7vZ9
10TtY30pj3Ulz7vZ9
10TtY30pj3Ulz7vZ9
10TtY30pj3Ulz7vZ9
10TtY30pj3Ulz7vZ9
10TtY30pj3Ulz7vZ9
10TtY30pj3Ulz7vZ9
10TtY30pj3Ulz7vZ9
10TtY30pj3Ulz7vZ9
10TtY30pj3Ulz7vZ9
10TtY30pj3Ulz7vZ9
10TtY30pj3Ulz7vZ9
10TtY30pj3Ulz7vZ9
10TtY30pj3Ulz7vZ9
10TtY30pj3Ulz7vZ9
10TtY30pj3Ulz7vZ9
10TtY30pj3Ulz7vZ9
10TtY30pj3Ulz7vZ9
10TtY30pj3Ulz7vZ9
10TtY30pj3Ulz7vZ9
10TtY30pj3Ulz7vZ9
10TtY30pj3Ulz7vZ9
10TtY30pj3Ulz7vZ9
10TtY30pj3Ulz7vZ9
10TtY30pj3Ulz7vZ9
10TtY30pj3Ulz7vZ9
10TtY30pj3Ulz7vZ9
10TtY30pj3Ulz7vZ9
10TtY30pj3Ulz7vZ9
10TtY30pj3Ulz7vZ9
10TtY30pj3Ulz7vZ9
10TtY30pj3Ulz7vZ9
10TtY30pj3Ulz7vZ9
10TtY30pj3Ulz7vZ9
10TtY30pj3Ulz7vZ9
10TtY30pj3Ulz7vZ9
10TtY30pj3Ulz7vZ9
10TtY30pj3Ulz7vZ9
10TtY30pj3Ulz7vZ9
10TtY30pj3Ulz7vZ9
10TtY30pj3Ulz7vZ9
10TtY30pj3Ulz7vZ9
10TtY30pj3Ulz7vZ9
10TtY30pj3Ulz7vZ9
10TtY30pj3Ulz7vZ9
10TtY30pj3Ulz7vZ9
10TtY30pj3Ulz7vZ9
10TtY30pj3Ulz7vZ9
10TtY30pj3Ulz7vZ9
10TtY30pj3Ulz7vZ9
10TtY30pj3Ulz7vZ9
10TtY30pj3Ulz7vZ9
10TtY30pj3Ulz7vZ9
10TtY30pj3Ulz7vZ9
10TtY30pj3Ulz7vZ9
8a0hal2ovNNg39J24t
[ASCII 97]
[ASCII 97]
[ASCII 97]
[ASCII 97]
[ASCII 97]
[ASCII 97]
[ASCII 97]
[ASCII 97]
[ASCII 97]
[ASCII 97]
[ASCII 97]
[ASCII 97]
[ASCII 97]
[ASCII 97]
[ASCII 97]
[ASCII 97]
[ASCII 97]
[ASCII 97]
[ASCII 97]
[ASCII 97]
[ASCII 97]
[ASCII 97]
[ASCII 97]
[ASCII 97]
[ASCII 97]
[ASCII 97]
[ASCII 97]
[ASCII 97]
[ASCII 97]
[ASCII 97]
[ASCII 97]
[ASCII 97]
[ASCII 97]
[ASCII 97]
[ASCII 97]
[ASCII 97]
[ASCII 97]
[ASCII 97]
[ASCII 97]
[ASCII 97]
[ASCII 97]
[ASCII 97]
[ASCII 97]
[ASCII 97]
[ASCII 97]
[ASCII 97]
[ASCII 97]
[ASCII 97]
[ASCII 97]
[ASCII 97]
[ASCII 97]
[ASCII 97]
[ASCII 97]
[ASCII 97]
[ASCII 97]
[ASCII 97]
[ASCII 97]
[ASCII 97]
[ASCII 97]
[ASCII 97]
[ASCII 97]
[ASCII 97]
[ASCII 97]
[ASCII 97]
[ASCII 97]
[ASCII 97]
[ASCII 97]
[ASCII 97]
[ASCII 97]
[ASCII 97]
[ASCII 97]
[ASCII 97]
[ASCII 97]
[ASCII 97]
[ASCII 97]
[ASCII 97]
[ASCII 97]
[ASCII 97]
[ASCII 97]
[ASCII 97]
[ASCII 97]
[ASCII 97]
[ASCII 97]
[ASCII 97]
[ASCII 97]
[ASCII 97]
[ASCII 97]
[ASCII 97]
[ASCII 97]
[ASCII 97]
[ASCII 97]
[ASCII 97]
[ASCII 97]
[ASCII 97]
LTUqL2zyorFTNxF49m
P2ZBWGjXkErHDdU18
i63BTQJ2O8mRjbz3iP0
1938489874
b49SnVUv1M1l9yW9k
[ASCII 53]
zAT8kA
Z67JkM1z377sch4u4T
PqNy00dVAMd5g25m
ZUlGvYUH5BY7Bhw1O66
[ASCII -20]
frwYM
K3WM3m3hc6rHMeF2
K3WM3m3hc6rHMeF2
K3WM3m3hc6rHMeF2
K3WM3m3hc6rHMeF2
K3WM3m3hc6rHMeF2
K3WM3m3hc6rHMeF2
K3WM3m3hc6rHMeF2
K3WM3m3hc6rHMeF2
K3WM3m3hc6rHMeF2
K3WM3m3hc6rHMeF2
K3WM3m3hc6rHMeF2
K3WM3m3hc6rHMeF2
K3WM3m3hc6rHMeF2
K3WM3m3hc6rHMeF2
K3WM3m3hc6rHMeF2
K3WM3m3hc6rHMeF2
K3WM3m3hc6rHMeF2
K3WM3m3hc6rHMeF2
K3WM3m3hc6rHMeF2
K3WM3m3hc6rHMeF2
K3WM3m3hc6rHMeF2
K3WM3m3hc6rHMeF2
K3WM3m3hc6rHMeF2
K3WM3m3hc6rHMeF2
K3WM3m3hc6rHMeF2
K3WM3m3hc6rHMeF2
K3WM3m3hc6rHMeF2
[ASCII 122]
40xKhPlHSC6d3SdQGtF
xPxBL1LX8WaPsYnKY5
[ASCII 49]
[ASCII 49]
[ASCII 49]
[ASCII 49]
[ASCII 49]
[ASCII 49]
[ASCII 49]
[ASCII 49]
[ASCII 49]
[ASCII 49]
[ASCII 49]
[ASCII 49]
[ASCII 49]
[ASCII 49]
[ASCII 49]
[ASCII 49]
[ASCII 49]
[ASCII 49]
[ASCII 49]
[ASCII 49]
[ASCII 49]
[ASCII 49]
[ASCII 49]
[ASCII 49]
[ASCII 49]
[ASCII 49]
[ASCII 49]
[ASCII 49]
[ASCII 49]
[ASCII 49]
[ASCII 49]
[ASCII 49]
[ASCII 49]
[ASCII 49]
[ASCII 49]
[ASCII 49]
[ASCII 49]
[ASCII 49]
[ASCII 49]
[ASCII 49]
[ASCII 49]
[ASCII 49]
[ASCII 49]
[ASCII 49]
[ASCII 49]
[ASCII 49]
[ASCII 49]
[ASCII 49]
[ASCII 49]
[ASCII 49]
[ASCII 49]
[ASCII 49]
[ASCII 49]
[ASCII 49]
[ASCII 49]
[ASCII 49]
[ASCII 49]
[ASCII 49]
[ASCII 49]
[ASCII 49]
[ASCII 49]
[ASCII 49]
[ASCII 49]
[ASCII 49]
[ASCII 49]
[ASCII 49]
[ASCII 49]
[ASCII 49]
[ASCII 49]
[ASCII 49]
[ASCII 49]
[ASCII 49]
[ASCII 49]
[ASCII 49]
[ASCII 49]
[ASCII 49]
[ASCII 49]
[ASCII 49]
[ASCII 49]
[ASCII 49]
[ASCII 49]
[ASCII 49]
[ASCII 49]
[ASCII 49]
[ASCII 49]
[ASCII 49]
[ASCII 49]
[ASCII 97]
FIIEMA4M8592L99plQh3
FIIEMA4M8592L99plQh3
FIIEMA4M8592L99plQh3
FIIEMA4M8592L99plQh3
FIIEMA4M8592L99plQh3
FIIEMA4M8592L99plQh3
FIIEMA4M8592L99plQh3
FIIEMA4M8592L99plQh3
FIIEMA4M8592L99plQh3
FIIEMA4M8592L99plQh3
FIIEMA4M8592L99plQh3
FIIEMA4M8592L99plQh3
FIIEMA4M8592L99plQh3
FIIEMA4M8592L99plQh3
FIIEMA4M8592L99plQh3
FIIEMA4M8592L99plQh3
FIIEMA4M8592L99plQh3
FIIEMA4M8592L99plQh3
FIIEMA4M8592L99plQh3
FIIEMA4M8592L99plQh3
FIIEMA4M8592L99plQh3
FIIEMA4M8592L99plQh3
FIIEMA4M8592L99plQh3
FIIEMA4M8592L99plQh3
FIIEMA4M8592L99plQh3
FIIEMA4M8592L99plQh3
FIIEMA4M8592L99plQh3
FIIEMA4M8592L99plQh3
FIIEMA4M8592L99plQh3
FIIEMA4M8592L99plQh3
FIIEMA4M8592L99plQh3
FIIEMA4M8592L99plQh3
FIIEMA4M8592L99plQh3
FIIEMA4M8592L99plQh3
FIIEMA4M8592L99plQh3
FIIEMA4M8592L99plQh3
FIIEMA4M8592L99plQh3
FIIEMA4M8592L99plQh3
FIIEMA4M8592L99plQh3
FIIEMA4M8592L99plQh3
FIIEMA4M8592L99plQh3
FIIEMA4M8592L99plQh3
FIIEMA4M8592L99plQh3
FIIEMA4M8592L99plQh3
FIIEMA4M8592L99plQh3
FIIEMA4M8592L99plQh3
1gx37BX
1gx37BX
1gx37BX
1gx37BX
1gx37BX
1gx37BX
1gx37BX
1gx37BX
1gx37BX
1gx37BX
88J3a36BAM925TJF95
1eKz5C01Sk008zG029
[ASCII 57]
YasRBwxG9KW9G1PK9Y
1221118790
jCZe8RJD4IzAb3dltuHHI
364852574
ZPuruHxCI634R02g
ZPuruHxCI634R02g
ZPuruHxCI634R02g
ZPuruHxCI634R02g
ZPuruHxCI634R02g
ZPuruHxCI634R02g
ZPuruHxCI634R02g
ZPuruHxCI634R02g
ZPuruHxCI634R02g
ZPuruHxCI634R02g
ZPuruHxCI634R02g
ZPuruHxCI634R02g
ZPuruHxCI634R02g
ZPuruHxCI634R02g
ZPuruHxCI634R02g
ZPuruHxCI634R02g
ZPuruHxCI634R02g
ZPuruHxCI634R02g
ZPuruHxCI634R02g
ZPuruHxCI634R02g
ZPuruHxCI634R02g
ZPuruHxCI634R02g
ZPuruHxCI634R02g
ZPuruHxCI634R02g
ZPuruHxCI634R02g
ZPuruHxCI634R02g
ZPuruHxCI634R02g
ZPuruHxCI634R02g
ZPuruHxCI634R02g
ZPuruHxCI634R02g
ZPuruHxCI634R02g
ZPuruHxCI634R02g
ZPuruHxCI634R02g
ZPuruHxCI634R02g
ZPuruHxCI634R02g
ZPuruHxCI634R02g
ZPuruHxCI634R02g
ZPuruHxCI634R02g
ZPuruHxCI634R02g
ZPuruHxCI634R02g
ZPuruHxCI634R02g
ZPuruHxCI634R02g
ZPuruHxCI634R02g
ZPuruHxCI634R02g
ZPuruHxCI634R02g
ZPuruHxCI634R02g
ZPuruHxCI634R02g
ZPuruHxCI634R02g
ZPuruHxCI634R02g
ZPuruHxCI634R02g
ZPuruHxCI634R02g
ZPuruHxCI634R02g
ZPuruHxCI634R02g
ZPuruHxCI634R02g
ZPuruHxCI634R02g
ZPuruHxCI634R02g
ZPuruHxCI634R02g
ZPuruHxCI634R02g
ZPuruHxCI634R02g
ZPuruHxCI634R02g
ZPuruHxCI634R02g
ZPuruHxCI634R02g
ZPuruHxCI634R02g
ZPuruHxCI634R02g
ZPuruHxCI634R02g
ZPuruHxCI634R02g
ZPuruHxCI634R02g
ZPuruHxCI634R02g
ZPuruHxCI634R02g
ZPuruHxCI634R02g
ZPuruHxCI634R02g
ZPuruHxCI634R02g
ZPuruHxCI634R02g
ZPuruHxCI634R02g
ZPuruHxCI634R02g
ZPuruHxCI634R02g
ZPuruHxCI634R02g
ZPuruHxCI634R02g
ZPuruHxCI634R02g
ZPuruHxCI634R02g
ZPuruHxCI634R02g
ZPuruHxCI634R02g
ZPuruHxCI634R02g
ZPuruHxCI634R02g
ZPuruHxCI634R02g
ZPuruHxCI634R02g
ZPuruHxCI634R02g
ik2XhJ5pLUPZAkc1
mK6i960egte5G35REXK
6th8ASDvL0DzDrYC
[ASCII 117]
743144100
1202136860
48kLKm
T8dI0DoLqptJ9MoQpP
673jK7gpKzAKSVXhBGk1
1830n867448t
[ASCII 86]
[ASCII 86]
[ASCII 86]
[ASCII 86]
[ASCII 86]
[ASCII 86]
[ASCII 86]
[ASCII 86]
[ASCII 86]
[ASCII 86]
[ASCII 86]
[ASCII 86]
[ASCII 86]
[ASCII 86]
[ASCII 86]
[ASCII 86]
[ASCII 86]
[ASCII 86]
[ASCII 86]
[ASCII 86]
[ASCII 86]
[ASCII 86]
[ASCII 86]
[ASCII 86]
[ASCII 86]
[ASCII 86]
[ASCII 86]
[ASCII 86]
[ASCII 86]
[ASCII 86]
[ASCII 86]
Nq128p
lH2P1v2PoiTYp8BlZ
EA6qR1Cg0D3emjif2R
295390166
RG323xc2jS7gsJmCR
[ASCII 72]
7tdgb5mG729R8BL
r5TyDq1o5R8N7q50Au7
Ye5iqGg2m6CrdIzzKc9
VgvYm3e7Uz2F5fEKsMLi0
Rf3AUC8tSmEfYsQU
64QZV6uD829R0I113J
l49gLtzPmCR1d1fi
0uI4T05
zt9XaFIvt2lhjcXA3
614632767
614632767
614632767
614632767
614632767
614632767
614632767
614632767
614632767
614632767
614632767
614632767
614632767
614632767
614632767
614632767
614632767
614632767
614632767
614632767
614632767
614632767
614632767
614632767
614632767
614632767
614632767
614632767
614632767
614632767
614632767
614632767
614632767
614632767
614632767
614632767
614632767
614632767
614632767
614632767
614632767
614632767
614632767
614632767
614632767
[ASCII 53]
JK48n4OuSO9gV38xY
65z11eDximoH7MW2P
65z11eDximoH7MW2P
65z11eDximoH7MW2P
65z11eDximoH7MW2P
65z11eDximoH7MW2P
65z11eDximoH7MW2P
65z11eDximoH7MW2P
65z11eDximoH7MW2P
65z11eDximoH7MW2P
65z11eDximoH7MW2P
65z11eDximoH7MW2P
65z11eDximoH7MW2P
65z11eDximoH7MW2P
65z11eDximoH7MW2P
65z11eDximoH7MW2P
65z11eDximoH7MW2P
65z11eDximoH7MW2P
65z11eDximoH7MW2P
65z11eDximoH7MW2P
65z11eDximoH7MW2P
65z11eDximoH7MW2P
65z11eDximoH7MW2P
65z11eDximoH7MW2P
65z11eDximoH7MW2P
65z11eDximoH7MW2P
65z11eDximoH7MW2P
65z11eDximoH7MW2P
65z11eDximoH7MW2P
65z11eDximoH7MW2P
65z11eDximoH7MW2P
65z11eDximoH7MW2P
65z11eDximoH7MW2P
65z11eDximoH7MW2P
65z11eDximoH7MW2P
65z11eDximoH7MW2P
65z11eDximoH7MW2P
65z11eDximoH7MW2P
65z11eDximoH7MW2P
65z11eDximoH7MW2P
65z11eDximoH7MW2P
65z11eDximoH7MW2P
65z11eDximoH7MW2P
65z11eDximoH7MW2P
65z11eDximoH7MW2P
65z11eDximoH7MW2P
65z11eDximoH7MW2P
65z11eDximoH7MW2P
65z11eDximoH7MW2P
65z11eDximoH7MW2P
65z11eDximoH7MW2P
65z11eDximoH7MW2P
65z11eDximoH7MW2P
65z11eDximoH7MW2P
65z11eDximoH7MW2P
65z11eDximoH7MW2P
65z11eDximoH7MW2P
65z11eDximoH7MW2P
65z11eDximoH7MW2P
65z11eDximoH7MW2P
65z11eDximoH7MW2P
65z11eDximoH7MW2P
65z11eDximoH7MW2P
65z11eDximoH7MW2P
65z11eDximoH7MW2P
65z11eDximoH7MW2P
65z11eDximoH7MW2P
65z11eDximoH7MW2P
65z11eDximoH7MW2P
681215869
681215869
681215869
681215869
681215869
681215869
681215869
681215869
681215869
681215869
681215869
681215869
681215869
681215869
681215869
681215869
681215869
681215869
681215869
681215869
681215869
681215869
681215869
681215869
681215869
681215869
681215869
681215869
681215869
681215869
681215869
681215869
681215869
681215869
681215869
681215869
681215869
681215869
681215869
681215869
681215869
681215869
681215869
681215869
681215869
681215869
681215869
681215869
681215869
681215869
681215869
681215869
681215869
681215869
681215869
681215869
681215869
681215869
681215869
681215869
681215869
681215869
681215869
681215869
681215869
681215869
681215869
681215869
681215869
681215869
681215869
681215869
681215869
681215869
681215869
681215869
681215869
681215869
681215869
681215869
681215869
681215869
681215869
681215869
681215869
681215869
681215869
681215869
681215869
681215869
681215869
681215869
681215869
681215869
681215869
681215869
681215869
681215869
681215869
0uI4T05
0uI4T05
0uI4T05
0uI4T05
0uI4T05
0uI4T05
0uI4T05
0uI4T05
0uI4T05
0uI4T05
0uI4T05
0uI4T05
0uI4T05
0uI4T05
0uI4T05
0uI4T05
0uI4T05
0uI4T05
0uI4T05
0uI4T05
0uI4T05
0uI4T05
0uI4T05
0uI4T05
0uI4T05
0uI4T05
0uI4T05
0uI4T05
0uI4T05
0uI4T05
0uI4T05
0uI4T05
0uI4T05
0uI4T05
0uI4T05
0uI4T05
0uI4T05
0uI4T05
0uI4T05
0uI4T05
Gtt36TIkQ4sI3oO5y
PKoB84mya5TyjZo5xE
[ASCII 119]
uXa9MmfrwPB15AvAjL
hWO58V50v87Z1wDjgPvc
[ASCII 76]
QtTMRcN5Mmca2138qpp
oFvsZr369B9538Yfd
[ASCII 100]
[ASCII 109]
3KU47
3KU47
3KU47
3KU47
3KU47
3KU47
3KU47
3KU47
3KU47
3KU47
3KU47
3KU47
3KU47
3KU47
3KU47
3KU47
3KU47
3KU47
3KU47
3KU47
3KU47
3KU47
3KU47
3KU47
3KU47
3KU47
3KU47
1ipUKchqdbpe804Ma3
P24LBlYiv4P6th87Q
h1CNu0uJ3DPYp7tPq9B
h1CNu0uJ3DPYp7tPq9B
h1CNu0uJ3DPYp7tPq9B
h1CNu0uJ3DPYp7tPq9B
h1CNu0uJ3DPYp7tPq9B
h1CNu0uJ3DPYp7tPq9B
h1CNu0uJ3DPYp7tPq9B
h1CNu0uJ3DPYp7tPq9B
h1CNu0uJ3DPYp7tPq9B
h1CNu0uJ3DPYp7tPq9B
h1CNu0uJ3DPYp7tPq9B
h1CNu0uJ3DPYp7tPq9B
h1CNu0uJ3DPYp7tPq9B
h1CNu0uJ3DPYp7tPq9B
h1CNu0uJ3DPYp7tPq9B
h1CNu0uJ3DPYp7tPq9B
h1CNu0uJ3DPYp7tPq9B
h1CNu0uJ3DPYp7tPq9B
h1CNu0uJ3DPYp7tPq9B
h1CNu0uJ3DPYp7tPq9B
h1CNu0uJ3DPYp7tPq9B
h1CNu0uJ3DPYp7tPq9B
h1CNu0uJ3DPYp7tPq9B
h1CNu0uJ3DPYp7tPq9B
h1CNu0uJ3DPYp7tPq9B
h1CNu0uJ3DPYp7tPq9B
h1CNu0uJ3DPYp7tPq9B
h1CNu0uJ3DPYp7tPq9B
h1CNu0uJ3DPYp7tPq9B
h1CNu0uJ3DPYp7tPq9B
h1CNu0uJ3DPYp7tPq9B
h1CNu0uJ3DPYp7tPq9B
h1CNu0uJ3DPYp7tPq9B
h1CNu0uJ3DPYp7tPq9B
h1CNu0uJ3DPYp7tPq9B
h1CNu0uJ3DPYp7tPq9B
h1CNu0uJ3DPYp7tPq9B
h1CNu0uJ3DPYp7tPq9B
h1CNu0uJ3DPYp7tPq9B
h1CNu0uJ3DPYp7tPq9B
h1CNu0uJ3DPYp7tPq9B
h1CNu0uJ3DPYp7tPq9B
h1CNu0uJ3DPYp7tPq9B
h1CNu0uJ3DPYp7tPq9B
h1CNu0uJ3DPYp7tPq9B
h1CNu0uJ3DPYp7tPq9B
h1CNu0uJ3DPYp7tPq9B
h1CNu0uJ3DPYp7tPq9B
h1CNu0uJ3DPYp7tPq9B
h1CNu0uJ3DPYp7tPq9B
h1CNu0uJ3DPYp7tPq9B
h1CNu0uJ3DPYp7tPq9B
h1CNu0uJ3DPYp7tPq9B
h1CNu0uJ3DPYp7tPq9B
h1CNu0uJ3DPYp7tPq9B
h1CNu0uJ3DPYp7tPq9B
h1CNu0uJ3DPYp7tPq9B
h1CNu0uJ3DPYp7tPq9B
h1CNu0uJ3DPYp7tPq9B
h1CNu0uJ3DPYp7tPq9B
h1CNu0uJ3DPYp7tPq9B
h1CNu0uJ3DPYp7tPq9B
h1CNu0uJ3DPYp7tPq9B
h1CNu0uJ3DPYp7tPq9B
h1CNu0uJ3DPYp7tPq9B
h1CNu0uJ3DPYp7tPq9B
h1CNu0uJ3DPYp7tPq9B
h1CNu0uJ3DPYp7tPq9B
h1CNu0uJ3DPYp7tPq9B
h1CNu0uJ3DPYp7tPq9B
h1CNu0uJ3DPYp7tPq9B
h1CNu0uJ3DPYp7tPq9B
h1CNu0uJ3DPYp7tPq9B
h1CNu0uJ3DPYp7tPq9B
h1CNu0uJ3DPYp7tPq9B
h1CNu0uJ3DPYp7tPq9B
h1CNu0uJ3DPYp7tPq9B
h1CNu0uJ3DPYp7tPq9B
h1CNu0uJ3DPYp7tPq9B
h1CNu0uJ3DPYp7tPq9B
h1CNu0uJ3DPYp7tPq9B
h1CNu0uJ3DPYp7tPq9B
jze3w7dW6g5E2MS27E1
jze3w7dW6g5E2MS27E1
jze3w7dW6g5E2MS27E1
jze3w7dW6g5E2MS27E1
jze3w7dW6g5E2MS27E1
jze3w7dW6g5E2MS27E1
jze3w7dW6g5E2MS27E1
jze3w7dW6g5E2MS27E1
jze3w7dW6g5E2MS27E1
jze3w7dW6g5E2MS27E1
jze3w7dW6g5E2MS27E1
jze3w7dW6g5E2MS27E1
jze3w7dW6g5E2MS27E1
jze3w7dW6g5E2MS27E1
jze3w7dW6g5E2MS27E1
jze3w7dW6g5E2MS27E1
jze3w7dW6g5E2MS27E1
jze3w7dW6g5E2MS27E1
jze3w7dW6g5E2MS27E1
jze3w7dW6g5E2MS27E1
jze3w7dW6g5E2MS27E1
jze3w7dW6g5E2MS27E1
jze3w7dW6g5E2MS27E1
jze3w7dW6g5E2MS27E1
jze3w7dW6g5E2MS27E1
jze3w7dW6g5E2MS27E1
jze3w7dW6g5E2MS27E1
jze3w7dW6g5E2MS27E1
jze3w7dW6g5E2MS27E1
jze3w7dW6g5E2MS27E1
jze3w7dW6g5E2MS27E1
jze3w7dW6g5E2MS27E1
jze3w7dW6g5E2MS27E1
jze3w7dW6g5E2MS27E1
jze3w7dW6g5E2MS27E1
jze3w7dW6g5E2MS27E1
jze3w7dW6g5E2MS27E1
jze3w7dW6g5E2MS27E1
jze3w7dW6g5E2MS27E1
jze3w7dW6g5E2MS27E1
jze3w7dW6g5E2MS27E1
jze3w7dW6g5E2MS27E1
jze3w7dW6g5E2MS27E1
jze3w7dW6g5E2MS27E1
jze3w7dW6g5E2MS27E1
jze3w7dW6g5E2MS27E1
jze3w7dW6g5E2MS27E1
jze3w7dW6g5E2MS27E1
jze3w7dW6g5E2MS27E1
jze3w7dW6g5E2MS27E1
jze3w7dW6g5E2MS27E1
jze3w7dW6g5E2MS27E1
jze3w7dW6g5E2MS27E1
jze3w7dW6g5E2MS27E1
jze3w7dW6g5E2MS27E1
jze3w7dW6g5E2MS27E1
jze3w7dW6g5E2MS27E1
jze3w7dW6g5E2MS27E1
jze3w7dW6g5E2MS27E1
jze3w7dW6g5E2MS27E1
jze3w7dW6g5E2MS27E1
jze3w7dW6g5E2MS27E1
jze3w7dW6g5E2MS27E1
jze3w7dW6g5E2MS27E1
jze3w7dW6g5E2MS27E1
jze3w7dW6g5E2MS27E1
jze3w7dW6g5E2MS27E1
jze3w7dW6g5E2MS27E1
jze3w7dW6g5E2MS27E1
jze3w7dW6g5E2MS27E1
jze3w7dW6g5E2MS27E1
jze3w7dW6g5E2MS27E1
jze3w7dW6g5E2MS27E1
jze3w7dW6g5E2MS27E1
jze3w7dW6g5E2MS27E1
jze3w7dW6g5E2MS27E1
jze3w7dW6g5E2MS27E1
jze3w7dW6g5E2MS27E1
jze3w7dW6g5E2MS27E1
[ASCII 118]
ps1R6779D95Ap426V
ps1R6779D95Ap426V
ps1R6779D95Ap426V
ps1R6779D95Ap426V
ps1R6779D95Ap426V
ps1R6779D95Ap426V
ps1R6779D95Ap426V
ps1R6779D95Ap426V
ps1R6779D95Ap426V
ps1R6779D95Ap426V
ps1R6779D95Ap426V
ps1R6779D95Ap426V
ps1R6779D95Ap426V
ps1R6779D95Ap426V
ps1R6779D95Ap426V
ps1R6779D95Ap426V
ps1R6779D95Ap426V
ps1R6779D95Ap426V
ps1R6779D95Ap426V
ps1R6779D95Ap426V
ps1R6779D95Ap426V
ps1R6779D95Ap426V
ps1R6779D95Ap426V
ps1R6779D95Ap426V
ps1R6779D95Ap426V
ps1R6779D95Ap426V
ps1R6779D95Ap426V
ps1R6779D95Ap426V
ps1R6779D95Ap426V
ps1R6779D95Ap426V
ps1R6779D95Ap426V
ps1R6779D95Ap426V
ps1R6779D95Ap426V
ps1R6779D95Ap426V
ps1R6779D95Ap426V
ps1R6779D95Ap426V
ps1R6779D95Ap426V
ps1R6779D95Ap426V
ps1R6779D95Ap426V
ps1R6779D95Ap426V
ps1R6779D95Ap426V
ps1R6779D95Ap426V
ps1R6779D95Ap426V
ps1R6779D95Ap426V
ps1R6779D95Ap426V
ps1R6779D95Ap426V
ps1R6779D95Ap426V
ps1R6779D95Ap426V
ps1R6779D95Ap426V
ps1R6779D95Ap426V
ps1R6779D95Ap426V
ps1R6779D95Ap426V
xMFL08gv2mC7VF81N
hs0ha31aaLnIL93HQ8E1
r9NNb0ydO5734DN
jYYv03W53ndB7vAuA8
KiaVx352j4qn9Ew8M
6XBAJkreO0nDqRqR5xmz
28T24F2rOV0Zd7GGg
[ASCII -6]
528110870
121445609
[ASCII 109]
9D994fc41K0AH5Rbe
[ASCII 71]
SnMp9GX4F2Q5UM2h8z9
bdh8p1XuNr6tvVpAxh
[ASCII 122]
0XoYx3Wnk479CHMf
1941874152
1941874152
1941874152
1941874152
1941874152
1941874152
1941874152
1941874152
1941874152
1941874152
1941874152
1941874152
1941874152
1941874152
1941874152
1941874152
1941874152
[ASCII 73]
795132778
GxooQ6AWztlBT7O99qL7U
jaZX9
975280892
07580ORmu4iRg3A0z7r
SpU1CfJBy8nI0E4hHe
56hA1
[ASCII 82]
[ASCII 82]
[ASCII 82]
[ASCII 82]
[ASCII 82]
[ASCII 82]
[ASCII 82]
[ASCII 82]
[ASCII 82]
[ASCII 82]
[ASCII 82]
[ASCII 82]
[ASCII 82]
[ASCII 82]
[ASCII 82]
[ASCII 82]
[ASCII 82]
[ASCII 82]
[ASCII 82]
[ASCII 82]
[ASCII 82]
[ASCII 82]
[ASCII 82]
[ASCII 82]
[ASCII 82]
[ASCII 82]
[ASCII 82]
[ASCII 82]
[ASCII 82]
[ASCII 82]
[ASCII 82]
[ASCII 82]
[ASCII 82]
[ASCII 82]
[ASCII 82]
[ASCII 82]
[ASCII 82]
[ASCII 82]
[ASCII 82]
[ASCII 82]
[ASCII 82]
[ASCII 82]
[ASCII 82]
[ASCII 82]
[ASCII 82]
[ASCII 82]
[ASCII 82]
[ASCII 82]
[ASCII 82]
[ASCII 82]
[ASCII 82]
[ASCII 82]
[ASCII 82]
[ASCII 82]
[ASCII 82]
[ASCII 82]
[ASCII 82]
[ASCII 82]
[ASCII 82]
[ASCII 82]
[ASCII 82]
[ASCII 82]
[ASCII 82]
[ASCII 82]
[ASCII 82]
[ASCII 82]
[ASCII 82]
[ASCII 82]
[ASCII 82]
[ASCII 82]
[ASCII 82]
[ASCII 82]
[ASCII 82]
[ASCII 82]
[ASCII 82]
[ASCII 82]
[ASCII 82]
[ASCII 82]
[ASCII 82]
[ASCII 82]
[ASCII 82]
[ASCII 82]
[ASCII 82]
[ASCII 82]
[ASCII 82]
[ASCII 82]
[ASCII 82]
[ASCII 82]
[ASCII 82]
[ASCII 82]
[ASCII 82]
[ASCII 82]
[ASCII 82]
[ASCII 48]
aC509c7xvDysq1Cfs
QspxfSY77LTdWdG0m
