ocq6Ybrb808kv3rYq756
SM77O3ohWoLKq6Sf7z9
0sFa5FlO3H4XL5h90QT
[ASCII 112]
57WJ5HP2w98yE2Ma
jPJ0506b5OZH5315Y71
jPJ0506b5OZH5315Y71
jPJ0506b5OZH5315Y71
jPJ0506b5OZH5315Y71
jPJ0506b5OZH5315Y71
jPJ0506b5OZH5315Y71
jPJ0506b5OZH5315Y71
jPJ0506b5OZH5315Y71
jPJ0506b5OZH5315Y71
jPJ0506b5OZH5315Y71
jPJ0506b5OZH5315Y71
jPJ0506b5OZH5315Y71
jPJ0506b5OZH5315Y71
jPJ0506b5OZH5315Y71
jPJ0506b5OZH5315Y71
[ASCII 72]
[ASCII 120]
-1185373867
1hR7LT5m620Gmq0b
y0rlJ
41PTB9YE4h8eWb7034r
zSTuU3ob3n0Kw1Z1v
O8rAzGg9nw4cJ87FUad0i
qj9eDk5riUN14yaKfMN
27X9bk
27X9bk
27X9bk
27X9bk
27X9bk
27X9bk
27X9bk
27X9bk
27X9bk
27X9bk
27X9bk
27X9bk
27X9bk
27X9bk
27X9bk
27X9bk
27X9bk
27X9bk
27X9bk
27X9bk
27X9bk
27X9bk
27X9bk
27X9bk
27X9bk
27X9bk
27X9bk
27X9bk
27X9bk
27X9bk
27X9bk
27X9bk
27X9bk
27X9bk
7f6Bo
514407182
gkkH8XKFs6tuM204iqx
15CX369YdPpc7gYvP23
[ASCII 82]
[ASCII 82]
[ASCII 82]
[ASCII 82]
[ASCII 82]
[ASCII 82]
[ASCII 82]
[ASCII 82]
[ASCII 82]
[ASCII 82]
[ASCII 82]
[ASCII 82]
[ASCII 82]
[ASCII 82]
[ASCII 82]
[ASCII 82]
[ASCII 82]
[ASCII 82]
[ASCII 82]
[ASCII 82]
[ASCII 82]
[ASCII 82]
[ASCII 82]
[ASCII 82]
[ASCII 82]
[ASCII 82]
[ASCII 82]
[ASCII 82]
[ASCII 82]
[ASCII 82]
[ASCII 82]
[ASCII 82]
[ASCII 82]
[ASCII 82]
[ASCII 82]
[ASCII 82]
[ASCII 82]
[ASCII 82]
[ASCII 82]
[ASCII 82]
[ASCII 82]
[ASCII 82]
[ASCII 82]
[ASCII 82]
[ASCII 82]
[ASCII 82]
[ASCII 82]
[ASCII 82]
[ASCII 82]
[ASCII 82]
[ASCII 82]
[ASCII 82]
[ASCII 82]
[ASCII 82]
[ASCII 82]
[ASCII 82]
[ASCII 82]
[ASCII 82]
[ASCII 82]
[ASCII 82]
[ASCII 82]
[ASCII 82]
[ASCII 82]
[ASCII 82]
[ASCII 82]
[ASCII 82]
[ASCII 82]
[ASCII 82]
[ASCII 82]
[ASCII 82]
[ASCII 82]
[ASCII 82]
[ASCII 82]
[ASCII 82]
[ASCII 82]
[ASCII 82]
[ASCII 82]
[ASCII 82]
[ASCII 82]
[ASCII 82]
[ASCII 82]
[ASCII 82]
[ASCII 82]
[ASCII 82]
[ASCII 82]
[ASCII 82]
u7v28c08R0i7Ir8f
4UFBtdVi67UoTUMVLYi
M113DV8LBaQ63bor1L
1244446744
[ASCII 98]
IGWpZXK
U0MKGGzXOK5t18WkQJb
sp8je5i89S538BleB
NsbqSN6
LuPeOsa
[ASCII 105]
f59vxn2l9NsXcDR7C3
[ASCII 78]
[ASCII 78]
[ASCII 78]
[ASCII 78]
[ASCII 78]
[ASCII 78]
[ASCII 78]
[ASCII 78]
[ASCII 78]
[ASCII 78]
[ASCII 78]
[ASCII 78]
[ASCII 78]
[ASCII 78]
[ASCII 78]
[ASCII 78]
[ASCII 78]
[ASCII 78]
[ASCII 78]
[ASCII 78]
[ASCII 78]
[ASCII 78]
[ASCII 78]
[ASCII 78]
[ASCII 78]
[ASCII 78]
[ASCII 78]
[ASCII 78]
[ASCII 78]
[ASCII 78]
[ASCII 78]
[ASCII 78]
[ASCII 78]
[ASCII 78]
[ASCII 78]
[ASCII 78]
[ASCII 78]
[ASCII 78]
[ASCII 78]
[ASCII 78]
[ASCII 78]
[ASCII 78]
[ASCII 78]
[ASCII 78]
[ASCII 78]
[ASCII 78]
[ASCII 78]
[ASCII 78]
[ASCII 78]
[ASCII 78]
[ASCII 78]
[ASCII 78]
[ASCII 78]
[ASCII 78]
[ASCII 78]
[ASCII 78]
[ASCII 78]
[ASCII 78]
[ASCII 78]
[ASCII 78]
[ASCII 78]
[ASCII 78]
[ASCII 78]
[ASCII 78]
[ASCII 78]
[ASCII 78]
[ASCII 78]
[ASCII 78]
[ASCII 78]
[ASCII 78]
[ASCII 78]
[ASCII 78]
[ASCII 78]
[ASCII 78]
[ASCII 78]
[ASCII 78]
[ASCII 78]
[ASCII 78]
[ASCII 78]
[ASCII 78]
[ASCII 78]
LtW249vqgqJHQD27G2g
[ASCII 105]
27X9bk
[ASCII 99]
897204554
[ASCII 120]
k4pj8kb
k4pj8kb
k4pj8kb
k4pj8kb
k4pj8kb
k4pj8kb
k4pj8kb
k4pj8kb
k4pj8kb
k4pj8kb
k4pj8kb
k4pj8kb
k4pj8kb
k4pj8kb
k4pj8kb
k4pj8kb
k4pj8kb
k4pj8kb
k4pj8kb
k4pj8kb
k4pj8kb
k4pj8kb
k4pj8kb
k4pj8kb
k4pj8kb
k4pj8kb
k4pj8kb
k4pj8kb
k4pj8kb
k4pj8kb
k4pj8kb
k4pj8kb
k4pj8kb
k4pj8kb
k4pj8kb
k4pj8kb
k4pj8kb
k4pj8kb
k4pj8kb
k4pj8kb
k4pj8kb
k4pj8kb
k4pj8kb
k4pj8kb
k4pj8kb
off57xfXCgPUB0U2
ekS8S
yCieSM1cOjh
bRi69yLM9UceWi4A29
173413980
qmXf2i3
sNed7xcQWIHFfhB
173413980
173413980
173413980
173413980
173413980
173413980
173413980
173413980
173413980
173413980
173413980
173413980
173413980
173413980
173413980
173413980
173413980
173413980
173413980
173413980
173413980
173413980
173413980
173413980
173413980
173413980
173413980
173413980
173413980
173413980
173413980
173413980
173413980
173413980
173413980
173413980
173413980
173413980
173413980
173413980
173413980
173413980
173413980
pc813oEky981a3sD2
1021921700
1021921700
1021921700
1021921700
1021921700
1021921700
1021921700
1021921700
1021921700
1021921700
1021921700
1021921700
1021921700
1021921700
1021921700
1021921700
1021921700
1021921700
1021921700
1021921700
1021921700
1021921700
1021921700
1021921700
1021921700
1021921700
1021921700
1021921700
1021921700
1021921700
1021921700
1021921700
1021921700
1021921700
1021921700
1021921700
1021921700
1021921700
1021921700
1021921700
1021921700
1021921700
1021921700
1021921700
1021921700
1021921700
1021921700
1021921700
1021921700
1021921700
1021921700
1021921700
1021921700
1021921700
1021921700
1021921700
1021921700
1021921700
1021921700
1021921700
1021921700
1021921700
1021921700
1021921700
1021921700
1021921700
1021921700
1021921700
1021921700
1021921700
1021921700
1021921700
1021921700
1021921700
1021921700
1021921700
1021921700
1021921700
1021921700
1021921700
1021921700
1021921700
1021921700
1021921700
27X9bkuULi6B5
Ty9yQL27jnLpokcA9Xm8
z802zX6
h5P7obxYzeH88f52Z
[ASCII 87]
[ASCII 87]
[ASCII 87]
[ASCII 87]
[ASCII 87]
[ASCII 87]
[ASCII 87]
[ASCII 87]
[ASCII 87]
[ASCII 87]
[ASCII 87]
[ASCII 87]
[ASCII 87]
[ASCII 87]
[ASCII 87]
[ASCII 87]
[ASCII 87]
[ASCII 87]
[ASCII 87]
[ASCII 87]
[ASCII 87]
[ASCII 87]
[ASCII 87]
38TSvVU0JY7FeuZq
e8H2thVo7a903rXXOx
1On79H7narr6em2k3Z
LasKBaY
[ASCII 86]
b0GgfgOMtIH3wjsSKq
5W7gHI91wxwtm
5wGYGE551os2a8k36
618954591
BE5Iu
BE5Iu
BE5Iu
BE5Iu
BE5Iu
BE5Iu
BE5Iu
BE5Iu
BE5Iu
BE5Iu
BE5Iu
BE5Iu
BE5Iu
BE5Iu
BE5Iu
BE5Iu
BE5Iu
BE5Iu
BE5Iu
BE5Iu
BE5Iu
BE5Iu
BE5Iu
BE5Iu
BE5Iu
BE5Iu
BE5Iu
BE5Iu
BE5Iu
BE5Iu
BE5Iu
BE5Iu
BE5Iu
BE5Iu
BE5Iu
BE5Iu
BE5Iu
BE5Iu
BE5Iu
BE5Iu
BE5Iu
BE5Iu
BE5Iu
BE5Iu
BE5Iu
BE5Iu
BE5Iu
BE5Iu
BE5Iu
BE5Iu
BE5Iu
BE5Iu
BE5Iu
BE5Iu
BE5Iu
BE5Iu
BE5Iu
BE5Iu
BE5Iu
BE5Iu
BE5Iu
BE5Iu
BE5Iu
BE5Iu
BE5Iu
BE5Iu
BE5Iu
BE5Iu
BE5Iu
BE5Iu
BE5Iu
BE5Iu
BE5Iu
BE5Iu
BE5Iu
BE5Iu
BE5Iu
BE5Iu
BE5Iu
BE5Iu
BE5Iu
BE5Iu
BE5Iu
BE5Iu
BE5Iu
BE5Iu
BE5Iu
BE5Iu
BE5Iu
[ASCII 88]
[ASCII 78]
CGI7JyaRyxEuzS3G6W8
qDM54hWJX92A904UlY6
P3Pq9x
618954591
WRLN3ACNBjXb8wK0G82w
[ASCII 89]
1bT98y6Vfa3t9Zp02y
Ig394Za52JtEUGdo73B
TvqA5S
EFS70g7sPBQtb9yAF
kz6Iu4l
6S6KYSGl7h7t9BvLD
6S6KYSGl7h7t9BvLD
6S6KYSGl7h7t9BvLD
6S6KYSGl7h7t9BvLD
6S6KYSGl7h7t9BvLD
6S6KYSGl7h7t9BvLD
6S6KYSGl7h7t9BvLD
6S6KYSGl7h7t9BvLD
6S6KYSGl7h7t9BvLD
6S6KYSGl7h7t9BvLD
6S6KYSGl7h7t9BvLD
6S6KYSGl7h7t9BvLD
6S6KYSGl7h7t9BvLD
6S6KYSGl7h7t9BvLD
6S6KYSGl7h7t9BvLD
6S6KYSGl7h7t9BvLD
6S6KYSGl7h7t9BvLD
6S6KYSGl7h7t9BvLD
6S6KYSGl7h7t9BvLD
6S6KYSGl7h7t9BvLD
6S6KYSGl7h7t9BvLD
6S6KYSGl7h7t9BvLD
6S6KYSGl7h7t9BvLD
6S6KYSGl7h7t9BvLD
6S6KYSGl7h7t9BvLD
6S6KYSGl7h7t9BvLD
6S6KYSGl7h7t9BvLD
6S6KYSGl7h7t9BvLD
6S6KYSGl7h7t9BvLD
6S6KYSGl7h7t9BvLD
6S6KYSGl7h7t9BvLD
6S6KYSGl7h7t9BvLD
6S6KYSGl7h7t9BvLD
6S6KYSGl7h7t9BvLD
6S6KYSGl7h7t9BvLD
6S6KYSGl7h7t9BvLD
6S6KYSGl7h7t9BvLD
6S6KYSGl7h7t9BvLD
6S6KYSGl7h7t9BvLD
6S6KYSGl7h7t9BvLD
6S6KYSGl7h7t9BvLD
6S6KYSGl7h7t9BvLD
6S6KYSGl7h7t9BvLD
6S6KYSGl7h7t9BvLD
6S6KYSGl7h7t9BvLD
6S6KYSGl7h7t9BvLD
6S6KYSGl7h7t9BvLD
6S6KYSGl7h7t9BvLD
6S6KYSGl7h7t9BvLD
6S6KYSGl7h7t9BvLD
6S6KYSGl7h7t9BvLD
6S6KYSGl7h7t9BvLD
6S6KYSGl7h7t9BvLD
6S6KYSGl7h7t9BvLD
6S6KYSGl7h7t9BvLD
6S6KYSGl7h7t9BvLD
6S6KYSGl7h7t9BvLD
6S6KYSGl7h7t9BvLD
6S6KYSGl7h7t9BvLD
6S6KYSGl7h7t9BvLD
6S6KYSGl7h7t9BvLD
6S6KYSGl7h7t9BvLD
6S6KYSGl7h7t9BvLD
6S6KYSGl7h7t9BvLD
6S6KYSGl7h7t9BvLD
6S6KYSGl7h7t9BvLD
6S6KYSGl7h7t9BvLD
6S6KYSGl7h7t9BvLD
6S6KYSGl7h7t9BvLD
6S6KYSGl7h7t9BvLD
6S6KYSGl7h7t9BvLD
6S6KYSGl7h7t9BvLD
6S6KYSGl7h7t9BvLD
6S6KYSGl7h7t9BvLD
6S6KYSGl7h7t9BvLD
6S6KYSGl7h7t9BvLD
6S6KYSGl7h7t9BvLD
6S6KYSGl7h7t9BvLD
6S6KYSGl7h7t9BvLD
6S6KYSGl7h7t9BvLD
6S6KYSGl7h7t9BvLD
6S6KYSGl7h7t9BvLD
6S6KYSGl7h7t9BvLD
6S6KYSGl7h7t9BvLD
6S6KYSGl7h7t9BvLD
Oyv1l5qnLdEfLJd5g
3K86afeVbzF6VzR0R7
111601158
6JSuo34CI28SZy4fW5l
6JSuo34CI28SZy4fW5l
6JSuo34CI28SZy4fW5l
6JSuo34CI28SZy4fW5l
6JSuo34CI28SZy4fW5l
6JSuo34CI28SZy4fW5l
6JSuo34CI28SZy4fW5l
6JSuo34CI28SZy4fW5l
6JSuo34CI28SZy4fW5l
6JSuo34CI28SZy4fW5l
6JSuo34CI28SZy4fW5l
6JSuo34CI28SZy4fW5l
6JSuo34CI28SZy4fW5l
6JSuo34CI28SZy4fW5l
6JSuo34CI28SZy4fW5l
6JSuo34CI28SZy4fW5l
6JSuo34CI28SZy4fW5l
6JSuo34CI28SZy4fW5l
6JSuo34CI28SZy4fW5l
6JSuo34CI28SZy4fW5l
6JSuo34CI28SZy4fW5l
6JSuo34CI28SZy4fW5l
6JSuo34CI28SZy4fW5l
6JSuo34CI28SZy4fW5l
6JSuo34CI28SZy4fW5l
6JSuo34CI28SZy4fW5l
6JSuo34CI28SZy4fW5l
6JSuo34CI28SZy4fW5l
6JSuo34CI28SZy4fW5l
6JSuo34CI28SZy4fW5l
6JSuo34CI28SZy4fW5l
HhAqpLFt4H57lPu0
-1296298982
yCieSM1cOjh
yCieSM1cOjh
yCieSM1cOjh
yCieSM1cOjh
yCieSM1cOjh
yCieSM1cOjh
yCieSM1cOjh
yCieSM1cOjh
yCieSM1cOjh
yCieSM1cOjh
yCieSM1cOjh
yCieSM1cOjh
yCieSM1cOjh
yCieSM1cOjh
yCieSM1cOjh
yCieSM1cOjh
yCieSM1cOjh
yCieSM1cOjh
yCieSM1cOjh
yCieSM1cOjh
yCieSM1cOjh
yCieSM1cOjh
yCieSM1cOjh
yCieSM1cOjh
yCieSM1cOjh
yCieSM1cOjh
yCieSM1cOjh
yCieSM1cOjh
yCieSM1cOjh
yCieSM1cOjh
yCieSM1cOjh
yCieSM1cOjh
yCieSM1cOjh
yCieSM1cOjh
yCieSM1cOjh
yCieSM1cOjh
yCieSM1cOjh
yCieSM1cOjh
yCieSM1cOjh
yCieSM1cOjh
yCieSM1cOjh
yCieSM1cOjh
yCieSM1cOjh
yCieSM1cOjh
yCieSM1cOjh
yCieSM1cOjh
yCieSM1cOjh
yCieSM1cOjh
yCieSM1cOjh
yCieSM1cOjh
yCieSM1cOjh
yCieSM1cOjh
yCieSM1cOjh
yCieSM1cOjh
yCieSM1cOjh
yCieSM1cOjh
yCieSM1cOjh
yCieSM1cOjh
yCieSM1cOjh
yCieSM1cOjh
E57tk0O57Br95guz9Cj
[ASCII 86]
xEiygBb8B2m65j80Op
[ASCII 65]
SDYJKwGvZDujK3i3c
04l4jO3rjDTVbD32E
-1902679618
[ASCII 69]
456144969
456144969
456144969
456144969
456144969
456144969
456144969
456144969
456144969
456144969
456144969
456144969
456144969
456144969
456144969
456144969
456144969
456144969
456144969
456144969
456144969
456144969
456144969
456144969
456144969
456144969
456144969
456144969
456144969
456144969
456144969
456144969
456144969
456144969
456144969
456144969
456144969
456144969
456144969
456144969
456144969
456144969
456144969
456144969
456144969
456144969
456144969
456144969
456144969
456144969
456144969
456144969
456144969
456144969
456144969
456144969
456144969
456144969
HYjPaYCKOpKV3K2Ww9V
HYjPaYCKOpKV3K2Ww9V
HYjPaYCKOpKV3K2Ww9V
HYjPaYCKOpKV3K2Ww9V
HYjPaYCKOpKV3K2Ww9V
HYjPaYCKOpKV3K2Ww9V
HYjPaYCKOpKV3K2Ww9V
HYjPaYCKOpKV3K2Ww9V
HYjPaYCKOpKV3K2Ww9V
HYjPaYCKOpKV3K2Ww9V
HYjPaYCKOpKV3K2Ww9V
HYjPaYCKOpKV3K2Ww9V
HYjPaYCKOpKV3K2Ww9V
HYjPaYCKOpKV3K2Ww9V
HYjPaYCKOpKV3K2Ww9V
HYjPaYCKOpKV3K2Ww9V
HYjPaYCKOpKV3K2Ww9V
HYjPaYCKOpKV3K2Ww9V
HYjPaYCKOpKV3K2Ww9V
HYjPaYCKOpKV3K2Ww9V
HYjPaYCKOpKV3K2Ww9V
HYjPaYCKOpKV3K2Ww9V
HYjPaYCKOpKV3K2Ww9V
KDa2NMc
98J2WC19xSYANVUdmL3
oXE50tZOwVrHI2pf84
6m2nu
[ASCII 99]
2B4DVq4k9kf885e
7PW031WRYVfnq40vAKP
p2mx4T9
i8ucZIhy1l757uyx0
[ASCII 87]
DPvocLS7D06626wLM
p4XD9U28BLzSFs04D
v7sb8Tk
sTX7f0a
sTX7f0a
sTX7f0a
sTX7f0a
sTX7f0a
sTX7f0a
sTX7f0a
sTX7f0a
sTX7f0a
sTX7f0a
sTX7f0a
sTX7f0a
[ASCII 119]
O3Zz8qj1iB44y7Epp00
