c6N6T030ru6zX3Q0
pBsr5UY
-1495904741
5ePKyr6BR57SIBpL25
zikzx6Az9W006w1
zikzx6Az9W006w1
zikzx6Az9W006w1
zikzx6Az9W006w1
zikzx6Az9W006w1
zikzx6Az9W006w1
zikzx6Az9W006w1
zikzx6Az9W006w1
zikzx6Az9W006w1
zikzx6Az9W006w1
zikzx6Az9W006w1
zikzx6Az9W006w1
zikzx6Az9W006w1
zikzx6Az9W006w1
zikzx6Az9W006w1
zikzx6Az9W006w1
zikzx6Az9W006w1
y9T4vi
GVdGkerNhLdpgOchS8n
vwZ4d
[ASCII 81]
[ASCII 56]
1404491598
1404491598
Dr8OaLULt091G6WPKTm
825467680
KorHhMt2K2RFDEs5LOPlZ
dLoV7s39xLaEYmL3t27
Syx9VO49Kp2U6GgkOh
vCc044g9n01Ag5Y3U2S
1187788118
Gi7xXQ8IKgw080XPUg
hi34cy4G8aPL3R7WELO7
hi34cy4G8aPL3R7WELO7
hi34cy4G8aPL3R7WELO7
hi34cy4G8aPL3R7WELO7
hi34cy4G8aPL3R7WELO7
800Td1Q67Soc7IFH95vT
800Td1Q67Soc7IFH95vT
800Td1Q67Soc7IFH95vT
800Td1Q67Soc7IFH95vT
800Td1Q67Soc7IFH95vT
800Td1Q67Soc7IFH95vT
800Td1Q67Soc7IFH95vT
800Td1Q67Soc7IFH95vT
800Td1Q67Soc7IFH95vT
800Td1Q67Soc7IFH95vT
800Td1Q67Soc7IFH95vT
800Td1Q67Soc7IFH95vT
800Td1Q67Soc7IFH95vT
800Td1Q67Soc7IFH95vT
800Td1Q67Soc7IFH95vT
800Td1Q67Soc7IFH95vT
800Td1Q67Soc7IFH95vT
800Td1Q67Soc7IFH95vT
800Td1Q67Soc7IFH95vT
800Td1Q67Soc7IFH95vT
800Td1Q67Soc7IFH95vT
800Td1Q67Soc7IFH95vT
800Td1Q67Soc7IFH95vT
800Td1Q67Soc7IFH95vT
800Td1Q67Soc7IFH95vT
800Td1Q67Soc7IFH95vT
800Td1Q67Soc7IFH95vT
800Td1Q67Soc7IFH95vT
800Td1Q67Soc7IFH95vT
800Td1Q67Soc7IFH95vT
800Td1Q67Soc7IFH95vT
800Td1Q67Soc7IFH95vT
800Td1Q67Soc7IFH95vT
800Td1Q67Soc7IFH95vT
800Td1Q67Soc7IFH95vT
800Td1Q67Soc7IFH95vT
800Td1Q67Soc7IFH95vT
800Td1Q67Soc7IFH95vT
800Td1Q67Soc7IFH95vT
800Td1Q67Soc7IFH95vT
6GJM83GU3MMp0GM2
suyP5k10wrpBA8XIx
Ote7XeaJhQ4Ohu5M
Ote7XeaJhQ4Ohu5M
Ote7XeaJhQ4Ohu5M
Ote7XeaJhQ4Ohu5M
Ote7XeaJhQ4Ohu5M
Ote7XeaJhQ4Ohu5M
Ote7XeaJhQ4Ohu5M
Ote7XeaJhQ4Ohu5M
Ote7XeaJhQ4Ohu5M
Ote7XeaJhQ4Ohu5M
Ote7XeaJhQ4Ohu5M
Ote7XeaJhQ4Ohu5M
Ote7XeaJhQ4Ohu5M
Ote7XeaJhQ4Ohu5M
Ote7XeaJhQ4Ohu5M
Ote7XeaJhQ4Ohu5M
Ote7XeaJhQ4Ohu5M
Ote7XeaJhQ4Ohu5M
Ote7XeaJhQ4Ohu5M
Ote7XeaJhQ4Ohu5M
Ote7XeaJhQ4Ohu5M
Ote7XeaJhQ4Ohu5M
Ote7XeaJhQ4Ohu5M
Ote7XeaJhQ4Ohu5M
Ote7XeaJhQ4Ohu5M
Ote7XeaJhQ4Ohu5M
Ote7XeaJhQ4Ohu5M
Ote7XeaJhQ4Ohu5M
Ote7XeaJhQ4Ohu5M
Ote7XeaJhQ4Ohu5M
Ote7XeaJhQ4Ohu5M
Ote7XeaJhQ4Ohu5M
Ote7XeaJhQ4Ohu5M
Ote7XeaJhQ4Ohu5M
Ote7XeaJhQ4Ohu5M
Ote7XeaJhQ4Ohu5M
Ote7XeaJhQ4Ohu5M
Ote7XeaJhQ4Ohu5M
Ote7XeaJhQ4Ohu5M
Ote7XeaJhQ4Ohu5M
Ote7XeaJhQ4Ohu5M
Ote7XeaJhQ4Ohu5M
Ote7XeaJhQ4Ohu5M
Ote7XeaJhQ4Ohu5M
Ote7XeaJhQ4Ohu5M
Ote7XeaJhQ4Ohu5M
Ote7XeaJhQ4Ohu5M
Ote7XeaJhQ4Ohu5M
Ote7XeaJhQ4Ohu5M
Ote7XeaJhQ4Ohu5M
Ote7XeaJhQ4Ohu5M
Ote7XeaJhQ4Ohu5M
Ote7XeaJhQ4Ohu5M
Ote7XeaJhQ4Ohu5M
Ote7XeaJhQ4Ohu5M
Ote7XeaJhQ4Ohu5M
Ote7XeaJhQ4Ohu5M
Ote7XeaJhQ4Ohu5M
Ote7XeaJhQ4Ohu5M
Ote7XeaJhQ4Ohu5M
Ote7XeaJhQ4Ohu5M
Ote7XeaJhQ4Ohu5M
Ote7XeaJhQ4Ohu5M
Ote7XeaJhQ4Ohu5M
Ote7XeaJhQ4Ohu5M
Ote7XeaJhQ4Ohu5M
Ote7XeaJhQ4Ohu5M
Ote7XeaJhQ4Ohu5M
Ote7XeaJhQ4Ohu5M
Ote7XeaJhQ4Ohu5M
Ote7XeaJhQ4Ohu5M
Ote7XeaJhQ4Ohu5M
Ote7XeaJhQ4Ohu5M
Ote7XeaJhQ4Ohu5M
n8CsP90XyMD6xaBPiq0S
n8CsP90XyMD6xaBPiq0S
n8CsP90XyMD6xaBPiq0S
n8CsP90XyMD6xaBPiq0S
n8CsP90XyMD6xaBPiq0S
n8CsP90XyMD6xaBPiq0S
n8CsP90XyMD6xaBPiq0S
n8CsP90XyMD6xaBPiq0S
n8CsP90XyMD6xaBPiq0S
n8CsP90XyMD6xaBPiq0S
n8CsP90XyMD6xaBPiq0S
n8CsP90XyMD6xaBPiq0S
n8CsP90XyMD6xaBPiq0S
n8CsP90XyMD6xaBPiq0S
n8CsP90XyMD6xaBPiq0S
n8CsP90XyMD6xaBPiq0S
n8CsP90XyMD6xaBPiq0S
n8CsP90XyMD6xaBPiq0S
n8CsP90XyMD6xaBPiq0S
n8CsP90XyMD6xaBPiq0S
n8CsP90XyMD6xaBPiq0S
n8CsP90XyMD6xaBPiq0S
n8CsP90XyMD6xaBPiq0S
n8CsP90XyMD6xaBPiq0S
n8CsP90XyMD6xaBPiq0S
n8CsP90XyMD6xaBPiq0S
n8CsP90XyMD6xaBPiq0S
n8CsP90XyMD6xaBPiq0S
n8CsP90XyMD6xaBPiq0S
n8CsP90XyMD6xaBPiq0S
n8CsP90XyMD6xaBPiq0S
n8CsP90XyMD6xaBPiq0S
n8CsP90XyMD6xaBPiq0S
n8CsP90XyMD6xaBPiq0S
n8CsP90XyMD6xaBPiq0S
n8CsP90XyMD6xaBPiq0S
n8CsP90XyMD6xaBPiq0S
n8CsP90XyMD6xaBPiq0S
n8CsP90XyMD6xaBPiq0S
n8CsP90XyMD6xaBPiq0S
n8CsP90XyMD6xaBPiq0S
n8CsP90XyMD6xaBPiq0S
n8CsP90XyMD6xaBPiq0S
n8CsP90XyMD6xaBPiq0S
n8CsP90XyMD6xaBPiq0S
n8CsP90XyMD6xaBPiq0S
n8CsP90XyMD6xaBPiq0S
n8CsP90XyMD6xaBPiq0S
n8CsP90XyMD6xaBPiq0S
n8CsP90XyMD6xaBPiq0S
n8CsP90XyMD6xaBPiq0S
n8CsP90XyMD6xaBPiq0S
n8CsP90XyMD6xaBPiq0S
n8CsP90XyMD6xaBPiq0S
n8CsP90XyMD6xaBPiq0S
n8CsP90XyMD6xaBPiq0S
n8CsP90XyMD6xaBPiq0S
n8CsP90XyMD6xaBPiq0S
n8CsP90XyMD6xaBPiq0S
n8CsP90XyMD6xaBPiq0S
n8CsP90XyMD6xaBPiq0S
n8CsP90XyMD6xaBPiq0S
n8CsP90XyMD6xaBPiq0S
n8CsP90XyMD6xaBPiq0S
n8CsP90XyMD6xaBPiq0S
n8CsP90XyMD6xaBPiq0S
n8CsP90XyMD6xaBPiq0S
n8CsP90XyMD6xaBPiq0S
n8CsP90XyMD6xaBPiq0S
n8CsP90XyMD6xaBPiq0S
n8CsP90XyMD6xaBPiq0S
n8CsP90XyMD6xaBPiq0S
n8CsP90XyMD6xaBPiq0S
n8CsP90XyMD6xaBPiq0S
n8CsP90XyMD6xaBPiq0S
n8CsP90XyMD6xaBPiq0S
n8CsP90XyMD6xaBPiq0S
n8CsP90XyMD6xaBPiq0S
n8CsP90XyMD6xaBPiq0S
n8CsP90XyMD6xaBPiq0S
n8CsP90XyMD6xaBPiq0S
n8CsP90XyMD6xaBPiq0S
n8CsP90XyMD6xaBPiq0S
n8CsP90XyMD6xaBPiq0S
n8CsP90XyMD6xaBPiq0S
n8CsP90XyMD6xaBPiq0S
n8CsP90XyMD6xaBPiq0S
n8CsP90XyMD6xaBPiq0S
n8CsP90XyMD6xaBPiq0S
n8CsP90XyMD6xaBPiq0S
n8CsP90XyMD6xaBPiq0S
n8CsP90XyMD6xaBPiq0S
n8CsP90XyMD6xaBPiq0S
n8CsP90XyMD6xaBPiq0S
n8CsP90XyMD6xaBPiq0S
n8CsP90XyMD6xaBPiq0S
n8CsP90XyMD6xaBPiq0S
n8CsP90XyMD6xaBPiq0S
640izB68e24124FSnM
[ASCII 115]
HgM2cok1eSUH07Q8
HgM2cok1eSUH07Q8
HgM2cok1eSUH07Q8
HgM2cok1eSUH07Q8
HgM2cok1eSUH07Q8
HgM2cok1eSUH07Q8
HgM2cok1eSUH07Q8
HgM2cok1eSUH07Q8
HgM2cok1eSUH07Q8
HgM2cok1eSUH07Q8
HgM2cok1eSUH07Q8
HgM2cok1eSUH07Q8
HgM2cok1eSUH07Q8
HgM2cok1eSUH07Q8
HgM2cok1eSUH07Q8
HgM2cok1eSUH07Q8
HgM2cok1eSUH07Q8
HgM2cok1eSUH07Q8
HgM2cok1eSUH07Q8
HgM2cok1eSUH07Q8
HgM2cok1eSUH07Q8
HgM2cok1eSUH07Q8
HgM2cok1eSUH07Q8
HgM2cok1eSUH07Q8
HgM2cok1eSUH07Q8
HgM2cok1eSUH07Q8
HgM2cok1eSUH07Q8
HgM2cok1eSUH07Q8
HgM2cok1eSUH07Q8
HgM2cok1eSUH07Q8
HgM2cok1eSUH07Q8
HgM2cok1eSUH07Q8
HgM2cok1eSUH07Q8
HgM2cok1eSUH07Q8
HgM2cok1eSUH07Q8
HgM2cok1eSUH07Q8
HgM2cok1eSUH07Q8
HgM2cok1eSUH07Q8
HgM2cok1eSUH07Q8
HgM2cok1eSUH07Q8
HgM2cok1eSUH07Q8
HgM2cok1eSUH07Q8
HgM2cok1eSUH07Q8
HgM2cok1eSUH07Q8
HgM2cok1eSUH07Q8
HgM2cok1eSUH07Q8
HgM2cok1eSUH07Q8
HgM2cok1eSUH07Q8
HgM2cok1eSUH07Q8
HgM2cok1eSUH07Q8
HgM2cok1eSUH07Q8
HgM2cok1eSUH07Q8
HgM2cok1eSUH07Q8
HgM2cok1eSUH07Q8
HgM2cok1eSUH07Q8
HgM2cok1eSUH07Q8
HgM2cok1eSUH07Q8
HgM2cok1eSUH07Q8
HgM2cok1eSUH07Q8
HgM2cok1eSUH07Q8
HgM2cok1eSUH07Q8
HgM2cok1eSUH07Q8
HgM2cok1eSUH07Q8
HgM2cok1eSUH07Q8
HgM2cok1eSUH07Q8
HgM2cok1eSUH07Q8
HgM2cok1eSUH07Q8
HgM2cok1eSUH07Q8
HgM2cok1eSUH07Q8
HgM2cok1eSUH07Q8
HgM2cok1eSUH07Q8
HgM2cok1eSUH07Q8
HgM2cok1eSUH07Q8
HgM2cok1eSUH07Q8
HgM2cok1eSUH07Q8
HgM2cok1eSUH07Q8
HgM2cok1eSUH07Q8
HgM2cok1eSUH07Q8
HgM2cok1eSUH07Q8
HgM2cok1eSUH07Q8
HgM2cok1eSUH07Q8
HgM2cok1eSUH07Q8
HgM2cok1eSUH07Q8
HgM2cok1eSUH07Q8
HgM2cok1eSUH07Q8
HgM2cok1eSUH07Q8
snVWD98zTPC42D0Q39d
snVWD98zTPC42D0Q39d
snVWD98zTPC42D0Q39d
snVWD98zTPC42D0Q39d
snVWD98zTPC42D0Q39d
snVWD98zTPC42D0Q39d
snVWD98zTPC42D0Q39d
snVWD98zTPC42D0Q39d
snVWD98zTPC42D0Q39d
snVWD98zTPC42D0Q39d
snVWD98zTPC42D0Q39d
snVWD98zTPC42D0Q39d
snVWD98zTPC42D0Q39d
snVWD98zTPC42D0Q39d
snVWD98zTPC42D0Q39d
snVWD98zTPC42D0Q39d
snVWD98zTPC42D0Q39d
snVWD98zTPC42D0Q39d
[ASCII 56]
990y0
[ASCII 115]
[ASCII 115]
[ASCII 115]
[ASCII 115]
[ASCII 115]
[ASCII 115]
[ASCII 115]
[ASCII 115]
[ASCII 115]
[ASCII 115]
[ASCII 115]
[ASCII 115]
[ASCII 115]
[ASCII 115]
[ASCII 115]
[ASCII 115]
[ASCII 115]
[ASCII 115]
[ASCII 115]
[ASCII 115]
[ASCII 115]
[ASCII 115]
[ASCII 115]
[ASCII 115]
[ASCII 115]
[ASCII 115]
[ASCII 115]
[ASCII 115]
[ASCII 115]
[ASCII 115]
[ASCII 115]
[ASCII 115]
[ASCII 115]
[ASCII 115]
[ASCII 115]
[ASCII 115]
[ASCII 115]
[ASCII 115]
[ASCII 115]
[ASCII 115]
[ASCII 115]
[ASCII 115]
[ASCII 115]
[ASCII 115]
[ASCII 115]
[ASCII 115]
[ASCII 115]
[ASCII 115]
[ASCII 115]
[ASCII 115]
[ASCII 115]
[ASCII 115]
[ASCII 115]
[ASCII 115]
[ASCII 115]
[ASCII 115]
[ASCII 115]
[ASCII 115]
[ASCII 115]
[ASCII 115]
[ASCII 115]
[ASCII 115]
[ASCII 115]
[ASCII 115]
[ASCII 115]
[ASCII 115]
[ASCII 115]
[ASCII 115]
[ASCII 115]
[ASCII 115]
[ASCII 115]
[ASCII 115]
[ASCII 115]
[ASCII 115]
[ASCII 115]
[ASCII 115]
FNpKDI2012bQa5Q8
[ASCII 57]
[ASCII 57]
[ASCII 57]
[ASCII 57]
[ASCII 57]
[ASCII 57]
[ASCII 57]
[ASCII 57]
[ASCII 57]
[ASCII 57]
[ASCII 57]
[ASCII 57]
[ASCII 57]
[ASCII 57]
[ASCII 57]
[ASCII 57]
[ASCII 57]
[ASCII 57]
[ASCII 57]
[ASCII 57]
[ASCII 57]
[ASCII 57]
[ASCII 57]
[ASCII 57]
[ASCII 57]
[ASCII 57]
[ASCII 57]
[ASCII 57]
[ASCII 57]
[ASCII 57]
[ASCII 57]
[ASCII 57]
[ASCII 57]
[ASCII 57]
[ASCII 57]
[ASCII 57]
[ASCII 57]
[ASCII 57]
[ASCII 57]
[ASCII 57]
[ASCII 57]
[ASCII 57]
[ASCII 57]
[ASCII 57]
[ASCII 57]
[ASCII 57]
[ASCII 57]
[ASCII 57]
[ASCII 57]
[ASCII 57]
[ASCII 57]
[ASCII 57]
[ASCII 57]
[ASCII 57]
[ASCII 57]
[ASCII 57]
[ASCII 57]
[ASCII 57]
[ASCII 57]
[ASCII 57]
[ASCII 57]
[ASCII 57]
[ASCII 57]
Sv36PBV9s1231K5DO7
bL0gP
yTZPTpZVpBS13qdaJ
6i31xOF9q14584yZs
1216499671
1216499671
1216499671
1216499671
1216499671
1216499671
1216499671
1216499671
1216499671
1216499671
1216499671
1216499671
1216499671
1216499671
1216499671
1216499671
1216499671
1216499671
1216499671
1216499671
1216499671
1216499671
1216499671
1216499671
1216499671
1216499671
1216499671
1216499671
1216499671
1216499671
1216499671
1216499671
1216499671
1216499671
1216499671
1216499671
1216499671
1216499671
1216499671
1216499671
1216499671
1216499671
1216499671
1216499671
1216499671
1216499671
1216499671
1216499671
1216499671
1216499671
1216499671
1216499671
1216499671
1216499671
1216499671
1216499671
1216499671
1216499671
1216499671
1216499671
1216499671
1216499671
1216499671
1216499671
1216499671
1216499671
1216499671
1216499671
1216499671
1216499671
1216499671
1216499671
1216499671
1216499671
1216499671
1216499671
1216499671
1216499671
1216499671
1216499671
1216499671
1216499671
1216499671
1216499671
1216499671
1216499671
1216499671
[ASCII 71]
1838276324
572490917
p1f9wvB5gt9205r51xN
[ASCII 109]
202L9q5hHZCQeFwH3G
833IpEZJ2x7uz439
833IpEZJ2x7uz439
833IpEZJ2x7uz439
833IpEZJ2x7uz439
833IpEZJ2x7uz439
833IpEZJ2x7uz439
833IpEZJ2x7uz439
833IpEZJ2x7uz439
833IpEZJ2x7uz439
833IpEZJ2x7uz439
833IpEZJ2x7uz439
833IpEZJ2x7uz439
833IpEZJ2x7uz439
833IpEZJ2x7uz439
833IpEZJ2x7uz439
833IpEZJ2x7uz439
833IpEZJ2x7uz439
833IpEZJ2x7uz439
833IpEZJ2x7uz439
833IpEZJ2x7uz439
833IpEZJ2x7uz439
833IpEZJ2x7uz439
833IpEZJ2x7uz439
833IpEZJ2x7uz439
833IpEZJ2x7uz439
833IpEZJ2x7uz439
833IpEZJ2x7uz439
833IpEZJ2x7uz439
833IpEZJ2x7uz439
833IpEZJ2x7uz439
833IpEZJ2x7uz439
833IpEZJ2x7uz439
833IpEZJ2x7uz439
833IpEZJ2x7uz439
833IpEZJ2x7uz439
833IpEZJ2x7uz439
833IpEZJ2x7uz439
833IpEZJ2x7uz439
833IpEZJ2x7uz439
833IpEZJ2x7uz439
833IpEZJ2x7uz439
833IpEZJ2x7uz439
833IpEZJ2x7uz439
833IpEZJ2x7uz439
833IpEZJ2x7uz439
833IpEZJ2x7uz439
833IpEZJ2x7uz439
833IpEZJ2x7uz439
833IpEZJ2x7uz439
833IpEZJ2x7uz439
833IpEZJ2x7uz439
833IpEZJ2x7uz439
833IpEZJ2x7uz439
833IpEZJ2x7uz439
833IpEZJ2x7uz439
833IpEZJ2x7uz439
833IpEZJ2x7uz439
833IpEZJ2x7uz439
833IpEZJ2x7uz439
833IpEZJ2x7uz439
833IpEZJ2x7uz439
833IpEZJ2x7uz439
833IpEZJ2x7uz439
833IpEZJ2x7uz439
833IpEZJ2x7uz439
833IpEZJ2x7uz439
833IpEZJ2x7uz439
833IpEZJ2x7uz439
833IpEZJ2x7uz439
833IpEZJ2x7uz439
833IpEZJ2x7uz439
833IpEZJ2x7uz439
r0ncBz4g43E2v73fm305
q3b08PmfQsjpzT4VlhKU
1745722108
1745722108
1745722108
1745722108
1745722108
1745722108
1745722108
1745722108
1745722108
1745722108
1745722108
1745722108
1745722108
1745722108
1745722108
1745722108
1745722108
1745722108
1745722108
1745722108
1745722108
1745722108
1745722108
1745722108
1745722108
1745722108
1745722108
1745722108
1745722108
1745722108
1745722108
1745722108
1745722108
1745722108
1745722108
1745722108
1745722108
1745722108
1745722108
1745722108
1745722108
1745722108
1745722108
1745722108
1745722108
1745722108
1745722108
1745722108
1745722108
1745722108
1745722108
1745722108
1745722108
1745722108
1745722108
1745722108
1745722108
1745722108
1745722108
1745722108
1745722108
1745722108
1745722108
1745722108
1745722108
1745722108
1745722108
1745722108
1745722108
1745722108
1745722108
1745722108
1745722108
1745722108
1745722108
1745722108
1745722108
1745722108
1745722108
1745722108
1745722108
1745722108
1745722108
1745722108
1745722108
1745722108
1745722108
G6h43
G6h43
G6h43
G6h43
G6h43
G6h43
G6h43
G6h43
G6h43
G6h43
G6h43
G6h43
G6h43
G6h43
G6h43
G6h43
G6h43
G6h43
G6h43
G6h43
G6h43
G6h43
G6h43
G6h43
G6h43
G6h43
[ASCII 53]
[ASCII 77]
wluz2Kq3k9pJeQ78HI7Xf
[ASCII 109]
1399406516
[ASCII 115]
55mhyTnE470bd960IB
-849873309
kY4tFWf89qlYM0vU
kY4tFWf89qlYM0vU
kY4tFWf89qlYM0vU
kY4tFWf89qlYM0vU
kY4tFWf89qlYM0vU
kY4tFWf89qlYM0vU
kY4tFWf89qlYM0vU
kY4tFWf89qlYM0vU
kY4tFWf89qlYM0vU
kY4tFWf89qlYM0vU
kY4tFWf89qlYM0vU
kY4tFWf89qlYM0vU
kY4tFWf89qlYM0vU
kY4tFWf89qlYM0vU
kY4tFWf89qlYM0vU
kY4tFWf89qlYM0vU
kY4tFWf89qlYM0vU
kY4tFWf89qlYM0vU
kY4tFWf89qlYM0vU
kY4tFWf89qlYM0vU
kY4tFWf89qlYM0vU
kY4tFWf89qlYM0vU
kY4tFWf89qlYM0vU
kY4tFWf89qlYM0vU
kY4tFWf89qlYM0vU
kY4tFWf89qlYM0vU
kY4tFWf89qlYM0vU
kY4tFWf89qlYM0vU
kY4tFWf89qlYM0vU
kY4tFWf89qlYM0vU
kY4tFWf89qlYM0vU
kY4tFWf89qlYM0vU
kY4tFWf89qlYM0vU
kY4tFWf89qlYM0vU
kY4tFWf89qlYM0vU
kY4tFWf89qlYM0vU
kY4tFWf89qlYM0vU
kY4tFWf89qlYM0vU
kY4tFWf89qlYM0vU
kY4tFWf89qlYM0vU
kY4tFWf89qlYM0vU
kY4tFWf89qlYM0vU
kY4tFWf89qlYM0vU
kY4tFWf89qlYM0vU
kY4tFWf89qlYM0vU
kY4tFWf89qlYM0vU
kY4tFWf89qlYM0vU
kY4tFWf89qlYM0vU
kY4tFWf89qlYM0vU
kY4tFWf89qlYM0vU
kY4tFWf89qlYM0vU
kY4tFWf89qlYM0vU
kY4tFWf89qlYM0vU
kY4tFWf89qlYM0vU
kY4tFWf89qlYM0vU
kY4tFWf89qlYM0vU
kY4tFWf89qlYM0vU
kY4tFWf89qlYM0vU
kY4tFWf89qlYM0vU
kY4tFWf89qlYM0vU
kY4tFWf89qlYM0vU
kY4tFWf89qlYM0vU
kY4tFWf89qlYM0vU
kY4tFWf89qlYM0vU
kY4tFWf89qlYM0vU
kY4tFWf89qlYM0vU
kY4tFWf89qlYM0vU
kY4tFWf89qlYM0vU
kY4tFWf89qlYM0vU
kY4tFWf89qlYM0vU
kY4tFWf89qlYM0vU
kY4tFWf89qlYM0vU
kY4tFWf89qlYM0vU
[ASCII 99]
12oZEn
KQu6UQ
565451696
68813767
4BKLk0T7ZEOBo51r3
1992956056
8ft925IBVm89erV802
E95xDID8VvtMiQSM9AFt
E95xDID8VvtMiQSM9AFt
E95xDID8VvtMiQSM9AFt
E95xDID8VvtMiQSM9AFt
E95xDID8VvtMiQSM9AFt
E95xDID8VvtMiQSM9AFt
E95xDID8VvtMiQSM9AFt
E95xDID8VvtMiQSM9AFt
E95xDID8VvtMiQSM9AFt
E95xDID8VvtMiQSM9AFt
E95xDID8VvtMiQSM9AFt
E95xDID8VvtMiQSM9AFt
E95xDID8VvtMiQSM9AFt
E95xDID8VvtMiQSM9AFt
E95xDID8VvtMiQSM9AFt
E95xDID8VvtMiQSM9AFt
E95xDID8VvtMiQSM9AFt
E95xDID8VvtMiQSM9AFt
E95xDID8VvtMiQSM9AFt
E95xDID8VvtMiQSM9AFt
E95xDID8VvtMiQSM9AFt
E95xDID8VvtMiQSM9AFt
E95xDID8VvtMiQSM9AFt
E95xDID8VvtMiQSM9AFt
E95xDID8VvtMiQSM9AFt
E95xDID8VvtMiQSM9AFt
E95xDID8VvtMiQSM9AFt
E95xDID8VvtMiQSM9AFt
E95xDID8VvtMiQSM9AFt
E95xDID8VvtMiQSM9AFt
E95xDID8VvtMiQSM9AFt
E95xDID8VvtMiQSM9AFt
E95xDID8VvtMiQSM9AFt
E95xDID8VvtMiQSM9AFt
E95xDID8VvtMiQSM9AFt
E95xDID8VvtMiQSM9AFt
E95xDID8VvtMiQSM9AFt
f2Q6a4433742JD2IxB4
GN6LSwKH3O5Z6Bjk0G
1452498962
[ASCII 97]
[ASCII 97]
[ASCII 97]
[ASCII 97]
[ASCII 97]
[ASCII 97]
[ASCII 97]
[ASCII 97]
[ASCII 97]
[ASCII 97]
[ASCII 97]
[ASCII 97]
[ASCII 97]
[ASCII 97]
[ASCII 97]
[ASCII 97]
[ASCII 97]
[ASCII 97]
[ASCII 97]
[ASCII 97]
[ASCII 97]
[ASCII 97]
[ASCII 97]
[ASCII 97]
[ASCII 97]
[ASCII 97]
[ASCII 97]
cgJc8I81V8cPcVaE5s
[ASCII 97]
[ASCII 97]
[ASCII 97]
[ASCII 97]
[ASCII 97]
[ASCII 97]
[ASCII 97]
y2qGW4iQi08De20Ml4rs
XSF76jQD7Z2TYX8cd
XSF76jQD7Z2TYX8cd
XSF76jQD7Z2TYX8cd
XSF76jQD7Z2TYX8cd
XSF76jQD7Z2TYX8cd
XSF76jQD7Z2TYX8cd
XSF76jQD7Z2TYX8cd
XSF76jQD7Z2TYX8cd
XSF76jQD7Z2TYX8cd
XSF76jQD7Z2TYX8cd
XSF76jQD7Z2TYX8cd
XSF76jQD7Z2TYX8cd
XSF76jQD7Z2TYX8cd
XSF76jQD7Z2TYX8cd
XSF76jQD7Z2TYX8cd
XSF76jQD7Z2TYX8cd
XSF76jQD7Z2TYX8cd
XSF76jQD7Z2TYX8cd
XSF76jQD7Z2TYX8cd
XSF76jQD7Z2TYX8cd
XSF76jQD7Z2TYX8cd
XSF76jQD7Z2TYX8cd
XSF76jQD7Z2TYX8cd
XSF76jQD7Z2TYX8cd
XSF76jQD7Z2TYX8cd
XSF76jQD7Z2TYX8cd
XSF76jQD7Z2TYX8cd
XSF76jQD7Z2TYX8cd
XSF76jQD7Z2TYX8cd
XSF76jQD7Z2TYX8cd
XSF76jQD7Z2TYX8cd
XSF76jQD7Z2TYX8cd
XSF76jQD7Z2TYX8cd
XSF76jQD7Z2TYX8cd
XSF76jQD7Z2TYX8cd
XSF76jQD7Z2TYX8cd
XSF76jQD7Z2TYX8cd
XSF76jQD7Z2TYX8cd
XSF76jQD7Z2TYX8cd
XSF76jQD7Z2TYX8cd
dHlhry
[ASCII 76]
[ASCII 76]
[ASCII 76]
[ASCII 76]
[ASCII 76]
[ASCII 76]
[ASCII 76]
[ASCII 76]
[ASCII 76]
[ASCII 76]
[ASCII 76]
[ASCII 76]
[ASCII 76]
[ASCII 76]
[ASCII 76]
[ASCII 76]
[ASCII 76]
[ASCII 76]
[ASCII 76]
[ASCII 76]
[ASCII 76]
[ASCII 76]
[ASCII 97]
yvJ477G4oD72dw4yi
mnz1VGX2jSvlNwSpAX
[ASCII 66]
bL0gPTogj0
bL0gPTogj0
bL0gPTogj0
bL0gPTogj0
bL0gPTogj0
bL0gPTogj0
bL0gPTogj0
bL0gPTogj0
bL0gPTogj0
bL0gPTogj0
bL0gPTogj0
bL0gPTogj0
bL0gPTogj0
bL0gPTogj0
bL0gPTogj0
bL0gPTogj0
bL0gPTogj0
bL0gPTogj0
bL0gPTogj0
bL0gPTogj0
bL0gPTogj0
bL0gPTogj0
bL0gPTogj0
bL0gPTogj0
bL0gPTogj0
bL0gPTogj0
bL0gPTogj0
bL0gPTogj0
bL0gPTogj0
bL0gPTogj0
bL0gPTogj0
bL0gPTogj0
bL0gPTogj0
bL0gPTogj0
bL0gPTogj0
bL0gPTogj0
bL0gPTogj0
bL0gPTogj0
bL0gPTogj0
bL0gPTogj0
bL0gPTogj0
bL0gPTogj0
bL0gPTogj0
bL0gPTogj0
bL0gPTogj0
bL0gPTogj0
bL0gPTogj0
bL0gPTogj0
bL0gPTogj0
bL0gPTogj0
bL0gPTogj0
bL0gPTogj0
bL0gPTogj0
bL0gPTogj0
bL0gPTogj0
bL0gPTogj0
bL0gPTogj0
bL0gPTogj0
bL0gPTogj0
bL0gPTogj0
[ASCII -119]
601956999
1427315392
cJ1QEmy9vLI3PE9
[ASCII 79]
0T61L2fMuOM7xCUk505p
1RwVT1Y6Y4chJB1Fg
97J8FT0tGe0tsFbi00f
q7B1LJ16I31hf4V2q2L
yrX58jrx1Lsx0aLrn
Nl5t11yxJN0Rs2bZNwx
Nl5t11yxJN0Rs2bZNwx
Nl5t11yxJN0Rs2bZNwx
Nl5t11yxJN0Rs2bZNwx
Nl5t11yxJN0Rs2bZNwx
Nl5t11yxJN0Rs2bZNwx
Nl5t11yxJN0Rs2bZNwx
Nl5t11yxJN0Rs2bZNwx
Nl5t11yxJN0Rs2bZNwx
Nl5t11yxJN0Rs2bZNwx
Nl5t11yxJN0Rs2bZNwx
Nl5t11yxJN0Rs2bZNwx
Nl5t11yxJN0Rs2bZNwx
Nl5t11yxJN0Rs2bZNwx
Nl5t11yxJN0Rs2bZNwx
Nl5t11yxJN0Rs2bZNwx
Nl5t11yxJN0Rs2bZNwx
Nl5t11yxJN0Rs2bZNwx
Nl5t11yxJN0Rs2bZNwx
Nl5t11yxJN0Rs2bZNwx
Nl5t11yxJN0Rs2bZNwx
Nl5t11yxJN0Rs2bZNwx
Nl5t11yxJN0Rs2bZNwx
Nl5t11yxJN0Rs2bZNwx
Nl5t11yxJN0Rs2bZNwx
Nl5t11yxJN0Rs2bZNwx
Nl5t11yxJN0Rs2bZNwx
Nl5t11yxJN0Rs2bZNwx
Nl5t11yxJN0Rs2bZNwx
Nl5t11yxJN0Rs2bZNwx
Nl5t11yxJN0Rs2bZNwx
Nl5t11yxJN0Rs2bZNwx
Nl5t11yxJN0Rs2bZNwx
Nl5t11yxJN0Rs2bZNwx
Nl5t11yxJN0Rs2bZNwx
Nl5t11yxJN0Rs2bZNwx
Nl5t11yxJN0Rs2bZNwx
Nl5t11yxJN0Rs2bZNwx
Nl5t11yxJN0Rs2bZNwx
Nl5t11yxJN0Rs2bZNwx
Nl5t11yxJN0Rs2bZNwx
Nl5t11yxJN0Rs2bZNwx
Nl5t11yxJN0Rs2bZNwx
Nl5t11yxJN0Rs2bZNwx
Nl5t11yxJN0Rs2bZNwx
Nl5t11yxJN0Rs2bZNwx
Nl5t11yxJN0Rs2bZNwx
Nl5t11yxJN0Rs2bZNwx
Nl5t11yxJN0Rs2bZNwx
Nl5t11yxJN0Rs2bZNwx
Nl5t11yxJN0Rs2bZNwx
Nl5t11yxJN0Rs2bZNwx
Nl5t11yxJN0Rs2bZNwx
Nl5t11yxJN0Rs2bZNwx
Nl5t11yxJN0Rs2bZNwx
Nl5t11yxJN0Rs2bZNwx
Nl5t11yxJN0Rs2bZNwx
Nl5t11yxJN0Rs2bZNwx
Nl5t11yxJN0Rs2bZNwx
Nl5t11yxJN0Rs2bZNwx
Nl5t11yxJN0Rs2bZNwx
Nl5t11yxJN0Rs2bZNwx
Nl5t11yxJN0Rs2bZNwx
Nl5t11yxJN0Rs2bZNwx
Nl5t11yxJN0Rs2bZNwx
Nl5t11yxJN0Rs2bZNwx
Nl5t11yxJN0Rs2bZNwx
Fp2V11Gg6s6vy6MP
1674615946
M4Z0Y2
gvWV3zTQd698KD5XV8W37
dOGRK9E5G40V
dOGRK9E5G40V
dOGRK9E5G40V
dOGRK9E5G40V
dOGRK9E5G40V
dOGRK9E5G40V
dOGRK9E5G40V
dOGRK9E5G40V
dOGRK9E5G40V
dOGRK9E5G40V
dOGRK9E5G40V
dOGRK9E5G40V
dOGRK9E5G40V
dOGRK9E5G40V
dOGRK9E5G40V
dOGRK9E5G40V
dOGRK9E5G40V
dOGRK9E5G40V
dOGRK9E5G40V
dOGRK9E5G40V
dOGRK9E5G40V
dOGRK9E5G40V
dOGRK9E5G40V
dOGRK9E5G40V
dOGRK9E5G40V
dOGRK9E5G40V
dOGRK9E5G40V
dOGRK9E5G40V
dOGRK9E5G40V
dOGRK9E5G40V
dOGRK9E5G40V
dOGRK9E5G40V
dOGRK9E5G40V
dOGRK9E5G40V
dOGRK9E5G40V
dOGRK9E5G40V
dOGRK9E5G40V
dOGRK9E5G40V
dOGRK9E5G40V
dOGRK9E5G40V
dOGRK9E5G40V
dOGRK9E5G40V
dOGRK9E5G40V
dOGRK9E5G40V
dOGRK9E5G40V
dOGRK9E5G40V
dOGRK9E5G40V
dOGRK9E5G40V
dOGRK9E5G40V
dOGRK9E5G40V
dOGRK9E5G40V
dOGRK9E5G40V
dOGRK9E5G40V
dOGRK9E5G40V
dOGRK9E5G40V
dOGRK9E5G40V
dOGRK9E5G40V
dOGRK9E5G40V
dOGRK9E5G40V
dOGRK9E5G40V
dOGRK9E5G40V
dOGRK9E5G40V
dOGRK9E5G40V
dOGRK9E5G40V
dOGRK9E5G40V
dOGRK9E5G40V
dOGRK9E5G40V
dOGRK9E5G40V
dOGRK9E5G40V
dOGRK9E5G40V
dOGRK9E5G40V
dOGRK9E5G40V
dOGRK9E5G40V
dOGRK9E5G40V
dOGRK9E5G40V
dOGRK9E5G40V
[ASCII 87]
[ASCII 88]
9v17H5g5K33nslnb5t
1157494026
[ASCII 66]
