Fm7g2W2q8rfPt625S4
[ASCII 76]
x5cPO1vl6jO4vjp
x5cPO1vl6jO4vjp
x5cPO1vl6jO4vjp
x5cPO1vl6jO4vjp
x5cPO1vl6jO4vjp
x5cPO1vl6jO4vjp
3VBCcaI4dBwDtLj82
3VBCcaI4dBwDtLj82
3VBCcaI4dBwDtLj82
3VBCcaI4dBwDtLj82
3VBCcaI4dBwDtLj82
3VBCcaI4dBwDtLj82
3VBCcaI4dBwDtLj82
3VBCcaI4dBwDtLj82
3VBCcaI4dBwDtLj82
3VBCcaI4dBwDtLj82
3VBCcaI4dBwDtLj82
3VBCcaI4dBwDtLj82
3VBCcaI4dBwDtLj82
3VBCcaI4dBwDtLj82
3VBCcaI4dBwDtLj82
3VBCcaI4dBwDtLj82
3VBCcaI4dBwDtLj82
3VBCcaI4dBwDtLj82
3VBCcaI4dBwDtLj82
3VBCcaI4dBwDtLj82
3VBCcaI4dBwDtLj82
3VBCcaI4dBwDtLj82
3VBCcaI4dBwDtLj82
3VBCcaI4dBwDtLj82
3VBCcaI4dBwDtLj82
3VBCcaI4dBwDtLj82
3VBCcaI4dBwDtLj82
3VBCcaI4dBwDtLj82
3VBCcaI4dBwDtLj82
3VBCcaI4dBwDtLj82
3VBCcaI4dBwDtLj82
3VBCcaI4dBwDtLj82
3VBCcaI4dBwDtLj82
3VBCcaI4dBwDtLj82
3VBCcaI4dBwDtLj82
3VBCcaI4dBwDtLj82
3VBCcaI4dBwDtLj82
3VBCcaI4dBwDtLj82
3VBCcaI4dBwDtLj82
3VBCcaI4dBwDtLj82
3VBCcaI4dBwDtLj82
3VBCcaI4dBwDtLj82
3VBCcaI4dBwDtLj82
3VBCcaI4dBwDtLj82
3VBCcaI4dBwDtLj82
3VBCcaI4dBwDtLj82
3VBCcaI4dBwDtLj82
3VBCcaI4dBwDtLj82
3VBCcaI4dBwDtLj82
3VBCcaI4dBwDtLj82
3VBCcaI4dBwDtLj82
3VBCcaI4dBwDtLj82
3VBCcaI4dBwDtLj82
3VBCcaI4dBwDtLj82
3VBCcaI4dBwDtLj82
3VBCcaI4dBwDtLj82
3VBCcaI4dBwDtLj82
3VBCcaI4dBwDtLj82
3VBCcaI4dBwDtLj82
3VBCcaI4dBwDtLj82
3VBCcaI4dBwDtLj82
3VBCcaI4dBwDtLj82
3VBCcaI4dBwDtLj82
3VBCcaI4dBwDtLj82
3VBCcaI4dBwDtLj82
3VBCcaI4dBwDtLj82
3VBCcaI4dBwDtLj82
3VBCcaI4dBwDtLj82
3VBCcaI4dBwDtLj82
3VBCcaI4dBwDtLj82
3VBCcaI4dBwDtLj82
3VBCcaI4dBwDtLj82
3VBCcaI4dBwDtLj82
3VBCcaI4dBwDtLj82
3VBCcaI4dBwDtLj82
3VBCcaI4dBwDtLj82
3VBCcaI4dBwDtLj82
3VBCcaI4dBwDtLj82
3VBCcaI4dBwDtLj82
3VBCcaI4dBwDtLj82
3VBCcaI4dBwDtLj82
3VBCcaI4dBwDtLj82
3VBCcaI4dBwDtLj82
3VBCcaI4dBwDtLj82
3VBCcaI4dBwDtLj82
3VBCcaI4dBwDtLj82
3VBCcaI4dBwDtLj82
3VBCcaI4dBwDtLj82
3VBCcaI4dBwDtLj82
9qCzjo
[ASCII 100]
cGO8eE6FE0Jx8i9Nvp
31OXvw263nLqNbC0k
31OXvw263nLqNbC0k
31OXvw263nLqNbC0k
31OXvw263nLqNbC0k
31OXvw263nLqNbC0k
31OXvw263nLqNbC0k
31OXvw263nLqNbC0k
31OXvw263nLqNbC0k
31OXvw263nLqNbC0k
31OXvw263nLqNbC0k
31OXvw263nLqNbC0k
31OXvw263nLqNbC0k
31OXvw263nLqNbC0k
31OXvw263nLqNbC0k
a0irJ7yJcXU8YMF4E
HgeLJ0
[ASCII 107]
2XRMBUlfcv24W904QQ0
1221525995
1697020512
W7Z4XG
W7Z4XG
W7Z4XG
W7Z4XG
W7Z4XG
W7Z4XG
W7Z4XG
W7Z4XG
W7Z4XG
W7Z4XG
W7Z4XG
W7Z4XG
W7Z4XG
W7Z4XG
W7Z4XG
W7Z4XG
W7Z4XG
W7Z4XG
W7Z4XG
W7Z4XG
W7Z4XG
W7Z4XG
W7Z4XG
W7Z4XG
W7Z4XG
W7Z4XG
W7Z4XG
W7Z4XG
W7Z4XG
W7Z4XG
W7Z4XG
W7Z4XG
W7Z4XG
W7Z4XG
W7Z4XG
W7Z4XG
W7Z4XG
W7Z4XG
W7Z4XG
W7Z4XG
W7Z4XG
W7Z4XG
W7Z4XG
W7Z4XG
W7Z4XG
W7Z4XG
W7Z4XG
W7Z4XG
W7Z4XG
W7Z4XG
W7Z4XG
W7Z4XG
W7Z4XG
W7Z4XG
W7Z4XG
W7Z4XG
W7Z4XG
W7Z4XG
W7Z4XG
W7Z4XG
W7Z4XG
W7Z4XG
W7Z4XG
W7Z4XG
W7Z4XG
W7Z4XG
Yc5eRY143SE3uF3zLsa
294748276
8WVdhyGiEb94F53n2W
9wMV5q
[ASCII 108]
[ASCII 108]
[ASCII 108]
[ASCII 108]
[ASCII 108]
[ASCII 108]
[ASCII 108]
[ASCII 108]
[ASCII 108]
[ASCII 108]
[ASCII 108]
[ASCII 108]
[ASCII 108]
[ASCII 108]
[ASCII 108]
[ASCII 108]
[ASCII 108]
[ASCII 108]
[ASCII 108]
[ASCII 108]
[ASCII 108]
[ASCII 108]
[ASCII 108]
[ASCII 108]
[ASCII 108]
[ASCII 108]
[ASCII 108]
[ASCII 108]
[ASCII 108]
[ASCII 108]
[ASCII 108]
[ASCII 108]
[ASCII 108]
[ASCII 108]
[ASCII 108]
[ASCII 108]
[ASCII 108]
[ASCII 108]
[ASCII 108]
[ASCII 108]
[ASCII 108]
[ASCII 108]
[ASCII 108]
[ASCII 108]
[ASCII 108]
[ASCII 108]
[ASCII 108]
[ASCII 108]
[ASCII 108]
[ASCII 108]
[ASCII 108]
[ASCII 108]
[ASCII 108]
[ASCII 108]
[ASCII 108]
xW39rvnWfJ1INL5j8
88201469
JUS3tUQGaVxW3tME7
[ASCII 107]
1GCFQtN0jE3S7S8I3y
bcr4fIys28A3U53c
1626494956
1626494956
1626494956
1626494956
1626494956
1626494956
1626494956
1626494956
1626494956
1626494956
1626494956
1626494956
1626494956
1626494956
1626494956
1626494956
1626494956
1626494956
1626494956
1626494956
1626494956
1626494956
1626494956
1626494956
1626494956
1626494956
1626494956
1626494956
1626494956
1626494956
1626494956
1626494956
1626494956
1626494956
1626494956
1626494956
1626494956
1626494956
1626494956
1626494956
1626494956
1626494956
1626494956
1626494956
1626494956
1626494956
1626494956
1626494956
1626494956
1626494956
1626494956
1626494956
1626494956
1626494956
1626494956
1626494956
1626494956
1626494956
1626494956
1626494956
1626494956
1626494956
1626494956
1626494956
1626494956
1626494956
1626494956
1626494956
1626494956
1626494956
1626494956
1626494956
1626494956
Rz5TP19ztDyL9RD
7Ouv9M56kYLjhQ12cIX
N2V756
PQ31q4749423gNZ0QPF
PQ31q4749423gNZ0QPF
PQ31q4749423gNZ0QPF
PQ31q4749423gNZ0QPF
PQ31q4749423gNZ0QPF
PQ31q4749423gNZ0QPF
PQ31q4749423gNZ0QPF
PQ31q4749423gNZ0QPF
PQ31q4749423gNZ0QPF
PQ31q4749423gNZ0QPF
PQ31q4749423gNZ0QPF
PQ31q4749423gNZ0QPF
PQ31q4749423gNZ0QPF
wAC6Nba6cr2R432tX1
g9Sl4TlkHX9Fym3Ud3gR
1221525995
eI8C9378MI3leO904CXX
0Nsa15dlBXWRR75l5t
k4C36481yVQ5asUQW1
[ASCII 90]
4Ab0G4Ci87712BmCUqee
Krb18
9M2Zwv539C60z7Zs3
j6fhkHUoGIJ6RD88EGn
YN6AP8SgThWNVleyc
853166408
cDmnBlF34jLNpIw7s1
[ASCII 105]
[ASCII 106]
1249595199
pxnugnPQeY17kA18f
xsjjzF49XQ45Lz77
[ASCII 51]
Z3jFTk7P8pRB8368h
934536499
934536499
934536499
934536499
934536499
934536499
934536499
934536499
934536499
934536499
934536499
934536499
934536499
934536499
934536499
934536499
934536499
934536499
934536499
934536499
934536499
934536499
934536499
934536499
934536499
934536499
934536499
934536499
934536499
934536499
934536499
934536499
934536499
934536499
934536499
934536499
934536499
934536499
1190375509
668v82q
6P360Za
0M5bxK621Yl2tY5S2
1m35flUqHlNTvk08z01
1m35flUqHlNTvk08z01
1m35flUqHlNTvk08z01
1m35flUqHlNTvk08z01
1m35flUqHlNTvk08z01
1m35flUqHlNTvk08z01
1m35flUqHlNTvk08z01
1m35flUqHlNTvk08z01
1m35flUqHlNTvk08z01
1m35flUqHlNTvk08z01
1m35flUqHlNTvk08z01
1m35flUqHlNTvk08z01
1m35flUqHlNTvk08z01
1m35flUqHlNTvk08z01
bMk2AyV3THn0x98DL44
942519053
Lcu98ltPrS65iM0
[ASCII 51]
[ASCII 51]
[ASCII 51]
[ASCII 51]
[ASCII 51]
[ASCII 51]
[ASCII 51]
[ASCII 51]
[ASCII 51]
[ASCII 51]
[ASCII 51]
[ASCII 51]
[ASCII 51]
[ASCII 51]
[ASCII 51]
[ASCII 51]
[ASCII 51]
[ASCII 51]
[ASCII 51]
[ASCII 51]
[ASCII 51]
[ASCII 51]
[ASCII 51]
[ASCII 51]
[ASCII 51]
[ASCII 51]
[ASCII 51]
[ASCII 51]
[ASCII 51]
ulE4Vh744d2IhTySxKy48
8792zuMOG8I7a5950r2j
g45ggq6io4jO8212q
[ASCII 97]
abrj4Mi4zX4v2u67
YH5XSAx35cLXvnrrm36
K1Q1w3qlXiRdixAPX0
1466904815
1087206444
0xo88
[ASCII 50]
cZODi5SySg5X0y5PaxQ
[ASCII 76]
[ASCII 76]
[ASCII 76]
[ASCII 76]
[ASCII 76]
[ASCII 76]
[ASCII 76]
[ASCII 76]
[ASCII 76]
[ASCII 76]
[ASCII 76]
[ASCII 76]
[ASCII 76]
[ASCII 76]
[ASCII 76]
[ASCII 76]
[ASCII 76]
[ASCII 76]
[ASCII 76]
[ASCII 76]
[ASCII 76]
[ASCII 76]
[ASCII 76]
[ASCII 76]
[ASCII 76]
[ASCII 76]
[ASCII 76]
[ASCII 76]
[ASCII 76]
[ASCII 76]
[ASCII 76]
[ASCII 76]
[ASCII 76]
[ASCII 76]
[ASCII 76]
[ASCII 76]
[ASCII 76]
[ASCII 76]
[ASCII 76]
[ASCII 76]
[ASCII 76]
[ASCII 76]
[ASCII 76]
[ASCII 76]
[ASCII 76]
[ASCII 76]
[ASCII 76]
[ASCII 76]
[ASCII 76]
[ASCII 76]
[ASCII 76]
[ASCII 76]
[ASCII 76]
[ASCII 76]
[ASCII 76]
[ASCII 76]
[ASCII 76]
[ASCII 76]
[ASCII 76]
[ASCII 76]
[ASCII 76]
[ASCII 76]
[ASCII 76]
[ASCII 76]
[ASCII 76]
[ASCII 76]
[ASCII 76]
[ASCII 76]
[ASCII 76]
[ASCII 76]
[ASCII 76]
[ASCII 76]
[ASCII 76]
[ASCII 76]
[ASCII 76]
[ASCII 76]
[ASCII 76]
[ASCII 76]
[ASCII 76]
[ASCII 76]
[ASCII 76]
[ASCII 76]
[ASCII 76]
[ASCII 76]
[ASCII 76]
[ASCII 76]
[ASCII 76]
[ASCII 76]
[ASCII 76]
[ASCII 76]
[ASCII 76]
[ASCII 76]
[ASCII 76]
[ASCII 76]
[ASCII 76]
[ASCII 76]
[ASCII 76]
[ASCII 76]
[ASCII 76]
[ASCII 76]
18437044
L06327
[ASCII 54]
[ASCII 83]
wjqPIKYWsn4itQVGe
TgEWy062B34h5NQChJuj
474P9Eo5F18g783Q
[ASCII 66]
6Z5PykmNiwcn5761Wl
1319338888
6l172g2txcjxb47tpaGy
11124X3E4N4T7X6CMC
11124X3E4N4T7X6CMC
11124X3E4N4T7X6CMC
11124X3E4N4T7X6CMC
11124X3E4N4T7X6CMC
11124X3E4N4T7X6CMC
Kbg93GYt6k3u
1hLP6yAX07i6pu1K
[ASCII 68]
275UM7P3Pxe659i145K2
5symz
l3DWMnk7V0Z6oU838f
wK30Rxr4MCf4cbSSHlG
GdSEHaL6O3B6QnVlEo
GdSEHaL6O3B6QnVlEo
GdSEHaL6O3B6QnVlEo
GdSEHaL6O3B6QnVlEo
GdSEHaL6O3B6QnVlEo
GdSEHaL6O3B6QnVlEo
GdSEHaL6O3B6QnVlEo
GdSEHaL6O3B6QnVlEo
GdSEHaL6O3B6QnVlEo
GdSEHaL6O3B6QnVlEo
GdSEHaL6O3B6QnVlEo
GdSEHaL6O3B6QnVlEo
GdSEHaL6O3B6QnVlEo
GdSEHaL6O3B6QnVlEo
GdSEHaL6O3B6QnVlEo
GdSEHaL6O3B6QnVlEo
GdSEHaL6O3B6QnVlEo
GdSEHaL6O3B6QnVlEo
GdSEHaL6O3B6QnVlEo
GdSEHaL6O3B6QnVlEo
GdSEHaL6O3B6QnVlEo
GdSEHaL6O3B6QnVlEo
GdSEHaL6O3B6QnVlEo
GdSEHaL6O3B6QnVlEo
GdSEHaL6O3B6QnVlEo
GdSEHaL6O3B6QnVlEo
GdSEHaL6O3B6QnVlEo
GdSEHaL6O3B6QnVlEo
GdSEHaL6O3B6QnVlEo
GdSEHaL6O3B6QnVlEo
GdSEHaL6O3B6QnVlEo
GdSEHaL6O3B6QnVlEo
GdSEHaL6O3B6QnVlEo
GdSEHaL6O3B6QnVlEo
GdSEHaL6O3B6QnVlEo
GdSEHaL6O3B6QnVlEo
GdSEHaL6O3B6QnVlEo
GdSEHaL6O3B6QnVlEo
GdSEHaL6O3B6QnVlEo
GdSEHaL6O3B6QnVlEo
GdSEHaL6O3B6QnVlEo
GdSEHaL6O3B6QnVlEo
GdSEHaL6O3B6QnVlEo
GdSEHaL6O3B6QnVlEo
GdSEHaL6O3B6QnVlEo
GdSEHaL6O3B6QnVlEo
GdSEHaL6O3B6QnVlEo
GdSEHaL6O3B6QnVlEo
GdSEHaL6O3B6QnVlEo
GdSEHaL6O3B6QnVlEo
GdSEHaL6O3B6QnVlEo
GdSEHaL6O3B6QnVlEo
GdSEHaL6O3B6QnVlEo
GdSEHaL6O3B6QnVlEo
GdSEHaL6O3B6QnVlEo
GdSEHaL6O3B6QnVlEo
GdSEHaL6O3B6QnVlEo
GdSEHaL6O3B6QnVlEo
GdSEHaL6O3B6QnVlEo
GdSEHaL6O3B6QnVlEo
GdSEHaL6O3B6QnVlEo
GdSEHaL6O3B6QnVlEo
GdSEHaL6O3B6QnVlEo
GdSEHaL6O3B6QnVlEo
GdSEHaL6O3B6QnVlEo
GdSEHaL6O3B6QnVlEo
GdSEHaL6O3B6QnVlEo
GdSEHaL6O3B6QnVlEo
GdSEHaL6O3B6QnVlEo
GdSEHaL6O3B6QnVlEo
GdSEHaL6O3B6QnVlEo
GdSEHaL6O3B6QnVlEo
GdSEHaL6O3B6QnVlEo
GdSEHaL6O3B6QnVlEo
GdSEHaL6O3B6QnVlEo
GdSEHaL6O3B6QnVlEo
GdSEHaL6O3B6QnVlEo
GdSEHaL6O3B6QnVlEo
GdSEHaL6O3B6QnVlEo
GdSEHaL6O3B6QnVlEo
GdSEHaL6O3B6QnVlEo
GdSEHaL6O3B6QnVlEo
GdSEHaL6O3B6QnVlEo
GdSEHaL6O3B6QnVlEo
GdSEHaL6O3B6QnVlEo
GdSEHaL6O3B6QnVlEo
GdSEHaL6O3B6QnVlEo
GdSEHaL6O3B6QnVlEo
GdSEHaL6O3B6QnVlEo
GdSEHaL6O3B6QnVlEo
LPTrf
1LP9W0
1LP9W0
1LP9W0
1LP9W0
1LP9W0
1LP9W0
1LP9W0
1LP9W0
1LP9W0
1LP9W0
1LP9W0
1LP9W0
1LP9W0
1LP9W0
1LP9W0
1LP9W0
1LP9W0
1LP9W0
1LP9W0
1LP9W0
1LP9W0
1LP9W0
1LP9W0
1LP9W0
1LP9W0
1LP9W0
1LP9W0
1LP9W0
1LP9W0
1LP9W0
1LP9W0
1LP9W0
1LP9W0
1LP9W0
1LP9W0
1LP9W0
1LP9W0
1LP9W0
1LP9W0
1LP9W0
1LP9W0
1LP9W0
1LP9W0
1LP9W0
1LP9W0
1LP9W0
1LP9W0
1LP9W0
1LP9W0
1LP9W0
1LP9W0
1LP9W0
1LP9W0
1LP9W0
1LP9W0
1LP9W0
1LP9W0
1LP9W0
1LP9W0
1LP9W0
1LP9W0
1LP9W0
1LP9W0
1LP9W0
1LP9W0
1LP9W0
1LP9W0
1LP9W0
1LP9W0
1LP9W0
1LP9W0
1LP9W0
1LP9W0
1LP9W0
1LP9W0
1LP9W0
1LP9W0
vl4dbho
53a89M
BB6O8P1ycNbpNEQumR
[ASCII -48]
1456177236
249231502
a33MlkKq9dB7j83APb7
[ASCII 107]
[ASCII 107]
g6p8TGMY2p0FhM48lU6
kX5379ru8o6pd0s25V9
