DAOz7qtfxT9aplb5YU3
06E4C86Y2k3TiJ1bNN
etke0wT4Gy2i6aPTx
QA1Gti7
S4421u96B3Rf9pOFweU
2067511406
46mTdBGS6VRYi6aSVu
46mTdBGS6VRYi6aSVu
46mTdBGS6VRYi6aSVu
46mTdBGS6VRYi6aSVu
46mTdBGS6VRYi6aSVu
46mTdBGS6VRYi6aSVu
46mTdBGS6VRYi6aSVu
46mTdBGS6VRYi6aSVu
46mTdBGS6VRYi6aSVu
46mTdBGS6VRYi6aSVu
46mTdBGS6VRYi6aSVu
46mTdBGS6VRYi6aSVu
46mTdBGS6VRYi6aSVu
46mTdBGS6VRYi6aSVu
46mTdBGS6VRYi6aSVu
46mTdBGS6VRYi6aSVu
46mTdBGS6VRYi6aSVu
46mTdBGS6VRYi6aSVu
46mTdBGS6VRYi6aSVu
46mTdBGS6VRYi6aSVu
46mTdBGS6VRYi6aSVu
46mTdBGS6VRYi6aSVu
5d1Pr1tUv45y2dT
l0pbG15sk61Ps5l
02FS1kUWi4i3DCTi
[ASCII 87]
[ASCII 87]
908121971
4e3buTs4kIRulAK
[ASCII 102]
1216299890
1216299890
1216299890
1216299890
1216299890
1216299890
1216299890
1216299890
1216299890
1216299890
1216299890
1216299890
1216299890
1216299890
1216299890
1216299890
1216299890
1216299890
1216299890
1216299890
1216299890
1216299890
1216299890
1216299890
1216299890
1216299890
1216299890
1216299890
1216299890
1216299890
1216299890
1216299890
1216299890
1216299890
1216299890
1216299890
1216299890
1216299890
1216299890
1216299890
1216299890
1216299890
1216299890
1216299890
1216299890
1216299890
1216299890
1216299890
1216299890
1216299890
1216299890
1216299890
1216299890
1216299890
1216299890
1216299890
1216299890
1216299890
1216299890
1216299890
1216299890
1216299890
1216299890
1216299890
1216299890
1216299890
1216299890
1216299890
1216299890
1216299890
1216299890
1216299890
1216299890
1216299890
1216299890
1216299890
1216299890
1216299890
1216299890
1216299890
1216299890
1216299890
1216299890
1216299890
1216299890
1216299890
1216299890
1216299890
1216299890
1216299890
1216299890
1216299890
1216299890
1216299890
T6VRwP3
T6VRwP3
T6VRwP3
T6VRwP3
T6VRwP3
T6VRwP3
T6VRwP3
T6VRwP3
T6VRwP3
T6VRwP3
T6VRwP3
T6VRwP3
T6VRwP3
T6VRwP3
T6VRwP3
T6VRwP3
T6VRwP3
T6VRwP3
T6VRwP3
T6VRwP3
T6VRwP3
T6VRwP3
T6VRwP3
T6VRwP3
T6VRwP3
T6VRwP3
T6VRwP3
T6VRwP3
T6VRwP3
T6VRwP3
T6VRwP3
T6VRwP3
T6VRwP3
T6VRwP3
T6VRwP3
T6VRwP3
T6VRwP3
T6VRwP3
T6VRwP3
T6VRwP3
T6VRwP3
T6VRwP3
T6VRwP3
6625446401f9loH6aFz
6625446401f9loH6aFz
6625446401f9loH6aFz
6625446401f9loH6aFz
6625446401f9loH6aFz
6625446401f9loH6aFz
6625446401f9loH6aFz
6625446401f9loH6aFz
6625446401f9loH6aFz
6625446401f9loH6aFz
6625446401f9loH6aFz
6625446401f9loH6aFz
6625446401f9loH6aFz
6625446401f9loH6aFz
6625446401f9loH6aFz
6625446401f9loH6aFz
6625446401f9loH6aFz
6625446401f9loH6aFz
6625446401f9loH6aFz
6625446401f9loH6aFz
6625446401f9loH6aFz
6625446401f9loH6aFz
6625446401f9loH6aFz
6625446401f9loH6aFz
6625446401f9loH6aFz
6625446401f9loH6aFz
6625446401f9loH6aFz
6625446401f9loH6aFz
6625446401f9loH6aFz
6625446401f9loH6aFz
6625446401f9loH6aFz
6625446401f9loH6aFz
6625446401f9loH6aFz
6625446401f9loH6aFz
6625446401f9loH6aFz
6625446401f9loH6aFz
6625446401f9loH6aFz
6625446401f9loH6aFz
6625446401f9loH6aFz
6625446401f9loH6aFz
6625446401f9loH6aFz
6625446401f9loH6aFz
6625446401f9loH6aFz
6625446401f9loH6aFz
6625446401f9loH6aFz
6625446401f9loH6aFz
6625446401f9loH6aFz
6625446401f9loH6aFz
6625446401f9loH6aFz
6625446401f9loH6aFz
6625446401f9loH6aFz
6625446401f9loH6aFz
6625446401f9loH6aFz
6625446401f9loH6aFz
6625446401f9loH6aFz
6625446401f9loH6aFz
6625446401f9loH6aFz
6625446401f9loH6aFz
6625446401f9loH6aFz
6625446401f9loH6aFz
6625446401f9loH6aFz
6625446401f9loH6aFz
6625446401f9loH6aFz
6625446401f9loH6aFz
6625446401f9loH6aFz
6625446401f9loH6aFz
6625446401f9loH6aFz
6625446401f9loH6aFz
6625446401f9loH6aFz
6625446401f9loH6aFz
6625446401f9loH6aFz
6625446401f9loH6aFz
6625446401f9loH6aFz
6625446401f9loH6aFz
6625446401f9loH6aFz
6625446401f9loH6aFz
6625446401f9loH6aFz
6625446401f9loH6aFz
6625446401f9loH6aFz
6625446401f9loH6aFz
6625446401f9loH6aFz
6625446401f9loH6aFz
6625446401f9loH6aFz
6625446401f9loH6aFz
6625446401f9loH6aFz
6625446401f9loH6aFz
6625446401f9loH6aFz
6625446401f9loH6aFz
6625446401f9loH6aFz
6625446401f9loH6aFz
6625446401f9loH6aFz
6625446401f9loH6aFz
6625446401f9loH6aFz
6625446401f9loH6aFz
6625446401f9loH6aFz
6625446401f9loH6aFz
6625446401f9loH6aFz
6625446401f9loH6aFz
6625446401f9loH6aFz
y179m3I742bfm13b307
p9Mcq8
uUTW3Z1EuYFfLe0nMv
p9Mcq8
pVwp620ML0KjZ6s7pZE
pVwp620ML0KjZ6s7pZE
pVwp620ML0KjZ6s7pZE
pVwp620ML0KjZ6s7pZE
pVwp620ML0KjZ6s7pZE
pVwp620ML0KjZ6s7pZE
pVwp620ML0KjZ6s7pZE
pVwp620ML0KjZ6s7pZE
pVwp620ML0KjZ6s7pZE
pVwp620ML0KjZ6s7pZE
pVwp620ML0KjZ6s7pZE
pVwp620ML0KjZ6s7pZE
pVwp620ML0KjZ6s7pZE
pVwp620ML0KjZ6s7pZE
pVwp620ML0KjZ6s7pZE
pVwp620ML0KjZ6s7pZE
pVwp620ML0KjZ6s7pZE
pVwp620ML0KjZ6s7pZE
pVwp620ML0KjZ6s7pZE
pVwp620ML0KjZ6s7pZE
pVwp620ML0KjZ6s7pZE
pVwp620ML0KjZ6s7pZE
pVwp620ML0KjZ6s7pZE
pVwp620ML0KjZ6s7pZE
pVwp620ML0KjZ6s7pZE
pVwp620ML0KjZ6s7pZE
pVwp620ML0KjZ6s7pZE
pVwp620ML0KjZ6s7pZE
pVwp620ML0KjZ6s7pZE
pVwp620ML0KjZ6s7pZE
pVwp620ML0KjZ6s7pZE
pVwp620ML0KjZ6s7pZE
pVwp620ML0KjZ6s7pZE
pVwp620ML0KjZ6s7pZE
j5L64gCMh8AmjI7i
tAyzV7wKGm9W1PS2e1
726PR
59Sf0zEgvUCIyH66
-1284569762
428790237
428790237
428790237
428790237
428790237
428790237
428790237
428790237
428790237
428790237
428790237
428790237
428790237
428790237
428790237
428790237
428790237
428790237
428790237
428790237
428790237
428790237
428790237
428790237
428790237
428790237
428790237
428790237
428790237
428790237
428790237
428790237
428790237
428790237
428790237
428790237
428790237
428790237
428790237
428790237
428790237
428790237
428790237
428790237
428790237
428790237
428790237
428790237
428790237
428790237
428790237
428790237
428790237
428790237
428790237
428790237
428790237
428790237
428790237
428790237
428790237
428790237
428790237
428790237
428790237
428790237
428790237
XnCs2gjboy9sSW2
XnCs2gjboy9sSW2
XnCs2gjboy9sSW2
XnCs2gjboy9sSW2
XnCs2gjboy9sSW2
XnCs2gjboy9sSW2
XnCs2gjboy9sSW2
XnCs2gjboy9sSW2
XnCs2gjboy9sSW2
XnCs2gjboy9sSW2
XnCs2gjboy9sSW2
XnCs2gjboy9sSW2
XnCs2gjboy9sSW2
XnCs2gjboy9sSW2
XnCs2gjboy9sSW2
XnCs2gjboy9sSW2
XnCs2gjboy9sSW2
XnCs2gjboy9sSW2
XnCs2gjboy9sSW2
XnCs2gjboy9sSW2
XnCs2gjboy9sSW2
XnCs2gjboy9sSW2
XnCs2gjboy9sSW2
XnCs2gjboy9sSW2
XnCs2gjboy9sSW2
XnCs2gjboy9sSW2
XnCs2gjboy9sSW2
XnCs2gjboy9sSW2
XnCs2gjboy9sSW2
XnCs2gjboy9sSW2
XnCs2gjboy9sSW2
XnCs2gjboy9sSW2
XnCs2gjboy9sSW2
XnCs2gjboy9sSW2
XnCs2gjboy9sSW2
XnCs2gjboy9sSW2
XnCs2gjboy9sSW2
XnCs2gjboy9sSW2
XnCs2gjboy9sSW2
XnCs2gjboy9sSW2
XnCs2gjboy9sSW2
XnCs2gjboy9sSW2
XnCs2gjboy9sSW2
XnCs2gjboy9sSW2
XnCs2gjboy9sSW2
XnCs2gjboy9sSW2
XnCs2gjboy9sSW2
XnCs2gjboy9sSW2
XnCs2gjboy9sSW2
XnCs2gjboy9sSW2
XnCs2gjboy9sSW2
XnCs2gjboy9sSW2
XnCs2gjboy9sSW2
XnCs2gjboy9sSW2
XnCs2gjboy9sSW2
XnCs2gjboy9sSW2
XnCs2gjboy9sSW2
XnCs2gjboy9sSW2
XnCs2gjboy9sSW2
XnCs2gjboy9sSW2
XnCs2gjboy9sSW2
XnCs2gjboy9sSW2
XnCs2gjboy9sSW2
XnCs2gjboy9sSW2
XnCs2gjboy9sSW2
XnCs2gjboy9sSW2
XnCs2gjboy9sSW2
XnCs2gjboy9sSW2
XnCs2gjboy9sSW2
XnCs2gjboy9sSW2
XnCs2gjboy9sSW2
XnCs2gjboy9sSW2
XnCs2gjboy9sSW2
XnCs2gjboy9sSW2
XnCs2gjboy9sSW2
XnCs2gjboy9sSW2
XnCs2gjboy9sSW2
XnCs2gjboy9sSW2
XnCs2gjboy9sSW2
XnCs2gjboy9sSW2
XnCs2gjboy9sSW2
XnCs2gjboy9sSW2
XnCs2gjboy9sSW2
XnCs2gjboy9sSW2
XnCs2gjboy9sSW2
XnCs2gjboy9sSW2
XnCs2gjboy9sSW2
bQ2IZsBNf0xPOXxL2tca
[ASCII 64]
726PR
17972645
oAXvm6iDNz6P66b2E6k
ea02Cx
1614963732
76NK2raVi8d30GXb0
40481051
[ASCII 75]
[ASCII 75]
[ASCII 75]
[ASCII 75]
[ASCII 75]
[ASCII 75]
[ASCII 75]
[ASCII 75]
[ASCII 75]
[ASCII 75]
[ASCII 75]
[ASCII 75]
[ASCII 75]
[ASCII 75]
[ASCII 75]
[ASCII 75]
[ASCII 75]
[ASCII 75]
[ASCII 75]
[ASCII 75]
[ASCII 75]
[ASCII 75]
[ASCII 75]
[ASCII 75]
[ASCII 75]
[ASCII 75]
[ASCII 75]
[ASCII 75]
[ASCII 75]
[ASCII 75]
fZl628mVjEuRl0sP
SrQ28J9Kq21P
SrQ28J9Kq21P
SrQ28J9Kq21P
SrQ28J9Kq21P
SrQ28J9Kq21P
SrQ28J9Kq21P
SrQ28J9Kq21P
SrQ28J9Kq21P
SrQ28J9Kq21P
SrQ28J9Kq21P
SrQ28J9Kq21P
SrQ28J9Kq21P
SrQ28J9Kq21P
SrQ28J9Kq21P
SrQ28J9Kq21P
SrQ28J9Kq21P
SrQ28J9Kq21P
SrQ28J9Kq21P
SrQ28J9Kq21P
SrQ28J9Kq21P
SrQ28J9Kq21P
SrQ28J9Kq21P
SrQ28J9Kq21P
SrQ28J9Kq21P
SrQ28J9Kq21P
SrQ28J9Kq21P
SrQ28J9Kq21P
SrQ28J9Kq21P
SrQ28J9Kq21P
SrQ28J9Kq21P
SrQ28J9Kq21P
SrQ28J9Kq21P
SrQ28J9Kq21P
SrQ28J9Kq21P
SrQ28J9Kq21P
SrQ28J9Kq21P
SrQ28J9Kq21P
SrQ28J9Kq21P
SrQ28J9Kq21P
SrQ28J9Kq21P
SrQ28J9Kq21P
SrQ28J9Kq21P
SrQ28J9Kq21P
SrQ28J9Kq21P
SrQ28J9Kq21P
SrQ28J9Kq21P
SrQ28J9Kq21P
SrQ28J9Kq21P
SrQ28J9Kq21P
SrQ28J9Kq21P
SrQ28J9Kq21P
SrQ28J9Kq21P
SrQ28J9Kq21P
SrQ28J9Kq21P
SrQ28J9Kq21P
SrQ28J9Kq21P
SrQ28J9Kq21P
6ciw3
5PkpsiC7Z2anTf2Apy
306488637
1825149132
C63YzkY2nf438iQ
rir7W
[ASCII 99]
563915211
iHkju
tv6EB3bhuTSD1XIcJa3
6OPO0CJ5SACwsSEMP
6D563H
189dm46
8H8F2Kep77dIDj6005
6d04pb3Hu7TeUTW6du
6d04pb3Hu7TeUTW6du
6d04pb3Hu7TeUTW6du
6d04pb3Hu7TeUTW6du
6d04pb3Hu7TeUTW6du
6d04pb3Hu7TeUTW6du
6d04pb3Hu7TeUTW6du
6d04pb3Hu7TeUTW6du
6d04pb3Hu7TeUTW6du
6d04pb3Hu7TeUTW6du
6d04pb3Hu7TeUTW6du
6d04pb3Hu7TeUTW6du
6d04pb3Hu7TeUTW6du
6d04pb3Hu7TeUTW6du
6d04pb3Hu7TeUTW6du
6d04pb3Hu7TeUTW6du
6d04pb3Hu7TeUTW6du
6d04pb3Hu7TeUTW6du
6d04pb3Hu7TeUTW6du
6d04pb3Hu7TeUTW6du
6d04pb3Hu7TeUTW6du
6d04pb3Hu7TeUTW6du
6d04pb3Hu7TeUTW6du
6d04pb3Hu7TeUTW6du
6d04pb3Hu7TeUTW6du
6d04pb3Hu7TeUTW6du
6d04pb3Hu7TeUTW6du
6d04pb3Hu7TeUTW6du
6d04pb3Hu7TeUTW6du
6d04pb3Hu7TeUTW6du
6d04pb3Hu7TeUTW6du
6d04pb3Hu7TeUTW6du
6d04pb3Hu7TeUTW6du
6d04pb3Hu7TeUTW6du
6d04pb3Hu7TeUTW6du
6d04pb3Hu7TeUTW6du
6d04pb3Hu7TeUTW6du
6d04pb3Hu7TeUTW6du
6d04pb3Hu7TeUTW6du
6d04pb3Hu7TeUTW6du
6d04pb3Hu7TeUTW6du
6d04pb3Hu7TeUTW6du
6d04pb3Hu7TeUTW6du
6d04pb3Hu7TeUTW6du
6d04pb3Hu7TeUTW6du
6d04pb3Hu7TeUTW6du
6d04pb3Hu7TeUTW6du
6d04pb3Hu7TeUTW6du
6d04pb3Hu7TeUTW6du
6d04pb3Hu7TeUTW6du
6d04pb3Hu7TeUTW6du
6d04pb3Hu7TeUTW6du
6d04pb3Hu7TeUTW6du
6d04pb3Hu7TeUTW6du
6d04pb3Hu7TeUTW6du
6d04pb3Hu7TeUTW6du
6d04pb3Hu7TeUTW6du
6d04pb3Hu7TeUTW6du
6d04pb3Hu7TeUTW6du
6d04pb3Hu7TeUTW6du
6d04pb3Hu7TeUTW6du
6d04pb3Hu7TeUTW6du
6d04pb3Hu7TeUTW6du
6d04pb3Hu7TeUTW6du
6d04pb3Hu7TeUTW6du
6d04pb3Hu7TeUTW6du
6d04pb3Hu7TeUTW6du
6d04pb3Hu7TeUTW6du
6d04pb3Hu7TeUTW6du
ateyHfLytE7dk24ZI1O
786933366
[ASCII 50]
[ASCII 50]
[ASCII 50]
[ASCII 50]
[ASCII 50]
[ASCII 50]
[ASCII 50]
[ASCII 50]
[ASCII 50]
[ASCII 50]
[ASCII 50]
[ASCII 50]
[ASCII 50]
[ASCII 50]
[ASCII 50]
[ASCII 50]
[ASCII 50]
[ASCII 50]
[ASCII 50]
[ASCII 50]
[ASCII 50]
[ASCII 50]
[ASCII 50]
[ASCII 50]
[ASCII 50]
[ASCII 50]
[ASCII 50]
[ASCII 50]
[ASCII 50]
[ASCII 50]
[ASCII 50]
[ASCII 50]
[ASCII 50]
[ASCII 50]
8fLc5
o35Ki
77196565
42493935
[ASCII 65]
xL008
[ASCII 90]
Ae44pyrGU19uiG5hjG
Ae44pyrGU19uiG5hjG
Ae44pyrGU19uiG5hjG
Ae44pyrGU19uiG5hjG
Ae44pyrGU19uiG5hjG
Ae44pyrGU19uiG5hjG
Ae44pyrGU19uiG5hjG
Ae44pyrGU19uiG5hjG
Ae44pyrGU19uiG5hjG
Ae44pyrGU19uiG5hjG
Ae44pyrGU19uiG5hjG
Ae44pyrGU19uiG5hjG
Ae44pyrGU19uiG5hjG
Ae44pyrGU19uiG5hjG
Ae44pyrGU19uiG5hjG
Ae44pyrGU19uiG5hjG
Ae44pyrGU19uiG5hjG
Ae44pyrGU19uiG5hjG
Ae44pyrGU19uiG5hjG
Ae44pyrGU19uiG5hjG
Ae44pyrGU19uiG5hjG
Ae44pyrGU19uiG5hjG
Ae44pyrGU19uiG5hjG
Ae44pyrGU19uiG5hjG
906645798
B91aUMC23FoxSt21t
NO9DBhRnUM5YBm0WXY7
NO9DBhRnUM5YBm0WXY7
NO9DBhRnUM5YBm0WXY7
NO9DBhRnUM5YBm0WXY7
NO9DBhRnUM5YBm0WXY7
NO9DBhRnUM5YBm0WXY7
NO9DBhRnUM5YBm0WXY7
NO9DBhRnUM5YBm0WXY7
NO9DBhRnUM5YBm0WXY7
NO9DBhRnUM5YBm0WXY7
NO9DBhRnUM5YBm0WXY7
NO9DBhRnUM5YBm0WXY7
NO9DBhRnUM5YBm0WXY7
NO9DBhRnUM5YBm0WXY7
NO9DBhRnUM5YBm0WXY7
NO9DBhRnUM5YBm0WXY7
NO9DBhRnUM5YBm0WXY7
NO9DBhRnUM5YBm0WXY7
NO9DBhRnUM5YBm0WXY7
NO9DBhRnUM5YBm0WXY7
NO9DBhRnUM5YBm0WXY7
NO9DBhRnUM5YBm0WXY7
NO9DBhRnUM5YBm0WXY7
NO9DBhRnUM5YBm0WXY7
NO9DBhRnUM5YBm0WXY7
NO9DBhRnUM5YBm0WXY7
NO9DBhRnUM5YBm0WXY7
NO9DBhRnUM5YBm0WXY7
NO9DBhRnUM5YBm0WXY7
NO9DBhRnUM5YBm0WXY7
NO9DBhRnUM5YBm0WXY7
NO9DBhRnUM5YBm0WXY7
NO9DBhRnUM5YBm0WXY7
NO9DBhRnUM5YBm0WXY7
NO9DBhRnUM5YBm0WXY7
NO9DBhRnUM5YBm0WXY7
NO9DBhRnUM5YBm0WXY7
NO9DBhRnUM5YBm0WXY7
NO9DBhRnUM5YBm0WXY7
NO9DBhRnUM5YBm0WXY7
NO9DBhRnUM5YBm0WXY7
NO9DBhRnUM5YBm0WXY7
NO9DBhRnUM5YBm0WXY7
NO9DBhRnUM5YBm0WXY7
NO9DBhRnUM5YBm0WXY7
NO9DBhRnUM5YBm0WXY7
NO9DBhRnUM5YBm0WXY7
NO9DBhRnUM5YBm0WXY7
NO9DBhRnUM5YBm0WXY7
NO9DBhRnUM5YBm0WXY7
NO9DBhRnUM5YBm0WXY7
NO9DBhRnUM5YBm0WXY7
NO9DBhRnUM5YBm0WXY7
NO9DBhRnUM5YBm0WXY7
NO9DBhRnUM5YBm0WXY7
NO9DBhRnUM5YBm0WXY7
NO9DBhRnUM5YBm0WXY7
NO9DBhRnUM5YBm0WXY7
NO9DBhRnUM5YBm0WXY7
1825149132
1825149132
1825149132
1825149132
1825149132
1825149132
1825149132
1825149132
1825149132
1825149132
1825149132
1825149132
1825149132
1825149132
1825149132
1825149132
1825149132
1825149132
1825149132
1825149132
1825149132
1825149132
1825149132
dHgoWNT9U6fnhzRi3
[ASCII 71]
[ASCII 71]
[ASCII 71]
[ASCII 71]
[ASCII 71]
[ASCII 71]
[ASCII 71]
[ASCII 71]
[ASCII 71]
[ASCII 71]
[ASCII 71]
[ASCII 71]
[ASCII 71]
[ASCII 71]
[ASCII 71]
[ASCII 71]
[ASCII 71]
[ASCII 71]
[ASCII 71]
[ASCII 71]
[ASCII 71]
[ASCII 71]
[ASCII 71]
[ASCII 71]
[ASCII 71]
[ASCII 71]
[ASCII 71]
[ASCII 71]
[ASCII 71]
[ASCII 71]
[ASCII 71]
[ASCII 71]
[ASCII 71]
[ASCII 71]
[ASCII 71]
[ASCII 71]
[ASCII 71]
[ASCII 71]
[ASCII 71]
[ASCII 71]
[ASCII 71]
[ASCII 71]
[ASCII 71]
[ASCII 71]
[ASCII 71]
[ASCII 71]
[ASCII 71]
[ASCII 71]
[ASCII 71]
[ASCII 71]
[ASCII 71]
[ASCII 71]
[ASCII 71]
[ASCII 71]
[ASCII 71]
[ASCII 71]
[ASCII 71]
[ASCII 71]
[ASCII 71]
[ASCII 71]
[ASCII 71]
[ASCII 71]
[ASCII 71]
[ASCII 71]
[ASCII 71]
[ASCII 71]
[ASCII 71]
[ASCII 71]
[ASCII 71]
[ASCII 71]
[ASCII 71]
[ASCII 71]
[ASCII 71]
[ASCII 71]
[ASCII 71]
[ASCII 71]
[ASCII 71]
[ASCII 71]
[ASCII 71]
[ASCII 71]
[ASCII 71]
[ASCII 71]
[ASCII 71]
[ASCII 71]
[ASCII 71]
[ASCII 71]
[ASCII 71]
[ASCII 71]
[ASCII 71]
[ASCII 71]
[ASCII 71]
[ASCII 71]
[ASCII 71]
[ASCII 71]
[ASCII 71]
[ASCII 71]
[ASCII 71]
[ASCII 71]
[ASCII 71]
e4p92z9t0s5U6E4J0CR
e4p92z9t0s5U6E4J0CR
e4p92z9t0s5U6E4J0CR
e4p92z9t0s5U6E4J0CR
e4p92z9t0s5U6E4J0CR
e4p92z9t0s5U6E4J0CR
e4p92z9t0s5U6E4J0CR
e4p92z9t0s5U6E4J0CR
e4p92z9t0s5U6E4J0CR
e4p92z9t0s5U6E4J0CR
e4p92z9t0s5U6E4J0CR
e4p92z9t0s5U6E4J0CR
e4p92z9t0s5U6E4J0CR
e4p92z9t0s5U6E4J0CR
e4p92z9t0s5U6E4J0CR
e4p92z9t0s5U6E4J0CR
e4p92z9t0s5U6E4J0CR
e4p92z9t0s5U6E4J0CR
e4p92z9t0s5U6E4J0CR
e4p92z9t0s5U6E4J0CR
e4p92z9t0s5U6E4J0CR
e4p92z9t0s5U6E4J0CR
e4p92z9t0s5U6E4J0CR
e4p92z9t0s5U6E4J0CR
e4p92z9t0s5U6E4J0CR
e4p92z9t0s5U6E4J0CR
e4p92z9t0s5U6E4J0CR
e4p92z9t0s5U6E4J0CR
e4p92z9t0s5U6E4J0CR
e4p92z9t0s5U6E4J0CR
e4p92z9t0s5U6E4J0CR
e4p92z9t0s5U6E4J0CR
e4p92z9t0s5U6E4J0CR
e4p92z9t0s5U6E4J0CR
e4p92z9t0s5U6E4J0CR
e4p92z9t0s5U6E4J0CR
e4p92z9t0s5U6E4J0CR
e4p92z9t0s5U6E4J0CR
e4p92z9t0s5U6E4J0CR
e4p92z9t0s5U6E4J0CR
e4p92z9t0s5U6E4J0CR
e4p92z9t0s5U6E4J0CR
e4p92z9t0s5U6E4J0CR
e4p92z9t0s5U6E4J0CR
e4p92z9t0s5U6E4J0CR
e4p92z9t0s5U6E4J0CR
e4p92z9t0s5U6E4J0CR
e4p92z9t0s5U6E4J0CR
e4p92z9t0s5U6E4J0CR
e4p92z9t0s5U6E4J0CR
e4p92z9t0s5U6E4J0CR
e4p92z9t0s5U6E4J0CR
e4p92z9t0s5U6E4J0CR
e4p92z9t0s5U6E4J0CR
e4p92z9t0s5U6E4J0CR
e4p92z9t0s5U6E4J0CR
e4p92z9t0s5U6E4J0CR
e4p92z9t0s5U6E4J0CR
e4p92z9t0s5U6E4J0CR
e4p92z9t0s5U6E4J0CR
e4p92z9t0s5U6E4J0CR
e4p92z9t0s5U6E4J0CR
e4p92z9t0s5U6E4J0CR
e4p92z9t0s5U6E4J0CR
e4p92z9t0s5U6E4J0CR
e4p92z9t0s5U6E4J0CR
e4p92z9t0s5U6E4J0CR
e4p92z9t0s5U6E4J0CR
e4p92z9t0s5U6E4J0CR
e4p92z9t0s5U6E4J0CR
e4p92z9t0s5U6E4J0CR
e4p92z9t0s5U6E4J0CR
e4p92z9t0s5U6E4J0CR
e4p92z9t0s5U6E4J0CR
e4p92z9t0s5U6E4J0CR
e4p92z9t0s5U6E4J0CR
e4p92z9t0s5U6E4J0CR
e4p92z9t0s5U6E4J0CR
e4p92z9t0s5U6E4J0CR
e4p92z9t0s5U6E4J0CR
e4p92z9t0s5U6E4J0CR
e4p92z9t0s5U6E4J0CR
e4p92z9t0s5U6E4J0CR
e4p92z9t0s5U6E4J0CR
e4p92z9t0s5U6E4J0CR
[ASCII 66]
s6lz71Hxp5Q53xE1
04w1466GFhxQB2niW03
n05c0V3llJ6sR1YV8iX
G4d66Z977kv35a6Et06
z03v7kE0doGRsc9cgEW
H4AxpT
[ASCII 111]
WJsLd
QhePDKMb8gdCoBBA2tW
5C9qS76b2FK7FC95DW
5C9qS76b2FK7FC95DW
5C9qS76b2FK7FC95DW
5C9qS76b2FK7FC95DW
5C9qS76b2FK7FC95DW
5C9qS76b2FK7FC95DW
5C9qS76b2FK7FC95DW
5C9qS76b2FK7FC95DW
5C9qS76b2FK7FC95DW
5C9qS76b2FK7FC95DW
5C9qS76b2FK7FC95DW
5C9qS76b2FK7FC95DW
5C9qS76b2FK7FC95DW
5C9qS76b2FK7FC95DW
5C9qS76b2FK7FC95DW
5C9qS76b2FK7FC95DW
5C9qS76b2FK7FC95DW
5C9qS76b2FK7FC95DW
5C9qS76b2FK7FC95DW
5C9qS76b2FK7FC95DW
5C9qS76b2FK7FC95DW
5C9qS76b2FK7FC95DW
5C9qS76b2FK7FC95DW
5C9qS76b2FK7FC95DW
5C9qS76b2FK7FC95DW
5C9qS76b2FK7FC95DW
5C9qS76b2FK7FC95DW
5C9qS76b2FK7FC95DW
5C9qS76b2FK7FC95DW
5C9qS76b2FK7FC95DW
5C9qS76b2FK7FC95DW
5C9qS76b2FK7FC95DW
5C9qS76b2FK7FC95DW
5C9qS76b2FK7FC95DW
5C9qS76b2FK7FC95DW
5C9qS76b2FK7FC95DW
5C9qS76b2FK7FC95DW
5C9qS76b2FK7FC95DW
5C9qS76b2FK7FC95DW
5C9qS76b2FK7FC95DW
5C9qS76b2FK7FC95DW
4oat871fc55mB49TAfh
[ASCII 98]
GSJd976
1361425656
1wNRV
iHkjuT2X415
-924760152
