[ASCII 54]
[ASCII 54]
[ASCII 54]
[ASCII 54]
[ASCII 54]
[ASCII 54]
[ASCII 54]
[ASCII 54]
[ASCII 54]
[ASCII 54]
[ASCII 54]
[ASCII 54]
[ASCII 54]
[ASCII 54]
[ASCII 54]
[ASCII 54]
[ASCII 54]
[ASCII 54]
[ASCII 54]
[ASCII 54]
[ASCII 54]
[ASCII 54]
[ASCII 54]
[ASCII 54]
[ASCII 54]
[ASCII 54]
[ASCII 54]
[ASCII 54]
[ASCII 54]
[ASCII 54]
[ASCII 54]
[ASCII 54]
[ASCII 54]
[ASCII 54]
[ASCII 54]
[ASCII 54]
[ASCII 54]
[ASCII 54]
[ASCII 54]
[ASCII 54]
[ASCII 54]
[ASCII 54]
[ASCII 54]
[ASCII 54]
[ASCII 54]
[ASCII 54]
[ASCII 54]
[ASCII 54]
[ASCII 54]
[ASCII 54]
[ASCII 54]
[ASCII 54]
[ASCII 54]
[ASCII 54]
[ASCII 54]
[ASCII 54]
[ASCII 54]
[ASCII 54]
[ASCII 54]
[ASCII 54]
[ASCII 54]
[ASCII 54]
[ASCII 54]
[ASCII 54]
[ASCII 54]
[ASCII 54]
[ASCII 54]
[ASCII 54]
[ASCII 54]
[ASCII 54]
[ASCII 54]
[ASCII 54]
[ASCII 54]
[ASCII 54]
[ASCII 54]
[ASCII 54]
[ASCII 54]
[ASCII 54]
[ASCII 54]
[ASCII 54]
[ASCII 54]
[ASCII 103]
[ASCII 103]
[ASCII 103]
[ASCII 103]
[ASCII 103]
[ASCII 103]
[ASCII 103]
[ASCII 103]
[ASCII 103]
[ASCII 103]
[ASCII 103]
[ASCII 103]
[ASCII 103]
[ASCII 103]
[ASCII 103]
[ASCII 103]
[ASCII 103]
[ASCII 103]
[ASCII 103]
[ASCII 103]
[ASCII 103]
[ASCII 103]
[ASCII 103]
[ASCII 103]
[ASCII 103]
[ASCII 103]
[ASCII 103]
[ASCII 103]
[ASCII 103]
[ASCII 103]
UGO79
[ASCII 116]
[ASCII 116]
[ASCII -128]
-643443340
Y0pEudU2c3HjHCdPKWK3
Y0pEudU2c3HjHCdPKWK3
Y0pEudU2c3HjHCdPKWK3
Y0pEudU2c3HjHCdPKWK3
Y0pEudU2c3HjHCdPKWK3
Y0pEudU2c3HjHCdPKWK3
Y0pEudU2c3HjHCdPKWK3
Y0pEudU2c3HjHCdPKWK3
Y0pEudU2c3HjHCdPKWK3
Y0pEudU2c3HjHCdPKWK3
Y0pEudU2c3HjHCdPKWK3
Y0pEudU2c3HjHCdPKWK3
Y0pEudU2c3HjHCdPKWK3
Y0pEudU2c3HjHCdPKWK3
Y0pEudU2c3HjHCdPKWK3
Y0pEudU2c3HjHCdPKWK3
Y0pEudU2c3HjHCdPKWK3
Y0pEudU2c3HjHCdPKWK3
Y0pEudU2c3HjHCdPKWK3
Y0pEudU2c3HjHCdPKWK3
Y0pEudU2c3HjHCdPKWK3
Y0pEudU2c3HjHCdPKWK3
Y0pEudU2c3HjHCdPKWK3
Y0pEudU2c3HjHCdPKWK3
Y0pEudU2c3HjHCdPKWK3
Y0pEudU2c3HjHCdPKWK3
Y0pEudU2c3HjHCdPKWK3
Y0pEudU2c3HjHCdPKWK3
Y0pEudU2c3HjHCdPKWK3
Y0pEudU2c3HjHCdPKWK3
Y0pEudU2c3HjHCdPKWK3
Y0pEudU2c3HjHCdPKWK3
Y0pEudU2c3HjHCdPKWK3
Y0pEudU2c3HjHCdPKWK3
Y0pEudU2c3HjHCdPKWK3
Y0pEudU2c3HjHCdPKWK3
19DRRFQ0KZI2vG7M7RI
1708077325
bZ0bo
[ASCII 120]
6YSt3SL39oPDO2thh6
p4bhp9bYG08PJ5ms7j
850973270
U73bfk94E8j5ifPj
[ASCII 65]
1966635344
1232324963
Nrc1W7mhL5o42R5i
1378937746
AmgCfFO0514676R8u
1pvsbd1J2Vqia
1433678313
1511329861
3303K1P8gxNSwE5m
690434443
690434443
690434443
690434443
690434443
690434443
690434443
690434443
690434443
690434443
690434443
690434443
690434443
690434443
690434443
690434443
690434443
690434443
690434443
690434443
690434443
690434443
690434443
690434443
690434443
690434443
690434443
690434443
690434443
690434443
690434443
690434443
690434443
690434443
690434443
690434443
690434443
690434443
690434443
690434443
690434443
690434443
690434443
690434443
690434443
690434443
690434443
690434443
690434443
690434443
690434443
690434443
690434443
690434443
690434443
690434443
690434443
690434443
690434443
690434443
690434443
690434443
690434443
690434443
690434443
690434443
690434443
690434443
[ASCII 113]
0U5NF8AY35NF36Gv
-1242037289
ZIj7Vg365HaQ0iQIe6
ZIj7Vg365HaQ0iQIe6
ZIj7Vg365HaQ0iQIe6
ZIj7Vg365HaQ0iQIe6
ZIj7Vg365HaQ0iQIe6
ZIj7Vg365HaQ0iQIe6
ZIj7Vg365HaQ0iQIe6
ZIj7Vg365HaQ0iQIe6
ZIj7Vg365HaQ0iQIe6
ZIj7Vg365HaQ0iQIe6
ZIj7Vg365HaQ0iQIe6
ZIj7Vg365HaQ0iQIe6
ZIj7Vg365HaQ0iQIe6
ZIj7Vg365HaQ0iQIe6
ZIj7Vg365HaQ0iQIe6
ZIj7Vg365HaQ0iQIe6
ZIj7Vg365HaQ0iQIe6
ZIj7Vg365HaQ0iQIe6
ZIj7Vg365HaQ0iQIe6
ZIj7Vg365HaQ0iQIe6
ZIj7Vg365HaQ0iQIe6
ZIj7Vg365HaQ0iQIe6
ZIj7Vg365HaQ0iQIe6
ZIj7Vg365HaQ0iQIe6
ZIj7Vg365HaQ0iQIe6
ZIj7Vg365HaQ0iQIe6
ZIj7Vg365HaQ0iQIe6
ZIj7Vg365HaQ0iQIe6
ZIj7Vg365HaQ0iQIe6
ZIj7Vg365HaQ0iQIe6
ZIj7Vg365HaQ0iQIe6
ZIj7Vg365HaQ0iQIe6
ZIj7Vg365HaQ0iQIe6
ZIj7Vg365HaQ0iQIe6
ZIj7Vg365HaQ0iQIe6
ZIj7Vg365HaQ0iQIe6
ZIj7Vg365HaQ0iQIe6
ZIj7Vg365HaQ0iQIe6
ZIj7Vg365HaQ0iQIe6
ZIj7Vg365HaQ0iQIe6
pYB4pDw
du1Dz7Cql1DFxzSg4g52
25m0x72WVK6i9zF
113240996
113240996
113240996
113240996
113240996
113240996
113240996
113240996
113240996
113240996
113240996
113240996
113240996
113240996
113240996
113240996
113240996
113240996
113240996
113240996
113240996
113240996
113240996
113240996
113240996
113240996
113240996
113240996
113240996
113240996
113240996
113240996
113240996
113240996
113240996
113240996
113240996
113240996
113240996
113240996
113240996
113240996
113240996
113240996
113240996
113240996
113240996
113240996
113240996
113240996
113240996
113240996
113240996
113240996
113240996
113240996
113240996
113240996
113240996
113240996
113240996
113240996
113240996
113240996
113240996
113240996
113240996
113240996
113240996
113240996
113240996
113240996
113240996
113240996
113240996
113240996
113240996
113240996
113240996
113240996
113240996
113240996
113240996
113240996
113240996
113240996
113240996
0
1Ii8F47h9sBXjEf6y03aa
Xn60Y4k65p5T9
Xn60Y4k65p5T9
Xn60Y4k65p5T9
Xn60Y4k65p5T9
Xn60Y4k65p5T9
Xn60Y4k65p5T9
Xn60Y4k65p5T9
Xn60Y4k65p5T9
Xn60Y4k65p5T9
Xn60Y4k65p5T9
Xn60Y4k65p5T9
Xn60Y4k65p5T9
Xn60Y4k65p5T9
Xn60Y4k65p5T9
Xn60Y4k65p5T9
Xn60Y4k65p5T9
Xn60Y4k65p5T9
Xn60Y4k65p5T9
Xn60Y4k65p5T9
Xn60Y4k65p5T9
Xn60Y4k65p5T9
Xn60Y4k65p5T9
Xn60Y4k65p5T9
Xn60Y4k65p5T9
Xn60Y4k65p5T9
Xn60Y4k65p5T9
Xn60Y4k65p5T9
Xn60Y4k65p5T9
Xn60Y4k65p5T9
Xn60Y4k65p5T9
Xn60Y4k65p5T9
Xn60Y4k65p5T9
Xn60Y4k65p5T9
Xn60Y4k65p5T9
Xn60Y4k65p5T9
Xn60Y4k65p5T9
Xn60Y4k65p5T9
Xn60Y4k65p5T9
Xn60Y4k65p5T9
Xn60Y4k65p5T9
Xn60Y4k65p5T9
Xn60Y4k65p5T9
Xn60Y4k65p5T9
Xn60Y4k65p5T9
Xn60Y4k65p5T9
Xn60Y4k65p5T9
Xn60Y4k65p5T9
83aNUuzw3DA4559v8q3
ZBUKMp6k7pdXZ3xYd
857f7vRz87ONXR31o
3P7I5jPsQKVq11qb6
B2lsZ27Oa32DbneT
-1708322961
8OalM4QWe01fR3516
8OalM4QWe01fR3516
8OalM4QWe01fR3516
8OalM4QWe01fR3516
8OalM4QWe01fR3516
8OalM4QWe01fR3516
8OalM4QWe01fR3516
8OalM4QWe01fR3516
8OalM4QWe01fR3516
8OalM4QWe01fR3516
8OalM4QWe01fR3516
8OalM4QWe01fR3516
8OalM4QWe01fR3516
8OalM4QWe01fR3516
8OalM4QWe01fR3516
8OalM4QWe01fR3516
8OalM4QWe01fR3516
8OalM4QWe01fR3516
8OalM4QWe01fR3516
8OalM4QWe01fR3516
8OalM4QWe01fR3516
8OalM4QWe01fR3516
8OalM4QWe01fR3516
8OalM4QWe01fR3516
8OalM4QWe01fR3516
8OalM4QWe01fR3516
8OalM4QWe01fR3516
8OalM4QWe01fR3516
8OalM4QWe01fR3516
8OalM4QWe01fR3516
8OalM4QWe01fR3516
8OalM4QWe01fR3516
8OalM4QWe01fR3516
8OalM4QWe01fR3516
8OalM4QWe01fR3516
8OalM4QWe01fR3516
8OalM4QWe01fR3516
8OalM4QWe01fR3516
8OalM4QWe01fR3516
8OalM4QWe01fR3516
8OalM4QWe01fR3516
8OalM4QWe01fR3516
8OalM4QWe01fR3516
8OalM4QWe01fR3516
8OalM4QWe01fR3516
8OalM4QWe01fR3516
8OalM4QWe01fR3516
8OalM4QWe01fR3516
8OalM4QWe01fR3516
8OalM4QWe01fR3516
8OalM4QWe01fR3516
8OalM4QWe01fR3516
8OalM4QWe01fR3516
8OalM4QWe01fR3516
8OalM4QWe01fR3516
8OalM4QWe01fR3516
8OalM4QWe01fR3516
8OalM4QWe01fR3516
8OalM4QWe01fR3516
8OalM4QWe01fR3516
8OalM4QWe01fR3516
9cPT72Z
9cPT72Z
9cPT72Z
9cPT72Z
9cPT72Z
9cPT72Z
9cPT72Z
9cPT72Z
9cPT72Z
9cPT72Z
9cPT72Z
9cPT72Z
9cPT72Z
9cPT72Z
9cPT72Z
9cPT72Z
9cPT72Z
9cPT72Z
9cPT72Z
9cPT72Z
9cPT72Z
9cPT72Z
9cPT72Z
9cPT72Z
9cPT72Z
9cPT72Z
9cPT72Z
9cPT72Z
9cPT72Z
9cPT72Z
9cPT72Z
BD5xJ4MR62jW6bXbod
[ASCII 119]
448227442
448227442
448227442
448227442
448227442
448227442
448227442
448227442
448227442
448227442
448227442
448227442
448227442
448227442
448227442
448227442
448227442
448227442
448227442
448227442
448227442
448227442
448227442
448227442
448227442
448227442
448227442
448227442
448227442
448227442
448227442
448227442
448227442
448227442
448227442
448227442
448227442
448227442
448227442
448227442
448227442
448227442
448227442
448227442
448227442
448227442
448227442
448227442
448227442
448227442
448227442
448227442
448227442
448227442
448227442
448227442
448227442
448227442
448227442
448227442
448227442
448227442
448227442
448227442
448227442
448227442
448227442
448227442
319040823
319040823
319040823
319040823
319040823
319040823
319040823
319040823
319040823
319040823
319040823
319040823
319040823
319040823
319040823
319040823
319040823
319040823
319040823
319040823
319040823
319040823
319040823
319040823
319040823
319040823
319040823
319040823
319040823
319040823
319040823
319040823
319040823
319040823
319040823
319040823
319040823
319040823
319040823
319040823
319040823
319040823
319040823
319040823
319040823
319040823
319040823
319040823
319040823
319040823
319040823
319040823
319040823
319040823
319040823
319040823
319040823
319040823
319040823
319040823
319040823
319040823
319040823
319040823
319040823
319040823
319040823
319040823
319040823
319040823
319040823
319040823
319040823
319040823
319040823
319040823
319040823
319040823
319040823
319040823
319040823
319040823
319040823
319040823
319040823
319040823
319040823
319040823
319040823
319040823
319040823
319040823
319040823
319040823
319040823
319040823
319040823
319040823
319040823
gJgc0Kt2B3rCQn9
[ASCII 106]
1463652183
E1rPi273h60KA7Gc
1812150212
[ASCII 100]
[ASCII 100]
[ASCII 100]
[ASCII 100]
[ASCII 100]
[ASCII 100]
[ASCII 100]
[ASCII 100]
[ASCII 100]
[ASCII 100]
[ASCII 100]
[ASCII 100]
[ASCII 100]
[ASCII 100]
[ASCII 100]
[ASCII 100]
[ASCII 100]
[ASCII 100]
NJui8896gxOGdBa2
1856145665
1856145665
1856145665
1856145665
1856145665
1856145665
1856145665
1856145665
1856145665
1856145665
1856145665
1856145665
1856145665
1856145665
1856145665
1856145665
1856145665
1856145665
1856145665
1856145665
1856145665
1856145665
vmUyHIg
[ASCII 38]
Abb7qhBwI5owsqsuxN
427351643
3dC57j
hodRDJknGu9vSMuG
hodRDJknGu9vSMuG
hodRDJknGu9vSMuG
hodRDJknGu9vSMuG
hodRDJknGu9vSMuG
hodRDJknGu9vSMuG
hodRDJknGu9vSMuG
hodRDJknGu9vSMuG
hodRDJknGu9vSMuG
hodRDJknGu9vSMuG
hodRDJknGu9vSMuG
hodRDJknGu9vSMuG
hodRDJknGu9vSMuG
hodRDJknGu9vSMuG
hodRDJknGu9vSMuG
hodRDJknGu9vSMuG
hodRDJknGu9vSMuG
hodRDJknGu9vSMuG
hodRDJknGu9vSMuG
hodRDJknGu9vSMuG
hodRDJknGu9vSMuG
hodRDJknGu9vSMuG
hodRDJknGu9vSMuG
hodRDJknGu9vSMuG
hodRDJknGu9vSMuG
hodRDJknGu9vSMuG
hodRDJknGu9vSMuG
hodRDJknGu9vSMuG
hodRDJknGu9vSMuG
hodRDJknGu9vSMuG
hodRDJknGu9vSMuG
hodRDJknGu9vSMuG
hodRDJknGu9vSMuG
hodRDJknGu9vSMuG
hodRDJknGu9vSMuG
hodRDJknGu9vSMuG
hodRDJknGu9vSMuG
[ASCII 97]
3CdIRc0y8i20904XCe
0MxxU3P112VIu52J21v7
634804636
6TU3B3SMl4ru89j09051
exO9m02gv9Du5iqzP72
86vPsD3EmQsvBTEpv
646287517
vmUyHIg
OUpqK
GONQsX9U9wd48UHVd8
[ASCII 106]
Az4xnD26lsG6ZY7448
1635208096
1635208096
1635208096
1635208096
1635208096
1635208096
1635208096
1635208096
1635208096
1635208096
1635208096
1635208096
1635208096
1635208096
1635208096
1635208096
1635208096
1635208096
1635208096
1635208096
1635208096
1635208096
1635208096
1635208096
1635208096
1635208096
1635208096
1635208096
1635208096
9Xtf3
BJ8PrRUkV8kzUD1h744
8YQ52FgTaitGb19n
Ej21ju2o79k4Xr7n
Ej21ju2o79k4Xr7n
Ej21ju2o79k4Xr7n
Ej21ju2o79k4Xr7n
Ej21ju2o79k4Xr7n
Ej21ju2o79k4Xr7n
Ej21ju2o79k4Xr7n
Ej21ju2o79k4Xr7n
Ej21ju2o79k4Xr7n
Ej21ju2o79k4Xr7n
Ej21ju2o79k4Xr7n
Ej21ju2o79k4Xr7n
Ej21ju2o79k4Xr7n
Ej21ju2o79k4Xr7n
Ej21ju2o79k4Xr7n
Ej21ju2o79k4Xr7n
Ej21ju2o79k4Xr7n
Ej21ju2o79k4Xr7n
Ej21ju2o79k4Xr7n
Ej21ju2o79k4Xr7n
Ej21ju2o79k4Xr7n
Ej21ju2o79k4Xr7n
Ej21ju2o79k4Xr7n
Ej21ju2o79k4Xr7n
Ej21ju2o79k4Xr7n
Ej21ju2o79k4Xr7n
Ej21ju2o79k4Xr7n
Ej21ju2o79k4Xr7n
Ej21ju2o79k4Xr7n
Ej21ju2o79k4Xr7n
Ej21ju2o79k4Xr7n
Ej21ju2o79k4Xr7n
Ej21ju2o79k4Xr7n
Ej21ju2o79k4Xr7n
Ej21ju2o79k4Xr7n
Ej21ju2o79k4Xr7n
Ej21ju2o79k4Xr7n
Ej21ju2o79k4Xr7n
Ej21ju2o79k4Xr7n
Ej21ju2o79k4Xr7n
Ej21ju2o79k4Xr7n
Ej21ju2o79k4Xr7n
Ej21ju2o79k4Xr7n
Ej21ju2o79k4Xr7n
Ej21ju2o79k4Xr7n
Ej21ju2o79k4Xr7n
Ej21ju2o79k4Xr7n
Ej21ju2o79k4Xr7n
Ej21ju2o79k4Xr7n
Ej21ju2o79k4Xr7n
Ej21ju2o79k4Xr7n
Ej21ju2o79k4Xr7n
Ej21ju2o79k4Xr7n
Ej21ju2o79k4Xr7n
Ej21ju2o79k4Xr7n
Ej21ju2o79k4Xr7n
Ej21ju2o79k4Xr7n
Ej21ju2o79k4Xr7n
Ej21ju2o79k4Xr7n
Ej21ju2o79k4Xr7n
Ej21ju2o79k4Xr7n
Ej21ju2o79k4Xr7n
Ej21ju2o79k4Xr7n
Ej21ju2o79k4Xr7n
Ej21ju2o79k4Xr7n
Ej21ju2o79k4Xr7n
Ej21ju2o79k4Xr7n
Ej21ju2o79k4Xr7n
Ej21ju2o79k4Xr7n
Ej21ju2o79k4Xr7n
Ej21ju2o79k4Xr7n
Ej21ju2o79k4Xr7n
Ej21ju2o79k4Xr7n
Ej21ju2o79k4Xr7n
Ej21ju2o79k4Xr7n
Ej21ju2o79k4Xr7n
Ej21ju2o79k4Xr7n
Ej21ju2o79k4Xr7n
[ASCII 99]
-687955311
z9VuShO38NKu4p8uJ
z9VuShO38NKu4p8uJ
z9VuShO38NKu4p8uJ
z9VuShO38NKu4p8uJ
z9VuShO38NKu4p8uJ
z9VuShO38NKu4p8uJ
z9VuShO38NKu4p8uJ
z9VuShO38NKu4p8uJ
z9VuShO38NKu4p8uJ
z9VuShO38NKu4p8uJ
z9VuShO38NKu4p8uJ
z9VuShO38NKu4p8uJ
z9VuShO38NKu4p8uJ
z9VuShO38NKu4p8uJ
z9VuShO38NKu4p8uJ
z9VuShO38NKu4p8uJ
z9VuShO38NKu4p8uJ
z9VuShO38NKu4p8uJ
z9VuShO38NKu4p8uJ
z9VuShO38NKu4p8uJ
z9VuShO38NKu4p8uJ
z9VuShO38NKu4p8uJ
z9VuShO38NKu4p8uJ
z9VuShO38NKu4p8uJ
z9VuShO38NKu4p8uJ
z9VuShO38NKu4p8uJ
z9VuShO38NKu4p8uJ
z9VuShO38NKu4p8uJ
z9VuShO38NKu4p8uJ
z9VuShO38NKu4p8uJ
z9VuShO38NKu4p8uJ
z9VuShO38NKu4p8uJ
z9VuShO38NKu4p8uJ
z9VuShO38NKu4p8uJ
z9VuShO38NKu4p8uJ
z9VuShO38NKu4p8uJ
z9VuShO38NKu4p8uJ
z9VuShO38NKu4p8uJ
z9VuShO38NKu4p8uJ
z9VuShO38NKu4p8uJ
z9VuShO38NKu4p8uJ
z9VuShO38NKu4p8uJ
z9VuShO38NKu4p8uJ
z9VuShO38NKu4p8uJ
z9VuShO38NKu4p8uJ
z9VuShO38NKu4p8uJ
z9VuShO38NKu4p8uJ
z9VuShO38NKu4p8uJ
z9VuShO38NKu4p8uJ
z9VuShO38NKu4p8uJ
z9VuShO38NKu4p8uJ
z9VuShO38NKu4p8uJ
z9VuShO38NKu4p8uJ
z9VuShO38NKu4p8uJ
z9VuShO38NKu4p8uJ
z9VuShO38NKu4p8uJ
z9VuShO38NKu4p8uJ
z9VuShO38NKu4p8uJ
z9VuShO38NKu4p8uJ
g3ymZ6f76SFX02Jpza
Za8P26C1048JE3y43
6cV7pM1F8P7AW6Hl01
68Po9wocuJq2lnx29yO
23X56J2NPm4F4ln
23X56J2NPm4F4ln
23X56J2NPm4F4ln
23X56J2NPm4F4ln
23X56J2NPm4F4ln
23X56J2NPm4F4ln
23X56J2NPm4F4ln
23X56J2NPm4F4ln
23X56J2NPm4F4ln
23X56J2NPm4F4ln
23X56J2NPm4F4ln
23X56J2NPm4F4ln
23X56J2NPm4F4ln
23X56J2NPm4F4ln
6gk0313717F9xzLDjlwZI
888055981
be13FTT8jOT83RRG19z
S3N1sF3
[ASCII 99]
hAgelxFJAqc9Z2rL4
758657929
rUbyb0692uA2v0L8Gn1
8x09P1Xx45r8VIer7P
1487502188
766891044
xGrGq5Cwy4A2S0pOB
5J2Hfmi9d9mqpfSOeZS
o95qt
[ASCII 55]
D1i6d0Ypvc0m91j6YQa
6rvHRwE84Cfa4g2VEc
706094645
706094645
706094645
706094645
706094645
706094645
706094645
706094645
706094645
706094645
706094645
706094645
706094645
706094645
706094645
[ASCII 103]
g9C0S108MY66up5044D0
y57ZPQq8WglbuBgNG1c
Y5xm8JwU2L4e3YP4SN
RR24XXx1NzSLhCM52
1294722421
1294722421
1294722421
1294722421
1294722421
1294722421
1294722421
1294722421
1294722421
1294722421
1294722421
1294722421
1294722421
1294722421
1294722421
1294722421
1294722421
1294722421
1294722421
1294722421
1294722421
1294722421
1294722421
1294722421
1294722421
1294722421
1294722421
1294722421
1294722421
1294722421
1294722421
1294722421
1294722421
1294722421
1294722421
1294722421
1294722421
1294722421
1294722421
1294722421
1294722421
1294722421
1294722421
1294722421
1294722421
1294722421
1294722421
1294722421
1294722421
1294722421
1294722421
1294722421
1294722421
1294722421
1294722421
1294722421
1294722421
1294722421
1294722421
1294722421
1294722421
1294722421
1294722421
1294722421
1294722421
1294722421
1294722421
1294722421
1294722421
1294722421
1294722421
1294722421
1294722421
1294722421
1294722421
1294722421
1294722421
1294722421
1294722421
1294722421
1294722421
1294722421
345947579
Y08b7bF42VWXm70Bu
Du685rhyswi06Ndc0O
[ASCII 87]
359636470
359636470
359636470
359636470
359636470
359636470
359636470
359636470
359636470
359636470
359636470
359636470
359636470
359636470
359636470
359636470
359636470
359636470
359636470
359636470
359636470
359636470
359636470
359636470
359636470
359636470
359636470
359636470
359636470
359636470
359636470
359636470
359636470
359636470
359636470
359636470
359636470
359636470
359636470
359636470
359636470
359636470
359636470
359636470
359636470
359636470
359636470
359636470
359636470
359636470
359636470
359636470
359636470
359636470
359636470
359636470
359636470
359636470
359636470
359636470
359636470
359636470
359636470
359636470
359636470
359636470
359636470
359636470
359636470
359636470
359636470
359636470
359636470
359636470
359636470
359636470
359636470
359636470
359636470
359636470
359636470
359636470
383147331
