739084940
y0dXtW1
zDTsioN7l24lfc9P4
vPGh225
r747a1U5963ji84jgRv
[ASCII 86]
[ASCII 59]
i7xAy0LMhTH82h2N5G
[ASCII 56]
[ASCII 118]
[ASCII 118]
[ASCII 118]
[ASCII 118]
[ASCII 118]
[ASCII 118]
[ASCII 118]
[ASCII 118]
[ASCII 118]
sg9rEh7gqrunZK1Z8k
Xja58k
[ASCII 84]
[ASCII 84]
[ASCII 84]
[ASCII 84]
[ASCII 84]
[ASCII 84]
[ASCII 84]
[ASCII 84]
[ASCII 84]
[ASCII 84]
[ASCII 84]
[ASCII 84]
[ASCII 84]
[ASCII 84]
[ASCII 84]
[ASCII 84]
[ASCII 84]
[ASCII 84]
[ASCII 84]
[ASCII 84]
[ASCII 84]
[ASCII 84]
[ASCII 84]
[ASCII 84]
[ASCII 84]
[ASCII 84]
[ASCII 84]
[ASCII 84]
[ASCII 84]
[ASCII 84]
[ASCII 84]
[ASCII 84]
[ASCII 84]
[ASCII 84]
[ASCII 84]
[ASCII 84]
[ASCII 84]
[ASCII 84]
[ASCII 84]
[ASCII 84]
[ASCII 84]
[ASCII 84]
[ASCII 84]
[ASCII 84]
[ASCII 84]
[ASCII 84]
[ASCII 84]
[ASCII 84]
[ASCII 84]
[ASCII 84]
[ASCII 84]
[ASCII 84]
[ASCII 84]
[ASCII 84]
[ASCII 84]
[ASCII 84]
[ASCII 84]
[ASCII 84]
[ASCII 84]
[ASCII 84]
[ASCII 84]
51kIXdWNvd6y9nQGT3
730QtkWmhD0Cz3MDYz
oEgh00y81euW172LP7H
[ASCII 78]
Vz47mHt0ErQ6n2DJzp
[ASCII 65]
[ASCII 65]
[ASCII 65]
[ASCII 65]
[ASCII 65]
[ASCII 65]
[ASCII 65]
[ASCII 65]
[ASCII 65]
[ASCII 65]
[ASCII 65]
[ASCII 65]
[ASCII 65]
[ASCII 65]
[ASCII 65]
[ASCII 65]
[ASCII 65]
[ASCII 65]
[ASCII 65]
[ASCII 65]
[ASCII 65]
[ASCII 65]
[ASCII 65]
[ASCII 65]
[ASCII 65]
[ASCII 65]
[ASCII 65]
[ASCII 65]
[ASCII 65]
[ASCII 65]
[ASCII 65]
[ASCII 65]
[ASCII 65]
[ASCII 65]
[ASCII 65]
[ASCII 65]
[ASCII 65]
NipB5I1tcW32lxKR
OyKzg4kTjsgay9HUt3
[ASCII 108]
7r7JLS1ITR8UEoEh
37btx8KU7yKNf71L1bm
nde963CMlcXaMqUKIh
qB7HyWCggBX0954d34ba
1260394776
1260394776
1260394776
1260394776
1260394776
1260394776
1260394776
1260394776
1260394776
1260394776
1260394776
1260394776
1260394776
1260394776
1260394776
1260394776
1260394776
1260394776
1260394776
1260394776
1260394776
1260394776
1260394776
1260394776
1260394776
1260394776
1260394776
1260394776
1260394776
1260394776
1260394776
1260394776
1260394776
1260394776
1260394776
1260394776
1260394776
1260394776
1260394776
1260394776
1260394776
1260394776
1260394776
1260394776
1260394776
1260394776
1260394776
1260394776
1260394776
1260394776
1260394776
1260394776
1260394776
1260394776
1260394776
1260394776
1260394776
1260394776
1260394776
1260394776
1260394776
1260394776
1260394776
1260394776
1260394776
1260394776
1260394776
1260394776
1260394776
1260394776
1260394776
1260394776
1260394776
1260394776
1260394776
1260394776
1260394776
1260394776
1260394776
1260394776
1260394776
1260394776
1260394776
1260394776
1260394776
1260394776
1260394776
1260394776
1260394776
E4d96
968089109
d40UGa
U4VkNfD
W28JDXw
-1384194416
1033524055
1378726591
[ASCII 100]
[ASCII 100]
[ASCII 100]
[ASCII 100]
[ASCII 100]
[ASCII 100]
[ASCII 100]
[ASCII 100]
[ASCII 100]
[ASCII 100]
[ASCII 100]
[ASCII 100]
[ASCII 100]
[ASCII 100]
[ASCII 100]
[ASCII 100]
[ASCII 100]
[ASCII 100]
[ASCII 100]
[ASCII 100]
[ASCII 100]
[ASCII 100]
[ASCII 100]
[ASCII 100]
[ASCII 100]
[ASCII 100]
[ASCII 100]
[ASCII 100]
[ASCII 100]
[ASCII 100]
[ASCII 100]
[ASCII 100]
[ASCII 100]
[ASCII 100]
[ASCII 100]
[ASCII 100]
[ASCII 100]
[ASCII 100]
[ASCII 100]
[ASCII 100]
[ASCII 100]
[ASCII 100]
[ASCII 100]
[ASCII 100]
[ASCII 100]
[ASCII 100]
[ASCII 100]
[ASCII 100]
[ASCII 100]
[ASCII 100]
1RdY5qXYJhb2H8J2
WMj3ivWCoUJ216R88
S3r1X17Nqq2H4X4AWk
uVFsWc0oY2ZK2Sc7Qj6
91W0zNa8ibr8Zv1
5eZYLpHlQgz7dJ2o
5Pe3HzN5e99IYzPrko
yhuN1n
1543079473
1378726591
[ASCII 101]
7dcN8fO
9iy9I15A2N8f157rfk2
fXTrQdR
sSj1J4N8RG7bJQJRp
955JrIYw2oydqVvp98
[ASCII 83]
kkqWB6VxR29b35x36
fo7LIkVAny2nSM1FuT
[ASCII 86]
1013215462
[ASCII 50]
1457846699
[ASCII 81]
RXLJTp5TYd6f434xRUz
SNQcqsoXO7VfkSREz
XCMoBlAU05UqXqI163e
A5AEXu
761465354
b7ruIuTNu6c9RUKQw
ct9o56xusRafFPJ
sPMD91r
1970670805
N3OCBljT5cqf0gNN4
x53E0ZL0q5ByC97I
QV01U3cRGjI05Ykjwm7Y
1888633983
culCGC3u963NT833Hat6
1111305340
[ASCII 57]
Z6YHbxh1amEv41kA
uN7zR
[ASCII 74]
[ASCII 74]
[ASCII 74]
[ASCII 74]
[ASCII 74]
[ASCII 74]
[ASCII 74]
[ASCII 74]
[ASCII 74]
[ASCII 74]
[ASCII 74]
[ASCII 74]
[ASCII 74]
[ASCII 74]
[ASCII 74]
[ASCII 74]
[ASCII 74]
[ASCII 74]
[ASCII 74]
[ASCII 74]
[ASCII 74]
[ASCII 74]
[ASCII 74]
[ASCII 74]
[ASCII 74]
[ASCII 74]
[ASCII 74]
[ASCII 74]
[ASCII 74]
[ASCII 74]
[ASCII 74]
[ASCII 74]
[ASCII 74]
[ASCII 74]
[ASCII 74]
[ASCII 74]
[ASCII 74]
[ASCII 74]
[ASCII 74]
[ASCII 74]
[ASCII 74]
[ASCII 74]
[ASCII 74]
[ASCII 74]
[ASCII 74]
[ASCII 74]
[ASCII 74]
[ASCII 74]
[ASCII 74]
[ASCII 74]
[ASCII 74]
[ASCII 74]
[ASCII 74]
[ASCII 74]
[ASCII 74]
[ASCII 74]
[ASCII 74]
[ASCII 74]
[ASCII 74]
[ASCII 74]
[ASCII 74]
[ASCII 74]
[ASCII 74]
[ASCII 74]
[ASCII 74]
[ASCII 74]
[ASCII 74]
[ASCII 74]
[ASCII 74]
uVh2Klv6mEO5674GE
Q60arK7i28DizSXH2
k5lp0af36R4KqsmgiTAJ
1752914982
RqWg32yjp027ZYB5Y
8s34R
8s34R
8s34R
8s34R
ljIlx7E
8gpt2TUVzsjPwxv34j
W9i4HX0MknbO3h3qeHFv
61Q1Kn4Z6e3pEGKu8j
pF4481kp12BhmiO0
[ASCII 88]
[ASCII 88]
[ASCII 88]
[ASCII 88]
[ASCII 88]
[ASCII 88]
[ASCII 88]
[ASCII 88]
[ASCII 88]
[ASCII 88]
[ASCII 88]
[ASCII 88]
[ASCII 88]
[ASCII 88]
[ASCII 88]
[ASCII 88]
[ASCII 88]
[ASCII 88]
[ASCII 88]
[ASCII 88]
[ASCII 88]
[ASCII 88]
[ASCII 88]
[ASCII 88]
[ASCII 88]
[ASCII 88]
[ASCII 88]
[ASCII 88]
[ASCII 88]
[ASCII 88]
[ASCII 88]
[ASCII 88]
[ASCII 88]
[ASCII 88]
[ASCII 88]
[ASCII 88]
[ASCII 88]
[ASCII 88]
[ASCII 88]
[ASCII 88]
[ASCII 88]
[ASCII 88]
[ASCII 88]
[ASCII 88]
[ASCII 88]
[ASCII 88]
[ASCII 88]
[ASCII 88]
[ASCII 88]
[ASCII 88]
[ASCII 88]
[ASCII 88]
[ASCII 88]
[ASCII 88]
[ASCII 88]
[ASCII 88]
[ASCII 88]
[ASCII 88]
[ASCII 88]
[ASCII 88]
[ASCII 88]
[ASCII 88]
[ASCII 88]
[ASCII 88]
[ASCII 88]
[ASCII 88]
[ASCII 88]
[ASCII 88]
[ASCII 88]
[ASCII 88]
[ASCII 88]
[ASCII 88]
[ASCII 88]
[ASCII 88]
[ASCII 88]
[ASCII 88]
[ASCII 88]
[ASCII 88]
[ASCII 88]
[ASCII 88]
[ASCII 88]
[ASCII 88]
[ASCII 88]
[ASCII 88]
[ASCII 88]
[ASCII 88]
[ASCII 88]
[ASCII 88]
[ASCII 88]
[ASCII 88]
[ASCII 88]
[ASCII 88]
[ASCII 88]
F916P95s3Wr2M4HjQ
F916P95s3Wr2M4HjQ
F916P95s3Wr2M4HjQ
F916P95s3Wr2M4HjQ
F916P95s3Wr2M4HjQ
F916P95s3Wr2M4HjQ
F916P95s3Wr2M4HjQ
F916P95s3Wr2M4HjQ
F916P95s3Wr2M4HjQ
F916P95s3Wr2M4HjQ
F916P95s3Wr2M4HjQ
F916P95s3Wr2M4HjQ
F916P95s3Wr2M4HjQ
F916P95s3Wr2M4HjQ
F916P95s3Wr2M4HjQ
F916P95s3Wr2M4HjQ
F916P95s3Wr2M4HjQ
F916P95s3Wr2M4HjQ
F916P95s3Wr2M4HjQ
F916P95s3Wr2M4HjQ
F916P95s3Wr2M4HjQ
F916P95s3Wr2M4HjQ
F916P95s3Wr2M4HjQ
F916P95s3Wr2M4HjQ
F916P95s3Wr2M4HjQ
F916P95s3Wr2M4HjQ
F916P95s3Wr2M4HjQ
F916P95s3Wr2M4HjQ
F916P95s3Wr2M4HjQ
F916P95s3Wr2M4HjQ
F916P95s3Wr2M4HjQ
F916P95s3Wr2M4HjQ
F916P95s3Wr2M4HjQ
F916P95s3Wr2M4HjQ
aI7L0E17vX62jXT4mZ
WBb07hWJi4gDP1eqg
[ASCII 105]
[ASCII 105]
[ASCII 105]
[ASCII 105]
[ASCII 105]
[ASCII 105]
[ASCII 105]
[ASCII 105]
[ASCII 105]
[ASCII 105]
[ASCII 105]
[ASCII 105]
[ASCII 105]
[ASCII 105]
[ASCII 105]
[ASCII 105]
[ASCII 105]
[ASCII 105]
[ASCII 105]
[ASCII 105]
[ASCII 105]
[ASCII 105]
[ASCII 105]
[ASCII 105]
[ASCII 105]
[ASCII 105]
[ASCII 105]
[ASCII 105]
[ASCII 105]
[ASCII 105]
[ASCII 105]
[ASCII 105]
[ASCII 105]
[ASCII 105]
[ASCII 105]
[ASCII 105]
[ASCII 105]
[ASCII 105]
[ASCII 105]
[ASCII 105]
[ASCII 105]
[ASCII 105]
[ASCII 105]
[ASCII 105]
[ASCII 105]
[ASCII 105]
[ASCII 105]
[ASCII 105]
[ASCII 105]
[ASCII 105]
[ASCII 105]
[ASCII 105]
[ASCII 105]
[ASCII 105]
[ASCII 105]
[ASCII 105]
[ASCII 105]
[ASCII 105]
[ASCII 105]
[ASCII 105]
[ASCII 105]
[ASCII 105]
[ASCII 105]
[ASCII 105]
[ASCII 105]
[ASCII 105]
[ASCII 105]
[ASCII 105]
[ASCII 105]
[ASCII 105]
[ASCII 105]
[ASCII 105]
[ASCII 105]
[ASCII 105]
[ASCII 113]
[ASCII 40]
544013313
6VQA2iJ2so8q9lPbJ0
UeZq7DzU7M63XcBQK
7n4fPBTx6D0EkLg70
GZyBo4u3k2FyGUfybA9
598833780
w20VdpKtj6iwcLM8F6S
1302609614
d45mz89dI4TJFz61KV
7obf7qDYJrG3E5rz
e1UQs4V52f010kKbI01
127189211
A04gWf9GJvQXGEy0g
qbuw60p
