RBH65ogxawLb3e72n
[ASCII 69]
[ASCII 66]
94OsLgFG4V2iRSbyVs8e2
137830144
137830144
YjyaPH75w64D7ad8
B7mHsJ98C1TCGa2T1t
[ASCII 81]
[ASCII 81]
[ASCII 81]
[ASCII 81]
[ASCII 81]
[ASCII 81]
[ASCII 81]
[ASCII 81]
[ASCII 81]
[ASCII 81]
[ASCII 81]
[ASCII 81]
[ASCII 81]
[ASCII 81]
[ASCII 81]
[ASCII 81]
[ASCII 81]
[ASCII 81]
[ASCII 81]
[ASCII 81]
[ASCII 81]
[ASCII 81]
[ASCII 81]
[ASCII 81]
[ASCII 81]
[ASCII 81]
[ASCII 81]
[ASCII 81]
[ASCII 81]
[ASCII 81]
[ASCII 81]
41Zel0Viov0We3w750Z
UwYp348M3fHcAIN7wB16
86c6aO35IZD69Ut581
KCff77x5nUvq5MGJBWI7
[ASCII 47]
[ASCII 47]
[ASCII 47]
[ASCII 47]
[ASCII 47]
[ASCII 47]
[ASCII 47]
[ASCII 47]
[ASCII 47]
[ASCII 47]
[ASCII 47]
[ASCII 47]
[ASCII 47]
[ASCII 47]
[ASCII 47]
[ASCII 47]
[ASCII 82]
[ASCII 82]
3exs4sWBi7sfiWqo3
367880966
3O23XYDm6SM63kWyB9
ZnIlp4
V4WJq4t86I3A6fn04
V4WJq4t86I3A6fn04
V4WJq4t86I3A6fn04
V4WJq4t86I3A6fn04
V4WJq4t86I3A6fn04
V4WJq4t86I3A6fn04
V4WJq4t86I3A6fn04
V4WJq4t86I3A6fn04
V4WJq4t86I3A6fn04
V4WJq4t86I3A6fn04
V4WJq4t86I3A6fn04
V4WJq4t86I3A6fn04
V4WJq4t86I3A6fn04
V4WJq4t86I3A6fn04
V4WJq4t86I3A6fn04
V4WJq4t86I3A6fn04
V4WJq4t86I3A6fn04
V4WJq4t86I3A6fn04
V4WJq4t86I3A6fn04
V4WJq4t86I3A6fn04
792420714
792420714
792420714
792420714
792420714
792420714
792420714
792420714
792420714
792420714
792420714
792420714
792420714
792420714
792420714
792420714
792420714
792420714
792420714
792420714
792420714
792420714
792420714
792420714
792420714
792420714
792420714
792420714
792420714
792420714
792420714
792420714
792420714
792420714
792420714
792420714
792420714
792420714
792420714
792420714
792420714
792420714
792420714
792420714
792420714
792420714
792420714
792420714
792420714
792420714
792420714
792420714
792420714
792420714
792420714
792420714
792420714
792420714
792420714
792420714
792420714
792420714
792420714
792420714
792420714
792420714
792420714
792420714
792420714
792420714
792420714
792420714
[ASCII 33]
1400284903
228012932
228012932
228012932
228012932
228012932
228012932
228012932
228012932
228012932
228012932
228012932
228012932
228012932
228012932
228012932
228012932
228012932
228012932
228012932
228012932
228012932
228012932
228012932
228012932
228012932
228012932
228012932
228012932
228012932
228012932
228012932
228012932
228012932
228012932
228012932
228012932
228012932
228012932
228012932
228012932
228012932
228012932
228012932
228012932
228012932
228012932
228012932
228012932
228012932
228012932
228012932
228012932
228012932
228012932
228012932
228012932
228012932
228012932
228012932
228012932
228012932
228012932
228012932
228012932
228012932
228012932
228012932
228012932
228012932
228012932
228012932
228012932
228012932
228012932
228012932
228012932
228012932
228012932
228012932
228012932
228012932
228012932
228012932
228012932
228012932
228012932
228012932
228012932
228012932
5Ir6i3J91OGBGw6k
1249579090
fORy16Kxttb6w1SitE
0jTcMIh
SFEtGL6
SFEtGL6
SFEtGL6
SFEtGL6
SFEtGL6
SFEtGL6
SFEtGL6
SFEtGL6
SFEtGL6
SFEtGL6
SFEtGL6
SFEtGL6
SFEtGL6
SFEtGL6
SFEtGL6
SFEtGL6
SFEtGL6
SFEtGL6
SFEtGL6
SFEtGL6
SFEtGL6
SFEtGL6
SFEtGL6
SFEtGL6
SFEtGL6
SFEtGL6
SFEtGL6
SFEtGL6
SFEtGL6
SFEtGL6
SFEtGL6
SFEtGL6
SFEtGL6
SFEtGL6
SFEtGL6
SFEtGL6
SFEtGL6
SFEtGL6
SFEtGL6
SFEtGL6
SFEtGL6
SFEtGL6
SFEtGL6
SFEtGL6
m84eRVG5p8U464cfd
4xw4rN4N6OawGet0wF
4xw4rN4N6OawGet0wF
4xw4rN4N6OawGet0wF
4xw4rN4N6OawGet0wF
4xw4rN4N6OawGet0wF
4xw4rN4N6OawGet0wF
4xw4rN4N6OawGet0wF
4xw4rN4N6OawGet0wF
4xw4rN4N6OawGet0wF
4xw4rN4N6OawGet0wF
4xw4rN4N6OawGet0wF
4xw4rN4N6OawGet0wF
4xw4rN4N6OawGet0wF
4xw4rN4N6OawGet0wF
4xw4rN4N6OawGet0wF
4xw4rN4N6OawGet0wF
4xw4rN4N6OawGet0wF
4xw4rN4N6OawGet0wF
4xw4rN4N6OawGet0wF
4xw4rN4N6OawGet0wF
4xw4rN4N6OawGet0wF
4xw4rN4N6OawGet0wF
4xw4rN4N6OawGet0wF
4xw4rN4N6OawGet0wF
4xw4rN4N6OawGet0wF
4xw4rN4N6OawGet0wF
4xw4rN4N6OawGet0wF
4xw4rN4N6OawGet0wF
4xw4rN4N6OawGet0wF
4xw4rN4N6OawGet0wF
4xw4rN4N6OawGet0wF
4xw4rN4N6OawGet0wF
4xw4rN4N6OawGet0wF
4xw4rN4N6OawGet0wF
4xw4rN4N6OawGet0wF
4xw4rN4N6OawGet0wF
4xw4rN4N6OawGet0wF
4xw4rN4N6OawGet0wF
4xw4rN4N6OawGet0wF
4xw4rN4N6OawGet0wF
4xw4rN4N6OawGet0wF
4xw4rN4N6OawGet0wF
4xw4rN4N6OawGet0wF
4xw4rN4N6OawGet0wF
4xw4rN4N6OawGet0wF
4xw4rN4N6OawGet0wF
4xw4rN4N6OawGet0wF
4xw4rN4N6OawGet0wF
4xw4rN4N6OawGet0wF
4xw4rN4N6OawGet0wF
4xw4rN4N6OawGet0wF
4xw4rN4N6OawGet0wF
4xw4rN4N6OawGet0wF
4xw4rN4N6OawGet0wF
4xw4rN4N6OawGet0wF
4xw4rN4N6OawGet0wF
4xw4rN4N6OawGet0wF
4xw4rN4N6OawGet0wF
4xw4rN4N6OawGet0wF
4xw4rN4N6OawGet0wF
4xw4rN4N6OawGet0wF
4xw4rN4N6OawGet0wF
4xw4rN4N6OawGet0wF
4xw4rN4N6OawGet0wF
4xw4rN4N6OawGet0wF
4xw4rN4N6OawGet0wF
4xw4rN4N6OawGet0wF
4xw4rN4N6OawGet0wF
4xw4rN4N6OawGet0wF
4xw4rN4N6OawGet0wF
4xw4rN4N6OawGet0wF
4xw4rN4N6OawGet0wF
4xw4rN4N6OawGet0wF
4xw4rN4N6OawGet0wF
4xw4rN4N6OawGet0wF
4xw4rN4N6OawGet0wF
4xw4rN4N6OawGet0wF
4xw4rN4N6OawGet0wF
4xw4rN4N6OawGet0wF
5D9dp
e4541bifk2nnlVftJH
LW3voT4L8kLDN12C2
iod9nsD03mz941jom56
[ASCII 114]
[ASCII 114]
[ASCII 114]
[ASCII 114]
[ASCII 114]
[ASCII 69]
x155Xd87q3X44j9u8qR9
Y2IedVn785pEcY76
Y2IedVn785pEcY76
Y2IedVn785pEcY76
Y2IedVn785pEcY76
Y2IedVn785pEcY76
Y2IedVn785pEcY76
Y2IedVn785pEcY76
Y2IedVn785pEcY76
Y2IedVn785pEcY76
Y2IedVn785pEcY76
Y2IedVn785pEcY76
Y2IedVn785pEcY76
Y2IedVn785pEcY76
Y2IedVn785pEcY76
Y2IedVn785pEcY76
Y2IedVn785pEcY76
Y2IedVn785pEcY76
Y2IedVn785pEcY76
Y2IedVn785pEcY76
Y2IedVn785pEcY76
Y2IedVn785pEcY76
Y2IedVn785pEcY76
Y2IedVn785pEcY76
Y2IedVn785pEcY76
Y2IedVn785pEcY76
Y2IedVn785pEcY76
Y2IedVn785pEcY76
Y2IedVn785pEcY76
Y2IedVn785pEcY76
Y2IedVn785pEcY76
Y2IedVn785pEcY76
Y2IedVn785pEcY76
Y2IedVn785pEcY76
Y2IedVn785pEcY76
Y2IedVn785pEcY76
Y2IedVn785pEcY76
Y2IedVn785pEcY76
Y2IedVn785pEcY76
Y2IedVn785pEcY76
Y2IedVn785pEcY76
Y2IedVn785pEcY76
Y2IedVn785pEcY76
Y2IedVn785pEcY76
Y2IedVn785pEcY76
Y2IedVn785pEcY76
Y2IedVn785pEcY76
Y2IedVn785pEcY76
Y2IedVn785pEcY76
Y2IedVn785pEcY76
Y2IedVn785pEcY76
Y2IedVn785pEcY76
Y2IedVn785pEcY76
Y2IedVn785pEcY76
Y2IedVn785pEcY76
Y2IedVn785pEcY76
Y2IedVn785pEcY76
Y2IedVn785pEcY76
Y2IedVn785pEcY76
Y2IedVn785pEcY76
Y2IedVn785pEcY76
Y2IedVn785pEcY76
Y2IedVn785pEcY76
Y2IedVn785pEcY76
Y2IedVn785pEcY76
Y2IedVn785pEcY76
Y2IedVn785pEcY76
Y2IedVn785pEcY76
Y2IedVn785pEcY76
Y2IedVn785pEcY76
Y2IedVn785pEcY76
Y2IedVn785pEcY76
Y2IedVn785pEcY76
Y2IedVn785pEcY76
Y2IedVn785pEcY76
Y2IedVn785pEcY76
Y2IedVn785pEcY76
Y2IedVn785pEcY76
Y2IedVn785pEcY76
Y2IedVn785pEcY76
A8e9P4C7wS4lQXk4
Qk1TgteMsL6sYgHW2
2037n5uf53i6Tya39j2
[ASCII 71]
[ASCII 71]
[ASCII 71]
[ASCII 71]
[ASCII 71]
[ASCII 71]
[ASCII 71]
[ASCII 71]
[ASCII 71]
[ASCII 71]
[ASCII 71]
[ASCII 71]
[ASCII 71]
[ASCII 71]
[ASCII 71]
[ASCII 71]
[ASCII 71]
[ASCII 71]
[ASCII 71]
[ASCII 71]
[ASCII 71]
[ASCII 71]
[ASCII 71]
[ASCII 71]
[ASCII 71]
[ASCII 71]
[ASCII 71]
[ASCII 71]
[ASCII 71]
[ASCII 71]
[ASCII 71]
[ASCII 71]
[ASCII 71]
[ASCII 71]
[ASCII 71]
[ASCII 71]
[ASCII 71]
[ASCII 71]
[ASCII 71]
[ASCII 71]
[ASCII 71]
[ASCII 71]
[ASCII 71]
[ASCII 71]
[ASCII 71]
[ASCII 71]
[ASCII 71]
[ASCII 71]
[ASCII 71]
[ASCII 71]
[ASCII 71]
[ASCII 71]
[ASCII 71]
[ASCII 71]
[ASCII 71]
[ASCII 71]
[ASCII 71]
[ASCII 71]
[ASCII 71]
[ASCII 71]
[ASCII 71]
[ASCII 71]
[ASCII 71]
[ASCII 71]
[ASCII 71]
[ASCII 71]
[ASCII 71]
[ASCII 71]
[ASCII 71]
[ASCII 71]
[ASCII 71]
[ASCII 71]
[ASCII 71]
[ASCII 71]
[ASCII 71]
[ASCII 71]
[ASCII 71]
1283342035
1283342035
1283342035
1283342035
1283342035
1283342035
1283342035
1283342035
1283342035
1283342035
1283342035
1283342035
1283342035
1283342035
1283342035
1283342035
1283342035
1283342035
1283342035
1283342035
1283342035
1283342035
1283342035
1283342035
1283342035
1283342035
1283342035
1283342035
1283342035
1283342035
1283342035
1283342035
1283342035
1283342035
1283342035
1283342035
1283342035
1283342035
1283342035
1283342035
1283342035
1283342035
1283342035
1283342035
1283342035
1283342035
1283342035
1283342035
1283342035
1283342035
1283342035
1283342035
1283342035
1283342035
1283342035
1283342035
1283342035
1283342035
1283342035
1283342035
1283342035
1283342035
R6z47X1ug331q76KHt5W
[ASCII 120]
[ASCII 98]
h4pggzrx7LEfbKVJ
[ASCII 57]
1357259757
[ASCII 49]
[ASCII 49]
[ASCII 49]
[ASCII 49]
[ASCII 49]
[ASCII 49]
[ASCII 49]
[ASCII 49]
[ASCII 49]
[ASCII 49]
[ASCII 49]
[ASCII 49]
[ASCII 49]
[ASCII 49]
[ASCII 49]
[ASCII 49]
[ASCII 49]
[ASCII 49]
[ASCII 49]
[ASCII 49]
G3edRw9JPex5WYNY
[ASCII 92]
1236049114
-16485144
-16485144
-16485144
qZ09XV8qHLFS4nG
qZ09XV8qHLFS4nG
qZ09XV8qHLFS4nG
qZ09XV8qHLFS4nG
qZ09XV8qHLFS4nG
qZ09XV8qHLFS4nG
qZ09XV8qHLFS4nG
qZ09XV8qHLFS4nG
qZ09XV8qHLFS4nG
qZ09XV8qHLFS4nG
qZ09XV8qHLFS4nG
qZ09XV8qHLFS4nG
qZ09XV8qHLFS4nG
qZ09XV8qHLFS4nG
qZ09XV8qHLFS4nG
qZ09XV8qHLFS4nG
qZ09XV8qHLFS4nG
qZ09XV8qHLFS4nG
qZ09XV8qHLFS4nG
qZ09XV8qHLFS4nG
qZ09XV8qHLFS4nG
qZ09XV8qHLFS4nG
qZ09XV8qHLFS4nG
qZ09XV8qHLFS4nG
qZ09XV8qHLFS4nG
qZ09XV8qHLFS4nG
qZ09XV8qHLFS4nG
qZ09XV8qHLFS4nG
qZ09XV8qHLFS4nG
qZ09XV8qHLFS4nG
qZ09XV8qHLFS4nG
qZ09XV8qHLFS4nG
qZ09XV8qHLFS4nG
qZ09XV8qHLFS4nG
qZ09XV8qHLFS4nG
qZ09XV8qHLFS4nG
qZ09XV8qHLFS4nG
qZ09XV8qHLFS4nG
qZ09XV8qHLFS4nG
qZ09XV8qHLFS4nG
qZ09XV8qHLFS4nG
qZ09XV8qHLFS4nG
qZ09XV8qHLFS4nG
qZ09XV8qHLFS4nG
qZ09XV8qHLFS4nG
qZ09XV8qHLFS4nG
qZ09XV8qHLFS4nG
qZ09XV8qHLFS4nG
qZ09XV8qHLFS4nG
qZ09XV8qHLFS4nG
qZ09XV8qHLFS4nG
qZ09XV8qHLFS4nG
qZ09XV8qHLFS4nG
qZ09XV8qHLFS4nG
qZ09XV8qHLFS4nG
qZ09XV8qHLFS4nG
qZ09XV8qHLFS4nG
qZ09XV8qHLFS4nG
qZ09XV8qHLFS4nG
qZ09XV8qHLFS4nG
qZ09XV8qHLFS4nG
qZ09XV8qHLFS4nG
qZ09XV8qHLFS4nG
qZ09XV8qHLFS4nG
qZ09XV8qHLFS4nG
qZ09XV8qHLFS4nG
qZ09XV8qHLFS4nG
qZ09XV8qHLFS4nG
qZ09XV8qHLFS4nG
[ASCII 101]
[ASCII 101]
[ASCII 101]
[ASCII 101]
[ASCII 101]
[ASCII 101]
[ASCII 101]
[ASCII 101]
3i85eXY5ePOd7Ug4gr
C8r25N67zcR6VeBf9v
Q2oIU
9A7v9sxF3FuOM4JLY4h
1852990397
[ASCII 120]
4vM8yjmJXT4g2ik98
bs4p5v
Z5AWHDOnr72Fv4cg1
88FGr0rAOG5Kk9mYg6Nz
[ASCII 39]
I3Eq1f1Qocx
zuqkSUx5bPk286r43w
zuqkSUx5bPk286r43w
zuqkSUx5bPk286r43w
zuqkSUx5bPk286r43w
zuqkSUx5bPk286r43w
zuqkSUx5bPk286r43w
zuqkSUx5bPk286r43w
zuqkSUx5bPk286r43w
zuqkSUx5bPk286r43w
zuqkSUx5bPk286r43w
zuqkSUx5bPk286r43w
zuqkSUx5bPk286r43w
zuqkSUx5bPk286r43w
zuqkSUx5bPk286r43w
zuqkSUx5bPk286r43w
zuqkSUx5bPk286r43w
zuqkSUx5bPk286r43w
zuqkSUx5bPk286r43w
zuqkSUx5bPk286r43w
zuqkSUx5bPk286r43w
zuqkSUx5bPk286r43w
zuqkSUx5bPk286r43w
zuqkSUx5bPk286r43w
zuqkSUx5bPk286r43w
zuqkSUx5bPk286r43w
zuqkSUx5bPk286r43w
zuqkSUx5bPk286r43w
zuqkSUx5bPk286r43w
zuqkSUx5bPk286r43w
zuqkSUx5bPk286r43w
zuqkSUx5bPk286r43w
zuqkSUx5bPk286r43w
zuqkSUx5bPk286r43w
zuqkSUx5bPk286r43w
zuqkSUx5bPk286r43w
zuqkSUx5bPk286r43w
zuqkSUx5bPk286r43w
zuqkSUx5bPk286r43w
I2z26hx
08YUKi5
jK6Gp5yirhWnypsr
op5v91
o327OTsTK77s0eDhO
o327OTsTK77s0eDhO
o327OTsTK77s0eDhO
o327OTsTK77s0eDhO
o327OTsTK77s0eDhO
o327OTsTK77s0eDhO
o327OTsTK77s0eDhO
o327OTsTK77s0eDhO
o327OTsTK77s0eDhO
o327OTsTK77s0eDhO
o327OTsTK77s0eDhO
o327OTsTK77s0eDhO
o327OTsTK77s0eDhO
o327OTsTK77s0eDhO
o327OTsTK77s0eDhO
o327OTsTK77s0eDhO
o327OTsTK77s0eDhO
o327OTsTK77s0eDhO
o327OTsTK77s0eDhO
o327OTsTK77s0eDhO
o327OTsTK77s0eDhO
o327OTsTK77s0eDhO
o327OTsTK77s0eDhO
o327OTsTK77s0eDhO
o327OTsTK77s0eDhO
o327OTsTK77s0eDhO
o327OTsTK77s0eDhO
o327OTsTK77s0eDhO
o327OTsTK77s0eDhO
o327OTsTK77s0eDhO
o327OTsTK77s0eDhO
o327OTsTK77s0eDhO
o327OTsTK77s0eDhO
o327OTsTK77s0eDhO
o327OTsTK77s0eDhO
o327OTsTK77s0eDhO
o327OTsTK77s0eDhO
o327OTsTK77s0eDhO
o327OTsTK77s0eDhO
o327OTsTK77s0eDhO
o327OTsTK77s0eDhO
o327OTsTK77s0eDhO
o327OTsTK77s0eDhO
o327OTsTK77s0eDhO
o327OTsTK77s0eDhO
o327OTsTK77s0eDhO
o327OTsTK77s0eDhO
o327OTsTK77s0eDhO
o327OTsTK77s0eDhO
o327OTsTK77s0eDhO
o327OTsTK77s0eDhO
o327OTsTK77s0eDhO
o327OTsTK77s0eDhO
o327OTsTK77s0eDhO
o327OTsTK77s0eDhO
o327OTsTK77s0eDhO
o327OTsTK77s0eDhO
o327OTsTK77s0eDhO
o327OTsTK77s0eDhO
o327OTsTK77s0eDhO
o327OTsTK77s0eDhO
o327OTsTK77s0eDhO
o327OTsTK77s0eDhO
o327OTsTK77s0eDhO
o327OTsTK77s0eDhO
o327OTsTK77s0eDhO
o327OTsTK77s0eDhO
o327OTsTK77s0eDhO
o327OTsTK77s0eDhO
o327OTsTK77s0eDhO
o327OTsTK77s0eDhO
o327OTsTK77s0eDhO
o327OTsTK77s0eDhO
o327OTsTK77s0eDhO
o327OTsTK77s0eDhO
o327OTsTK77s0eDhO
o327OTsTK77s0eDhO
o327OTsTK77s0eDhO
1420056409
7O6BHOONrD622j0Dl
ZU4zDuqJzYusrUzRN54t
[ASCII 116]
iq61lg
iq61lg
iq61lg
iq61lg
iq61lg
iq61lg
iq61lg
iq61lg
iq61lg
iq61lg
iq61lg
iq61lg
iq61lg
iq61lg
iq61lg
iq61lg
iq61lg
iq61lg
iq61lg
iq61lg
iq61lg
iq61lg
iq61lg
iq61lg
iq61lg
iq61lg
iq61lg
iq61lg
iq61lg
iq61lg
iq61lg
iq61lg
iq61lg
iq61lg
iq61lg
iq61lg
iq61lg
iq61lg
iq61lg
iq61lg
iq61lg
iq61lg
iq61lg
iq61lg
iq61lg
iq61lg
iq61lg
iq61lg
iq61lg
iq61lg
iq61lg
iq61lg
iq61lg
iq61lg
iq61lg
iq61lg
iq61lg
iq61lg
K7VUpQTPI3vQ81OHW
oMv0C
boZgtvdOkQM7Nf4AC20
wVakhYi2d9rWX4h5w
RRupW34oz5lFoXLz6
d9Z6e
quw0ncIpOd978003I
3M56P44u6XfJ389N95P
0pASs9uLtuLkXcj8D33T
kEHNf3JY00Zb8et
kEHNf3JY00Zb8et
kEHNf3JY00Zb8et
kEHNf3JY00Zb8et
kEHNf3JY00Zb8et
kEHNf3JY00Zb8et
kEHNf3JY00Zb8et
kEHNf3JY00Zb8et
kEHNf3JY00Zb8et
kEHNf3JY00Zb8et
kEHNf3JY00Zb8et
kEHNf3JY00Zb8et
kEHNf3JY00Zb8et
kEHNf3JY00Zb8et
kEHNf3JY00Zb8et
kEHNf3JY00Zb8et
kEHNf3JY00Zb8et
kEHNf3JY00Zb8et
kEHNf3JY00Zb8et
kEHNf3JY00Zb8et
kEHNf3JY00Zb8et
kEHNf3JY00Zb8et
kEHNf3JY00Zb8et
kEHNf3JY00Zb8et
kEHNf3JY00Zb8et
kEHNf3JY00Zb8et
kEHNf3JY00Zb8et
kEHNf3JY00Zb8et
kEHNf3JY00Zb8et
kEHNf3JY00Zb8et
kEHNf3JY00Zb8et
kEHNf3JY00Zb8et
kEHNf3JY00Zb8et
kEHNf3JY00Zb8et
kEHNf3JY00Zb8et
kEHNf3JY00Zb8et
kEHNf3JY00Zb8et
kEHNf3JY00Zb8et
kEHNf3JY00Zb8et
kEHNf3JY00Zb8et
kEHNf3JY00Zb8et
kEHNf3JY00Zb8et
kEHNf3JY00Zb8et
kEHNf3JY00Zb8et
kEHNf3JY00Zb8et
kEHNf3JY00Zb8et
kEHNf3JY00Zb8et
kEHNf3JY00Zb8et
E33J49c02ZLQmNK958M
[ASCII 52]
7w2349c588zKsxU3z
[ASCII 95]
sbog65u027f8k0P6zQ
8rhi1M1mgozJQyCXWR
7YYeD
[ASCII 122]
M4381
4RtLLlGk65242ffl5
O92nuDa1EW62l6vo7e
55S6DYs87EHNh0S2Ltw4
1982852960
jN70itx3KCbT8tm2nco
[ASCII 92]
