40641883438036244
117126046634225096
3278123693448600
266631248226998188
391714534455365916
70884087124435896
143380966296517308
191253505166109768
128338456879616820
18950862491944
49779642133897288
54050561320926664
232533770123791104
295867445046759876
99604446742572952
124453257771276064
203630936119392908
71577452004007844
5113473566832384
721059125496010272
98082441238599708
13657466555236544
130386959697344572
38473749587636992
38994787336254844
23981788737259860
603631606513007924
475040509582438352
334226793206752196
192819347160784600
