50650172039508728
125584414986563400
108360553976070308
11600588014073412
161534450889160876
35132666027245688
14795245217166268
461160691265012100
302069751048888784
134397492150256368
16470859535798712
274872747264607776
78416211534984216
102647592845537700
908595150834648
114773003979777440
35167840182309348
785257926848856
75000991334937000
123312444421174324
61639431827274744
186675949406510676
10065748902253484
50785490704122292
87307155896872840
276806735422518572
29838882318376188
75408913645454736
59930590906331080
528544201380975816
