184481469679492408
17356319250747268
2080950641756932
131485663285499580
2970982933892116
4352512207300456
57863961065907556
31584730121302004
135870176100369344
85837488195937364
3164657059070816
632152268370535184
21677838887170652
70719740381004556
8015928941983896
84154169383746508
937377824312892
388273002326020
178883491629800376
20575560546569904
70356869812368852
1463545081596850832
130301284991983220
35202401242746476
71646296647764
309546405868420792
136204276802117968
905296588081991684
70155213154275396
41887595834857348
