77923033426295496
40679954824412372
1045967977862929612
86155550572837208
812052871264762832
655025590782998820
170528361835233640
161455632098490256
507162548900371800
856212899005135452
16085316760354820
42642703037051560
36089111462521720
88647714219842280
82930940498483988
40123148887095840
33818090620912428
251221212666064236
169949349523523580
26997759729056804
193279349846066532
162718520556348600
603536284458856508
19188055782318620
192449889186574224
731648635235904796
57638061533570652
347503559274111876
41612570544824168
45475256559556708
