2000000004000001056
2000000004000001056
2000000004000001056
2000000004000001056
2000000004000001056
2000000004000001056
2000000004000001056
2000000004000001056
2000000004000001056
2000000004000001056
2000000004000001056
2000000004000001056
2000000004000001056
2000000004000001056
2000000004000001056
2000000004000001056
2000000004000001056
2000000004000001056
2000000004000001056
2000000004000001056
2000000004000001056
2000000004000001056
2000000004000001056
2000000004000001056
2000000004000001056
2000000004000001056
2000000004000001056
2000000004000001056
2000000004000001056
2000000004000001056
