930782572741285880
400340534020819848
150836954267214460
131149964648402152
270136863920021808
3787288867436432
145782728707510224
502143274343896400
371765613609968684
1236536099649550036
360716166586289872
123036688660539384
200805254210134196
196943705622578928
505716099996051852
209384382363685280
70314040958862100
412833752516058428
52053346105843212
73014627907311220
51220243052674592
248572999573221420
30309967490776704
16091288099047372
149258367132980920
292838587888252244
96199353950603928
610123797443281768
412674877647969968
72145272686038552
