166324557525431232
60017683787758660
14978881994848556
657612696255011616
26595429577924140
114036883976915356
1198088213313097228
32588601199979592
78300472014948284
31177908787142120
509726212138801960
163627133183061652
578361286321166644
1296059912885925788
819994254347538696
699392822772064364
25041459851648240
311730528696956364
631689263385916956
1276945215716954720
113708875724698720
48780254354400804
311294742677618804
226400088524843412
835767409382539872
51322866703912948
206610821729717644
1417614398663066248
168628549535845196
404842642438636324
