1699516100075820864
646321011890617908
765228366694573756
1203559301399071880
1445561728424178028
345565452509240220
2392708528405668204
754431729128045416
17046949033588068
601256771575248136
264375674029802268
967302441287794112
374086646379815664
2946216364594557952
308060191747087024
294981630489846812
202240374075979948
333579577290802452
372531747638591576
3953375401045223296
1245055026637360724
581346509767860064
275998817592665380
1047175739826256460
68520463476308664
395306324323919896
1033773583152284360
1968976601458000252
1223245882883326140
471984358713423664
