206297204259708236
665716082944812524
25428928178906264
528772291630204684
264416763100752900
14604031668447260
535786181444401852
107971775902213328
1479836531077135528
2016343279865941680
186179238488298176
2643697475528159920
2305115089010203000
500326705378996564
661670903639091884
2062278944220232008
124652508968620072
223748952488243704
2184690757096849056
1942384264563125624
1724907708210900896
907684848468100800
414675514986875168
1156965994496044136
945625840647221884
61155958009334468
107760171015196804
148382006884637540
76872399169827988
750832928154207856
