266199731422310892
8372846374143840
23719532652051780
3382124203380968
104127172616629744
130029086920239924
94531253907943736
21302411655156568
33776070029109400
919564716528520948
5055170055639220
213042903705702796
193403858254121396
890544374894848
14774449939085036
79497603950855068
303037741199296232
70187157487971628
223109623513227344
12440862237293128
105373685504291576
27251494979078104
302395117537356040
176838598471496
1380447284230743144
117144656209501212
64510543737131460
63641507487394956
22373392022300428
21578119279967296
