24378290828901120
10012204903073724
343151038415066416
146552078836267796
54816010033320516
42929071958491152
7785272830425920
155393531595840976
303176412358149152
49435034240358088
33921872672403716
761432694253791732
39349098077441364
371764083388264412
80079711358518660
119006812257736128
15646487735568224
63477735683905940
29165281080592404
22454469887707124
50342892526116652
22558976054996748
53570549975847764
151017099070021408
83847971339111020
194607173173010924
36832041494312724
42074106089786644
195059308875157992
137283787035028036
