307318886353273764
91093719472498080
494930201411293268
193297093040957708
718098594319940360
7997834864398256
32140046128943200
1087033043790311076
15489889322817820
185247648075045924
322715633820550500
48131797506151376
633683187144936376
153199069732712036
121757489197608192
7783486916994824
124404018903804140
662036763695576476
12775588140260336
45650723048071460
8811106120393736
568997656097652
2384080708352532
5634139252975164
17167394338184396
744270737251440400
209604322822364056
1332361034029210156
7978955403242096
378340129101674220
