296560576239987680
73074922404010864
97244733454237828
450926145780517624
479532032164532080
418112747754831580
12482885240765432
200028333122206680
31372726981771148
15939540654960472
7536932832292376
101736937379852692
372275823589820656
17547147503810052
357175245133221104
253239668521805260
360672779413256496
468354999651503140
807270996040303584
17940445947666064
137025530916712592
644569320307497724
46874997428249816
733654438573691280
39581137405015444
166447333608258848
798833300840277392
105196415394235448
2157274644696608
23578088386654792
