360364425663075644
267147485639359116
39792640814263904
1021477537509886672
224301526504452972
230619661822567568
33257586516448332
378781589144790948
24019252695282032
152593787834501736
297903492459522000
738099001186054972
72448980253167196
936571431921742744
2089721661594484
31394270476722792
258196712408358644
185111212037084
582360652512510788
519111967600111160
555218439882652340
520110470227496304
20595579512093456
1010283949513388424
421413613248631208
796834403571678956
10002413168068944
5031190523550156
1239899890159560368
4339101230948232
