573790751526674488
908086211195779096
438445769252120600
91574748105101544
535372861157602924
21356541207997524
464563150176257588
354528997698299876
42746772834745968
16204955499336244
14179637625875064
113334198039789204
612251192489247204
17756189197784656
546471780856301268
13994993143145100
841823128369619088
15796572865751596
110275885645496640
129014721850538508
50069026240503240
1305001918532159604
485597362904493760
338516522255812228
50176805262507256
77755100559956476
59277221929384080
517202544618374472
12572838401233160
280298459579699684
