615811924751569044
92666681924384868
768699677462652580
64692856531467280
39803682202065420
352419915083994520
132735059624736864
1196032549078701796
830579879185670768
611249152262439944
55351160906832548
128496342230822856
186467589266326388
150647910989776
201317048525372936
50409608763640460
688368580330736600
71363383417580732
691951603349847376
45755086886230172
586737733536689056
403045167645575228
94120352224471976
778763987204279440
122288346948540076
23068803211176240
356202383592433364
7919907408871152
316305080017319832
69771875195370116
