272155652196300952
28835196999768772
2044240263799953536
572898866340837872
122167011057649260
941679698105314108
647339896531361252
1113035940041963836
1365561764746653528
1227832079044948544
863595292652760544
445497226109984040
845768696963149692
77111310003591308
86746258300898128
493478986344932220
36348879652764864
414864771179754260
43887152124559948
5540817827656116
716102668527760308
265281555905754240
279228458588087384
2259461556690558972
694932626374770452
257634171864603120
673036612878895596
747788312855423444
498555844212881792
1226617733205948796
