465027382133280828
3735629255359708
10945395946542212
94031453516691924
1002849003837133444
24998590311060100
953968406119198032
509639709568873384
1159960516834532484
1032171416310777476
357255143948382984
304814696860099400
298517809017196016
1256486550130506568
240707727363538436
311800203909713340
590929631149689416
331152587570895768
16044785257203588
1089241448308944308
967122234826209644
1605272120402672
146621552383339804
687464086571992724
7719804546129824
482968827868056120
1025002408051023472
17131406691458668
169765700900770056
165874602962240552
