374665194326929568
102192816396075392
113207389851448140
541462490766045184
1710985789490501764
132675339621018944
13164730554760728
95781293440577364
1186430920863505708
1182752016109024008
1694130820572181080
169871673570330728
844644984808791156
2414842443733334708
1328299207317800304
1059462624020692160
74513400728384960
151119165134908128
999202756658612600
472198655707944148
458908093116266740
1739761047131756052
549707451916916356
521775688837775700
713882146169821140
481338027353297388
73558130289207796
128517012246549260
2619092694160327304
1487682525437386820
