877620980736680184
1662997328760523580
46002675120568520
1584986522201999984
441345257033786656
404313502110593672
137785837440037732
254637242168052888
770798757678734000
823016652958825720
1860326525205686744
502378915263565668
114194600380956400
1993995455957347924
938947011688496188
159344055912688544
1282770528454852552
133543359871665492
293274532109114156
124021340173229192
86816116141804924
1393097084692297424
1973633468541621476
244468586997596884
120823366647634004
302409290881848056
1326339900552164536
417568227835438504
232552201368838472
1884580380671882712
