119898974825827092
529674219806290784
148897050102075348
700785100288008088
1214713456430817332
1509106414157028536
229097477120766724
281563564138389744
288497093095780660
1681403220086114820
1099656618024568648
499683317430086864
111813401683508740
403639134329032560
10836023436695400
384175490289121404
478154569187371112
62519153809661344
1243121803379493952
1652345839693112356
708892799335941372
13797487179699056
412911315402057852
243894763640897812
366148791316024884
214439805015153056
44113591156409612
459985604643200468
1015577801520978528
1362245939718075672
