4000000004000001056
4000000004000001056
4000000004000001056
4000000004000001056
4000000004000001056
4000000004000001056
4000000004000001056
4000000004000001056
4000000004000001056
4000000004000001056
4000000004000001056
4000000004000001056
4000000004000001056
4000000004000001056
4000000004000001056
4000000004000001056
4000000004000001056
4000000004000001056
4000000004000001056
4000000004000001056
4000000004000001056
4000000004000001056
4000000004000001056
4000000004000001056
4000000004000001056
4000000004000001056
4000000004000001056
4000000004000001056
4000000004000001056
4000000004000001056
